[2022-09-29T05:55:29.276+0000][7][gc] Using G1
[2022-09-29T05:55:29.394+0000][7][gc,init] Version: 15.0.1+9 (release)
[2022-09-29T05:55:29.395+0000][7][gc,init] CPUs: 16 total, 16 available
[2022-09-29T05:55:29.395+0000][7][gc,init] Memory: 7629M
[2022-09-29T05:55:29.396+0000][7][gc,init] Large Page Support: Disabled
[2022-09-29T05:55:29.396+0000][7][gc,init] NUMA Support: Disabled
[2022-09-29T05:55:29.397+0000][7][gc,init] Compressed Oops: Enabled (32-bit)
[2022-09-29T05:55:29.397+0000][7][gc,init] Heap Region Size: 4M
[2022-09-29T05:55:29.398+0000][7][gc,init] Heap Min Capacity: 256M
[2022-09-29T05:55:29.398+0000][7][gc,init] Heap Initial Capacity: 256M
[2022-09-29T05:55:29.399+0000][7][gc,init] Heap Max Capacity: 256M
[2022-09-29T05:55:29.400+0000][7][gc,init] Pre-touch: Enabled
[2022-09-29T05:55:29.400+0000][7][gc,init] Parallel Workers: 13
[2022-09-29T05:55:29.400+0000][7][gc,init] Concurrent Workers: 3
[2022-09-29T05:55:29.401+0000][7][gc,init] Concurrent Refinement Workers: 13
[2022-09-29T05:55:29.401+0000][7][gc,init] Periodic GC: Disabled
[2022-09-29T05:55:29.402+0000][7][gc,cds ] Mark closed archive regions in map: [0x00000000ffc00000, 0x00000000ffc7bff8]
[2022-09-29T05:55:29.403+0000][7][gc,cds ] Mark open archive regions in map: [0x00000000ffb00000, 0x00000000ffb51ff8]
[2022-09-29T05:55:29.403+0000][7][gc,metaspace] CDS archive(s) mapped at: [0x0000000800000000-0x0000000800b2a000-0x0000000800b2a000), size 11706368, SharedBaseAddress: 0x0000000800000000, ArchiveRelocationMode: 0.
[2022-09-29T05:55:29.404+0000][7][gc,metaspace] Compressed class space mapped at: 0x0000000800b2c000-0x0000000840b2c000, size: 1073741824
[2022-09-29T05:55:29.404+0000][7][gc,metaspace] Narrow klass base: 0x0000000800000000, Narrow klass shift: 3, Narrow klass range: 0x100000000
[2022-09-29T05:55:29.976+0000][7][safepoint   ] Safepoint "ICBufferFull", Time since last: 562297635 ns, Reaching safepoint: 293519 ns, At safepoint: 28284 ns, Total: 321803 ns
[2022-09-29T05:55:30.111+0000][7][gc,start    ] GC(0) Pause Young (Normal) (G1 Evacuation Pause)
[2022-09-29T05:55:30.113+0000][7][gc,task     ] GC(0) Using 6 workers of 13 for evacuation
[2022-09-29T05:55:30.113+0000][7][gc,age      ] GC(0) Desired survivor size 2097152 bytes, new threshold 15 (max threshold 15)
[2022-09-29T05:55:30.116+0000][7][gc,age      ] GC(0) Age table with threshold 15 (max threshold 15)
[2022-09-29T05:55:30.116+0000][7][gc,age      ] GC(0) - age   1:    3611912 bytes,    3611912 total
[2022-09-29T05:55:30.117+0000][7][gc,phases   ] GC(0)   Pre Evacuate Collection Set: 0.2ms
[2022-09-29T05:55:30.117+0000][7][gc,phases   ] GC(0)   Merge Heap Roots: 0.1ms
[2022-09-29T05:55:30.117+0000][7][gc,phases   ] GC(0)   Evacuate Collection Set: 1.5ms
[2022-09-29T05:55:30.118+0000][7][gc,phases   ] GC(0)   Post Evacuate Collection Set: 0.9ms
[2022-09-29T05:55:30.118+0000][7][gc,phases   ] GC(0)   Other: 2.6ms
[2022-09-29T05:55:30.118+0000][7][gc,heap     ] GC(0) Eden regions: 5->0(5)
[2022-09-29T05:55:30.119+0000][7][gc,heap     ] GC(0) Survivor regions: 0->1(1)
[2022-09-29T05:55:30.119+0000][7][gc,heap     ] GC(0) Old regions: 0->0
[2022-09-29T05:55:30.120+0000][7][gc,heap     ] GC(0) Archive regions: 2->2
[2022-09-29T05:55:30.120+0000][7][gc,heap     ] GC(0) Humongous regions: 0->0
[2022-09-29T05:55:30.120+0000][7][gc,metaspace] GC(0) Metaspace: 6380K(8576K)->6380K(8576K) NonClass: 5696K(7680K)->5696K(7680K) Class: 683K(896K)->683K(896K)
[2022-09-29T05:55:30.120+0000][7][gc          ] GC(0) Pause Young (Normal) (G1 Evacuation Pause) 23M->7M(256M) 8.849ms
[2022-09-29T05:55:30.120+0000][7][gc,cpu      ] GC(0) User=0.01s Sys=0.00s Real=0.01s
[2022-09-29T05:55:30.121+0000][7][safepoint   ] Safepoint "G1CollectForAllocation", Time since last: 134828328 ns, Reaching safepoint: 171767 ns, At safepoint: 9368315 ns, Total: 9540082 ns
[2022-09-29T05:55:31.191+0000][7][safepoint   ] Safepoint "ICBufferFull", Time since last: 1069897751 ns, Reaching safepoint: 427144 ns, At safepoint: 75694 ns, Total: 502838 ns
[2022-09-29T05:55:31.461+0000][7][gc,start    ] GC(1) Pause Young (Normal) (G1 Evacuation Pause)
[2022-09-29T05:55:31.461+0000][7][gc,task     ] GC(1) Using 6 workers of 13 for evacuation
[2022-09-29T05:55:31.462+0000][7][gc,age      ] GC(1) Desired survivor size 2097152 bytes, new threshold 1 (max threshold 15)
[2022-09-29T05:55:31.469+0000][7][gc,age      ] GC(1) Age table with threshold 1 (max threshold 15)
[2022-09-29T05:55:31.469+0000][7][gc,age      ] GC(1) - age   1:    2018568 bytes,    2018568 total
[2022-09-29T05:55:31.470+0000][7][gc,phases   ] GC(1)   Pre Evacuate Collection Set: 0.2ms
[2022-09-29T05:55:31.470+0000][7][gc,phases   ] GC(1)   Merge Heap Roots: 0.2ms
[2022-09-29T05:55:31.470+0000][7][gc,phases   ] GC(1)   Evacuate Collection Set: 4.3ms
[2022-09-29T05:55:31.471+0000][7][gc,phases   ] GC(1)   Post Evacuate Collection Set: 1.6ms
[2022-09-29T05:55:31.471+0000][7][gc,phases   ] GC(1)   Other: 2.4ms
[2022-09-29T05:55:31.471+0000][7][gc,heap     ] GC(1) Eden regions: 5->0(11)
[2022-09-29T05:55:31.472+0000][7][gc,heap     ] GC(1) Survivor regions: 1->1(1)
[2022-09-29T05:55:31.472+0000][7][gc,heap     ] GC(1) Old regions: 0->1
[2022-09-29T05:55:31.472+0000][7][gc,heap     ] GC(1) Archive regions: 2->2
[2022-09-29T05:55:31.473+0000][7][gc,heap     ] GC(1) Humongous regions: 0->0
[2022-09-29T05:55:31.473+0000][7][gc,metaspace] GC(1) Metaspace: 11955K(12288K)->11955K(12288K) NonClass: 10540K(10752K)->10540K(10752K) Class: 1415K(1536K)->1415K(1536K)
[2022-09-29T05:55:31.473+0000][7][gc          ] GC(1) Pause Young (Normal) (G1 Evacuation Pause) 27M->9M(256M) 12.408ms
[2022-09-29T05:55:31.474+0000][7][gc,cpu      ] GC(1) User=0.05s Sys=0.00s Real=0.01s
[2022-09-29T05:55:31.474+0000][7][safepoint   ] Safepoint "G1CollectForAllocation", Time since last: 269430303 ns, Reaching safepoint: 279440 ns, At safepoint: 13421864 ns, Total: 13701304 ns
[2022-09-29T05:55:32.118+0000][7][safepoint   ] Safepoint "ICBufferFull", Time since last: 643481622 ns, Reaching safepoint: 393120 ns, At safepoint: 68751 ns, Total: 461871 ns
[2022-09-29T05:55:32.341+0000][7][gc,start    ] GC(2) Pause Young (Normal) (G1 Evacuation Pause)
[2022-09-29T05:55:32.342+0000][7][gc,task     ] GC(2) Using 6 workers of 13 for evacuation
[2022-09-29T05:55:32.343+0000][7][gc,age      ] GC(2) Desired survivor size 4194304 bytes, new threshold 15 (max threshold 15)
[2022-09-29T05:55:32.348+0000][7][gc,age      ] GC(2) Age table with threshold 15 (max threshold 15)
[2022-09-29T05:55:32.349+0000][7][gc,age      ] GC(2) - age   1:    1825856 bytes,    1825856 total
[2022-09-29T05:55:32.349+0000][7][gc,age      ] GC(2) - age   2:    1920912 bytes,    3746768 total
[2022-09-29T05:55:32.350+0000][7][gc,phases   ] GC(2)   Pre Evacuate Collection Set: 0.2ms
[2022-09-29T05:55:32.351+0000][7][gc,phases   ] GC(2)   Merge Heap Roots: 0.2ms
[2022-09-29T05:55:32.351+0000][7][gc,phases   ] GC(2)   Evacuate Collection Set: 3.2ms
[2022-09-29T05:55:32.351+0000][7][gc,phases   ] GC(2)   Post Evacuate Collection Set: 1.8ms
[2022-09-29T05:55:32.352+0000][7][gc,phases   ] GC(2)   Other: 3.3ms
[2022-09-29T05:55:32.352+0000][7][gc,heap     ] GC(2) Eden regions: 11->0(36)
[2022-09-29T05:55:32.353+0000][7][gc,heap     ] GC(2) Survivor regions: 1->1(2)
[2022-09-29T05:55:32.353+0000][7][gc,heap     ] GC(2) Old regions: 1->1
[2022-09-29T05:55:32.354+0000][7][gc,heap     ] GC(2) Archive regions: 2->2
[2022-09-29T05:55:32.354+0000][7][gc,heap     ] GC(2) Humongous regions: 0->0
[2022-09-29T05:55:32.355+0000][7][gc,metaspace] GC(2) Metaspace: 14782K(15104K)->14782K(15104K) NonClass: 13099K(13312K)->13099K(13312K) Class: 1682K(1792K)->1682K(1792K)
[2022-09-29T05:55:32.355+0000][7][gc          ] GC(2) Pause Young (Normal) (G1 Evacuation Pause) 53M->11M(256M) 13.894ms
[2022-09-29T05:55:32.356+0000][7][gc,cpu      ] GC(2) User=0.05s Sys=0.01s Real=0.01s
[2022-09-29T05:55:32.356+0000][7][safepoint   ] Safepoint "G1CollectForAllocation", Time since last: 222944193 ns, Reaching safepoint: 251710 ns, At safepoint: 15007944 ns, Total: 15259654 ns
[2022-09-29T05:55:32.783+0000][7][safepoint   ] Safepoint "ICBufferFull", Time since last: 426509930 ns, Reaching safepoint: 390374 ns, At safepoint: 58461 ns, Total: 448835 ns
[2022-09-29T05:55:32.799+0000][7][safepoint   ] Safepoint "ICBufferFull", Time since last: 15284111 ns, Reaching safepoint: 366058 ns, At safepoint: 62449 ns, Total: 428507 ns
[2022-09-29T05:55:32.809+0000][7][safepoint   ] Safepoint "ICBufferFull", Time since last: 9490986 ns, Reaching safepoint: 350257 ns, At safepoint: 132402 ns, Total: 482659 ns
[2022-09-29T05:55:32.821+0000][7][safepoint   ] Safepoint "ICBufferFull", Time since last: 11081179 ns, Reaching safepoint: 351289 ns, At safepoint: 58993 ns, Total: 410282 ns
[2022-09-29T05:55:32.832+0000][7][safepoint   ] Safepoint "ICBufferFull", Time since last: 11263323 ns, Reaching safepoint: 393630 ns, At safepoint: 62109 ns, Total: 455739 ns
[2022-09-29T05:55:32.842+0000][7][safepoint   ] Safepoint "ICBufferFull", Time since last: 9551935 ns, Reaching safepoint: 356108 ns, At safepoint: 63682 ns, Total: 419790 ns
[2022-09-29T05:55:32.852+0000][7][safepoint   ] Safepoint "ICBufferFull", Time since last: 9271282 ns, Reaching safepoint: 394742 ns, At safepoint: 56608 ns, Total: 451350 ns
[2022-09-29T05:55:32.859+0000][7][safepoint   ] Safepoint "ICBufferFull", Time since last: 6895726 ns, Reaching safepoint: 504601 ns, At safepoint: 63561 ns, Total: 568162 ns
[2022-09-29T05:55:32.868+0000][7][safepoint   ] Safepoint "ICBufferFull", Time since last: 7969803 ns, Reaching safepoint: 342312 ns, At safepoint: 55415 ns, Total: 397727 ns
[2022-09-29T05:55:32.877+0000][7][safepoint   ] Safepoint "ICBufferFull", Time since last: 8656376 ns, Reaching safepoint: 409971 ns, At safepoint: 50988 ns, Total: 460959 ns
[2022-09-29T05:55:32.887+0000][7][safepoint   ] Safepoint "ICBufferFull", Time since last: 9810149 ns, Reaching safepoint: 320220 ns, At safepoint: 61678 ns, Total: 381898 ns
[2022-09-29T05:55:32.893+0000][7][safepoint   ] Safepoint "ICBufferFull", Time since last: 5967291 ns, Reaching safepoint: 277469 ns, At safepoint: 54283 ns, Total: 331752 ns
[2022-09-29T05:55:32.901+0000][7][safepoint   ] Safepoint "ICBufferFull", Time since last: 7409650 ns, Reaching safepoint: 285534 ns, At safepoint: 43363 ns, Total: 328897 ns
[2022-09-29T05:55:32.909+0000][7][safepoint   ] Safepoint "ICBufferFull", Time since last: 7553183 ns, Reaching safepoint: 274844 ns, At safepoint: 49143 ns, Total: 323987 ns
[2022-09-29T05:55:33.079+0000][7][safepoint   ] Safepoint "ICBufferFull", Time since last: 169383874 ns, Reaching safepoint: 669065 ns, At safepoint: 77849 ns, Total: 746914 ns
[2022-09-29T05:55:33.478+0000][7][gc,start    ] GC(3) Pause Young (Normal) (G1 Evacuation Pause)
[2022-09-29T05:55:33.478+0000][7][gc,task     ] GC(3) Using 6 workers of 13 for evacuation
[2022-09-29T05:55:33.479+0000][7][gc,age      ] GC(3) Desired survivor size 10485760 bytes, new threshold 15 (max threshold 15)
[2022-09-29T05:55:33.485+0000][7][gc,age      ] GC(3) Age table with threshold 15 (max threshold 15)
[2022-09-29T05:55:33.486+0000][7][gc,age      ] GC(3) - age   1:    3559912 bytes,    3559912 total
[2022-09-29T05:55:33.486+0000][7][gc,age      ] GC(3) - age   2:    1749416 bytes,    5309328 total
[2022-09-29T05:55:33.486+0000][7][gc,age      ] GC(3) - age   3:    1905544 bytes,    7214872 total
[2022-09-29T05:55:33.487+0000][7][gc,phases   ] GC(3)   Pre Evacuate Collection Set: 0.3ms
[2022-09-29T05:55:33.487+0000][7][gc,phases   ] GC(3)   Merge Heap Roots: 0.2ms
[2022-09-29T05:55:33.487+0000][7][gc,phases   ] GC(3)   Evacuate Collection Set: 4.4ms
[2022-09-29T05:55:33.488+0000][7][gc,phases   ] GC(3)   Post Evacuate Collection Set: 1.3ms
[2022-09-29T05:55:33.488+0000][7][gc,phases   ] GC(3)   Other: 2.7ms
[2022-09-29T05:55:33.488+0000][7][gc,heap     ] GC(3) Eden regions: 36->0(36)
[2022-09-29T05:55:33.488+0000][7][gc,heap     ] GC(3) Survivor regions: 1->2(5)
[2022-09-29T05:55:33.489+0000][7][gc,heap     ] GC(3) Old regions: 1->1
[2022-09-29T05:55:33.489+0000][7][gc,heap     ] GC(3) Archive regions: 2->2
[2022-09-29T05:55:33.489+0000][7][gc,heap     ] GC(3) Humongous regions: 0->0
[2022-09-29T05:55:33.490+0000][7][gc,metaspace] GC(3) Metaspace: 18103K(18688K)->18103K(18688K) NonClass: 15975K(16384K)->15975K(16384K) Class: 2127K(2304K)->2127K(2304K)
[2022-09-29T05:55:33.490+0000][7][gc          ] GC(3) Pause Young (Normal) (G1 Evacuation Pause) 155M->14M(256M) 11.923ms
[2022-09-29T05:55:33.490+0000][7][gc,cpu      ] GC(3) User=0.05s Sys=0.01s Real=0.02s
[2022-09-29T05:55:33.491+0000][7][safepoint   ] Safepoint "G1CollectForAllocation", Time since last: 398288556 ns, Reaching safepoint: 454110 ns, At safepoint: 12705792 ns, Total: 13159902 ns
[2022-09-29T05:55:33.875+0000][7][gc,start    ] GC(4) Pause Young (Normal) (G1 Evacuation Pause)
[2022-09-29T05:55:33.876+0000][7][gc,task     ] GC(4) Using 6 workers of 13 for evacuation
[2022-09-29T05:55:33.876+0000][7][gc,age      ] GC(4) Desired survivor size 10485760 bytes, new threshold 15 (max threshold 15)
[2022-09-29T05:55:33.884+0000][7][gc,age      ] GC(4) Age table with threshold 15 (max threshold 15)
[2022-09-29T05:55:33.885+0000][7][gc,age      ] GC(4) - age   1:    2413568 bytes,    2413568 total
[2022-09-29T05:55:33.886+0000][7][gc,age      ] GC(4) - age   2:    2979464 bytes,    5393032 total
[2022-09-29T05:55:33.886+0000][7][gc,age      ] GC(4) - age   3:    1749416 bytes,    7142448 total
[2022-09-29T05:55:33.887+0000][7][gc,age      ] GC(4) - age   4:    1905544 bytes,    9047992 total
[2022-09-29T05:55:33.887+0000][7][gc,phases   ] GC(4)   Pre Evacuate Collection Set: 0.3ms
[2022-09-29T05:55:33.888+0000][7][gc,phases   ] GC(4)   Merge Heap Roots: 0.2ms
[2022-09-29T05:55:33.889+0000][7][gc,phases   ] GC(4)   Evacuate Collection Set: 5.2ms
[2022-09-29T05:55:33.890+0000][7][gc,phases   ] GC(4)   Post Evacuate Collection Set: 1.5ms
[2022-09-29T05:55:33.890+0000][7][gc,phases   ] GC(4)   Other: 4.9ms
[2022-09-29T05:55:33.891+0000][7][gc,heap     ] GC(4) Eden regions: 36->0(35)
[2022-09-29T05:55:33.891+0000][7][gc,heap     ] GC(4) Survivor regions: 2->3(5)
[2022-09-29T05:55:33.892+0000][7][gc,heap     ] GC(4) Old regions: 1->1
[2022-09-29T05:55:33.892+0000][7][gc,heap     ] GC(4) Archive regions: 2->2
[2022-09-29T05:55:33.893+0000][7][gc,heap     ] GC(4) Humongous regions: 0->0
[2022-09-29T05:55:33.893+0000][7][gc,metaspace] GC(4) Metaspace: 18598K(19328K)->18598K(19328K) NonClass: 16407K(16896K)->16407K(16896K) Class: 2190K(2432K)->2190K(2432K)
[2022-09-29T05:55:33.894+0000][7][gc          ] GC(4) Pause Young (Normal) (G1 Evacuation Pause) 158M->16M(256M) 18.700ms
[2022-09-29T05:55:33.895+0000][7][gc,cpu      ] GC(4) User=0.08s Sys=0.00s Real=0.02s
[2022-09-29T05:55:33.895+0000][7][safepoint   ] Safepoint "G1CollectForAllocation", Time since last: 384164412 ns, Reaching safepoint: 407110 ns, At safepoint: 20053356 ns, Total: 20460466 ns
[2022-09-29T05:55:34.219+0000][7][gc,start    ] GC(5) Pause Young (Normal) (G1 Evacuation Pause)
[2022-09-29T05:55:34.220+0000][7][gc,task     ] GC(5) Using 6 workers of 13 for evacuation
[2022-09-29T05:55:34.220+0000][7][gc,age      ] GC(5) Desired survivor size 10485760 bytes, new threshold 15 (max threshold 15)
[2022-09-29T05:55:34.227+0000][7][gc,age      ] GC(5) Age table with threshold 15 (max threshold 15)
[2022-09-29T05:55:34.227+0000][7][gc,age      ] GC(5) - age   1:    1095176 bytes,    1095176 total
[2022-09-29T05:55:34.228+0000][7][gc,age      ] GC(5) - age   2:    1828064 bytes,    2923240 total
[2022-09-29T05:55:34.228+0000][7][gc,age      ] GC(5) - age   3:    2979328 bytes,    5902568 total
[2022-09-29T05:55:34.229+0000][7][gc,age      ] GC(5) - age   4:    1749416 bytes,    7651984 total
[2022-09-29T05:55:34.229+0000][7][gc,age      ] GC(5) - age   5:    1905544 bytes,    9557528 total
[2022-09-29T05:55:34.230+0000][7][gc,phases   ] GC(5)   Pre Evacuate Collection Set: 0.2ms
[2022-09-29T05:55:34.230+0000][7][gc,phases   ] GC(5)   Merge Heap Roots: 0.2ms
[2022-09-29T05:55:34.231+0000][7][gc,phases   ] GC(5)   Evacuate Collection Set: 4.6ms
[2022-09-29T05:55:34.231+0000][7][gc,phases   ] GC(5)   Post Evacuate Collection Set: 1.3ms
[2022-09-29T05:55:34.232+0000][7][gc,phases   ] GC(5)   Other: 4.7ms
[2022-09-29T05:55:34.232+0000][7][gc,heap     ] GC(5) Eden regions: 35->0(35)
[2022-09-29T05:55:34.233+0000][7][gc,heap     ] GC(5) Survivor regions: 3->3(5)
[2022-09-29T05:55:34.233+0000][7][gc,heap     ] GC(5) Old regions: 1->1
[2022-09-29T05:55:34.233+0000][7][gc,heap     ] GC(5) Archive regions: 2->2
[2022-09-29T05:55:34.234+0000][7][gc,heap     ] GC(5) Humongous regions: 0->0
[2022-09-29T05:55:34.234+0000][7][gc,metaspace] GC(5) Metaspace: 18912K(19712K)->18912K(19712K) NonClass: 16657K(17152K)->16657K(17152K) Class: 2255K(2560K)->2255K(2560K)
[2022-09-29T05:55:34.235+0000][7][gc          ] GC(5) Pause Young (Normal) (G1 Evacuation Pause) 156M->16M(256M) 15.519ms
[2022-09-29T05:55:34.235+0000][7][gc,cpu      ] GC(5) User=0.10s Sys=0.02s Real=0.02s
[2022-09-29T05:55:34.236+0000][7][safepoint   ] Safepoint "G1CollectForAllocation", Time since last: 323431892 ns, Reaching safepoint: 264223 ns, At safepoint: 16629269 ns, Total: 16893492 ns
[2022-09-29T05:55:34.505+0000][7][gc,start    ] GC(6) Pause Young (Normal) (G1 Evacuation Pause)
[2022-09-29T05:55:34.506+0000][7][gc,task     ] GC(6) Using 6 workers of 13 for evacuation
[2022-09-29T05:55:34.506+0000][7][gc,age      ] GC(6) Desired survivor size 10485760 bytes, new threshold 15 (max threshold 15)
[2022-09-29T05:55:34.512+0000][7][gc,age      ] GC(6) Age table with threshold 15 (max threshold 15)
[2022-09-29T05:55:34.513+0000][7][gc,age      ] GC(6) - age   1:    1671816 bytes,    1671816 total
[2022-09-29T05:55:34.513+0000][7][gc,age      ] GC(6) - age   2:    1054184 bytes,    2726000 total
[2022-09-29T05:55:34.513+0000][7][gc,age      ] GC(6) - age   3:    1828064 bytes,    4554064 total
[2022-09-29T05:55:34.514+0000][7][gc,age      ] GC(6) - age   4:    2978416 bytes,    7532480 total
[2022-09-29T05:55:34.514+0000][7][gc,age      ] GC(6) - age   5:    1749416 bytes,    9281896 total
[2022-09-29T05:55:34.514+0000][7][gc,age      ] GC(6) - age   6:    1905544 bytes,   11187440 total
[2022-09-29T05:55:34.515+0000][7][gc,phases   ] GC(6)   Pre Evacuate Collection Set: 0.2ms
[2022-09-29T05:55:34.515+0000][7][gc,phases   ] GC(6)   Merge Heap Roots: 0.2ms
[2022-09-29T05:55:34.515+0000][7][gc,phases   ] GC(6)   Evacuate Collection Set: 4.2ms
[2022-09-29T05:55:34.516+0000][7][gc,phases   ] GC(6)   Post Evacuate Collection Set: 1.0ms
[2022-09-29T05:55:34.516+0000][7][gc,phases   ] GC(6)   Other: 4.2ms
[2022-09-29T05:55:34.516+0000][7][gc,heap     ] GC(6) Eden regions: 35->0(35)
[2022-09-29T05:55:34.517+0000][7][gc,heap     ] GC(6) Survivor regions: 3->3(5)
[2022-09-29T05:55:34.517+0000][7][gc,heap     ] GC(6) Old regions: 1->1
[2022-09-29T05:55:34.517+0000][7][gc,heap     ] GC(6) Archive regions: 2->2
[2022-09-29T05:55:34.518+0000][7][gc,heap     ] GC(6) Humongous regions: 0->0
[2022-09-29T05:55:34.518+0000][7][gc,metaspace] GC(6) Metaspace: 19164K(19968K)->19164K(19968K) NonClass: 16884K(17408K)->16884K(17408K) Class: 2279K(2560K)->2279K(2560K)
[2022-09-29T05:55:34.518+0000][7][gc          ] GC(6) Pause Young (Normal) (G1 Evacuation Pause) 156M->18M(256M) 13.281ms
[2022-09-29T05:55:34.519+0000][7][gc,cpu      ] GC(6) User=0.06s Sys=0.00s Real=0.01s
[2022-09-29T05:55:34.519+0000][7][safepoint   ] Safepoint "G1CollectForAllocation", Time since last: 268921641 ns, Reaching safepoint: 392347 ns, At safepoint: 14172167 ns, Total: 14564514 ns
[2022-09-29T05:55:34.726+0000][7][gc,start    ] GC(7) Pause Young (Normal) (G1 Evacuation Pause)
[2022-09-29T05:55:34.727+0000][7][gc,task     ] GC(7) Using 6 workers of 13 for evacuation
[2022-09-29T05:55:34.727+0000][7][gc,age      ] GC(7) Desired survivor size 10485760 bytes, new threshold 6 (max threshold 15)
[2022-09-29T05:55:34.735+0000][7][gc,age      ] GC(7) Age table with threshold 6 (max threshold 15)
[2022-09-29T05:55:34.736+0000][7][gc,age      ] GC(7) - age   1:    1139488 bytes,    1139488 total
[2022-09-29T05:55:34.736+0000][7][gc,age      ] GC(7) - age   2:    1382184 bytes,    2521672 total
[2022-09-29T05:55:34.737+0000][7][gc,age      ] GC(7) - age   3:    1054064 bytes,    3575736 total
[2022-09-29T05:55:34.737+0000][7][gc,age      ] GC(7) - age   4:    1828064 bytes,    5403800 total
[2022-09-29T05:55:34.738+0000][7][gc,age      ] GC(7) - age   5:    2978416 bytes,    8382216 total
[2022-09-29T05:55:34.738+0000][7][gc,age      ] GC(7) - age   6:    1749416 bytes,   10131632 total
[2022-09-29T05:55:34.739+0000][7][gc,phases   ] GC(7)   Pre Evacuate Collection Set: 0.2ms
[2022-09-29T05:55:34.739+0000][7][gc,phases   ] GC(7)   Merge Heap Roots: 0.2ms
[2022-09-29T05:55:34.740+0000][7][gc,phases   ] GC(7)   Evacuate Collection Set: 5.9ms
[2022-09-29T05:55:34.740+0000][7][gc,phases   ] GC(7)   Post Evacuate Collection Set: 1.3ms
[2022-09-29T05:55:34.740+0000][7][gc,phases   ] GC(7)   Other: 4.8ms
[2022-09-29T05:55:34.741+0000][7][gc,heap     ] GC(7) Eden regions: 35->0(35)
[2022-09-29T05:55:34.741+0000][7][gc,heap     ] GC(7) Survivor regions: 3->3(5)
[2022-09-29T05:55:34.742+0000][7][gc,heap     ] GC(7) Old regions: 1->2
[2022-09-29T05:55:34.742+0000][7][gc,heap     ] GC(7) Archive regions: 2->2
[2022-09-29T05:55:34.743+0000][7][gc,heap     ] GC(7) Humongous regions: 0->0
[2022-09-29T05:55:34.743+0000][7][gc,metaspace] GC(7) Metaspace: 19406K(20480K)->19406K(20480K) NonClass: 17101K(17920K)->17101K(17920K) Class: 2304K(2560K)->2304K(2560K)
[2022-09-29T05:55:34.744+0000][7][gc          ] GC(7) Pause Young (Normal) (G1 Evacuation Pause) 158M->19M(256M) 17.156ms
[2022-09-29T05:55:34.744+0000][7][gc,cpu      ] GC(7) User=0.08s Sys=0.00s Real=0.02s
[2022-09-29T05:55:34.744+0000][7][safepoint   ] Safepoint "G1CollectForAllocation", Time since last: 207024968 ns, Reaching safepoint: 216683 ns, At safepoint: 18013577 ns, Total: 18230260 ns
[2022-09-29T05:55:34.944+0000][7][gc,start    ] GC(8) Pause Young (Normal) (G1 Evacuation Pause)
[2022-09-29T05:55:34.945+0000][7][gc,task     ] GC(8) Using 6 workers of 13 for evacuation
[2022-09-29T05:55:34.945+0000][7][gc,age      ] GC(8) Desired survivor size 10485760 bytes, new threshold 15 (max threshold 15)
[2022-09-29T05:55:34.950+0000][7][gc,age      ] GC(8) Age table with threshold 15 (max threshold 15)
[2022-09-29T05:55:34.950+0000][7][gc,age      ] GC(8) - age   1:     406608 bytes,     406608 total
[2022-09-29T05:55:34.951+0000][7][gc,age      ] GC(8) - age   2:     407088 bytes,     813696 total
[2022-09-29T05:55:34.951+0000][7][gc,age      ] GC(8) - age   3:    1381840 bytes,    2195536 total
[2022-09-29T05:55:34.951+0000][7][gc,age      ] GC(8) - age   4:    1053600 bytes,    3249136 total
[2022-09-29T05:55:34.952+0000][7][gc,age      ] GC(8) - age   5:    1828032 bytes,    5077168 total
[2022-09-29T05:55:34.952+0000][7][gc,age      ] GC(8) - age   6:    2974464 bytes,    8051632 total
[2022-09-29T05:55:34.952+0000][7][gc,age      ] GC(8) - age   7:    1749416 bytes,    9801048 total
[2022-09-29T05:55:34.953+0000][7][gc,phases   ] GC(8)   Pre Evacuate Collection Set: 0.2ms
[2022-09-29T05:55:34.953+0000][7][gc,phases   ] GC(8)   Merge Heap Roots: 0.2ms
[2022-09-29T05:55:34.953+0000][7][gc,phases   ] GC(8)   Evacuate Collection Set: 3.0ms
[2022-09-29T05:55:34.953+0000][7][gc,phases   ] GC(8)   Post Evacuate Collection Set: 1.1ms
[2022-09-29T05:55:34.954+0000][7][gc,phases   ] GC(8)   Other: 4.2ms
[2022-09-29T05:55:34.954+0000][7][gc,heap     ] GC(8) Eden regions: 35->0(35)
[2022-09-29T05:55:34.954+0000][7][gc,heap     ] GC(8) Survivor regions: 3->3(5)
[2022-09-29T05:55:34.955+0000][7][gc,heap     ] GC(8) Old regions: 2->2
[2022-09-29T05:55:34.955+0000][7][gc,heap     ] GC(8) Archive regions: 2->2
[2022-09-29T05:55:34.955+0000][7][gc,heap     ] GC(8) Humongous regions: 0->0
[2022-09-29T05:55:34.955+0000][7][gc,metaspace] GC(8) Metaspace: 19570K(20736K)->19570K(20736K) NonClass: 17234K(18176K)->17234K(18176K) Class: 2335K(2560K)->2335K(2560K)
[2022-09-29T05:55:34.956+0000][7][gc          ] GC(8) Pause Young (Normal) (G1 Evacuation Pause) 159M->19M(256M) 11.843ms
[2022-09-29T05:55:34.956+0000][7][gc,cpu      ] GC(8) User=0.02s Sys=0.01s Real=0.01s
[2022-09-29T05:55:34.956+0000][7][safepoint   ] Safepoint "G1CollectForAllocation", Time since last: 199186168 ns, Reaching safepoint: 338465 ns, At safepoint: 12542383 ns, Total: 12880848 ns
[2022-09-29T05:55:35.133+0000][7][gc,start    ] GC(9) Pause Young (Normal) (G1 Evacuation Pause)
[2022-09-29T05:55:35.134+0000][7][gc,task     ] GC(9) Using 6 workers of 13 for evacuation
[2022-09-29T05:55:35.134+0000][7][gc,age      ] GC(9) Desired survivor size 10485760 bytes, new threshold 15 (max threshold 15)
[2022-09-29T05:55:35.140+0000][7][gc,age      ] GC(9) Age table with threshold 15 (max threshold 15)
[2022-09-29T05:55:35.140+0000][7][gc,age      ] GC(9) - age   1:     712328 bytes,     712328 total
[2022-09-29T05:55:35.140+0000][7][gc,age      ] GC(9) - age   2:     235544 bytes,     947872 total
[2022-09-29T05:55:35.141+0000][7][gc,age      ] GC(9) - age   3:     407088 bytes,    1354960 total
[2022-09-29T05:55:35.141+0000][7][gc,age      ] GC(9) - age   4:    1381840 bytes,    2736800 total
[2022-09-29T05:55:35.141+0000][7][gc,age      ] GC(9) - age   5:    1053600 bytes,    3790400 total
[2022-09-29T05:55:35.142+0000][7][gc,age      ] GC(9) - age   6:    1828032 bytes,    5618432 total
[2022-09-29T05:55:35.142+0000][7][gc,age      ] GC(9) - age   7:    2974464 bytes,    8592896 total
[2022-09-29T05:55:35.142+0000][7][gc,age      ] GC(9) - age   8:    1749416 bytes,   10342312 total
[2022-09-29T05:55:35.143+0000][7][gc,phases   ] GC(9)   Pre Evacuate Collection Set: 0.2ms
[2022-09-29T05:55:35.143+0000][7][gc,phases   ] GC(9)   Merge Heap Roots: 0.1ms
[2022-09-29T05:55:35.144+0000][7][gc,phases   ] GC(9)   Evacuate Collection Set: 3.6ms
[2022-09-29T05:55:35.144+0000][7][gc,phases   ] GC(9)   Post Evacuate Collection Set: 1.3ms
[2022-09-29T05:55:35.145+0000][7][gc,phases   ] GC(9)   Other: 4.6ms
[2022-09-29T05:55:35.145+0000][7][gc,heap     ] GC(9) Eden regions: 35->0(35)
[2022-09-29T05:55:35.145+0000][7][gc,heap     ] GC(9) Survivor regions: 3->3(5)
[2022-09-29T05:55:35.146+0000][7][gc,heap     ] GC(9) Old regions: 2->2
[2022-09-29T05:55:35.146+0000][7][gc,heap     ] GC(9) Archive regions: 2->2
[2022-09-29T05:55:35.147+0000][7][gc,heap     ] GC(9) Humongous regions: 0->0
[2022-09-29T05:55:35.147+0000][7][gc,metaspace] GC(9) Metaspace: 19744K(20864K)->19744K(20864K) NonClass: 17376K(18176K)->17376K(18176K) Class: 2368K(2688K)->2368K(2688K)
[2022-09-29T05:55:35.147+0000][7][gc          ] GC(9) Pause Young (Normal) (G1 Evacuation Pause) 159M->19M(256M) 14.447ms
[2022-09-29T05:55:35.148+0000][7][gc,cpu      ] GC(9) User=0.03s Sys=0.01s Real=0.01s
[2022-09-29T05:55:35.149+0000][7][safepoint   ] Safepoint "G1CollectForAllocation", Time since last: 176289859 ns, Reaching safepoint: 286275 ns, At safepoint: 15605368 ns, Total: 15891643 ns
[2022-09-29T05:55:35.315+0000][7][gc,start    ] GC(10) Pause Young (Normal) (G1 Evacuation Pause)
[2022-09-29T05:55:35.315+0000][7][gc,task     ] GC(10) Using 6 workers of 13 for evacuation
[2022-09-29T05:55:35.316+0000][7][gc,age      ] GC(10) Desired survivor size 10485760 bytes, new threshold 15 (max threshold 15)
[2022-09-29T05:55:35.322+0000][7][gc,age      ] GC(10) Age table with threshold 15 (max threshold 15)
[2022-09-29T05:55:35.322+0000][7][gc,age      ] GC(10) - age   1:    1330256 bytes,    1330256 total
[2022-09-29T05:55:35.322+0000][7][gc,age      ] GC(10) - age   2:     205640 bytes,    1535896 total
[2022-09-29T05:55:35.323+0000][7][gc,age      ] GC(10) - age   3:     235392 bytes,    1771288 total
[2022-09-29T05:55:35.323+0000][7][gc,age      ] GC(10) - age   4:     407088 bytes,    2178376 total
[2022-09-29T05:55:35.323+0000][7][gc,age      ] GC(10) - age   5:    1381840 bytes,    3560216 total
[2022-09-29T05:55:35.323+0000][7][gc,age      ] GC(10) - age   6:    1052928 bytes,    4613144 total
[2022-09-29T05:55:35.324+0000][7][gc,age      ] GC(10) - age   7:    1827744 bytes,    6440888 total
[2022-09-29T05:55:35.324+0000][7][gc,age      ] GC(10) - age   8:    2974336 bytes,    9415224 total
[2022-09-29T05:55:35.324+0000][7][gc,age      ] GC(10) - age   9:    1749416 bytes,   11164640 total
[2022-09-29T05:55:35.325+0000][7][gc,phases   ] GC(10)   Pre Evacuate Collection Set: 0.2ms
[2022-09-29T05:55:35.325+0000][7][gc,phases   ] GC(10)   Merge Heap Roots: 0.1ms
[2022-09-29T05:55:35.325+0000][7][gc,phases   ] GC(10)   Evacuate Collection Set: 4.0ms
[2022-09-29T05:55:35.325+0000][7][gc,phases   ] GC(10)   Post Evacuate Collection Set: 1.1ms
[2022-09-29T05:55:35.326+0000][7][gc,phases   ] GC(10)   Other: 4.4ms
[2022-09-29T05:55:35.326+0000][7][gc,heap     ] GC(10) Eden regions: 35->0(35)
[2022-09-29T05:55:35.326+0000][7][gc,heap     ] GC(10) Survivor regions: 3->3(5)
[2022-09-29T05:55:35.326+0000][7][gc,heap     ] GC(10) Old regions: 2->2
[2022-09-29T05:55:35.327+0000][7][gc,heap     ] GC(10) Archive regions: 2->2
[2022-09-29T05:55:35.327+0000][7][gc,heap     ] GC(10) Humongous regions: 0->0
[2022-09-29T05:55:35.327+0000][7][gc,metaspace] GC(10) Metaspace: 19794K(21120K)->19794K(21120K) NonClass: 17415K(18432K)->17415K(18432K) Class: 2378K(2688K)->2378K(2688K)
[2022-09-29T05:55:35.328+0000][7][gc          ] GC(10) Pause Young (Normal) (G1 Evacuation Pause) 159M->20M(256M) 13.027ms
[2022-09-29T05:55:35.328+0000][7][gc,cpu      ] GC(10) User=0.03s Sys=0.00s Real=0.01s
[2022-09-29T05:55:35.329+0000][7][safepoint   ] Safepoint "G1CollectForAllocation", Time since last: 165704756 ns, Reaching safepoint: 433345 ns, At safepoint: 14000410 ns, Total: 14433755 ns
[2022-09-29T05:55:35.518+0000][7][gc,start    ] GC(11) Pause Young (Normal) (G1 Evacuation Pause)
[2022-09-29T05:55:35.518+0000][7][gc,task     ] GC(11) Using 6 workers of 13 for evacuation
[2022-09-29T05:55:35.519+0000][7][gc,age      ] GC(11) Desired survivor size 10485760 bytes, new threshold 9 (max threshold 15)
[2022-09-29T05:55:35.525+0000][7][gc,age      ] GC(11) Age table with threshold 9 (max threshold 15)
[2022-09-29T05:55:35.525+0000][7][gc,age      ] GC(11) - age   1:    1700928 bytes,    1700928 total
[2022-09-29T05:55:35.526+0000][7][gc,age      ] GC(11) - age   2:     186248 bytes,    1887176 total
[2022-09-29T05:55:35.526+0000][7][gc,age      ] GC(11) - age   3:     205640 bytes,    2092816 total
[2022-09-29T05:55:35.526+0000][7][gc,age      ] GC(11) - age   4:     235392 bytes,    2328208 total
[2022-09-29T05:55:35.527+0000][7][gc,age      ] GC(11) - age   5:     407088 bytes,    2735296 total
[2022-09-29T05:55:35.527+0000][7][gc,age      ] GC(11) - age   6:    1380800 bytes,    4116096 total
[2022-09-29T05:55:35.528+0000][7][gc,age      ] GC(11) - age   7:    1052928 bytes,    5169024 total
[2022-09-29T05:55:35.528+0000][7][gc,age      ] GC(11) - age   8:    1827744 bytes,    6996768 total
[2022-09-29T05:55:35.529+0000][7][gc,age      ] GC(11) - age   9:    2974232 bytes,    9971000 total
[2022-09-29T05:55:35.529+0000][7][gc,phases   ] GC(11)   Pre Evacuate Collection Set: 0.2ms
[2022-09-29T05:55:35.529+0000][7][gc,phases   ] GC(11)   Merge Heap Roots: 0.2ms
[2022-09-29T05:55:35.530+0000][7][gc,phases   ] GC(11)   Evacuate Collection Set: 4.1ms
[2022-09-29T05:55:35.530+0000][7][gc,phases   ] GC(11)   Post Evacuate Collection Set: 1.1ms
[2022-09-29T05:55:35.531+0000][7][gc,phases   ] GC(11)   Other: 5.9ms
[2022-09-29T05:55:35.531+0000][7][gc,heap     ] GC(11) Eden regions: 35->0(35)
[2022-09-29T05:55:35.532+0000][7][gc,heap     ] GC(11) Survivor regions: 3->3(5)
[2022-09-29T05:55:35.532+0000][7][gc,heap     ] GC(11) Old regions: 2->2
[2022-09-29T05:55:35.532+0000][7][gc,heap     ] GC(11) Archive regions: 2->2
[2022-09-29T05:55:35.533+0000][7][gc,heap     ] GC(11) Humongous regions: 0->0
[2022-09-29T05:55:35.533+0000][7][gc,metaspace] GC(11) Metaspace: 20002K(21296K)->20002K(21296K) NonClass: 17588K(18608K)->17588K(18608K) Class: 2414K(2688K)->2414K(2688K)
[2022-09-29T05:55:35.533+0000][7][gc          ] GC(11) Pause Young (Normal) (G1 Evacuation Pause) 160M->21M(256M) 15.738ms
[2022-09-29T05:55:35.534+0000][7][gc,cpu      ] GC(11) User=0.03s Sys=0.02s Real=0.02s
[2022-09-29T05:55:35.534+0000][7][safepoint   ] Safepoint "G1CollectForAllocation", Time since last: 188495909 ns, Reaching safepoint: 261147 ns, At safepoint: 16533549 ns, Total: 16794696 ns
[2022-09-29T05:55:35.596+0000][7][gc,start    ] GC(12) Pause Young (Concurrent Start) (Metadata GC Threshold)
[2022-09-29T05:55:35.596+0000][7][gc,task     ] GC(12) Using 6 workers of 13 for evacuation
[2022-09-29T05:55:35.597+0000][7][gc,age      ] GC(12) Desired survivor size 10485760 bytes, new threshold 15 (max threshold 15)
[2022-09-29T05:55:35.603+0000][7][gc,age      ] GC(12) Age table with threshold 15 (max threshold 15)
[2022-09-29T05:55:35.603+0000][7][gc,age      ] GC(12) - age   1:     492720 bytes,     492720 total
[2022-09-29T05:55:35.604+0000][7][gc,age      ] GC(12) - age   2:    1413376 bytes,    1906096 total
[2022-09-29T05:55:35.604+0000][7][gc,age      ] GC(12) - age   3:     186248 bytes,    2092344 total
[2022-09-29T05:55:35.604+0000][7][gc,age      ] GC(12) - age   4:     205640 bytes,    2297984 total
[2022-09-29T05:55:35.605+0000][7][gc,age      ] GC(12) - age   5:     235392 bytes,    2533376 total
[2022-09-29T05:55:35.605+0000][7][gc,age      ] GC(12) - age   6:     407088 bytes,    2940464 total
[2022-09-29T05:55:35.605+0000][7][gc,age      ] GC(12) - age   7:    1380800 bytes,    4321264 total
[2022-09-29T05:55:35.606+0000][7][gc,age      ] GC(12) - age   8:    1052928 bytes,    5374192 total
[2022-09-29T05:55:35.606+0000][7][gc,age      ] GC(12) - age   9:    1827744 bytes,    7201936 total
[2022-09-29T05:55:35.607+0000][7][gc,age      ] GC(12) - age  10:    2974232 bytes,   10176168 total
[2022-09-29T05:55:35.607+0000][7][gc,phases   ] GC(12)   Pre Evacuate Collection Set: 0.3ms
[2022-09-29T05:55:35.607+0000][7][gc,phases   ] GC(12)   Merge Heap Roots: 0.2ms
[2022-09-29T05:55:35.608+0000][7][gc,phases   ] GC(12)   Evacuate Collection Set: 3.7ms
[2022-09-29T05:55:35.608+0000][7][gc,phases   ] GC(12)   Post Evacuate Collection Set: 1.1ms
[2022-09-29T05:55:35.609+0000][7][gc,phases   ] GC(12)   Other: 5.9ms
[2022-09-29T05:55:35.609+0000][7][gc,heap     ] GC(12) Eden regions: 13->0(35)
[2022-09-29T05:55:35.609+0000][7][gc,heap     ] GC(12) Survivor regions: 3->3(5)
[2022-09-29T05:55:35.610+0000][7][gc,heap     ] GC(12) Old regions: 2->2
[2022-09-29T05:55:35.610+0000][7][gc,heap     ] GC(12) Archive regions: 2->2
[2022-09-29T05:55:35.610+0000][7][gc,heap     ] GC(12) Humongous regions: 0->0
[2022-09-29T05:55:35.611+0000][7][gc,metaspace] GC(12) Metaspace: 20072K(21296K)->20072K(21296K) NonClass: 17647K(18608K)->17647K(18608K) Class: 2425K(2688K)->2425K(2688K)
[2022-09-29T05:55:35.611+0000][7][gc          ] GC(12) Pause Young (Concurrent Start) (Metadata GC Threshold) 71M->21M(256M) 15.364ms
[2022-09-29T05:55:35.612+0000][7][gc,cpu      ] GC(12) User=0.05s Sys=0.00s Real=0.02s
[2022-09-29T05:55:35.612+0000][7][gc          ] GC(13) Concurrent Cycle
[2022-09-29T05:55:35.612+0000][7][safepoint   ] Safepoint "CollectForMetadataAllocation", Time since last: 61460056 ns, Reaching safepoint: 294111 ns, At safepoint: 16292166 ns, Total: 16586277 ns
[2022-09-29T05:55:35.612+0000][7][gc,marking  ] GC(13) Concurrent Clear Claimed Marks
[2022-09-29T05:55:35.613+0000][7][gc,marking  ] GC(13) Concurrent Clear Claimed Marks 0.851ms
[2022-09-29T05:55:35.614+0000][7][gc,marking  ] GC(13) Concurrent Scan Root Regions
[2022-09-29T05:55:35.617+0000][7][gc,marking  ] GC(13) Concurrent Scan Root Regions 2.891ms
[2022-09-29T05:55:35.617+0000][7][gc,marking  ] GC(13) Concurrent Mark (6.378s)
[2022-09-29T05:55:35.618+0000][7][gc,marking  ] GC(13) Concurrent Mark From Roots
[2022-09-29T05:55:35.618+0000][7][gc,task     ] GC(13) Using 3 workers of 3 for marking
[2022-09-29T05:55:35.626+0000][7][gc,marking  ] GC(13) Concurrent Mark From Roots 7.831ms
[2022-09-29T05:55:35.626+0000][7][gc,marking  ] GC(13) Concurrent Preclean
[2022-09-29T05:55:35.627+0000][7][gc,marking  ] GC(13) Concurrent Preclean 0.772ms
[2022-09-29T05:55:35.628+0000][7][gc,marking  ] GC(13) Concurrent Mark (6.378s, 6.389s) 10.629ms
[2022-09-29T05:55:35.629+0000][7][gc,start    ] GC(13) Pause Remark
[2022-09-29T05:55:35.632+0000][7][gc          ] GC(13) Pause Remark 35M->35M(256M) 3.462ms
[2022-09-29T05:55:35.633+0000][7][gc,cpu      ] GC(13) User=0.04s Sys=0.00s Real=0.01s
[2022-09-29T05:55:35.634+0000][7][safepoint   ] Safepoint "G1Concurrent", Time since last: 16417515 ns, Reaching safepoint: 411384 ns, At safepoint: 4740804 ns, Total: 5152188 ns
[2022-09-29T05:55:35.634+0000][7][gc,marking  ] GC(13) Concurrent Rebuild Remembered Sets
[2022-09-29T05:55:35.638+0000][7][gc,marking  ] GC(13) Concurrent Rebuild Remembered Sets 3.800ms
[2022-09-29T05:55:35.640+0000][7][gc,start    ] GC(13) Pause Cleanup
[2022-09-29T05:55:35.641+0000][7][gc          ] GC(13) Pause Cleanup 41M->41M(256M) 0.772ms
[2022-09-29T05:55:35.641+0000][7][gc,cpu      ] GC(13) User=0.00s Sys=0.00s Real=0.00s
[2022-09-29T05:55:35.642+0000][7][safepoint   ] Safepoint "G1Concurrent", Time since last: 5350158 ns, Reaching safepoint: 980747 ns, At safepoint: 1783568 ns, Total: 2764315 ns
[2022-09-29T05:55:35.642+0000][7][gc,marking  ] GC(13) Concurrent Cleanup for Next Mark
[2022-09-29T05:55:35.644+0000][7][gc,marking  ] GC(13) Concurrent Cleanup for Next Mark 1.529ms
[2022-09-29T05:55:35.645+0000][7][gc          ] GC(13) Concurrent Cycle 32.701ms
[2022-09-29T05:55:35.782+0000][7][gc,start    ] GC(14) Pause Young (Normal) (G1 Evacuation Pause)
[2022-09-29T05:55:35.783+0000][7][gc,task     ] GC(14) Using 6 workers of 13 for evacuation
[2022-09-29T05:55:35.783+0000][7][gc,age      ] GC(14) Desired survivor size 10485760 bytes, new threshold 15 (max threshold 15)
[2022-09-29T05:55:35.790+0000][7][gc,age      ] GC(14) Age table with threshold 15 (max threshold 15)
[2022-09-29T05:55:35.790+0000][7][gc,age      ] GC(14) - age   1:    2529432 bytes,    2529432 total
[2022-09-29T05:55:35.791+0000][7][gc,age      ] GC(14) - age   2:     450168 bytes,    2979600 total
[2022-09-29T05:55:35.791+0000][7][gc,age      ] GC(14) - age   3:    1413376 bytes,    4392976 total
[2022-09-29T05:55:35.792+0000][7][gc,age      ] GC(14) - age   4:     184648 bytes,    4577624 total
[2022-09-29T05:55:35.792+0000][7][gc,age      ] GC(14) - age   5:     205576 bytes,    4783200 total
[2022-09-29T05:55:35.793+0000][7][gc,age      ] GC(14) - age   6:     235328 bytes,    5018528 total
[2022-09-29T05:55:35.793+0000][7][gc,age      ] GC(14) - age   7:     407088 bytes,    5425616 total
[2022-09-29T05:55:35.793+0000][7][gc,age      ] GC(14) - age   8:    1380800 bytes,    6806416 total
[2022-09-29T05:55:35.794+0000][7][gc,age      ] GC(14) - age   9:    1052928 bytes,    7859344 total
[2022-09-29T05:55:35.794+0000][7][gc,age      ] GC(14) - age  10:    1827552 bytes,    9686896 total
[2022-09-29T05:55:35.795+0000][7][gc,age      ] GC(14) - age  11:    2974040 bytes,   12660936 total
[2022-09-29T05:55:35.795+0000][7][gc,phases   ] GC(14)   Pre Evacuate Collection Set: 0.2ms
[2022-09-29T05:55:35.795+0000][7][gc,phases   ] GC(14)   Merge Heap Roots: 0.2ms
[2022-09-29T05:55:35.796+0000][7][gc,phases   ] GC(14)   Evacuate Collection Set: 4.2ms
[2022-09-29T05:55:35.796+0000][7][gc,phases   ] GC(14)   Post Evacuate Collection Set: 1.2ms
[2022-09-29T05:55:35.796+0000][7][gc,phases   ] GC(14)   Other: 7.4ms
[2022-09-29T05:55:35.797+0000][7][gc,heap     ] GC(14) Eden regions: 35->0(34)
[2022-09-29T05:55:35.798+0000][7][gc,heap     ] GC(14) Survivor regions: 3->4(5)
[2022-09-29T05:55:35.798+0000][7][gc,heap     ] GC(14) Old regions: 2->2
[2022-09-29T05:55:35.799+0000][7][gc,heap     ] GC(14) Archive regions: 2->2
[2022-09-29T05:55:35.799+0000][7][gc,heap     ] GC(14) Humongous regions: 0->0
[2022-09-29T05:55:35.800+0000][7][gc,metaspace] GC(14) Metaspace: 20173K(21552K)->20173K(21552K) NonClass: 17726K(18864K)->17726K(18864K) Class: 2446K(2688K)->2446K(2688K)
[2022-09-29T05:55:35.800+0000][7][gc          ] GC(14) Pause Young (Normal) (G1 Evacuation Pause) 161M->23M(256M) 18.484ms
[2022-09-29T05:55:35.801+0000][7][gc,cpu      ] GC(14) User=0.01s Sys=0.02s Real=0.02s
[2022-09-29T05:55:35.801+0000][7][safepoint   ] Safepoint "G1CollectForAllocation", Time since last: 139826715 ns, Reaching safepoint: 298709 ns, At safepoint: 19399979 ns, Total: 19698688 ns
[2022-09-29T05:55:35.942+0000][7][gc,start    ] GC(15) Pause Young (Normal) (G1 Evacuation Pause)
[2022-09-29T05:55:35.943+0000][7][gc,task     ] GC(15) Using 6 workers of 13 for evacuation
[2022-09-29T05:55:35.943+0000][7][gc,age      ] GC(15) Desired survivor size 10485760 bytes, new threshold 11 (max threshold 15)
[2022-09-29T05:55:35.949+0000][7][gc,age      ] GC(15) Age table with threshold 11 (max threshold 15)
[2022-09-29T05:55:35.950+0000][7][gc,age      ] GC(15) - age   1:     285488 bytes,     285488 total
[2022-09-29T05:55:35.950+0000][7][gc,age      ] GC(15) - age   2:     358976 bytes,     644464 total
[2022-09-29T05:55:35.950+0000][7][gc,age      ] GC(15) - age   3:     450168 bytes,    1094632 total
[2022-09-29T05:55:35.951+0000][7][gc,age      ] GC(15) - age   4:    1413376 bytes,    2508008 total
[2022-09-29T05:55:35.951+0000][7][gc,age      ] GC(15) - age   5:     184432 bytes,    2692440 total
[2022-09-29T05:55:35.951+0000][7][gc,age      ] GC(15) - age   6:     205576 bytes,    2898016 total
[2022-09-29T05:55:35.952+0000][7][gc,age      ] GC(15) - age   7:     234784 bytes,    3132800 total
[2022-09-29T05:55:35.952+0000][7][gc,age      ] GC(15) - age   8:     407088 bytes,    3539888 total
[2022-09-29T05:55:35.953+0000][7][gc,age      ] GC(15) - age   9:    1380800 bytes,    4920688 total
[2022-09-29T05:55:35.953+0000][7][gc,age      ] GC(15) - age  10:    1052928 bytes,    5973616 total
[2022-09-29T05:55:35.953+0000][7][gc,age      ] GC(15) - age  11:    1827552 bytes,    7801168 total
[2022-09-29T05:55:35.954+0000][7][gc,phases   ] GC(15)   Pre Evacuate Collection Set: 0.2ms
[2022-09-29T05:55:35.954+0000][7][gc,phases   ] GC(15)   Merge Heap Roots: 0.2ms
[2022-09-29T05:55:35.954+0000][7][gc,phases   ] GC(15)   Evacuate Collection Set: 3.9ms
[2022-09-29T05:55:35.954+0000][7][gc,phases   ] GC(15)   Post Evacuate Collection Set: 1.1ms
[2022-09-29T05:55:35.955+0000][7][gc,phases   ] GC(15)   Other: 5.9ms
[2022-09-29T05:55:35.955+0000][7][gc,heap     ] GC(15) Eden regions: 34->0(35)
[2022-09-29T05:55:35.955+0000][7][gc,heap     ] GC(15) Survivor regions: 4->3(5)
[2022-09-29T05:55:35.955+0000][7][gc,heap     ] GC(15) Old regions: 2->3
[2022-09-29T05:55:35.956+0000][7][gc,heap     ] GC(15) Archive regions: 2->2
[2022-09-29T05:55:35.956+0000][7][gc,heap     ] GC(15) Humongous regions: 0->0
[2022-09-29T05:55:35.956+0000][7][gc,metaspace] GC(15) Metaspace: 20198K(21552K)->20198K(21552K) NonClass: 17747K(18864K)->17747K(18864K) Class: 2450K(2688K)->2450K(2688K)
[2022-09-29T05:55:35.956+0000][7][gc          ] GC(15) Pause Young (Normal) (G1 Evacuation Pause) 159M->21M(256M) 14.165ms
[2022-09-29T05:55:35.957+0000][7][gc,cpu      ] GC(15) User=0.04s Sys=0.00s Real=0.01s
[2022-09-29T05:55:35.957+0000][7][safepoint   ] Safepoint "G1CollectForAllocation", Time since last: 140695200 ns, Reaching safepoint: 280435 ns, At safepoint: 14916734 ns, Total: 15197169 ns
[2022-09-29T05:55:36.133+0000][7][gc,start    ] GC(16) Pause Young (Normal) (G1 Evacuation Pause)
[2022-09-29T05:55:36.133+0000][7][gc,task     ] GC(16) Using 6 workers of 13 for evacuation
[2022-09-29T05:55:36.134+0000][7][gc,age      ] GC(16) Desired survivor size 10485760 bytes, new threshold 15 (max threshold 15)
[2022-09-29T05:55:36.141+0000][7][gc,age      ] GC(16) Age table with threshold 15 (max threshold 15)
[2022-09-29T05:55:36.141+0000][7][gc,age      ] GC(16) - age   1:     570320 bytes,     570320 total
[2022-09-29T05:55:36.141+0000][7][gc,age      ] GC(16) - age   2:     266160 bytes,     836480 total
[2022-09-29T05:55:36.142+0000][7][gc,age      ] GC(16) - age   3:     358976 bytes,    1195456 total
[2022-09-29T05:55:36.142+0000][7][gc,age      ] GC(16) - age   4:     450024 bytes,    1645480 total
[2022-09-29T05:55:36.142+0000][7][gc,age      ] GC(16) - age   5:    1413376 bytes,    3058856 total
[2022-09-29T05:55:36.143+0000][7][gc,age      ] GC(16) - age   6:     184432 bytes,    3243288 total
[2022-09-29T05:55:36.143+0000][7][gc,age      ] GC(16) - age   7:     205432 bytes,    3448720 total
[2022-09-29T05:55:36.143+0000][7][gc,age      ] GC(16) - age   8:     234784 bytes,    3683504 total
[2022-09-29T05:55:36.144+0000][7][gc,age      ] GC(16) - age   9:     406944 bytes,    4090448 total
[2022-09-29T05:55:36.144+0000][7][gc,age      ] GC(16) - age  10:    1380504 bytes,    5470952 total
[2022-09-29T05:55:36.144+0000][7][gc,age      ] GC(16) - age  11:    1052768 bytes,    6523720 total
[2022-09-29T05:55:36.145+0000][7][gc,age      ] GC(16) - age  12:    1827280 bytes,    8351000 total
[2022-09-29T05:55:36.145+0000][7][gc,phases   ] GC(16)   Pre Evacuate Collection Set: 0.2ms
[2022-09-29T05:55:36.145+0000][7][gc,phases   ] GC(16)   Merge Heap Roots: 0.2ms
[2022-09-29T05:55:36.146+0000][7][gc,phases   ] GC(16)   Evacuate Collection Set: 5.0ms
[2022-09-29T05:55:36.146+0000][7][gc,phases   ] GC(16)   Post Evacuate Collection Set: 1.1ms
[2022-09-29T05:55:36.146+0000][7][gc,phases   ] GC(16)   Other: 5.7ms
[2022-09-29T05:55:36.147+0000][7][gc,heap     ] GC(16) Eden regions: 35->0(35)
[2022-09-29T05:55:36.147+0000][7][gc,heap     ] GC(16) Survivor regions: 3->3(5)
[2022-09-29T05:55:36.148+0000][7][gc,heap     ] GC(16) Old regions: 3->3
[2022-09-29T05:55:36.148+0000][7][gc,heap     ] GC(16) Archive regions: 2->2
[2022-09-29T05:55:36.148+0000][7][gc,heap     ] GC(16) Humongous regions: 0->0
[2022-09-29T05:55:36.149+0000][7][gc,metaspace] GC(16) Metaspace: 20283K(21680K)->20283K(21680K) NonClass: 17810K(18864K)->17810K(18864K) Class: 2472K(2816K)->2472K(2816K)
[2022-09-29T05:55:36.149+0000][7][gc          ] GC(16) Pause Young (Normal) (G1 Evacuation Pause) 161M->22M(256M) 16.417ms
[2022-09-29T05:55:36.150+0000][7][gc,cpu      ] GC(16) User=0.04s Sys=0.01s Real=0.02s
[2022-09-29T05:55:36.150+0000][7][safepoint   ] Safepoint "G1CollectForAllocation", Time since last: 175285906 ns, Reaching safepoint: 373332 ns, At safepoint: 17402805 ns, Total: 17776137 ns
[2022-09-29T05:55:37.078+0000][7][safepoint   ] Safepoint "ICBufferFull", Time since last: 927298844 ns, Reaching safepoint: 439189 ns, At safepoint: 28815 ns, Total: 468004 ns
[2022-09-29T05:55:37.806+0000][7][safepoint   ] Safepoint "ICBufferFull", Time since last: 727356001 ns, Reaching safepoint: 670059 ns, At safepoint: 295724 ns, Total: 965783 ns
[2022-09-29T05:55:38.979+0000][7][gc,start    ] GC(17) Pause Young (Normal) (G1 Evacuation Pause)
[2022-09-29T05:55:38.979+0000][7][gc,task     ] GC(17) Using 6 workers of 13 for evacuation
[2022-09-29T05:55:38.980+0000][7][gc,age      ] GC(17) Desired survivor size 10485760 bytes, new threshold 15 (max threshold 15)
[2022-09-29T05:55:39.000+0000][7][gc,age      ] GC(17) Age table with threshold 15 (max threshold 15)
[2022-09-29T05:55:39.000+0000][7][gc,age      ] GC(17) - age   1:   12654856 bytes,   12654856 total
[2022-09-29T05:55:39.001+0000][7][gc,age      ] GC(17) - age   2:     527768 bytes,   13182624 total
[2022-09-29T05:55:39.001+0000][7][gc,age      ] GC(17) - age   3:     266160 bytes,   13448784 total
[2022-09-29T05:55:39.001+0000][7][gc,age      ] GC(17) - age   4:     358376 bytes,   13807160 total
[2022-09-29T05:55:39.002+0000][7][gc,age      ] GC(17) - age   5:     447600 bytes,   14254760 total
[2022-09-29T05:55:39.002+0000][7][gc,age      ] GC(17) - age   6:    1411720 bytes,   15666480 total
[2022-09-29T05:55:39.002+0000][7][gc,age      ] GC(17) - age   7:     184008 bytes,   15850488 total
[2022-09-29T05:55:39.002+0000][7][gc,age      ] GC(17) - age   8:     205144 bytes,   16055632 total
[2022-09-29T05:55:39.003+0000][7][gc,age      ] GC(17) - age   9:     227736 bytes,   16283368 total
[2022-09-29T05:55:39.003+0000][7][gc,age      ] GC(17) - age  10:     404544 bytes,   16687912 total
[2022-09-29T05:55:39.003+0000][7][gc,age      ] GC(17) - age  11:    1378024 bytes,   18065936 total
[2022-09-29T05:55:39.003+0000][7][gc,age      ] GC(17) - age  12:    1051544 bytes,   19117480 total
[2022-09-29T05:55:39.004+0000][7][gc,age      ] GC(17) - age  13:    1820368 bytes,   20937848 total
[2022-09-29T05:55:39.004+0000][7][gc,phases   ] GC(17)   Pre Evacuate Collection Set: 0.3ms
[2022-09-29T05:55:39.004+0000][7][gc,phases   ] GC(17)   Merge Heap Roots: 0.2ms
[2022-09-29T05:55:39.004+0000][7][gc,phases   ] GC(17)   Evacuate Collection Set: 16.9ms
[2022-09-29T05:55:39.005+0000][7][gc,phases   ] GC(17)   Post Evacuate Collection Set: 2.0ms
[2022-09-29T05:55:39.005+0000][7][gc,phases   ] GC(17)   Other: 5.8ms
[2022-09-29T05:55:39.005+0000][7][gc,heap     ] GC(17) Eden regions: 35->0(33)
[2022-09-29T05:55:39.005+0000][7][gc,heap     ] GC(17) Survivor regions: 3->5(5)
[2022-09-29T05:55:39.006+0000][7][gc,heap     ] GC(17) Old regions: 3->4
[2022-09-29T05:55:39.006+0000][7][gc,heap     ] GC(17) Archive regions: 2->2
[2022-09-29T05:55:39.006+0000][7][gc,heap     ] GC(17) Humongous regions: 0->0
[2022-09-29T05:55:39.006+0000][7][gc,metaspace] GC(17) Metaspace: 30220K(32176K)->30220K(32176K) NonClass: 26454K(27824K)->26454K(27824K) Class: 3766K(4352K)->3766K(4352K)
[2022-09-29T05:55:39.006+0000][7][gc          ] GC(17) Pause Young (Normal) (G1 Evacuation Pause) 162M->38M(256M) 27.602ms
[2022-09-29T05:55:39.007+0000][7][gc,cpu      ] GC(17) User=0.15s Sys=0.01s Real=0.03s
[2022-09-29T05:55:39.007+0000][7][safepoint   ] Safepoint "G1CollectForAllocation", Time since last: 1172025125 ns, Reaching safepoint: 469766 ns, At safepoint: 28221930 ns, Total: 28691696 ns
[2022-09-29T05:55:39.976+0000][7][gc,start    ] GC(18) Pause Young (Normal) (G1 Evacuation Pause)
[2022-09-29T05:55:39.977+0000][7][gc,task     ] GC(18) Using 6 workers of 13 for evacuation
[2022-09-29T05:55:39.978+0000][7][gc,age      ] GC(18) Desired survivor size 10485760 bytes, new threshold 1 (max threshold 15)
[2022-09-29T05:55:40.004+0000][7][gc,age      ] GC(18) Age table with threshold 1 (max threshold 15)
[2022-09-29T05:55:40.004+0000][7][gc,age      ] GC(18) - age   1:   19188400 bytes,   19188400 total
[2022-09-29T05:55:40.005+0000][7][gc,phases   ] GC(18)   Pre Evacuate Collection Set: 0.3ms
[2022-09-29T05:55:40.005+0000][7][gc,phases   ] GC(18)   Merge Heap Roots: 0.3ms
[2022-09-29T05:55:40.005+0000][7][gc,phases   ] GC(18)   Evacuate Collection Set: 22.7ms
[2022-09-29T05:55:40.006+0000][7][gc,phases   ] GC(18)   Post Evacuate Collection Set: 2.2ms
[2022-09-29T05:55:40.006+0000][7][gc,phases   ] GC(18)   Other: 2.8ms
[2022-09-29T05:55:40.006+0000][7][gc,heap     ] GC(18) Eden regions: 33->0(30)
[2022-09-29T05:55:40.007+0000][7][gc,heap     ] GC(18) Survivor regions: 5->5(5)
[2022-09-29T05:55:40.007+0000][7][gc,heap     ] GC(18) Old regions: 4->9
[2022-09-29T05:55:40.008+0000][7][gc,heap     ] GC(18) Archive regions: 2->2
[2022-09-29T05:55:40.008+0000][7][gc,heap     ] GC(18) Humongous regions: 0->0
[2022-09-29T05:55:40.008+0000][7][gc,metaspace] GC(18) Metaspace: 31574K(33968K)->31574K(33968K) NonClass: 27611K(29360K)->27611K(29360K) Class: 3962K(4608K)->3962K(4608K)
[2022-09-29T05:55:40.009+0000][7][gc          ] GC(18) Pause Young (Normal) (G1 Evacuation Pause) 170M->58M(256M) 32.227ms
[2022-09-29T05:55:40.009+0000][7][gc,cpu      ] GC(18) User=0.15s Sys=0.00s Real=0.03s
[2022-09-29T05:55:40.010+0000][7][safepoint   ] Safepoint "G1CollectForAllocation", Time since last: 969004262 ns, Reaching safepoint: 351738 ns, At safepoint: 33258828 ns, Total: 33610566 ns
[2022-09-29T05:55:40.248+0000][7][gc,start    ] GC(19) Pause Young (Concurrent Start) (Metadata GC Threshold)
[2022-09-29T05:55:40.248+0000][7][gc,task     ] GC(19) Using 6 workers of 13 for evacuation
[2022-09-29T05:55:40.249+0000][7][gc,age      ] GC(19) Desired survivor size 10485760 bytes, new threshold 1 (max threshold 15)
[2022-09-29T05:55:40.261+0000][7][gc,age      ] GC(19) Age table with threshold 1 (max threshold 15)
[2022-09-29T05:55:40.262+0000][7][gc,age      ] GC(19) - age   1:     881048 bytes,     881048 total
[2022-09-29T05:55:40.262+0000][7][gc,phases   ] GC(19)   Pre Evacuate Collection Set: 0.4ms
[2022-09-29T05:55:40.263+0000][7][gc,phases   ] GC(19)   Merge Heap Roots: 0.2ms
[2022-09-29T05:55:40.263+0000][7][gc,phases   ] GC(19)   Evacuate Collection Set: 9.6ms
[2022-09-29T05:55:40.264+0000][7][gc,phases   ] GC(19)   Post Evacuate Collection Set: 1.3ms
[2022-09-29T05:55:40.264+0000][7][gc,phases   ] GC(19)   Other: 2.8ms
[2022-09-29T05:55:40.265+0000][7][gc,heap     ] GC(19) Eden regions: 6->0(30)
[2022-09-29T05:55:40.265+0000][7][gc,heap     ] GC(19) Survivor regions: 5->1(5)
[2022-09-29T05:55:40.265+0000][7][gc,heap     ] GC(19) Old regions: 9->14
[2022-09-29T05:55:40.266+0000][7][gc,heap     ] GC(19) Archive regions: 2->2
[2022-09-29T05:55:40.266+0000][7][gc,heap     ] GC(19) Humongous regions: 0->0
[2022-09-29T05:55:40.267+0000][7][gc,metaspace] GC(19) Metaspace: 33592K(35888K)->33592K(35888K) NonClass: 29263K(30896K)->29263K(30896K) Class: 4328K(4992K)->4328K(4992K)
[2022-09-29T05:55:40.267+0000][7][gc          ] GC(19) Pause Young (Concurrent Start) (Metadata GC Threshold) 78M->61M(256M) 19.112ms
[2022-09-29T05:55:40.267+0000][7][gc,cpu      ] GC(19) User=0.12s Sys=0.00s Real=0.02s
[2022-09-29T05:55:40.268+0000][7][gc          ] GC(20) Concurrent Cycle
[2022-09-29T05:55:40.268+0000][7][safepoint   ] Safepoint "CollectForMetadataAllocation", Time since last: 237761841 ns, Reaching safepoint: 390008 ns, At safepoint: 20398266 ns, Total: 20788274 ns
[2022-09-29T05:55:40.268+0000][7][gc,marking  ] GC(20) Concurrent Clear Claimed Marks
[2022-09-29T05:55:40.269+0000][7][gc,marking  ] GC(20) Concurrent Clear Claimed Marks 0.967ms
[2022-09-29T05:55:40.270+0000][7][gc,marking  ] GC(20) Concurrent Scan Root Regions
[2022-09-29T05:55:40.278+0000][7][gc,marking  ] GC(20) Concurrent Scan Root Regions 8.416ms
[2022-09-29T05:55:40.279+0000][7][gc,marking  ] GC(20) Concurrent Mark (11.039s)
[2022-09-29T05:55:40.279+0000][7][gc,marking  ] GC(20) Concurrent Mark From Roots
[2022-09-29T05:55:40.280+0000][7][gc,task     ] GC(20) Using 3 workers of 3 for marking
[2022-09-29T05:55:40.306+0000][7][gc,marking  ] GC(20) Concurrent Mark From Roots 26.503ms
[2022-09-29T05:55:40.306+0000][7][gc,marking  ] GC(20) Concurrent Preclean
[2022-09-29T05:55:40.307+0000][7][gc,marking  ] GC(20) Concurrent Preclean 0.923ms
[2022-09-29T05:55:40.308+0000][7][gc,marking  ] GC(20) Concurrent Mark (11.039s, 11.069s) 29.115ms
[2022-09-29T05:55:40.309+0000][7][gc,start    ] GC(20) Pause Remark
[2022-09-29T05:55:40.313+0000][7][gc          ] GC(20) Pause Remark 63M->63M(256M) 3.960ms
[2022-09-29T05:55:40.313+0000][7][gc,cpu      ] GC(20) User=0.04s Sys=0.00s Real=0.01s
[2022-09-29T05:55:40.314+0000][7][safepoint   ] Safepoint "G1Concurrent", Time since last: 40257214 ns, Reaching safepoint: 404180 ns, At safepoint: 4954604 ns, Total: 5358784 ns
[2022-09-29T05:55:40.314+0000][7][gc,marking  ] GC(20) Concurrent Rebuild Remembered Sets
[2022-09-29T05:55:40.346+0000][7][gc,marking  ] GC(20) Concurrent Rebuild Remembered Sets 31.800ms
[2022-09-29T05:55:40.347+0000][7][gc,start    ] GC(20) Pause Cleanup
[2022-09-29T05:55:40.348+0000][7][gc          ] GC(20) Pause Cleanup 65M->65M(256M) 0.799ms
[2022-09-29T05:55:40.349+0000][7][gc,cpu      ] GC(20) User=0.00s Sys=0.00s Real=0.00s
[2022-09-29T05:55:40.349+0000][7][safepoint   ] Safepoint "G1Concurrent", Time since last: 32847322 ns, Reaching safepoint: 666340 ns, At safepoint: 1791616 ns, Total: 2457956 ns
[2022-09-29T05:55:40.350+0000][7][gc,marking  ] GC(20) Concurrent Cleanup for Next Mark
[2022-09-29T05:55:40.351+0000][7][gc,marking  ] GC(20) Concurrent Cleanup for Next Mark 1.009ms
[2022-09-29T05:55:40.351+0000][7][gc          ] GC(20) Concurrent Cycle 83.282ms
[2022-09-29T05:55:40.696+0000][7][gc,start    ] GC(21) Pause Young (Normal) (G1 Evacuation Pause)
[2022-09-29T05:55:40.696+0000][7][gc,task     ] GC(21) Using 6 workers of 13 for evacuation
[2022-09-29T05:55:40.697+0000][7][gc,age      ] GC(21) Desired survivor size 8388608 bytes, new threshold 15 (max threshold 15)
[2022-09-29T05:55:40.702+0000][7][gc,age      ] GC(21) Age table with threshold 15 (max threshold 15)
[2022-09-29T05:55:40.702+0000][7][gc,age      ] GC(21) - age   1:    1654008 bytes,    1654008 total
[2022-09-29T05:55:40.703+0000][7][gc,age      ] GC(21) - age   2:     854144 bytes,    2508152 total
[2022-09-29T05:55:40.703+0000][7][gc,phases   ] GC(21)   Pre Evacuate Collection Set: 0.3ms
[2022-09-29T05:55:40.703+0000][7][gc,phases   ] GC(21)   Merge Heap Roots: 0.2ms
[2022-09-29T05:55:40.704+0000][7][gc,phases   ] GC(21)   Evacuate Collection Set: 2.9ms
[2022-09-29T05:55:40.704+0000][7][gc,phases   ] GC(21)   Post Evacuate Collection Set: 1.1ms
[2022-09-29T05:55:40.704+0000][7][gc,phases   ] GC(21)   Other: 2.9ms
[2022-09-29T05:55:40.705+0000][7][gc,heap     ] GC(21) Eden regions: 30->0(31)
[2022-09-29T05:55:40.705+0000][7][gc,heap     ] GC(21) Survivor regions: 1->1(4)
[2022-09-29T05:55:40.706+0000][7][gc,heap     ] GC(21) Old regions: 14->14
[2022-09-29T05:55:40.706+0000][7][gc,heap     ] GC(21) Archive regions: 2->2
[2022-09-29T05:55:40.706+0000][7][gc,heap     ] GC(21) Humongous regions: 0->0
[2022-09-29T05:55:40.707+0000][7][gc,metaspace] GC(21) Metaspace: 36182K(38704K)->36182K(38704K) NonClass: 31599K(33456K)->31599K(33456K) Class: 4582K(5248K)->4582K(5248K)
[2022-09-29T05:55:40.707+0000][7][gc          ] GC(21) Pause Young (Normal) (G1 Evacuation Pause) 181M->61M(256M) 11.535ms
[2022-09-29T05:55:40.708+0000][7][gc,cpu      ] GC(21) User=0.07s Sys=0.00s Real=0.01s
[2022-09-29T05:55:40.708+0000][7][safepoint   ] Safepoint "G1CollectForAllocation", Time since last: 345976154 ns, Reaching safepoint: 542943 ns, At safepoint: 12671689 ns, Total: 13214632 ns
[2022-09-29T05:55:41.709+0000][7][safepoint   ] Safepoint "Cleanup", Time since last: 1000078293 ns, Reaching safepoint: 431022 ns, At safepoint: 41349 ns, Total: 472371 ns
[2022-09-29T05:55:42.710+0000][7][safepoint   ] Safepoint "Cleanup", Time since last: 1000911384 ns, Reaching safepoint: 482988 ns, At safepoint: 71717 ns, Total: 554705 ns
[2022-09-29T05:55:42.730+0000][7][gc,start    ] GC(22) Pause Young (Normal) (G1 Evacuation Pause)
[2022-09-29T05:55:42.731+0000][7][gc,task     ] GC(22) Using 6 workers of 13 for evacuation
[2022-09-29T05:55:42.731+0000][7][gc,age      ] GC(22) Desired survivor size 8388608 bytes, new threshold 15 (max threshold 15)
[2022-09-29T05:55:42.741+0000][7][gc,age      ] GC(22) Age table with threshold 15 (max threshold 15)
[2022-09-29T05:55:42.742+0000][7][gc,age      ] GC(22) - age   1:    5213792 bytes,    5213792 total
[2022-09-29T05:55:42.742+0000][7][gc,age      ] GC(22) - age   2:    1362776 bytes,    6576568 total
[2022-09-29T05:55:42.743+0000][7][gc,age      ] GC(22) - age   3:     833080 bytes,    7409648 total
[2022-09-29T05:55:42.743+0000][7][gc,phases   ] GC(22)   Pre Evacuate Collection Set: 0.3ms
[2022-09-29T05:55:42.744+0000][7][gc,phases   ] GC(22)   Merge Heap Roots: 0.2ms
[2022-09-29T05:55:42.744+0000][7][gc,phases   ] GC(22)   Evacuate Collection Set: 6.8ms
[2022-09-29T05:55:42.745+0000][7][gc,phases   ] GC(22)   Post Evacuate Collection Set: 2.5ms
[2022-09-29T05:55:42.745+0000][7][gc,phases   ] GC(22)   Other: 3.4ms
[2022-09-29T05:55:42.746+0000][7][gc,heap     ] GC(22) Eden regions: 31->0(30)
[2022-09-29T05:55:42.746+0000][7][gc,heap     ] GC(22) Survivor regions: 1->2(4)
[2022-09-29T05:55:42.747+0000][7][gc,heap     ] GC(22) Old regions: 14->14
[2022-09-29T05:55:42.747+0000][7][gc,heap     ] GC(22) Archive regions: 2->2
[2022-09-29T05:55:42.748+0000][7][gc,heap     ] GC(22) Humongous regions: 0->0
[2022-09-29T05:55:42.748+0000][7][gc,metaspace] GC(22) Metaspace: 51932K(55344K)->51932K(55344K) NonClass: 45004K(47536K)->45004K(47536K) Class: 6927K(7808K)->6927K(7808K)
[2022-09-29T05:55:42.749+0000][7][gc          ] GC(22) Pause Young (Normal) (G1 Evacuation Pause) 185M->65M(256M) 18.342ms
[2022-09-29T05:55:42.749+0000][7][gc,cpu      ] GC(22) User=0.08s Sys=0.02s Real=0.01s
[2022-09-29T05:55:42.750+0000][7][safepoint   ] Safepoint "G1CollectForAllocation", Time since last: 19516120 ns, Reaching safepoint: 329759 ns, At safepoint: 19687085 ns, Total: 20016844 ns
[2022-09-29T05:55:42.773+0000][7][safepoint   ] Safepoint "ICBufferFull", Time since last: 22754701 ns, Reaching safepoint: 461239 ns, At safepoint: 83489 ns, Total: 544728 ns
[2022-09-29T05:55:43.487+0000][7][safepoint   ] Safepoint "ICBufferFull", Time since last: 713780285 ns, Reaching safepoint: 422815 ns, At safepoint: 58522 ns, Total: 481337 ns
[2022-09-29T05:55:43.586+0000][7][gc,start    ] GC(23) Pause Young (Concurrent Start) (Metadata GC Threshold)
[2022-09-29T05:55:43.586+0000][7][gc,task     ] GC(23) Using 6 workers of 13 for evacuation
[2022-09-29T05:55:43.587+0000][7][gc,age      ] GC(23) Desired survivor size 8388608 bytes, new threshold 15 (max threshold 15)
[2022-09-29T05:55:43.596+0000][7][gc,age      ] GC(23) Age table with threshold 15 (max threshold 15)
[2022-09-29T05:55:43.597+0000][7][gc,age      ] GC(23) - age   1:    2160288 bytes,    2160288 total
[2022-09-29T05:55:43.597+0000][7][gc,age      ] GC(23) - age   2:    5049696 bytes,    7209984 total
[2022-09-29T05:55:43.597+0000][7][gc,age      ] GC(23) - age   3:    1362296 bytes,    8572280 total
[2022-09-29T05:55:43.598+0000][7][gc,age      ] GC(23) - age   4:     832696 bytes,    9404976 total
[2022-09-29T05:55:43.598+0000][7][gc,phases   ] GC(23)   Pre Evacuate Collection Set: 0.3ms
[2022-09-29T05:55:43.598+0000][7][gc,phases   ] GC(23)   Merge Heap Roots: 0.1ms
[2022-09-29T05:55:43.599+0000][7][gc,phases   ] GC(23)   Evacuate Collection Set: 6.2ms
[2022-09-29T05:55:43.599+0000][7][gc,phases   ] GC(23)   Post Evacuate Collection Set: 2.4ms
[2022-09-29T05:55:43.600+0000][7][gc,phases   ] GC(23)   Other: 3.2ms
[2022-09-29T05:55:43.600+0000][7][gc,heap     ] GC(23) Eden regions: 18->0(30)
[2022-09-29T05:55:43.600+0000][7][gc,heap     ] GC(23) Survivor regions: 2->3(4)
[2022-09-29T05:55:43.601+0000][7][gc,heap     ] GC(23) Old regions: 14->14
[2022-09-29T05:55:43.601+0000][7][gc,heap     ] GC(23) Archive regions: 2->2
[2022-09-29T05:55:43.601+0000][7][gc,heap     ] GC(23) Humongous regions: 0->0
[2022-09-29T05:55:43.602+0000][7][gc,metaspace] GC(23) Metaspace: 56449K(60208K)->56449K(60208K) NonClass: 49039K(51888K)->49039K(51888K) Class: 7409K(8320K)->7409K(8320K)
[2022-09-29T05:55:43.602+0000][7][gc          ] GC(23) Pause Young (Concurrent Start) (Metadata GC Threshold) 137M->67M(256M) 15.944ms
[2022-09-29T05:55:43.602+0000][7][gc,cpu      ] GC(23) User=0.06s Sys=0.00s Real=0.02s
[2022-09-29T05:55:43.602+0000][7][gc          ] GC(24) Concurrent Cycle
[2022-09-29T05:55:43.603+0000][7][safepoint   ] Safepoint "CollectForMetadataAllocation", Time since last: 98087656 ns, Reaching safepoint: 340629 ns, At safepoint: 16768825 ns, Total: 17109454 ns
[2022-09-29T05:55:43.603+0000][7][gc,marking  ] GC(24) Concurrent Clear Claimed Marks
[2022-09-29T05:55:43.604+0000][7][gc,marking  ] GC(24) Concurrent Clear Claimed Marks 0.763ms
[2022-09-29T05:55:43.604+0000][7][gc,marking  ] GC(24) Concurrent Scan Root Regions
[2022-09-29T05:55:43.610+0000][7][gc,marking  ] GC(24) Concurrent Scan Root Regions 6.253ms
[2022-09-29T05:55:43.611+0000][7][gc,marking  ] GC(24) Concurrent Mark (14.372s)
[2022-09-29T05:55:43.611+0000][7][gc,marking  ] GC(24) Concurrent Mark From Roots
[2022-09-29T05:55:43.611+0000][7][gc,task     ] GC(24) Using 3 workers of 3 for marking
[2022-09-29T05:55:43.649+0000][7][gc,marking  ] GC(24) Concurrent Mark From Roots 37.693ms
[2022-09-29T05:55:43.650+0000][7][gc,marking  ] GC(24) Concurrent Preclean
[2022-09-29T05:55:43.652+0000][7][gc,marking  ] GC(24) Concurrent Preclean 1.227ms
[2022-09-29T05:55:43.652+0000][7][gc,marking  ] GC(24) Concurrent Mark (14.372s, 14.413s) 41.543ms
[2022-09-29T05:55:43.653+0000][7][gc,start    ] GC(24) Pause Remark
[2022-09-29T05:55:43.658+0000][7][gc          ] GC(24) Pause Remark 70M->70M(256M) 4.673ms
[2022-09-29T05:55:43.659+0000][7][gc,cpu      ] GC(24) User=0.01s Sys=0.01s Real=0.00s
[2022-09-29T05:55:43.659+0000][7][safepoint   ] Safepoint "G1Concurrent", Time since last: 50339287 ns, Reaching safepoint: 283149 ns, At safepoint: 5924400 ns, Total: 6207549 ns
[2022-09-29T05:55:43.660+0000][7][gc,marking  ] GC(24) Concurrent Rebuild Remembered Sets
[2022-09-29T05:55:43.688+0000][7][gc,marking  ] GC(24) Concurrent Rebuild Remembered Sets 27.701ms
[2022-09-29T05:55:43.690+0000][7][gc,start    ] GC(24) Pause Cleanup
[2022-09-29T05:55:43.691+0000][7][gc          ] GC(24) Pause Cleanup 70M->70M(256M) 0.897ms
[2022-09-29T05:55:43.692+0000][7][gc,cpu      ] GC(24) User=0.00s Sys=0.00s Real=0.00s
[2022-09-29T05:55:43.692+0000][7][safepoint   ] Safepoint "G1Concurrent", Time since last: 29145079 ns, Reaching safepoint: 1580962 ns, At safepoint: 2509292 ns, Total: 4090254 ns
[2022-09-29T05:55:43.693+0000][7][gc,marking  ] GC(24) Concurrent Cleanup for Next Mark
[2022-09-29T05:55:43.694+0000][7][gc,marking  ] GC(24) Concurrent Cleanup for Next Mark 0.816ms
[2022-09-29T05:55:43.694+0000][7][gc          ] GC(24) Concurrent Cycle 91.654ms
[2022-09-29T05:55:44.694+0000][7][safepoint   ] Safepoint "Cleanup", Time since last: 1000325887 ns, Reaching safepoint: 1618486 ns, At safepoint: 45557 ns, Total: 1664043 ns
[2022-09-29T05:55:45.696+0000][7][safepoint   ] Safepoint "Cleanup", Time since last: 1000996984 ns, Reaching safepoint: 449208 ns, At safepoint: 35427 ns, Total: 484635 ns
[2022-09-29T05:55:46.367+0000][7][gc,start    ] GC(25) Pause Young (Normal) (G1 Evacuation Pause)
[2022-09-29T05:55:46.367+0000][7][gc,task     ] GC(25) Using 6 workers of 13 for evacuation
[2022-09-29T05:55:46.368+0000][7][gc,age      ] GC(25) Desired survivor size 10485760 bytes, new threshold 15 (max threshold 15)
[2022-09-29T05:55:46.381+0000][7][gc,age      ] GC(25) Age table with threshold 15 (max threshold 15)
[2022-09-29T05:55:46.382+0000][7][gc,age      ] GC(25) - age   1:    6963840 bytes,    6963840 total
[2022-09-29T05:55:46.382+0000][7][gc,age      ] GC(25) - age   2:    2103976 bytes,    9067816 total
[2022-09-29T05:55:46.383+0000][7][gc,age      ] GC(25) - age   3:    5028392 bytes,   14096208 total
[2022-09-29T05:55:46.383+0000][7][gc,age      ] GC(25) - age   4:    1359248 bytes,   15455456 total
[2022-09-29T05:55:46.383+0000][7][gc,age      ] GC(25) - age   5:     830824 bytes,   16286280 total
[2022-09-29T05:55:46.384+0000][7][gc,phases   ] GC(25)   Pre Evacuate Collection Set: 0.3ms
[2022-09-29T05:55:46.384+0000][7][gc,phases   ] GC(25)   Merge Heap Roots: 0.2ms
[2022-09-29T05:55:46.385+0000][7][gc,phases   ] GC(25)   Evacuate Collection Set: 10.3ms
[2022-09-29T05:55:46.385+0000][7][gc,phases   ] GC(25)   Post Evacuate Collection Set: 2.0ms
[2022-09-29T05:55:46.385+0000][7][gc,phases   ] GC(25)   Other: 4.6ms
[2022-09-29T05:55:46.386+0000][7][gc,heap     ] GC(25) Eden regions: 30->0(28)
[2022-09-29T05:55:46.386+0000][7][gc,heap     ] GC(25) Survivor regions: 3->5(5)
[2022-09-29T05:55:46.386+0000][7][gc,heap     ] GC(25) Old regions: 14->14
[2022-09-29T05:55:46.387+0000][7][gc,heap     ] GC(25) Archive regions: 2->2
[2022-09-29T05:55:46.387+0000][7][gc,heap     ] GC(25) Humongous regions: 0->0
[2022-09-29T05:55:46.388+0000][7][gc,metaspace] GC(25) Metaspace: 74701K(78768K)->74701K(78768K) NonClass: 64702K(67760K)->64702K(67760K) Class: 9999K(11008K)->9999K(11008K)
[2022-09-29T05:55:46.388+0000][7][gc          ] GC(25) Pause Young (Normal) (G1 Evacuation Pause) 187M->74M(256M) 21.347ms
[2022-09-29T05:55:46.388+0000][7][gc,cpu      ] GC(25) User=0.08s Sys=0.01s Real=0.02s
[2022-09-29T05:55:46.389+0000][7][safepoint   ] Safepoint "G1CollectForAllocation", Time since last: 670275088 ns, Reaching safepoint: 405613 ns, At safepoint: 22398904 ns, Total: 22804517 ns
[2022-09-29T05:55:47.395+0000][7][safepoint   ] Safepoint "Cleanup", Time since last: 1005077802 ns, Reaching safepoint: 1161453 ns, At safepoint: 129156 ns, Total: 1290609 ns
[2022-09-29T05:55:48.397+0000][7][safepoint   ] Safepoint "Cleanup", Time since last: 1001287700 ns, Reaching safepoint: 511354 ns, At safepoint: 185083 ns, Total: 696437 ns
[2022-09-29T05:55:49.532+0000][7][safepoint   ] Safepoint "Cleanup", Time since last: 1134572510 ns, Reaching safepoint: 294509 ns, At safepoint: 24036 ns, Total: 318545 ns
[2022-09-29T05:55:51.534+0000][7][safepoint   ] Safepoint "Cleanup", Time since last: 2001106622 ns, Reaching safepoint: 283463 ns, At safepoint: 31410 ns, Total: 314873 ns
[2022-09-29T05:55:53.535+0000][7][safepoint   ] Safepoint "Cleanup", Time since last: 2000906730 ns, Reaching safepoint: 253292 ns, At safepoint: 33885 ns, Total: 287177 ns
[2022-09-29T05:55:55.536+0000][7][safepoint   ] Safepoint "Cleanup", Time since last: 2000947484 ns, Reaching safepoint: 227101 ns, At safepoint: 24436 ns, Total: 251537 ns
[2022-09-29T05:55:59.537+0000][7][safepoint   ] Safepoint "Cleanup", Time since last: 4000915420 ns, Reaching safepoint: 261045 ns, At safepoint: 33364 ns, Total: 294409 ns
[2022-09-29T05:56:09.540+0000][7][safepoint   ] Safepoint "Cleanup", Time since last: 10002140760 ns, Reaching safepoint: 240498 ns, At safepoint: 35438 ns, Total: 275936 ns
[2022-09-29T05:56:12.541+0000][7][safepoint   ] Safepoint "Cleanup", Time since last: 3000923239 ns, Reaching safepoint: 291212 ns, At safepoint: 35568 ns, Total: 326780 ns
[2022-09-29T05:56:15.542+0000][7][safepoint   ] Safepoint "Cleanup", Time since last: 3001115811 ns, Reaching safepoint: 235431 ns, At safepoint: 27433 ns, Total: 262864 ns
[2022-09-29T05:56:16.543+0000][7][safepoint   ] Safepoint "Cleanup", Time since last: 1000600620 ns, Reaching safepoint: 398810 ns, At safepoint: 27432 ns, Total: 426242 ns
[2022-09-29T05:56:17.544+0000][7][safepoint   ] Safepoint "Cleanup", Time since last: 1000533082 ns, Reaching safepoint: 343394 ns, At safepoint: 36460 ns, Total: 379854 ns
[2022-09-29T05:56:18.545+0000][7][safepoint   ] Safepoint "Cleanup", Time since last: 1000277384 ns, Reaching safepoint: 194150 ns, At safepoint: 4248 ns, Total: 198398 ns
[2022-09-29T05:56:19.546+0000][7][safepoint   ] Safepoint "Cleanup", Time since last: 1001208579 ns, Reaching safepoint: 451711 ns, At safepoint: 76203 ns, Total: 527914 ns
[2022-09-29T05:56:24.548+0000][7][safepoint   ] Safepoint "Cleanup", Time since last: 5001283537 ns, Reaching safepoint: 243925 ns, At safepoint: 7243 ns, Total: 251168 ns
[2022-09-29T05:56:29.550+0000][7][safepoint   ] Safepoint "Cleanup", Time since last: 5001396694 ns, Reaching safepoint: 347993 ns, At safepoint: 9368 ns, Total: 357361 ns
[2022-09-29T05:56:37.552+0000][7][safepoint   ] Safepoint "Cleanup", Time since last: 8001713897 ns, Reaching safepoint: 223827 ns, At safepoint: 36619 ns, Total: 260446 ns
[2022-09-29T05:56:39.553+0000][7][safepoint   ] Safepoint "Cleanup", Time since last: 2000826289 ns, Reaching safepoint: 210909 ns, At safepoint: 22113 ns, Total: 233022 ns
[2022-09-29T05:56:40.554+0000][7][safepoint   ] Safepoint "Cleanup", Time since last: 1000491161 ns, Reaching safepoint: 270809 ns, At safepoint: 30578 ns, Total: 301387 ns
[2022-09-29T05:56:42.555+0000][7][safepoint   ] Safepoint "Cleanup", Time since last: 2001059248 ns, Reaching safepoint: 355617 ns, At safepoint: 53913 ns, Total: 409530 ns
[2022-09-29T05:56:47.557+0000][7][safepoint   ] Safepoint "Cleanup", Time since last: 5001287946 ns, Reaching safepoint: 372147 ns, At safepoint: 36009 ns, Total: 408156 ns
[2022-09-29T05:56:48.558+0000][7][safepoint   ] Safepoint "Cleanup", Time since last: 1000742162 ns, Reaching safepoint: 322284 ns, At safepoint: 37030 ns, Total: 359314 ns
[2022-09-29T05:56:49.558+0000][7][safepoint   ] Safepoint "Cleanup", Time since last: 1000431338 ns, Reaching safepoint: 168140 ns, At safepoint: 4138 ns, Total: 172278 ns
[2022-09-29T05:56:53.561+0000][7][safepoint   ] Safepoint "Cleanup", Time since last: 4002093984 ns, Reaching safepoint: 325728 ns, At safepoint: 21501 ns, Total: 347229 ns
[2022-09-29T05:56:57.562+0000][7][safepoint   ] Safepoint "Cleanup", Time since last: 4001029738 ns, Reaching safepoint: 224788 ns, At safepoint: 24587 ns, Total: 249375 ns
[2022-09-29T05:57:06.564+0000][7][safepoint   ] Safepoint "Cleanup", Time since last: 9001821543 ns, Reaching safepoint: 287165 ns, At safepoint: 31631 ns, Total: 318796 ns
[2022-09-29T05:57:12.566+0000][7][safepoint   ] Safepoint "Cleanup", Time since last: 6001524632 ns, Reaching safepoint: 204710 ns, At safepoint: 20038 ns, Total: 224748 ns
[2022-09-29T05:57:18.568+0000][7][safepoint   ] Safepoint "Cleanup", Time since last: 6001375697 ns, Reaching safepoint: 286523 ns, At safepoint: 25759 ns, Total: 312282 ns
[2022-09-29T05:57:31.571+0000][7][safepoint   ] Safepoint "Cleanup", Time since last: 13002749497 ns, Reaching safepoint: 486948 ns, At safepoint: 68641 ns, Total: 555589 ns
[2022-09-29T05:57:32.572+0000][7][safepoint   ] Safepoint "Cleanup", Time since last: 1000977001 ns, Reaching safepoint: 288344 ns, At safepoint: 33504 ns, Total: 321848 ns
[2022-09-29T05:57:33.573+0000][7][safepoint   ] Safepoint "Cleanup", Time since last: 1000659154 ns, Reaching safepoint: 178129 ns, At safepoint: 21652 ns, Total: 199781 ns
[2022-09-29T05:57:40.575+0000][7][safepoint   ] Safepoint "Cleanup", Time since last: 7001482513 ns, Reaching safepoint: 292327 ns, At safepoint: 39996 ns, Total: 332323 ns
[2022-09-29T05:57:42.576+0000][7][safepoint   ] Safepoint "Cleanup", Time since last: 2000761445 ns, Reaching safepoint: 366398 ns, At safepoint: 74041 ns, Total: 440439 ns
[2022-09-29T05:57:47.578+0000][7][safepoint   ] Safepoint "Cleanup", Time since last: 5001463401 ns, Reaching safepoint: 293436 ns, At safepoint: 29146 ns, Total: 322582 ns
[2022-09-29T05:57:53.580+0000][7][safepoint   ] Safepoint "Cleanup", Time since last: 6001508890 ns, Reaching safepoint: 430651 ns, At safepoint: 72778 ns, Total: 503429 ns
[2022-09-29T05:57:54.582+0000][7][safepoint   ] Safepoint "Cleanup", Time since last: 1000975134 ns, Reaching safepoint: 526111 ns, At safepoint: 75163 ns, Total: 601274 ns
[2022-09-29T05:58:18.586+0000][7][safepoint   ] Safepoint "Cleanup", Time since last: 24004677673 ns, Reaching safepoint: 187066 ns, At safepoint: 25469 ns, Total: 212535 ns
[2022-09-29T05:58:24.588+0000][7][safepoint   ] Safepoint "Cleanup", Time since last: 6001283272 ns, Reaching safepoint: 398249 ns, At safepoint: 58912 ns, Total: 457161 ns
[2022-09-29T05:58:48.594+0000][7][safepoint   ] Safepoint "Cleanup", Time since last: 24005143909 ns, Reaching safepoint: 212515 ns, At safepoint: 25238 ns, Total: 237753 ns
[2022-09-29T05:58:57.596+0000][7][safepoint   ] Safepoint "Cleanup", Time since last: 9001882555 ns, Reaching safepoint: 190393 ns, At safepoint: 26059 ns, Total: 216452 ns
[2022-09-29T05:58:58.596+0000][7][safepoint   ] Safepoint "Cleanup", Time since last: 1000470540 ns, Reaching safepoint: 214799 ns, At safepoint: 18636 ns, Total: 233435 ns
[2022-09-29T05:59:48.607+0000][7][safepoint   ] Safepoint "Cleanup", Time since last: 50010287053 ns, Reaching safepoint: 329788 ns, At safepoint: 26070 ns, Total: 355858 ns
[2022-09-29T06:00:05.611+0000][7][safepoint   ] Safepoint "Cleanup", Time since last: 17003485388 ns, Reaching safepoint: 408879 ns, At safepoint: 44194 ns, Total: 453073 ns
[2022-09-29T06:00:27.029+0000][7][safepoint   ] Safepoint "Cleanup", Time since last: 21417319844 ns, Reaching safepoint: 243872 ns, At safepoint: 25679 ns, Total: 269551 ns
[2022-09-29T06:00:36.030+0000][7][safepoint   ] Safepoint "Cleanup", Time since last: 9001495750 ns, Reaching safepoint: 296656 ns, At safepoint: 40366 ns, Total: 337022 ns
[2022-09-29T06:00:40.032+0000][7][safepoint   ] Safepoint "Cleanup", Time since last: 4001738176 ns, Reaching safepoint: 357483 ns, At safepoint: 47100 ns, Total: 404583 ns
[2022-09-29T06:00:45.034+0000][7][safepoint   ] Safepoint "Cleanup", Time since last: 5001285116 ns, Reaching safepoint: 490094 ns, At safepoint: 68270 ns, Total: 558364 ns
[2022-09-29T06:01:07.040+0000][7][safepoint   ] Safepoint "Cleanup", Time since last: 22005456104 ns, Reaching safepoint: 406004 ns, At safepoint: 41139 ns, Total: 447143 ns
[2022-09-29T06:01:14.168+0000][7][safepoint   ] Safepoint "Cleanup", Time since last: 7127088752 ns, Reaching safepoint: 268020 ns, At safepoint: 48192 ns, Total: 316212 ns
[2022-09-29T06:01:15.169+0000][7][safepoint   ] Safepoint "Cleanup", Time since last: 1000978693 ns, Reaching safepoint: 315761 ns, At safepoint: 53290 ns, Total: 369051 ns
[2022-09-29T06:01:19.170+0000][7][safepoint   ] Safepoint "Cleanup", Time since last: 4001034767 ns, Reaching safepoint: 233322 ns, At safepoint: 23435 ns, Total: 256757 ns
[2022-09-29T06:01:27.172+0000][7][safepoint   ] Safepoint "Cleanup", Time since last: 8001580380 ns, Reaching safepoint: 190543 ns, At safepoint: 21732 ns, Total: 212275 ns
[2022-09-29T06:02:13.182+0000][7][safepoint   ] Safepoint "Cleanup", Time since last: 46009112942 ns, Reaching safepoint: 411795 ns, At safepoint: 60826 ns, Total: 472621 ns
[2022-09-29T06:02:38.188+0000][7][safepoint   ] Safepoint "Cleanup", Time since last: 25006342591 ns, Reaching safepoint: 378551 ns, At safepoint: 49865 ns, Total: 428416 ns
[2022-09-29T06:02:49.192+0000][7][safepoint   ] Safepoint "Cleanup", Time since last: 11002998839 ns, Reaching safepoint: 237352 ns, At safepoint: 4539 ns, Total: 241891 ns
[2022-09-29T06:02:55.194+0000][7][safepoint   ] Safepoint "Cleanup", Time since last: 6001748907 ns, Reaching safepoint: 276437 ns, At safepoint: 24256 ns, Total: 300693 ns
[2022-09-29T06:03:06.862+0000][7][gc,heap,exit] Heap
[2022-09-29T06:03:06.862+0000][7][gc,heap,exit]  garbage-first heap   total 262144K, used 170683K [0x00000000f0000000, 0x0000000100000000)
[2022-09-29T06:03:06.863+0000][7][gc,heap,exit]   region size 4096K, 29 young (118784K), 5 survivors (20480K)
[2022-09-29T06:03:06.863+0000][7][gc,heap,exit]  Metaspace       used 87209K, capacity 90635K, committed 91824K, reserved 1128448K
[2022-09-29T06:03:06.863+0000][7][gc,heap,exit]   class space    used 11729K, capacity 12782K, committed 12800K, reserved 1048576K
