[2022-09-29T06:03:10.952+0000][7][gc] Using G1
[2022-09-29T06:03:11.084+0000][7][gc,init] Version: 15.0.1+9 (release)
[2022-09-29T06:03:11.085+0000][7][gc,init] CPUs: 16 total, 16 available
[2022-09-29T06:03:11.085+0000][7][gc,init] Memory: 7629M
[2022-09-29T06:03:11.086+0000][7][gc,init] Large Page Support: Disabled
[2022-09-29T06:03:11.086+0000][7][gc,init] NUMA Support: Disabled
[2022-09-29T06:03:11.087+0000][7][gc,init] Compressed Oops: Enabled (32-bit)
[2022-09-29T06:03:11.087+0000][7][gc,init] Heap Region Size: 4M
[2022-09-29T06:03:11.088+0000][7][gc,init] Heap Min Capacity: 256M
[2022-09-29T06:03:11.088+0000][7][gc,init] Heap Initial Capacity: 256M
[2022-09-29T06:03:11.089+0000][7][gc,init] Heap Max Capacity: 256M
[2022-09-29T06:03:11.089+0000][7][gc,init] Pre-touch: Enabled
[2022-09-29T06:03:11.090+0000][7][gc,init] Parallel Workers: 13
[2022-09-29T06:03:11.090+0000][7][gc,init] Concurrent Workers: 3
[2022-09-29T06:03:11.091+0000][7][gc,init] Concurrent Refinement Workers: 13
[2022-09-29T06:03:11.091+0000][7][gc,init] Periodic GC: Disabled
[2022-09-29T06:03:11.092+0000][7][gc,cds ] Mark closed archive regions in map: [0x00000000ffc00000, 0x00000000ffc7bff8]
[2022-09-29T06:03:11.092+0000][7][gc,cds ] Mark open archive regions in map: [0x00000000ffb00000, 0x00000000ffb51ff8]
[2022-09-29T06:03:11.093+0000][7][gc,metaspace] CDS archive(s) mapped at: [0x0000000800000000-0x0000000800b2a000-0x0000000800b2a000), size 11706368, SharedBaseAddress: 0x0000000800000000, ArchiveRelocationMode: 0.
[2022-09-29T06:03:11.093+0000][7][gc,metaspace] Compressed class space mapped at: 0x0000000800b2c000-0x0000000840b2c000, size: 1073741824
[2022-09-29T06:03:11.093+0000][7][gc,metaspace] Narrow klass base: 0x0000000800000000, Narrow klass shift: 3, Narrow klass range: 0x100000000
[2022-09-29T06:03:11.769+0000][7][safepoint   ] Safepoint "ICBufferFull", Time since last: 667686888 ns, Reaching safepoint: 485596 ns, At safepoint: 151989 ns, Total: 637585 ns
[2022-09-29T06:03:11.889+0000][7][gc,start    ] GC(0) Pause Young (Normal) (G1 Evacuation Pause)
[2022-09-29T06:03:11.891+0000][7][gc,task     ] GC(0) Using 6 workers of 13 for evacuation
[2022-09-29T06:03:11.892+0000][7][gc,age      ] GC(0) Desired survivor size 2097152 bytes, new threshold 15 (max threshold 15)
[2022-09-29T06:03:11.895+0000][7][gc,age      ] GC(0) Age table with threshold 15 (max threshold 15)
[2022-09-29T06:03:11.896+0000][7][gc,age      ] GC(0) - age   1:    3610064 bytes,    3610064 total
[2022-09-29T06:03:11.896+0000][7][gc,phases   ] GC(0)   Pre Evacuate Collection Set: 0.2ms
[2022-09-29T06:03:11.897+0000][7][gc,phases   ] GC(0)   Merge Heap Roots: 0.2ms
[2022-09-29T06:03:11.897+0000][7][gc,phases   ] GC(0)   Evacuate Collection Set: 1.8ms
[2022-09-29T06:03:11.897+0000][7][gc,phases   ] GC(0)   Post Evacuate Collection Set: 1.0ms
[2022-09-29T06:03:11.898+0000][7][gc,phases   ] GC(0)   Other: 3.9ms
[2022-09-29T06:03:11.898+0000][7][gc,heap     ] GC(0) Eden regions: 5->0(5)
[2022-09-29T06:03:11.898+0000][7][gc,heap     ] GC(0) Survivor regions: 0->1(1)
[2022-09-29T06:03:11.899+0000][7][gc,heap     ] GC(0) Old regions: 0->0
[2022-09-29T06:03:11.899+0000][7][gc,heap     ] GC(0) Archive regions: 2->2
[2022-09-29T06:03:11.899+0000][7][gc,heap     ] GC(0) Humongous regions: 0->0
[2022-09-29T06:03:11.899+0000][7][gc,metaspace] GC(0) Metaspace: 6359K(8576K)->6359K(8576K) NonClass: 5678K(7680K)->5678K(7680K) Class: 680K(896K)->680K(896K)
[2022-09-29T06:03:11.900+0000][7][gc          ] GC(0) Pause Young (Normal) (G1 Evacuation Pause) 23M->7M(256M) 10.531ms
[2022-09-29T06:03:11.900+0000][7][gc,cpu      ] GC(0) User=0.01s Sys=0.01s Real=0.02s
[2022-09-29T06:03:11.900+0000][7][safepoint   ] Safepoint "G1CollectForAllocation", Time since last: 119673020 ns, Reaching safepoint: 290954 ns, At safepoint: 11228279 ns, Total: 11519233 ns
[2022-09-29T06:03:12.897+0000][7][safepoint   ] Safepoint "ICBufferFull", Time since last: 995890182 ns, Reaching safepoint: 256789 ns, At safepoint: 56017 ns, Total: 312806 ns
[2022-09-29T06:03:13.092+0000][7][gc,start    ] GC(1) Pause Young (Normal) (G1 Evacuation Pause)
[2022-09-29T06:03:13.092+0000][7][gc,task     ] GC(1) Using 6 workers of 13 for evacuation
[2022-09-29T06:03:13.093+0000][7][gc,age      ] GC(1) Desired survivor size 2097152 bytes, new threshold 1 (max threshold 15)
[2022-09-29T06:03:13.099+0000][7][gc,age      ] GC(1) Age table with threshold 1 (max threshold 15)
[2022-09-29T06:03:13.100+0000][7][gc,age      ] GC(1) - age   1:    1968128 bytes,    1968128 total
[2022-09-29T06:03:13.100+0000][7][gc,phases   ] GC(1)   Pre Evacuate Collection Set: 0.2ms
[2022-09-29T06:03:13.101+0000][7][gc,phases   ] GC(1)   Merge Heap Roots: 0.1ms
[2022-09-29T06:03:13.101+0000][7][gc,phases   ] GC(1)   Evacuate Collection Set: 4.0ms
[2022-09-29T06:03:13.102+0000][7][gc,phases   ] GC(1)   Post Evacuate Collection Set: 1.2ms
[2022-09-29T06:03:13.103+0000][7][gc,phases   ] GC(1)   Other: 2.6ms
[2022-09-29T06:03:13.103+0000][7][gc,heap     ] GC(1) Eden regions: 5->0(11)
[2022-09-29T06:03:13.104+0000][7][gc,heap     ] GC(1) Survivor regions: 1->1(1)
[2022-09-29T06:03:13.104+0000][7][gc,heap     ] GC(1) Old regions: 0->1
[2022-09-29T06:03:13.105+0000][7][gc,heap     ] GC(1) Archive regions: 2->2
[2022-09-29T06:03:13.105+0000][7][gc,heap     ] GC(1) Humongous regions: 0->0
[2022-09-29T06:03:13.106+0000][7][gc,metaspace] GC(1) Metaspace: 11935K(12288K)->11935K(12288K) NonClass: 10519K(10752K)->10519K(10752K) Class: 1415K(1536K)->1415K(1536K)
[2022-09-29T06:03:13.106+0000][7][gc          ] GC(1) Pause Young (Normal) (G1 Evacuation Pause) 27M->9M(256M) 14.025ms
[2022-09-29T06:03:13.107+0000][7][gc,cpu      ] GC(1) User=0.04s Sys=0.01s Real=0.01s
[2022-09-29T06:03:13.107+0000][7][safepoint   ] Safepoint "G1CollectForAllocation", Time since last: 195133109 ns, Reaching safepoint: 222123 ns, At safepoint: 15209822 ns, Total: 15431945 ns
[2022-09-29T06:03:13.835+0000][7][safepoint   ] Safepoint "ICBufferFull", Time since last: 727569230 ns, Reaching safepoint: 301435 ns, At safepoint: 59393 ns, Total: 360828 ns
[2022-09-29T06:03:14.040+0000][7][gc,start    ] GC(2) Pause Young (Normal) (G1 Evacuation Pause)
[2022-09-29T06:03:14.041+0000][7][gc,task     ] GC(2) Using 6 workers of 13 for evacuation
[2022-09-29T06:03:14.041+0000][7][gc,age      ] GC(2) Desired survivor size 4194304 bytes, new threshold 15 (max threshold 15)
[2022-09-29T06:03:14.048+0000][7][gc,age      ] GC(2) Age table with threshold 15 (max threshold 15)
[2022-09-29T06:03:14.049+0000][7][gc,age      ] GC(2) - age   1:    1829360 bytes,    1829360 total
[2022-09-29T06:03:14.049+0000][7][gc,age      ] GC(2) - age   2:    1872576 bytes,    3701936 total
[2022-09-29T06:03:14.050+0000][7][gc,phases   ] GC(2)   Pre Evacuate Collection Set: 0.3ms
[2022-09-29T06:03:14.050+0000][7][gc,phases   ] GC(2)   Merge Heap Roots: 0.2ms
[2022-09-29T06:03:14.051+0000][7][gc,phases   ] GC(2)   Evacuate Collection Set: 4.5ms
[2022-09-29T06:03:14.051+0000][7][gc,phases   ] GC(2)   Post Evacuate Collection Set: 1.9ms
[2022-09-29T06:03:14.051+0000][7][gc,phases   ] GC(2)   Other: 3.0ms
[2022-09-29T06:03:14.052+0000][7][gc,heap     ] GC(2) Eden regions: 11->0(36)
[2022-09-29T06:03:14.052+0000][7][gc,heap     ] GC(2) Survivor regions: 1->1(2)
[2022-09-29T06:03:14.053+0000][7][gc,heap     ] GC(2) Old regions: 1->1
[2022-09-29T06:03:14.053+0000][7][gc,heap     ] GC(2) Archive regions: 2->2
[2022-09-29T06:03:14.053+0000][7][gc,heap     ] GC(2) Humongous regions: 0->0
[2022-09-29T06:03:14.054+0000][7][gc,metaspace] GC(2) Metaspace: 14807K(15360K)->14807K(15360K) NonClass: 13123K(13568K)->13123K(13568K) Class: 1684K(1792K)->1684K(1792K)
[2022-09-29T06:03:14.054+0000][7][gc          ] GC(2) Pause Young (Normal) (G1 Evacuation Pause) 53M->10M(256M) 14.066ms
[2022-09-29T06:03:14.055+0000][7][gc,cpu      ] GC(2) User=0.05s Sys=0.00s Real=0.01s
[2022-09-29T06:03:14.055+0000][7][safepoint   ] Safepoint "G1CollectForAllocation", Time since last: 204670787 ns, Reaching safepoint: 242369 ns, At safepoint: 15260809 ns, Total: 15503178 ns
[2022-09-29T06:03:14.806+0000][7][safepoint   ] Safepoint "ICBufferFull", Time since last: 750133588 ns, Reaching safepoint: 588221 ns, At safepoint: 42051 ns, Total: 630272 ns
[2022-09-29T06:03:14.823+0000][7][safepoint   ] Safepoint "ICBufferFull", Time since last: 16684383 ns, Reaching safepoint: 249536 ns, At safepoint: 76706 ns, Total: 326242 ns
[2022-09-29T06:03:14.837+0000][7][safepoint   ] Safepoint "ICBufferFull", Time since last: 14151377 ns, Reaching safepoint: 292037 ns, At safepoint: 67779 ns, Total: 359816 ns
[2022-09-29T06:03:14.849+0000][7][safepoint   ] Safepoint "ICBufferFull", Time since last: 10687326 ns, Reaching safepoint: 307766 ns, At safepoint: 97466 ns, Total: 405232 ns
[2022-09-29T06:03:14.865+0000][7][safepoint   ] Safepoint "ICBufferFull", Time since last: 15974411 ns, Reaching safepoint: 265706 ns, At safepoint: 105040 ns, Total: 370746 ns
[2022-09-29T06:03:14.877+0000][7][safepoint   ] Safepoint "ICBufferFull", Time since last: 11986402 ns, Reaching safepoint: 308016 ns, At safepoint: 48072 ns, Total: 356088 ns
[2022-09-29T06:03:14.888+0000][7][safepoint   ] Safepoint "ICBufferFull", Time since last: 10000537 ns, Reaching safepoint: 439317 ns, At safepoint: 74342 ns, Total: 513659 ns
[2022-09-29T06:03:14.898+0000][7][safepoint   ] Safepoint "ICBufferFull", Time since last: 10265021 ns, Reaching safepoint: 263322 ns, At safepoint: 43783 ns, Total: 307105 ns
[2022-09-29T06:03:14.908+0000][7][safepoint   ] Safepoint "ICBufferFull", Time since last: 9088299 ns, Reaching safepoint: 335900 ns, At safepoint: 41730 ns, Total: 377630 ns
[2022-09-29T06:03:14.918+0000][7][safepoint   ] Safepoint "ICBufferFull", Time since last: 10074989 ns, Reaching safepoint: 285373 ns, At safepoint: 69623 ns, Total: 354996 ns
[2022-09-29T06:03:14.932+0000][7][safepoint   ] Safepoint "ICBufferFull", Time since last: 13729022 ns, Reaching safepoint: 338325 ns, At safepoint: 56057 ns, Total: 394382 ns
[2022-09-29T06:03:14.943+0000][7][safepoint   ] Safepoint "ICBufferFull", Time since last: 10768420 ns, Reaching safepoint: 300553 ns, At safepoint: 66256 ns, Total: 366809 ns
[2022-09-29T06:03:14.956+0000][7][safepoint   ] Safepoint "ICBufferFull", Time since last: 12173979 ns, Reaching safepoint: 428907 ns, At safepoint: 46048 ns, Total: 474955 ns
[2022-09-29T06:03:14.973+0000][7][safepoint   ] Safepoint "ICBufferFull", Time since last: 16318667 ns, Reaching safepoint: 257170 ns, At safepoint: 40547 ns, Total: 297717 ns
[2022-09-29T06:03:14.986+0000][7][safepoint   ] Safepoint "ICBufferFull", Time since last: 12567519 ns, Reaching safepoint: 316313 ns, At safepoint: 103637 ns, Total: 419950 ns
[2022-09-29T06:03:15.701+0000][7][gc,start    ] GC(3) Pause Young (Normal) (G1 Evacuation Pause)
[2022-09-29T06:03:15.701+0000][7][gc,task     ] GC(3) Using 6 workers of 13 for evacuation
[2022-09-29T06:03:15.702+0000][7][gc,age      ] GC(3) Desired survivor size 10485760 bytes, new threshold 15 (max threshold 15)
[2022-09-29T06:03:15.709+0000][7][gc,age      ] GC(3) Age table with threshold 15 (max threshold 15)
[2022-09-29T06:03:15.709+0000][7][gc,age      ] GC(3) - age   1:    3612104 bytes,    3612104 total
[2022-09-29T06:03:15.710+0000][7][gc,age      ] GC(3) - age   2:    1771272 bytes,    5383376 total
[2022-09-29T06:03:15.710+0000][7][gc,age      ] GC(3) - age   3:    1857352 bytes,    7240728 total
[2022-09-29T06:03:15.710+0000][7][gc,phases   ] GC(3)   Pre Evacuate Collection Set: 0.2ms
[2022-09-29T06:03:15.711+0000][7][gc,phases   ] GC(3)   Merge Heap Roots: 0.3ms
[2022-09-29T06:03:15.711+0000][7][gc,phases   ] GC(3)   Evacuate Collection Set: 4.6ms
[2022-09-29T06:03:15.711+0000][7][gc,phases   ] GC(3)   Post Evacuate Collection Set: 1.3ms
[2022-09-29T06:03:15.712+0000][7][gc,phases   ] GC(3)   Other: 3.2ms
[2022-09-29T06:03:15.712+0000][7][gc,heap     ] GC(3) Eden regions: 36->0(36)
[2022-09-29T06:03:15.712+0000][7][gc,heap     ] GC(3) Survivor regions: 1->2(5)
[2022-09-29T06:03:15.712+0000][7][gc,heap     ] GC(3) Old regions: 1->1
[2022-09-29T06:03:15.713+0000][7][gc,heap     ] GC(3) Archive regions: 2->2
[2022-09-29T06:03:15.713+0000][7][gc,heap     ] GC(3) Humongous regions: 0->0
[2022-09-29T06:03:15.713+0000][7][gc,metaspace] GC(3) Metaspace: 18130K(18688K)->18130K(18688K) NonClass: 16001K(16384K)->16001K(16384K) Class: 2128K(2304K)->2128K(2304K)
[2022-09-29T06:03:15.714+0000][7][gc          ] GC(3) Pause Young (Normal) (G1 Evacuation Pause) 154M->14M(256M) 12.989ms
[2022-09-29T06:03:15.714+0000][7][gc,cpu      ] GC(3) User=0.03s Sys=0.02s Real=0.01s
[2022-09-29T06:03:15.715+0000][7][safepoint   ] Safepoint "G1CollectForAllocation", Time since last: 714602491 ns, Reaching safepoint: 424699 ns, At safepoint: 13909847 ns, Total: 14334546 ns
[2022-09-29T06:03:16.083+0000][7][gc,start    ] GC(4) Pause Young (Normal) (G1 Evacuation Pause)
[2022-09-29T06:03:16.083+0000][7][gc,task     ] GC(4) Using 6 workers of 13 for evacuation
[2022-09-29T06:03:16.084+0000][7][gc,age      ] GC(4) Desired survivor size 10485760 bytes, new threshold 15 (max threshold 15)
[2022-09-29T06:03:16.091+0000][7][gc,age      ] GC(4) Age table with threshold 15 (max threshold 15)
[2022-09-29T06:03:16.092+0000][7][gc,age      ] GC(4) - age   1:    2415872 bytes,    2415872 total
[2022-09-29T06:03:16.093+0000][7][gc,age      ] GC(4) - age   2:    2979704 bytes,    5395576 total
[2022-09-29T06:03:16.093+0000][7][gc,age      ] GC(4) - age   3:    1771272 bytes,    7166848 total
[2022-09-29T06:03:16.094+0000][7][gc,age      ] GC(4) - age   4:    1857352 bytes,    9024200 total
[2022-09-29T06:03:16.094+0000][7][gc,phases   ] GC(4)   Pre Evacuate Collection Set: 0.3ms
[2022-09-29T06:03:16.095+0000][7][gc,phases   ] GC(4)   Merge Heap Roots: 0.2ms
[2022-09-29T06:03:16.095+0000][7][gc,phases   ] GC(4)   Evacuate Collection Set: 5.3ms
[2022-09-29T06:03:16.095+0000][7][gc,phases   ] GC(4)   Post Evacuate Collection Set: 1.3ms
[2022-09-29T06:03:16.096+0000][7][gc,phases   ] GC(4)   Other: 4.6ms
[2022-09-29T06:03:16.096+0000][7][gc,heap     ] GC(4) Eden regions: 36->0(35)
[2022-09-29T06:03:16.097+0000][7][gc,heap     ] GC(4) Survivor regions: 2->3(5)
[2022-09-29T06:03:16.097+0000][7][gc,heap     ] GC(4) Old regions: 1->1
[2022-09-29T06:03:16.097+0000][7][gc,heap     ] GC(4) Archive regions: 2->2
[2022-09-29T06:03:16.098+0000][7][gc,heap     ] GC(4) Humongous regions: 0->0
[2022-09-29T06:03:16.098+0000][7][gc,metaspace] GC(4) Metaspace: 18624K(19328K)->18624K(19328K) NonClass: 16432K(16896K)->16432K(16896K) Class: 2192K(2432K)->2192K(2432K)
[2022-09-29T06:03:16.098+0000][7][gc          ] GC(4) Pause Young (Normal) (G1 Evacuation Pause) 158M->16M(256M) 15.687ms
[2022-09-29T06:03:16.099+0000][7][gc,cpu      ] GC(4) User=0.08s Sys=0.00s Real=0.01s
[2022-09-29T06:03:16.099+0000][7][safepoint   ] Safepoint "G1CollectForAllocation", Time since last: 367615352 ns, Reaching safepoint: 255687 ns, At safepoint: 16674693 ns, Total: 16930380 ns
[2022-09-29T06:03:16.391+0000][7][gc,start    ] GC(5) Pause Young (Normal) (G1 Evacuation Pause)
[2022-09-29T06:03:16.392+0000][7][gc,task     ] GC(5) Using 6 workers of 13 for evacuation
[2022-09-29T06:03:16.392+0000][7][gc,age      ] GC(5) Desired survivor size 10485760 bytes, new threshold 15 (max threshold 15)
[2022-09-29T06:03:16.398+0000][7][gc,age      ] GC(5) Age table with threshold 15 (max threshold 15)
[2022-09-29T06:03:16.399+0000][7][gc,age      ] GC(5) - age   1:    1156800 bytes,    1156800 total
[2022-09-29T06:03:16.399+0000][7][gc,age      ] GC(5) - age   2:    1828280 bytes,    2985080 total
[2022-09-29T06:03:16.400+0000][7][gc,age      ] GC(5) - age   3:    2979512 bytes,    5964592 total
[2022-09-29T06:03:16.400+0000][7][gc,age      ] GC(5) - age   4:    1771272 bytes,    7735864 total
[2022-09-29T06:03:16.401+0000][7][gc,age      ] GC(5) - age   5:    1857352 bytes,    9593216 total
[2022-09-29T06:03:16.401+0000][7][gc,phases   ] GC(5)   Pre Evacuate Collection Set: 0.2ms
[2022-09-29T06:03:16.402+0000][7][gc,phases   ] GC(5)   Merge Heap Roots: 0.1ms
[2022-09-29T06:03:16.402+0000][7][gc,phases   ] GC(5)   Evacuate Collection Set: 4.0ms
[2022-09-29T06:03:16.402+0000][7][gc,phases   ] GC(5)   Post Evacuate Collection Set: 1.2ms
[2022-09-29T06:03:16.403+0000][7][gc,phases   ] GC(5)   Other: 4.4ms
[2022-09-29T06:03:16.403+0000][7][gc,heap     ] GC(5) Eden regions: 35->0(35)
[2022-09-29T06:03:16.403+0000][7][gc,heap     ] GC(5) Survivor regions: 3->3(5)
[2022-09-29T06:03:16.404+0000][7][gc,heap     ] GC(5) Old regions: 1->1
[2022-09-29T06:03:16.404+0000][7][gc,heap     ] GC(5) Archive regions: 2->2
[2022-09-29T06:03:16.404+0000][7][gc,heap     ] GC(5) Humongous regions: 0->0
[2022-09-29T06:03:16.405+0000][7][gc,metaspace] GC(5) Metaspace: 18941K(19712K)->18941K(19712K) NonClass: 16685K(17152K)->16685K(17152K) Class: 2256K(2560K)->2256K(2560K)
[2022-09-29T06:03:16.405+0000][7][gc          ] GC(5) Pause Young (Normal) (G1 Evacuation Pause) 156M->16M(256M) 13.854ms
[2022-09-29T06:03:16.405+0000][7][gc,cpu      ] GC(5) User=0.06s Sys=0.01s Real=0.01s
[2022-09-29T06:03:16.406+0000][7][safepoint   ] Safepoint "G1CollectForAllocation", Time since last: 291609776 ns, Reaching safepoint: 239757 ns, At safepoint: 14666246 ns, Total: 14906003 ns
[2022-09-29T06:03:16.676+0000][7][gc,start    ] GC(6) Pause Young (Normal) (G1 Evacuation Pause)
[2022-09-29T06:03:16.677+0000][7][gc,task     ] GC(6) Using 6 workers of 13 for evacuation
[2022-09-29T06:03:16.677+0000][7][gc,age      ] GC(6) Desired survivor size 10485760 bytes, new threshold 15 (max threshold 15)
[2022-09-29T06:03:16.683+0000][7][gc,age      ] GC(6) Age table with threshold 15 (max threshold 15)
[2022-09-29T06:03:16.684+0000][7][gc,age      ] GC(6) - age   1:    1756784 bytes,    1756784 total
[2022-09-29T06:03:16.684+0000][7][gc,age      ] GC(6) - age   2:    1059440 bytes,    2816224 total
[2022-09-29T06:03:16.684+0000][7][gc,age      ] GC(6) - age   3:    1828280 bytes,    4644504 total
[2022-09-29T06:03:16.685+0000][7][gc,age      ] GC(6) - age   4:    2978600 bytes,    7623104 total
[2022-09-29T06:03:16.685+0000][7][gc,age      ] GC(6) - age   5:    1771272 bytes,    9394376 total
[2022-09-29T06:03:16.685+0000][7][gc,age      ] GC(6) - age   6:    1857352 bytes,   11251728 total
[2022-09-29T06:03:16.686+0000][7][gc,phases   ] GC(6)   Pre Evacuate Collection Set: 0.2ms
[2022-09-29T06:03:16.686+0000][7][gc,phases   ] GC(6)   Merge Heap Roots: 0.2ms
[2022-09-29T06:03:16.686+0000][7][gc,phases   ] GC(6)   Evacuate Collection Set: 4.2ms
[2022-09-29T06:03:16.686+0000][7][gc,phases   ] GC(6)   Post Evacuate Collection Set: 1.2ms
[2022-09-29T06:03:16.687+0000][7][gc,phases   ] GC(6)   Other: 3.7ms
[2022-09-29T06:03:16.687+0000][7][gc,heap     ] GC(6) Eden regions: 35->0(35)
[2022-09-29T06:03:16.687+0000][7][gc,heap     ] GC(6) Survivor regions: 3->3(5)
[2022-09-29T06:03:16.688+0000][7][gc,heap     ] GC(6) Old regions: 1->1
[2022-09-29T06:03:16.688+0000][7][gc,heap     ] GC(6) Archive regions: 2->2
[2022-09-29T06:03:16.688+0000][7][gc,heap     ] GC(6) Humongous regions: 0->0
[2022-09-29T06:03:16.688+0000][7][gc,metaspace] GC(6) Metaspace: 19191K(19968K)->19191K(19968K) NonClass: 16910K(17408K)->16910K(17408K) Class: 2281K(2560K)->2281K(2560K)
[2022-09-29T06:03:16.689+0000][7][gc          ] GC(6) Pause Young (Normal) (G1 Evacuation Pause) 156M->18M(256M) 12.579ms
[2022-09-29T06:03:16.689+0000][7][gc,cpu      ] GC(6) User=0.04s Sys=0.01s Real=0.01s
[2022-09-29T06:03:16.689+0000][7][safepoint   ] Safepoint "G1CollectForAllocation", Time since last: 269982069 ns, Reaching safepoint: 369384 ns, At safepoint: 13242004 ns, Total: 13611388 ns
[2022-09-29T06:03:16.870+0000][7][gc,start    ] GC(7) Pause Young (Normal) (G1 Evacuation Pause)
[2022-09-29T06:03:16.871+0000][7][gc,task     ] GC(7) Using 6 workers of 13 for evacuation
[2022-09-29T06:03:16.871+0000][7][gc,age      ] GC(7) Desired survivor size 10485760 bytes, new threshold 6 (max threshold 15)
[2022-09-29T06:03:16.878+0000][7][gc,age      ] GC(7) Age table with threshold 6 (max threshold 15)
[2022-09-29T06:03:16.879+0000][7][gc,age      ] GC(7) - age   1:     445280 bytes,     445280 total
[2022-09-29T06:03:16.879+0000][7][gc,age      ] GC(7) - age   2:    1376888 bytes,    1822168 total
[2022-09-29T06:03:16.879+0000][7][gc,age      ] GC(7) - age   3:    1059320 bytes,    2881488 total
[2022-09-29T06:03:16.880+0000][7][gc,age      ] GC(7) - age   4:    1828280 bytes,    4709768 total
[2022-09-29T06:03:16.880+0000][7][gc,age      ] GC(7) - age   5:    2978600 bytes,    7688368 total
[2022-09-29T06:03:16.880+0000][7][gc,age      ] GC(7) - age   6:    1771272 bytes,    9459640 total
[2022-09-29T06:03:16.881+0000][7][gc,phases   ] GC(7)   Pre Evacuate Collection Set: 0.2ms
[2022-09-29T06:03:16.881+0000][7][gc,phases   ] GC(7)   Merge Heap Roots: 0.2ms
[2022-09-29T06:03:16.881+0000][7][gc,phases   ] GC(7)   Evacuate Collection Set: 5.3ms
[2022-09-29T06:03:16.881+0000][7][gc,phases   ] GC(7)   Post Evacuate Collection Set: 1.1ms
[2022-09-29T06:03:16.882+0000][7][gc,phases   ] GC(7)   Other: 3.5ms
[2022-09-29T06:03:16.882+0000][7][gc,heap     ] GC(7) Eden regions: 35->0(35)
[2022-09-29T06:03:16.882+0000][7][gc,heap     ] GC(7) Survivor regions: 3->3(5)
[2022-09-29T06:03:16.883+0000][7][gc,heap     ] GC(7) Old regions: 1->2
[2022-09-29T06:03:16.883+0000][7][gc,heap     ] GC(7) Archive regions: 2->2
[2022-09-29T06:03:16.883+0000][7][gc,heap     ] GC(7) Humongous regions: 0->0
[2022-09-29T06:03:16.883+0000][7][gc,metaspace] GC(7) Metaspace: 19432K(20480K)->19432K(20480K) NonClass: 17125K(17920K)->17125K(17920K) Class: 2306K(2560K)->2306K(2560K)
[2022-09-29T06:03:16.883+0000][7][gc          ] GC(7) Pause Young (Normal) (G1 Evacuation Pause) 158M->18M(256M) 13.117ms
[2022-09-29T06:03:16.884+0000][7][gc,cpu      ] GC(7) User=0.05s Sys=0.01s Real=0.01s
[2022-09-29T06:03:16.884+0000][7][safepoint   ] Safepoint "G1CollectForAllocation", Time since last: 180571528 ns, Reaching safepoint: 254265 ns, At safepoint: 13978888 ns, Total: 14233153 ns
[2022-09-29T06:03:17.066+0000][7][gc,start    ] GC(8) Pause Young (Normal) (G1 Evacuation Pause)
[2022-09-29T06:03:17.066+0000][7][gc,task     ] GC(8) Using 6 workers of 13 for evacuation
[2022-09-29T06:03:17.067+0000][7][gc,age      ] GC(8) Desired survivor size 10485760 bytes, new threshold 15 (max threshold 15)
[2022-09-29T06:03:17.073+0000][7][gc,age      ] GC(8) Age table with threshold 15 (max threshold 15)
[2022-09-29T06:03:17.073+0000][7][gc,age      ] GC(8) - age   1:     626512 bytes,     626512 total
[2022-09-29T06:03:17.074+0000][7][gc,age      ] GC(8) - age   2:     407120 bytes,    1033632 total
[2022-09-29T06:03:17.074+0000][7][gc,age      ] GC(8) - age   3:    1376544 bytes,    2410176 total
[2022-09-29T06:03:17.075+0000][7][gc,age      ] GC(8) - age   4:    1058856 bytes,    3469032 total
[2022-09-29T06:03:17.075+0000][7][gc,age      ] GC(8) - age   5:    1828248 bytes,    5297280 total
[2022-09-29T06:03:17.076+0000][7][gc,age      ] GC(8) - age   6:    2974648 bytes,    8271928 total
[2022-09-29T06:03:17.076+0000][7][gc,age      ] GC(8) - age   7:    1771272 bytes,   10043200 total
[2022-09-29T06:03:17.077+0000][7][gc,phases   ] GC(8)   Pre Evacuate Collection Set: 0.2ms
[2022-09-29T06:03:17.077+0000][7][gc,phases   ] GC(8)   Merge Heap Roots: 0.2ms
[2022-09-29T06:03:17.078+0000][7][gc,phases   ] GC(8)   Evacuate Collection Set: 3.7ms
[2022-09-29T06:03:17.078+0000][7][gc,phases   ] GC(8)   Post Evacuate Collection Set: 1.2ms
[2022-09-29T06:03:17.079+0000][7][gc,phases   ] GC(8)   Other: 5.7ms
[2022-09-29T06:03:17.079+0000][7][gc,heap     ] GC(8) Eden regions: 35->0(35)
[2022-09-29T06:03:17.080+0000][7][gc,heap     ] GC(8) Survivor regions: 3->3(5)
[2022-09-29T06:03:17.080+0000][7][gc,heap     ] GC(8) Old regions: 2->2
[2022-09-29T06:03:17.080+0000][7][gc,heap     ] GC(8) Archive regions: 2->2
[2022-09-29T06:03:17.081+0000][7][gc,heap     ] GC(8) Humongous regions: 0->0
[2022-09-29T06:03:17.081+0000][7][gc,metaspace] GC(8) Metaspace: 19595K(20736K)->19595K(20736K) NonClass: 17258K(18176K)->17258K(18176K) Class: 2337K(2560K)->2337K(2560K)
[2022-09-29T06:03:17.082+0000][7][gc          ] GC(8) Pause Young (Normal) (G1 Evacuation Pause) 158M->19M(256M) 15.978ms
[2022-09-29T06:03:17.082+0000][7][gc,cpu      ] GC(8) User=0.05s Sys=0.00s Real=0.02s
[2022-09-29T06:03:17.083+0000][7][safepoint   ] Safepoint "G1CollectForAllocation", Time since last: 181439171 ns, Reaching safepoint: 214229 ns, At safepoint: 16981850 ns, Total: 17196079 ns
[2022-09-29T06:03:17.270+0000][7][gc,start    ] GC(9) Pause Young (Normal) (G1 Evacuation Pause)
[2022-09-29T06:03:17.271+0000][7][gc,task     ] GC(9) Using 6 workers of 13 for evacuation
[2022-09-29T06:03:17.272+0000][7][gc,age      ] GC(9) Desired survivor size 10485760 bytes, new threshold 15 (max threshold 15)
[2022-09-29T06:03:17.277+0000][7][gc,age      ] GC(9) Age table with threshold 15 (max threshold 15)
[2022-09-29T06:03:17.277+0000][7][gc,age      ] GC(9) - age   1:    1217424 bytes,    1217424 total
[2022-09-29T06:03:17.278+0000][7][gc,age      ] GC(9) - age   2:     235512 bytes,    1452936 total
[2022-09-29T06:03:17.278+0000][7][gc,age      ] GC(9) - age   3:     407120 bytes,    1860056 total
[2022-09-29T06:03:17.278+0000][7][gc,age      ] GC(9) - age   4:    1376544 bytes,    3236600 total
[2022-09-29T06:03:17.278+0000][7][gc,age      ] GC(9) - age   5:    1058856 bytes,    4295456 total
[2022-09-29T06:03:17.279+0000][7][gc,age      ] GC(9) - age   6:    1828248 bytes,    6123704 total
[2022-09-29T06:03:17.279+0000][7][gc,age      ] GC(9) - age   7:    2974648 bytes,    9098352 total
[2022-09-29T06:03:17.279+0000][7][gc,age      ] GC(9) - age   8:    1771272 bytes,   10869624 total
[2022-09-29T06:03:17.280+0000][7][gc,phases   ] GC(9)   Pre Evacuate Collection Set: 0.2ms
[2022-09-29T06:03:17.280+0000][7][gc,phases   ] GC(9)   Merge Heap Roots: 0.1ms
[2022-09-29T06:03:17.280+0000][7][gc,phases   ] GC(9)   Evacuate Collection Set: 3.4ms
[2022-09-29T06:03:17.281+0000][7][gc,phases   ] GC(9)   Post Evacuate Collection Set: 1.0ms
[2022-09-29T06:03:17.281+0000][7][gc,phases   ] GC(9)   Other: 4.9ms
[2022-09-29T06:03:17.281+0000][7][gc,heap     ] GC(9) Eden regions: 35->0(35)
[2022-09-29T06:03:17.282+0000][7][gc,heap     ] GC(9) Survivor regions: 3->3(5)
[2022-09-29T06:03:17.282+0000][7][gc,heap     ] GC(9) Old regions: 2->2
[2022-09-29T06:03:17.282+0000][7][gc,heap     ] GC(9) Archive regions: 2->2
[2022-09-29T06:03:17.283+0000][7][gc,heap     ] GC(9) Humongous regions: 0->0
[2022-09-29T06:03:17.283+0000][7][gc,metaspace] GC(9) Metaspace: 19771K(20864K)->19771K(20864K) NonClass: 17401K(18176K)->17401K(18176K) Class: 2370K(2688K)->2370K(2688K)
[2022-09-29T06:03:17.283+0000][7][gc          ] GC(9) Pause Young (Normal) (G1 Evacuation Pause) 159M->19M(256M) 13.083ms
[2022-09-29T06:03:17.284+0000][7][gc,cpu      ] GC(9) User=0.03s Sys=0.00s Real=0.01s
[2022-09-29T06:03:17.284+0000][7][safepoint   ] Safepoint "G1CollectForAllocation", Time since last: 186955183 ns, Reaching safepoint: 326262 ns, At safepoint: 13792343 ns, Total: 14118605 ns
[2022-09-29T06:03:17.426+0000][7][gc,start    ] GC(10) Pause Young (Normal) (G1 Evacuation Pause)
[2022-09-29T06:03:17.427+0000][7][gc,task     ] GC(10) Using 6 workers of 13 for evacuation
[2022-09-29T06:03:17.427+0000][7][gc,age      ] GC(10) Desired survivor size 10485760 bytes, new threshold 8 (max threshold 15)
[2022-09-29T06:03:17.434+0000][7][gc,age      ] GC(10) Age table with threshold 8 (max threshold 15)
[2022-09-29T06:03:17.435+0000][7][gc,age      ] GC(10) - age   1:    1718864 bytes,    1718864 total
[2022-09-29T06:03:17.435+0000][7][gc,age      ] GC(10) - age   2:     205376 bytes,    1924240 total
[2022-09-29T06:03:17.436+0000][7][gc,age      ] GC(10) - age   3:     235360 bytes,    2159600 total
[2022-09-29T06:03:17.436+0000][7][gc,age      ] GC(10) - age   4:     407120 bytes,    2566720 total
[2022-09-29T06:03:17.436+0000][7][gc,age      ] GC(10) - age   5:    1376544 bytes,    3943264 total
[2022-09-29T06:03:17.437+0000][7][gc,age      ] GC(10) - age   6:    1058184 bytes,    5001448 total
[2022-09-29T06:03:17.437+0000][7][gc,age      ] GC(10) - age   7:    1827960 bytes,    6829408 total
[2022-09-29T06:03:17.437+0000][7][gc,age      ] GC(10) - age   8:    2974520 bytes,    9803928 total
[2022-09-29T06:03:17.438+0000][7][gc,phases   ] GC(10)   Pre Evacuate Collection Set: 0.2ms
[2022-09-29T06:03:17.438+0000][7][gc,phases   ] GC(10)   Merge Heap Roots: 0.1ms
[2022-09-29T06:03:17.438+0000][7][gc,phases   ] GC(10)   Evacuate Collection Set: 4.9ms
[2022-09-29T06:03:17.438+0000][7][gc,phases   ] GC(10)   Post Evacuate Collection Set: 1.2ms
[2022-09-29T06:03:17.439+0000][7][gc,phases   ] GC(10)   Other: 5.2ms
[2022-09-29T06:03:17.439+0000][7][gc,heap     ] GC(10) Eden regions: 35->0(35)
[2022-09-29T06:03:17.439+0000][7][gc,heap     ] GC(10) Survivor regions: 3->3(5)
[2022-09-29T06:03:17.439+0000][7][gc,heap     ] GC(10) Old regions: 2->2
[2022-09-29T06:03:17.439+0000][7][gc,heap     ] GC(10) Archive regions: 2->2
[2022-09-29T06:03:17.440+0000][7][gc,heap     ] GC(10) Humongous regions: 0->0
[2022-09-29T06:03:17.440+0000][7][gc,metaspace] GC(10) Metaspace: 19822K(20864K)->19822K(20864K) NonClass: 17441K(18176K)->17441K(18176K) Class: 2380K(2688K)->2380K(2688K)
[2022-09-29T06:03:17.440+0000][7][gc          ] GC(10) Pause Young (Normal) (G1 Evacuation Pause) 159M->21M(256M) 13.909ms
[2022-09-29T06:03:17.440+0000][7][gc,cpu      ] GC(10) User=0.04s Sys=0.00s Real=0.02s
[2022-09-29T06:03:17.441+0000][7][safepoint   ] Safepoint "G1CollectForAllocation", Time since last: 141818680 ns, Reaching safepoint: 309099 ns, At safepoint: 14675777 ns, Total: 14984876 ns
[2022-09-29T06:03:17.611+0000][7][gc,start    ] GC(11) Pause Young (Concurrent Start) (Metadata GC Threshold)
[2022-09-29T06:03:17.612+0000][7][gc,task     ] GC(11) Using 6 workers of 13 for evacuation
[2022-09-29T06:03:17.612+0000][7][gc,age      ] GC(11) Desired survivor size 10485760 bytes, new threshold 15 (max threshold 15)
[2022-09-29T06:03:17.618+0000][7][gc,age      ] GC(11) Age table with threshold 15 (max threshold 15)
[2022-09-29T06:03:17.619+0000][7][gc,age      ] GC(11) - age   1:    1559960 bytes,    1559960 total
[2022-09-29T06:03:17.619+0000][7][gc,age      ] GC(11) - age   2:     186248 bytes,    1746208 total
[2022-09-29T06:03:17.620+0000][7][gc,age      ] GC(11) - age   3:     205312 bytes,    1951520 total
[2022-09-29T06:03:17.620+0000][7][gc,age      ] GC(11) - age   4:     235360 bytes,    2186880 total
[2022-09-29T06:03:17.620+0000][7][gc,age      ] GC(11) - age   5:     407120 bytes,    2594000 total
[2022-09-29T06:03:17.621+0000][7][gc,age      ] GC(11) - age   6:    1375504 bytes,    3969504 total
[2022-09-29T06:03:17.621+0000][7][gc,age      ] GC(11) - age   7:    1058184 bytes,    5027688 total
[2022-09-29T06:03:17.622+0000][7][gc,age      ] GC(11) - age   8:    1827960 bytes,    6855648 total
[2022-09-29T06:03:17.622+0000][7][gc,age      ] GC(11) - age   9:    2974400 bytes,    9830048 total
[2022-09-29T06:03:17.623+0000][7][gc,phases   ] GC(11)   Pre Evacuate Collection Set: 0.3ms
[2022-09-29T06:03:17.623+0000][7][gc,phases   ] GC(11)   Merge Heap Roots: 0.2ms
[2022-09-29T06:03:17.623+0000][7][gc,phases   ] GC(11)   Evacuate Collection Set: 3.6ms
[2022-09-29T06:03:17.624+0000][7][gc,phases   ] GC(11)   Post Evacuate Collection Set: 1.2ms
[2022-09-29T06:03:17.624+0000][7][gc,phases   ] GC(11)   Other: 5.9ms
[2022-09-29T06:03:17.624+0000][7][gc,heap     ] GC(11) Eden regions: 28->0(35)
[2022-09-29T06:03:17.624+0000][7][gc,heap     ] GC(11) Survivor regions: 3->3(5)
[2022-09-29T06:03:17.625+0000][7][gc,heap     ] GC(11) Old regions: 2->2
[2022-09-29T06:03:17.625+0000][7][gc,heap     ] GC(11) Archive regions: 2->2
[2022-09-29T06:03:17.625+0000][7][gc,heap     ] GC(11) Humongous regions: 0->0
[2022-09-29T06:03:17.625+0000][7][gc,metaspace] GC(11) Metaspace: 20156K(21296K)->20156K(21296K) NonClass: 17729K(18608K)->17729K(18608K) Class: 2427K(2688K)->2427K(2688K)
[2022-09-29T06:03:17.626+0000][7][gc          ] GC(11) Pause Young (Concurrent Start) (Metadata GC Threshold) 133M->20M(256M) 14.474ms
[2022-09-29T06:03:17.626+0000][7][gc,cpu      ] GC(11) User=0.04s Sys=0.01s Real=0.01s
[2022-09-29T06:03:17.626+0000][7][gc          ] GC(12) Concurrent Cycle
[2022-09-29T06:03:17.626+0000][7][safepoint   ] Safepoint "CollectForMetadataAllocation", Time since last: 170263565 ns, Reaching safepoint: 287758 ns, At safepoint: 15269540 ns, Total: 15557298 ns
[2022-09-29T06:03:17.627+0000][7][gc,marking  ] GC(12) Concurrent Clear Claimed Marks
[2022-09-29T06:03:17.628+0000][7][gc,marking  ] GC(12) Concurrent Clear Claimed Marks 0.989ms
[2022-09-29T06:03:17.628+0000][7][gc,marking  ] GC(12) Concurrent Scan Root Regions
[2022-09-29T06:03:17.631+0000][7][gc,marking  ] GC(12) Concurrent Scan Root Regions 3.043ms
[2022-09-29T06:03:17.632+0000][7][gc,marking  ] GC(12) Concurrent Mark (6.724s)
[2022-09-29T06:03:17.632+0000][7][gc,marking  ] GC(12) Concurrent Mark From Roots
[2022-09-29T06:03:17.633+0000][7][gc,task     ] GC(12) Using 3 workers of 3 for marking
[2022-09-29T06:03:17.639+0000][7][gc,marking  ] GC(12) Concurrent Mark From Roots 6.604ms
[2022-09-29T06:03:17.639+0000][7][gc,marking  ] GC(12) Concurrent Preclean
[2022-09-29T06:03:17.640+0000][7][gc,marking  ] GC(12) Concurrent Preclean 0.541ms
[2022-09-29T06:03:17.640+0000][7][gc,marking  ] GC(12) Concurrent Mark (6.724s, 6.733s) 8.456ms
[2022-09-29T06:03:17.641+0000][7][gc,start    ] GC(12) Pause Remark
[2022-09-29T06:03:17.644+0000][7][gc          ] GC(12) Pause Remark 28M->28M(256M) 3.063ms
[2022-09-29T06:03:17.644+0000][7][gc,cpu      ] GC(12) User=0.01s Sys=0.00s Real=0.00s
[2022-09-29T06:03:17.645+0000][7][safepoint   ] Safepoint "G1Concurrent", Time since last: 14066243 ns, Reaching safepoint: 211072 ns, At safepoint: 3898008 ns, Total: 4109080 ns
[2022-09-29T06:03:17.645+0000][7][gc,marking  ] GC(12) Concurrent Rebuild Remembered Sets
[2022-09-29T06:03:17.649+0000][7][gc,marking  ] GC(12) Concurrent Rebuild Remembered Sets 4.132ms
[2022-09-29T06:03:17.651+0000][7][gc,start    ] GC(12) Pause Cleanup
[2022-09-29T06:03:17.652+0000][7][gc          ] GC(12) Pause Cleanup 32M->32M(256M) 0.757ms
[2022-09-29T06:03:17.652+0000][7][gc,cpu      ] GC(12) User=0.00s Sys=0.00s Real=0.00s
[2022-09-29T06:03:17.653+0000][7][safepoint   ] Safepoint "G1Concurrent", Time since last: 5210019 ns, Reaching safepoint: 1022989 ns, At safepoint: 2037392 ns, Total: 3060381 ns
[2022-09-29T06:03:17.653+0000][7][gc,marking  ] GC(12) Concurrent Cleanup for Next Mark
[2022-09-29T06:03:17.655+0000][7][gc,marking  ] GC(12) Concurrent Cleanup for Next Mark 1.773ms
[2022-09-29T06:03:17.656+0000][7][gc          ] GC(12) Concurrent Cycle 29.505ms
[2022-09-29T06:03:17.828+0000][7][gc,start    ] GC(13) Pause Young (Normal) (G1 Evacuation Pause)
[2022-09-29T06:03:17.828+0000][7][gc,task     ] GC(13) Using 6 workers of 13 for evacuation
[2022-09-29T06:03:17.829+0000][7][gc,age      ] GC(13) Desired survivor size 10485760 bytes, new threshold 15 (max threshold 15)
[2022-09-29T06:03:17.835+0000][7][gc,age      ] GC(13) Age table with threshold 15 (max threshold 15)
[2022-09-29T06:03:17.835+0000][7][gc,age      ] GC(13) - age   1:     583656 bytes,     583656 total
[2022-09-29T06:03:17.836+0000][7][gc,age      ] GC(13) - age   2:    1513544 bytes,    2097200 total
[2022-09-29T06:03:17.836+0000][7][gc,age      ] GC(13) - age   3:     184648 bytes,    2281848 total
[2022-09-29T06:03:17.836+0000][7][gc,age      ] GC(13) - age   4:     205312 bytes,    2487160 total
[2022-09-29T06:03:17.837+0000][7][gc,age      ] GC(13) - age   5:     235296 bytes,    2722456 total
[2022-09-29T06:03:17.837+0000][7][gc,age      ] GC(13) - age   6:     407120 bytes,    3129576 total
[2022-09-29T06:03:17.837+0000][7][gc,age      ] GC(13) - age   7:    1375504 bytes,    4505080 total
[2022-09-29T06:03:17.837+0000][7][gc,age      ] GC(13) - age   8:    1058184 bytes,    5563264 total
[2022-09-29T06:03:17.838+0000][7][gc,age      ] GC(13) - age   9:    1827768 bytes,    7391032 total
[2022-09-29T06:03:17.838+0000][7][gc,age      ] GC(13) - age  10:    2974208 bytes,   10365240 total
[2022-09-29T06:03:17.838+0000][7][gc,phases   ] GC(13)   Pre Evacuate Collection Set: 0.2ms
[2022-09-29T06:03:17.839+0000][7][gc,phases   ] GC(13)   Merge Heap Roots: 0.1ms
[2022-09-29T06:03:17.839+0000][7][gc,phases   ] GC(13)   Evacuate Collection Set: 3.9ms
[2022-09-29T06:03:17.839+0000][7][gc,phases   ] GC(13)   Post Evacuate Collection Set: 1.2ms
[2022-09-29T06:03:17.839+0000][7][gc,phases   ] GC(13)   Other: 4.9ms
[2022-09-29T06:03:17.840+0000][7][gc,heap     ] GC(13) Eden regions: 35->0(35)
[2022-09-29T06:03:17.840+0000][7][gc,heap     ] GC(13) Survivor regions: 3->3(5)
[2022-09-29T06:03:17.840+0000][7][gc,heap     ] GC(13) Old regions: 2->2
[2022-09-29T06:03:17.840+0000][7][gc,heap     ] GC(13) Archive regions: 2->2
[2022-09-29T06:03:17.841+0000][7][gc,heap     ] GC(13) Humongous regions: 0->0
[2022-09-29T06:03:17.841+0000][7][gc,metaspace] GC(13) Metaspace: 20347K(21680K)->20347K(21680K) NonClass: 17886K(18864K)->17886K(18864K) Class: 2460K(2816K)->2460K(2816K)
[2022-09-29T06:03:17.841+0000][7][gc          ] GC(13) Pause Young (Normal) (G1 Evacuation Pause) 160M->21M(256M) 13.327ms
[2022-09-29T06:03:17.842+0000][7][gc,cpu      ] GC(13) User=0.06s Sys=0.01s Real=0.02s
[2022-09-29T06:03:17.842+0000][7][safepoint   ] Safepoint "G1CollectForAllocation", Time since last: 174702224 ns, Reaching safepoint: 225660 ns, At safepoint: 14017511 ns, Total: 14243171 ns
[2022-09-29T06:03:17.961+0000][7][gc,start    ] GC(14) Pause Young (Normal) (G1 Evacuation Pause)
[2022-09-29T06:03:17.962+0000][7][gc,task     ] GC(14) Using 6 workers of 13 for evacuation
[2022-09-29T06:03:17.962+0000][7][gc,age      ] GC(14) Desired survivor size 10485760 bytes, new threshold 15 (max threshold 15)
[2022-09-29T06:03:17.967+0000][7][gc,age      ] GC(14) Age table with threshold 15 (max threshold 15)
[2022-09-29T06:03:17.967+0000][7][gc,age      ] GC(14) - age   1:     480256 bytes,     480256 total
[2022-09-29T06:03:17.968+0000][7][gc,age      ] GC(14) - age   2:     559608 bytes,    1039864 total
[2022-09-29T06:03:17.968+0000][7][gc,age      ] GC(14) - age   3:    1513544 bytes,    2553408 total
[2022-09-29T06:03:17.968+0000][7][gc,age      ] GC(14) - age   4:     184648 bytes,    2738056 total
[2022-09-29T06:03:17.968+0000][7][gc,age      ] GC(14) - age   5:     205312 bytes,    2943368 total
[2022-09-29T06:03:17.969+0000][7][gc,age      ] GC(14) - age   6:     235024 bytes,    3178392 total
[2022-09-29T06:03:17.969+0000][7][gc,age      ] GC(14) - age   7:     407120 bytes,    3585512 total
[2022-09-29T06:03:17.969+0000][7][gc,age      ] GC(14) - age   8:    1375504 bytes,    4961016 total
[2022-09-29T06:03:17.969+0000][7][gc,age      ] GC(14) - age   9:    1058184 bytes,    6019200 total
[2022-09-29T06:03:17.969+0000][7][gc,age      ] GC(14) - age  10:    1827768 bytes,    7846968 total
[2022-09-29T06:03:17.970+0000][7][gc,age      ] GC(14) - age  11:    2974208 bytes,   10821176 total
[2022-09-29T06:03:17.970+0000][7][gc,phases   ] GC(14)   Pre Evacuate Collection Set: 0.2ms
[2022-09-29T06:03:17.970+0000][7][gc,phases   ] GC(14)   Merge Heap Roots: 0.1ms
[2022-09-29T06:03:17.970+0000][7][gc,phases   ] GC(14)   Evacuate Collection Set: 3.3ms
[2022-09-29T06:03:17.970+0000][7][gc,phases   ] GC(14)   Post Evacuate Collection Set: 0.9ms
[2022-09-29T06:03:17.971+0000][7][gc,phases   ] GC(14)   Other: 4.0ms
[2022-09-29T06:03:17.971+0000][7][gc,heap     ] GC(14) Eden regions: 35->0(35)
[2022-09-29T06:03:17.971+0000][7][gc,heap     ] GC(14) Survivor regions: 3->3(5)
[2022-09-29T06:03:17.971+0000][7][gc,heap     ] GC(14) Old regions: 2->2
[2022-09-29T06:03:17.971+0000][7][gc,heap     ] GC(14) Archive regions: 2->2
[2022-09-29T06:03:17.972+0000][7][gc,heap     ] GC(14) Humongous regions: 0->0
[2022-09-29T06:03:17.972+0000][7][gc,metaspace] GC(14) Metaspace: 20376K(21680K)->20376K(21680K) NonClass: 17910K(18864K)->17910K(18864K) Class: 2466K(2816K)->2466K(2816K)
[2022-09-29T06:03:17.972+0000][7][gc          ] GC(14) Pause Young (Normal) (G1 Evacuation Pause) 161M->22M(256M) 11.065ms
[2022-09-29T06:03:17.973+0000][7][gc,cpu      ] GC(14) User=0.02s Sys=0.00s Real=0.01s
[2022-09-29T06:03:17.973+0000][7][safepoint   ] Safepoint "G1CollectForAllocation", Time since last: 119127280 ns, Reaching safepoint: 175595 ns, At safepoint: 11836436 ns, Total: 12012031 ns
[2022-09-29T06:03:18.111+0000][7][gc,start    ] GC(15) Pause Young (Normal) (G1 Evacuation Pause)
[2022-09-29T06:03:18.112+0000][7][gc,task     ] GC(15) Using 6 workers of 13 for evacuation
[2022-09-29T06:03:18.112+0000][7][gc,age      ] GC(15) Desired survivor size 10485760 bytes, new threshold 11 (max threshold 15)
[2022-09-29T06:03:18.119+0000][7][gc,age      ] GC(15) Age table with threshold 11 (max threshold 15)
[2022-09-29T06:03:18.119+0000][7][gc,age      ] GC(15) - age   1:    1816272 bytes,    1816272 total
[2022-09-29T06:03:18.120+0000][7][gc,age      ] GC(15) - age   2:     460184 bytes,    2276456 total
[2022-09-29T06:03:18.120+0000][7][gc,age      ] GC(15) - age   3:     559608 bytes,    2836064 total
[2022-09-29T06:03:18.120+0000][7][gc,age      ] GC(15) - age   4:    1513544 bytes,    4349608 total
[2022-09-29T06:03:18.121+0000][7][gc,age      ] GC(15) - age   5:     184432 bytes,    4534040 total
[2022-09-29T06:03:18.121+0000][7][gc,age      ] GC(15) - age   6:     205312 bytes,    4739352 total
[2022-09-29T06:03:18.121+0000][7][gc,age      ] GC(15) - age   7:     234752 bytes,    4974104 total
[2022-09-29T06:03:18.121+0000][7][gc,age      ] GC(15) - age   8:     407120 bytes,    5381224 total
[2022-09-29T06:03:18.122+0000][7][gc,age      ] GC(15) - age   9:    1375504 bytes,    6756728 total
[2022-09-29T06:03:18.122+0000][7][gc,age      ] GC(15) - age  10:    1058184 bytes,    7814912 total
[2022-09-29T06:03:18.122+0000][7][gc,age      ] GC(15) - age  11:    1827768 bytes,    9642680 total
[2022-09-29T06:03:18.123+0000][7][gc,phases   ] GC(15)   Pre Evacuate Collection Set: 0.2ms
[2022-09-29T06:03:18.123+0000][7][gc,phases   ] GC(15)   Merge Heap Roots: 0.2ms
[2022-09-29T06:03:18.123+0000][7][gc,phases   ] GC(15)   Evacuate Collection Set: 4.8ms
[2022-09-29T06:03:18.124+0000][7][gc,phases   ] GC(15)   Post Evacuate Collection Set: 1.2ms
[2022-09-29T06:03:18.124+0000][7][gc,phases   ] GC(15)   Other: 4.8ms
[2022-09-29T06:03:18.124+0000][7][gc,heap     ] GC(15) Eden regions: 35->0(35)
[2022-09-29T06:03:18.125+0000][7][gc,heap     ] GC(15) Survivor regions: 3->3(5)
[2022-09-29T06:03:18.125+0000][7][gc,heap     ] GC(15) Old regions: 2->3
[2022-09-29T06:03:18.125+0000][7][gc,heap     ] GC(15) Archive regions: 2->2
[2022-09-29T06:03:18.125+0000][7][gc,heap     ] GC(15) Humongous regions: 0->0
[2022-09-29T06:03:18.125+0000][7][gc,metaspace] GC(15) Metaspace: 20415K(21936K)->20415K(21936K) NonClass: 17941K(19120K)->17941K(19120K) Class: 2474K(2816K)->2474K(2816K)
[2022-09-29T06:03:18.126+0000][7][gc          ] GC(15) Pause Young (Normal) (G1 Evacuation Pause) 162M->23M(256M) 14.086ms
[2022-09-29T06:03:18.126+0000][7][gc,cpu      ] GC(15) User=0.05s Sys=0.00s Real=0.01s
[2022-09-29T06:03:18.126+0000][7][safepoint   ] Safepoint "G1CollectForAllocation", Time since last: 138117657 ns, Reaching safepoint: 257691 ns, At safepoint: 14608518 ns, Total: 14866209 ns
[2022-09-29T06:03:18.968+0000][7][safepoint   ] Safepoint "ICBufferFull", Time since last: 841378999 ns, Reaching safepoint: 362912 ns, At safepoint: 58982 ns, Total: 421894 ns
[2022-09-29T06:03:19.304+0000][7][safepoint   ] Safepoint "ICBufferFull", Time since last: 335576625 ns, Reaching safepoint: 496345 ns, At safepoint: 70164 ns, Total: 566509 ns
[2022-09-29T06:03:19.707+0000][7][gc,start    ] GC(16) Pause Young (Normal) (G1 Evacuation Pause)
[2022-09-29T06:03:19.707+0000][7][gc,task     ] GC(16) Using 6 workers of 13 for evacuation
[2022-09-29T06:03:19.708+0000][7][gc,age      ] GC(16) Desired survivor size 10485760 bytes, new threshold 15 (max threshold 15)
[2022-09-29T06:03:19.730+0000][7][gc,age      ] GC(16) Age table with threshold 15 (max threshold 15)
[2022-09-29T06:03:19.731+0000][7][gc,age      ] GC(16) - age   1:    9749792 bytes,    9749792 total
[2022-09-29T06:03:19.731+0000][7][gc,age      ] GC(16) - age   2:     257352 bytes,   10007144 total
[2022-09-29T06:03:19.732+0000][7][gc,age      ] GC(16) - age   3:     460032 bytes,   10467176 total
[2022-09-29T06:03:19.734+0000][7][gc,age      ] GC(16) - age   4:     556440 bytes,   11023616 total
[2022-09-29T06:03:19.736+0000][7][gc,age      ] GC(16) - age   5:    1511808 bytes,   12535424 total
[2022-09-29T06:03:19.737+0000][7][gc,age      ] GC(16) - age   6:     184008 bytes,   12719432 total
[2022-09-29T06:03:19.737+0000][7][gc,age      ] GC(16) - age   7:     204880 bytes,   12924312 total
[2022-09-29T06:03:19.738+0000][7][gc,age      ] GC(16) - age   8:     227736 bytes,   13152048 total
[2022-09-29T06:03:19.739+0000][7][gc,age      ] GC(16) - age   9:     404576 bytes,   13556624 total
[2022-09-29T06:03:19.739+0000][7][gc,age      ] GC(16) - age  10:    1372768 bytes,   14929392 total
[2022-09-29T06:03:19.740+0000][7][gc,age      ] GC(16) - age  11:    1056768 bytes,   15986160 total
[2022-09-29T06:03:19.741+0000][7][gc,age      ] GC(16) - age  12:    1820576 bytes,   17806736 total
[2022-09-29T06:03:19.741+0000][7][gc,phases   ] GC(16)   Pre Evacuate Collection Set: 0.5ms
[2022-09-29T06:03:19.743+0000][7][gc,phases   ] GC(16)   Merge Heap Roots: 0.3ms
[2022-09-29T06:03:19.744+0000][7][gc,phases   ] GC(16)   Evacuate Collection Set: 13.5ms
[2022-09-29T06:03:19.744+0000][7][gc,phases   ] GC(16)   Post Evacuate Collection Set: 6.4ms
[2022-09-29T06:03:19.745+0000][7][gc,phases   ] GC(16)   Other: 14.3ms
[2022-09-29T06:03:19.746+0000][7][gc,heap     ] GC(16) Eden regions: 35->0(33)
[2022-09-29T06:03:19.747+0000][7][gc,heap     ] GC(16) Survivor regions: 3->5(5)
[2022-09-29T06:03:19.747+0000][7][gc,heap     ] GC(16) Old regions: 3->3
[2022-09-29T06:03:19.748+0000][7][gc,heap     ] GC(16) Archive regions: 2->2
[2022-09-29T06:03:19.749+0000][7][gc,heap     ] GC(16) Humongous regions: 0->0
[2022-09-29T06:03:19.749+0000][7][gc,metaspace] GC(16) Metaspace: 29969K(31920K)->29969K(31920K) NonClass: 26242K(27568K)->26242K(27568K) Class: 3727K(4352K)->3727K(4352K)
[2022-09-29T06:03:19.750+0000][7][gc          ] GC(16) Pause Young (Normal) (G1 Evacuation Pause) 163M->31M(256M) 43.178ms
[2022-09-29T06:03:19.751+0000][7][gc,cpu      ] GC(16) User=0.42s Sys=0.02s Real=0.05s
[2022-09-29T06:03:19.752+0000][7][safepoint   ] Safepoint "G1CollectForAllocation", Time since last: 402025633 ns, Reaching safepoint: 567381 ns, At safepoint: 44969429 ns, Total: 45536810 ns
[2022-09-29T06:03:21.151+0000][7][gc,start    ] GC(17) Pause Young (Normal) (G1 Evacuation Pause)
[2022-09-29T06:03:21.152+0000][7][gc,task     ] GC(17) Using 6 workers of 13 for evacuation
[2022-09-29T06:03:21.152+0000][7][gc,age      ] GC(17) Desired survivor size 10485760 bytes, new threshold 4 (max threshold 15)
[2022-09-29T06:03:21.180+0000][7][gc,age      ] GC(17) Age table with threshold 4 (max threshold 15)
[2022-09-29T06:03:21.180+0000][7][gc,age      ] GC(17) - age   1:   10927008 bytes,   10927008 total
[2022-09-29T06:03:21.181+0000][7][gc,age      ] GC(17) - age   2:    9324344 bytes,   20251352 total
[2022-09-29T06:03:21.181+0000][7][gc,age      ] GC(17) - age   3:     257352 bytes,   20508704 total
[2022-09-29T06:03:21.181+0000][7][gc,age      ] GC(17) - age   4:     460032 bytes,   20968736 total
[2022-09-29T06:03:21.182+0000][7][gc,phases   ] GC(17)   Pre Evacuate Collection Set: 0.2ms
[2022-09-29T06:03:21.182+0000][7][gc,phases   ] GC(17)   Merge Heap Roots: 0.2ms
[2022-09-29T06:03:21.183+0000][7][gc,phases   ] GC(17)   Evacuate Collection Set: 25.2ms
[2022-09-29T06:03:21.183+0000][7][gc,phases   ] GC(17)   Post Evacuate Collection Set: 1.7ms
[2022-09-29T06:03:21.183+0000][7][gc,phases   ] GC(17)   Other: 3.6ms
[2022-09-29T06:03:21.184+0000][7][gc,heap     ] GC(17) Eden regions: 33->0(33)
[2022-09-29T06:03:21.184+0000][7][gc,heap     ] GC(17) Survivor regions: 5->5(5)
[2022-09-29T06:03:21.185+0000][7][gc,heap     ] GC(17) Old regions: 3->6
[2022-09-29T06:03:21.185+0000][7][gc,heap     ] GC(17) Archive regions: 2->2
[2022-09-29T06:03:21.185+0000][7][gc,heap     ] GC(17) Humongous regions: 0->0
[2022-09-29T06:03:21.186+0000][7][gc,metaspace] GC(17) Metaspace: 30209K(32176K)->30209K(32176K) NonClass: 26444K(27824K)->26444K(27824K) Class: 3765K(4352K)->3765K(4352K)
[2022-09-29T06:03:21.186+0000][7][gc          ] GC(17) Pause Young (Normal) (G1 Evacuation Pause) 163M->46M(256M) 34.931ms
[2022-09-29T06:03:21.186+0000][7][gc,cpu      ] GC(17) User=0.19s Sys=0.01s Real=0.03s
[2022-09-29T06:03:21.187+0000][7][safepoint   ] Safepoint "G1CollectForAllocation", Time since last: 1399213757 ns, Reaching safepoint: 294354 ns, At safepoint: 35733360 ns, Total: 36027714 ns
[2022-09-29T06:03:21.871+0000][7][safepoint   ] Safepoint "ICBufferFull", Time since last: 683252278 ns, Reaching safepoint: 520973 ns, At safepoint: 116431 ns, Total: 637404 ns
[2022-09-29T06:03:21.932+0000][7][gc,start    ] GC(18) Pause Young (Concurrent Start) (Metadata GC Threshold)
[2022-09-29T06:03:21.933+0000][7][gc,task     ] GC(18) Using 6 workers of 13 for evacuation
[2022-09-29T06:03:21.933+0000][7][gc,age      ] GC(18) Desired survivor size 10485760 bytes, new threshold 1 (max threshold 15)
[2022-09-29T06:03:21.962+0000][7][gc,age      ] GC(18) Age table with threshold 1 (max threshold 15)
[2022-09-29T06:03:21.963+0000][7][gc,age      ] GC(18) - age   1:   12310704 bytes,   12310704 total
[2022-09-29T06:03:21.964+0000][7][gc,phases   ] GC(18)   Pre Evacuate Collection Set: 0.4ms
[2022-09-29T06:03:21.964+0000][7][gc,phases   ] GC(18)   Merge Heap Roots: 0.2ms
[2022-09-29T06:03:21.965+0000][7][gc,phases   ] GC(18)   Evacuate Collection Set: 26.3ms
[2022-09-29T06:03:21.965+0000][7][gc,phases   ] GC(18)   Post Evacuate Collection Set: 1.6ms
[2022-09-29T06:03:21.966+0000][7][gc,phases   ] GC(18)   Other: 2.9ms
[2022-09-29T06:03:21.966+0000][7][gc,heap     ] GC(18) Eden regions: 22->0(30)
[2022-09-29T06:03:21.966+0000][7][gc,heap     ] GC(18) Survivor regions: 5->4(5)
[2022-09-29T06:03:21.967+0000][7][gc,heap     ] GC(18) Old regions: 6->11
[2022-09-29T06:03:21.967+0000][7][gc,heap     ] GC(18) Archive regions: 2->2
[2022-09-29T06:03:21.968+0000][7][gc,heap     ] GC(18) Humongous regions: 0->0
[2022-09-29T06:03:21.968+0000][7][gc,metaspace] GC(18) Metaspace: 33610K(35888K)->33610K(35888K) NonClass: 29275K(30896K)->29275K(30896K) Class: 4334K(4992K)->4334K(4992K)
[2022-09-29T06:03:21.969+0000][7][gc          ] GC(18) Pause Young (Concurrent Start) (Metadata GC Threshold) 134M->59M(256M) 36.350ms
[2022-09-29T06:03:21.969+0000][7][gc,cpu      ] GC(18) User=0.26s Sys=0.00s Real=0.03s
[2022-09-29T06:03:21.970+0000][7][gc          ] GC(19) Concurrent Cycle
[2022-09-29T06:03:21.970+0000][7][safepoint   ] Safepoint "CollectForMetadataAllocation", Time since last: 61286308 ns, Reaching safepoint: 309530 ns, At safepoint: 37607385 ns, Total: 37916915 ns
[2022-09-29T06:03:21.970+0000][7][gc,marking  ] GC(19) Concurrent Clear Claimed Marks
[2022-09-29T06:03:21.971+0000][7][gc,marking  ] GC(19) Concurrent Clear Claimed Marks 1.059ms
[2022-09-29T06:03:21.972+0000][7][gc,marking  ] GC(19) Concurrent Scan Root Regions
[2022-09-29T06:03:21.985+0000][7][gc,marking  ] GC(19) Concurrent Scan Root Regions 13.431ms
[2022-09-29T06:03:21.986+0000][7][gc,marking  ] GC(19) Concurrent Mark (11.078s)
[2022-09-29T06:03:21.986+0000][7][gc,marking  ] GC(19) Concurrent Mark From Roots
[2022-09-29T06:03:21.987+0000][7][gc,task     ] GC(19) Using 3 workers of 3 for marking
[2022-09-29T06:03:22.007+0000][7][gc,marking  ] GC(19) Concurrent Mark From Roots 20.767ms
[2022-09-29T06:03:22.008+0000][7][gc,marking  ] GC(19) Concurrent Preclean
[2022-09-29T06:03:22.008+0000][7][gc,marking  ] GC(19) Concurrent Preclean 0.730ms
[2022-09-29T06:03:22.009+0000][7][gc,marking  ] GC(19) Concurrent Mark (11.078s, 11.101s) 23.163ms
[2022-09-29T06:03:22.010+0000][7][gc,start    ] GC(19) Pause Remark
[2022-09-29T06:03:22.015+0000][7][gc          ] GC(19) Pause Remark 61M->61M(256M) 4.934ms
[2022-09-29T06:03:22.016+0000][7][gc,cpu      ] GC(19) User=0.02s Sys=0.00s Real=0.00s
[2022-09-29T06:03:22.016+0000][7][safepoint   ] Safepoint "G1Concurrent", Time since last: 39752984 ns, Reaching safepoint: 377750 ns, At safepoint: 6212879 ns, Total: 6590629 ns
[2022-09-29T06:03:22.017+0000][7][gc,marking  ] GC(19) Concurrent Rebuild Remembered Sets
[2022-09-29T06:03:22.046+0000][7][gc,marking  ] GC(19) Concurrent Rebuild Remembered Sets 29.585ms
[2022-09-29T06:03:22.048+0000][7][gc,start    ] GC(19) Pause Cleanup
[2022-09-29T06:03:22.049+0000][7][gc          ] GC(19) Pause Cleanup 61M->61M(256M) 1.206ms
[2022-09-29T06:03:22.050+0000][7][gc,cpu      ] GC(19) User=0.02s Sys=0.00s Real=0.01s
[2022-09-29T06:03:22.050+0000][7][safepoint   ] Safepoint "G1Concurrent", Time since last: 30901656 ns, Reaching safepoint: 849498 ns, At safepoint: 2417107 ns, Total: 3266605 ns
[2022-09-29T06:03:22.051+0000][7][gc,marking  ] GC(19) Concurrent Cleanup for Next Mark
[2022-09-29T06:03:22.052+0000][7][gc,marking  ] GC(19) Concurrent Cleanup for Next Mark 1.190ms
[2022-09-29T06:03:22.053+0000][7][gc          ] GC(19) Concurrent Cycle 83.347ms
[2022-09-29T06:03:22.413+0000][7][gc,start    ] GC(20) Pause Young (Normal) (G1 Evacuation Pause)
[2022-09-29T06:03:22.414+0000][7][gc,task     ] GC(20) Using 6 workers of 13 for evacuation
[2022-09-29T06:03:22.414+0000][7][gc,age      ] GC(20) Desired survivor size 10485760 bytes, new threshold 1 (max threshold 15)
[2022-09-29T06:03:22.425+0000][7][gc,age      ] GC(20) Age table with threshold 1 (max threshold 15)
[2022-09-29T06:03:22.426+0000][7][gc,age      ] GC(20) - age   1:    1506560 bytes,    1506560 total
[2022-09-29T06:03:22.426+0000][7][gc,phases   ] GC(20)   Pre Evacuate Collection Set: 0.3ms
[2022-09-29T06:03:22.427+0000][7][gc,phases   ] GC(20)   Merge Heap Roots: 0.2ms
[2022-09-29T06:03:22.427+0000][7][gc,phases   ] GC(20)   Evacuate Collection Set: 9.0ms
[2022-09-29T06:03:22.428+0000][7][gc,phases   ] GC(20)   Post Evacuate Collection Set: 1.2ms
[2022-09-29T06:03:22.428+0000][7][gc,phases   ] GC(20)   Other: 2.6ms
[2022-09-29T06:03:22.428+0000][7][gc,heap     ] GC(20) Eden regions: 30->0(31)
[2022-09-29T06:03:22.429+0000][7][gc,heap     ] GC(20) Survivor regions: 4->1(5)
[2022-09-29T06:03:22.429+0000][7][gc,heap     ] GC(20) Old regions: 11->14
[2022-09-29T06:03:22.429+0000][7][gc,heap     ] GC(20) Archive regions: 2->2
[2022-09-29T06:03:22.430+0000][7][gc,heap     ] GC(20) Humongous regions: 0->0
[2022-09-29T06:03:22.430+0000][7][gc,metaspace] GC(20) Metaspace: 36139K(38704K)->36139K(38704K) NonClass: 31561K(33456K)->31561K(33456K) Class: 4578K(5248K)->4578K(5248K)
[2022-09-29T06:03:22.430+0000][7][gc          ] GC(20) Pause Young (Normal) (G1 Evacuation Pause) 179M->62M(256M) 17.342ms
[2022-09-29T06:03:22.431+0000][7][gc,cpu      ] GC(20) User=0.10s Sys=0.01s Real=0.02s
[2022-09-29T06:03:22.431+0000][7][safepoint   ] Safepoint "G1CollectForAllocation", Time since last: 362431844 ns, Reaching safepoint: 268762 ns, At safepoint: 18257602 ns, Total: 18526364 ns
[2022-09-29T06:03:23.433+0000][7][safepoint   ] Safepoint "Cleanup", Time since last: 1001013778 ns, Reaching safepoint: 522483 ns, At safepoint: 42822 ns, Total: 565305 ns
[2022-09-29T06:03:24.584+0000][7][gc,start    ] GC(21) Pause Young (Normal) (G1 Evacuation Pause)
[2022-09-29T06:03:24.585+0000][7][gc,task     ] GC(21) Using 6 workers of 13 for evacuation
[2022-09-29T06:03:24.585+0000][7][gc,age      ] GC(21) Desired survivor size 8388608 bytes, new threshold 15 (max threshold 15)
[2022-09-29T06:03:24.596+0000][7][gc,age      ] GC(21) Age table with threshold 15 (max threshold 15)
[2022-09-29T06:03:24.596+0000][7][gc,age      ] GC(21) - age   1:    5242600 bytes,    5242600 total
[2022-09-29T06:03:24.597+0000][7][gc,age      ] GC(21) - age   2:    1319632 bytes,    6562232 total
[2022-09-29T06:03:24.597+0000][7][gc,phases   ] GC(21)   Pre Evacuate Collection Set: 0.3ms
[2022-09-29T06:03:24.598+0000][7][gc,phases   ] GC(21)   Merge Heap Roots: 0.2ms
[2022-09-29T06:03:24.598+0000][7][gc,phases   ] GC(21)   Evacuate Collection Set: 6.7ms
[2022-09-29T06:03:24.598+0000][7][gc,phases   ] GC(21)   Post Evacuate Collection Set: 2.8ms
[2022-09-29T06:03:24.599+0000][7][gc,phases   ] GC(21)   Other: 3.2ms
[2022-09-29T06:03:24.599+0000][7][gc,heap     ] GC(21) Eden regions: 31->0(30)
[2022-09-29T06:03:24.599+0000][7][gc,heap     ] GC(21) Survivor regions: 1->2(4)
[2022-09-29T06:03:24.599+0000][7][gc,heap     ] GC(21) Old regions: 14->14
[2022-09-29T06:03:24.600+0000][7][gc,heap     ] GC(21) Archive regions: 2->2
[2022-09-29T06:03:24.600+0000][7][gc,heap     ] GC(21) Humongous regions: 0->0
[2022-09-29T06:03:24.601+0000][7][gc,metaspace] GC(21) Metaspace: 51888K(55344K)->51888K(55344K) NonClass: 44962K(47536K)->44962K(47536K) Class: 6926K(7808K)->6926K(7808K)
[2022-09-29T06:03:24.601+0000][7][gc          ] GC(21) Pause Young (Normal) (G1 Evacuation Pause) 186M->66M(256M) 16.703ms
[2022-09-29T06:03:24.601+0000][7][gc,cpu      ] GC(21) User=0.17s Sys=0.00s Real=0.02s
[2022-09-29T06:03:24.602+0000][7][safepoint   ] Safepoint "G1CollectForAllocation", Time since last: 1150865606 ns, Reaching safepoint: 456650 ns, At safepoint: 17690010 ns, Total: 18146660 ns
[2022-09-29T06:03:24.976+0000][7][safepoint   ] Safepoint "ICBufferFull", Time since last: 373650904 ns, Reaching safepoint: 494700 ns, At safepoint: 77628 ns, Total: 572328 ns
[2022-09-29T06:03:25.285+0000][7][gc,start    ] GC(22) Pause Young (Concurrent Start) (Metadata GC Threshold)
[2022-09-29T06:03:25.285+0000][7][gc,task     ] GC(22) Using 6 workers of 13 for evacuation
[2022-09-29T06:03:25.285+0000][7][gc,age      ] GC(22) Desired survivor size 8388608 bytes, new threshold 15 (max threshold 15)
[2022-09-29T06:03:25.292+0000][7][gc,age      ] GC(22) Age table with threshold 15 (max threshold 15)
[2022-09-29T06:03:25.292+0000][7][gc,age      ] GC(22) - age   1:    2225560 bytes,    2225560 total
[2022-09-29T06:03:25.293+0000][7][gc,age      ] GC(22) - age   2:    5082216 bytes,    7307776 total
[2022-09-29T06:03:25.293+0000][7][gc,age      ] GC(22) - age   3:    1319152 bytes,    8626928 total
[2022-09-29T06:03:25.294+0000][7][gc,phases   ] GC(22)   Pre Evacuate Collection Set: 0.2ms
[2022-09-29T06:03:25.294+0000][7][gc,phases   ] GC(22)   Merge Heap Roots: 0.1ms
[2022-09-29T06:03:25.295+0000][7][gc,phases   ] GC(22)   Evacuate Collection Set: 3.9ms
[2022-09-29T06:03:25.295+0000][7][gc,phases   ] GC(22)   Post Evacuate Collection Set: 1.7ms
[2022-09-29T06:03:25.295+0000][7][gc,phases   ] GC(22)   Other: 3.2ms
[2022-09-29T06:03:25.295+0000][7][gc,heap     ] GC(22) Eden regions: 19->0(30)
[2022-09-29T06:03:25.296+0000][7][gc,heap     ] GC(22) Survivor regions: 2->3(4)
[2022-09-29T06:03:25.296+0000][7][gc,heap     ] GC(22) Old regions: 14->14
[2022-09-29T06:03:25.296+0000][7][gc,heap     ] GC(22) Archive regions: 2->2
[2022-09-29T06:03:25.296+0000][7][gc,heap     ] GC(22) Humongous regions: 0->0
[2022-09-29T06:03:25.297+0000][7][gc,metaspace] GC(22) Metaspace: 56445K(60208K)->56445K(60208K) NonClass: 49042K(51888K)->49042K(51888K) Class: 7403K(8320K)->7403K(8320K)
[2022-09-29T06:03:25.297+0000][7][gc          ] GC(22) Pause Young (Concurrent Start) (Metadata GC Threshold) 140M->68M(256M) 12.039ms
[2022-09-29T06:03:25.297+0000][7][gc,cpu      ] GC(22) User=0.03s Sys=0.00s Real=0.01s
[2022-09-29T06:03:25.297+0000][7][gc          ] GC(23) Concurrent Cycle
[2022-09-29T06:03:25.297+0000][7][safepoint   ] Safepoint "CollectForMetadataAllocation", Time since last: 308186001 ns, Reaching safepoint: 339948 ns, At safepoint: 12600391 ns, Total: 12940339 ns
[2022-09-29T06:03:25.297+0000][7][gc,marking  ] GC(23) Concurrent Clear Claimed Marks
[2022-09-29T06:03:25.298+0000][7][gc,marking  ] GC(23) Concurrent Clear Claimed Marks 0.552ms
[2022-09-29T06:03:25.298+0000][7][gc,marking  ] GC(23) Concurrent Scan Root Regions
[2022-09-29T06:03:25.303+0000][7][gc,marking  ] GC(23) Concurrent Scan Root Regions 5.018ms
[2022-09-29T06:03:25.304+0000][7][gc,marking  ] GC(23) Concurrent Mark (14.396s)
[2022-09-29T06:03:25.304+0000][7][gc,marking  ] GC(23) Concurrent Mark From Roots
[2022-09-29T06:03:25.304+0000][7][gc,task     ] GC(23) Using 3 workers of 3 for marking
[2022-09-29T06:03:25.346+0000][7][gc,marking  ] GC(23) Concurrent Mark From Roots 41.652ms
[2022-09-29T06:03:25.346+0000][7][gc,marking  ] GC(23) Concurrent Preclean
[2022-09-29T06:03:25.347+0000][7][gc,marking  ] GC(23) Concurrent Preclean 0.724ms
[2022-09-29T06:03:25.347+0000][7][gc,marking  ] GC(23) Concurrent Mark (14.396s, 14.440s) 43.592ms
[2022-09-29T06:03:25.348+0000][7][gc,start    ] GC(23) Pause Remark
[2022-09-29T06:03:25.352+0000][7][gc          ] GC(23) Pause Remark 71M->71M(256M) 3.825ms
[2022-09-29T06:03:25.353+0000][7][gc,cpu      ] GC(23) User=0.03s Sys=0.02s Real=0.01s
[2022-09-29T06:03:25.353+0000][7][safepoint   ] Safepoint "G1Concurrent", Time since last: 50617638 ns, Reaching safepoint: 253402 ns, At safepoint: 5135877 ns, Total: 5389279 ns
[2022-09-29T06:03:25.354+0000][7][gc,marking  ] GC(23) Concurrent Rebuild Remembered Sets
[2022-09-29T06:03:25.392+0000][7][gc,marking  ] GC(23) Concurrent Rebuild Remembered Sets 38.631ms
[2022-09-29T06:03:25.394+0000][7][gc,start    ] GC(23) Pause Cleanup
[2022-09-29T06:03:25.395+0000][7][gc          ] GC(23) Pause Cleanup 71M->71M(256M) 0.733ms
[2022-09-29T06:03:25.396+0000][7][gc,cpu      ] GC(23) User=0.00s Sys=0.00s Real=0.00s
[2022-09-29T06:03:25.396+0000][7][safepoint   ] Safepoint "G1Concurrent", Time since last: 39885737 ns, Reaching safepoint: 1116307 ns, At safepoint: 1864443 ns, Total: 2980750 ns
[2022-09-29T06:03:25.397+0000][7][gc,marking  ] GC(23) Concurrent Cleanup for Next Mark
[2022-09-29T06:03:25.398+0000][7][gc,marking  ] GC(23) Concurrent Cleanup for Next Mark 1.284ms
[2022-09-29T06:03:25.398+0000][7][gc          ] GC(23) Concurrent Cycle 101.264ms
[2022-09-29T06:03:25.762+0000][7][safepoint   ] Safepoint "ICBufferFull", Time since last: 365159710 ns, Reaching safepoint: 453344 ns, At safepoint: 55256 ns, Total: 508600 ns
[2022-09-29T06:03:26.764+0000][7][safepoint   ] Safepoint "Cleanup", Time since last: 1000332118 ns, Reaching safepoint: 1850958 ns, At safepoint: 62609 ns, Total: 1913567 ns
[2022-09-29T06:03:27.455+0000][7][gc,start    ] GC(24) Pause Young (Normal) (G1 Evacuation Pause)
[2022-09-29T06:03:27.456+0000][7][gc,task     ] GC(24) Using 6 workers of 13 for evacuation
[2022-09-29T06:03:27.456+0000][7][gc,age      ] GC(24) Desired survivor size 10485760 bytes, new threshold 15 (max threshold 15)
[2022-09-29T06:03:27.468+0000][7][gc,age      ] GC(24) Age table with threshold 15 (max threshold 15)
[2022-09-29T06:03:27.469+0000][7][gc,age      ] GC(24) - age   1:    6486896 bytes,    6486896 total
[2022-09-29T06:03:27.469+0000][7][gc,age      ] GC(24) - age   2:    2144224 bytes,    8631120 total
[2022-09-29T06:03:27.470+0000][7][gc,age      ] GC(24) - age   3:    5056768 bytes,   13687888 total
[2022-09-29T06:03:27.470+0000][7][gc,age      ] GC(24) - age   4:    1315976 bytes,   15003864 total
[2022-09-29T06:03:27.470+0000][7][gc,phases   ] GC(24)   Pre Evacuate Collection Set: 0.2ms
[2022-09-29T06:03:27.471+0000][7][gc,phases   ] GC(24)   Merge Heap Roots: 0.1ms
[2022-09-29T06:03:27.471+0000][7][gc,phases   ] GC(24)   Evacuate Collection Set: 9.3ms
[2022-09-29T06:03:27.472+0000][7][gc,phases   ] GC(24)   Post Evacuate Collection Set: 1.6ms
[2022-09-29T06:03:27.472+0000][7][gc,phases   ] GC(24)   Other: 3.9ms
[2022-09-29T06:03:27.472+0000][7][gc,heap     ] GC(24) Eden regions: 30->0(29)
[2022-09-29T06:03:27.473+0000][7][gc,heap     ] GC(24) Survivor regions: 3->4(5)
[2022-09-29T06:03:27.473+0000][7][gc,heap     ] GC(24) Old regions: 14->14
[2022-09-29T06:03:27.474+0000][7][gc,heap     ] GC(24) Archive regions: 2->2
[2022-09-29T06:03:27.475+0000][7][gc,heap     ] GC(24) Humongous regions: 0->0
[2022-09-29T06:03:27.475+0000][7][gc,metaspace] GC(24) Metaspace: 72721K(76444K)->72721K(76444K) NonClass: 63009K(65692K)->63009K(65692K) Class: 9712K(10752K)->9712K(10752K)
[2022-09-29T06:03:27.476+0000][7][gc          ] GC(24) Pause Young (Normal) (G1 Evacuation Pause) 188M->74M(256M) 20.341ms
[2022-09-29T06:03:27.476+0000][7][gc,cpu      ] GC(24) User=0.06s Sys=0.00s Real=0.02s
[2022-09-29T06:03:27.476+0000][7][safepoint   ] Safepoint "G1CollectForAllocation", Time since last: 690909451 ns, Reaching safepoint: 234267 ns, At safepoint: 21291252 ns, Total: 21525519 ns
[2022-09-29T06:03:28.481+0000][7][safepoint   ] Safepoint "Cleanup", Time since last: 1004029156 ns, Reaching safepoint: 416985 ns, At safepoint: 54994 ns, Total: 471979 ns
[2022-09-29T06:03:29.122+0000][7][safepoint   ] Safepoint "ICBufferFull", Time since last: 640619787 ns, Reaching safepoint: 340752 ns, At safepoint: 57299 ns, Total: 398051 ns
[2022-09-29T06:03:29.791+0000][7][safepoint   ] Safepoint "ICBufferFull", Time since last: 667992619 ns, Reaching safepoint: 403771 ns, At safepoint: 159303 ns, Total: 563074 ns
[2022-09-29T06:03:30.792+0000][7][safepoint   ] Safepoint "Cleanup", Time since last: 1000493527 ns, Reaching safepoint: 417635 ns, At safepoint: 342804 ns, Total: 760439 ns
[2022-09-29T06:03:32.793+0000][7][safepoint   ] Safepoint "Cleanup", Time since last: 2001189877 ns, Reaching safepoint: 283209 ns, At safepoint: 63100 ns, Total: 346309 ns
[2022-09-29T06:03:33.794+0000][7][safepoint   ] Safepoint "Cleanup", Time since last: 1000687457 ns, Reaching safepoint: 345683 ns, At safepoint: 56057 ns, Total: 401740 ns
[2022-09-29T06:03:36.796+0000][7][safepoint   ] Safepoint "Cleanup", Time since last: 3000889149 ns, Reaching safepoint: 204219 ns, At safepoint: 26991 ns, Total: 231210 ns
[2022-09-29T06:03:38.572+0000][7][gc,start    ] GC(25) Pause Young (Normal) (G1 Evacuation Pause)
[2022-09-29T06:03:38.572+0000][7][gc,task     ] GC(25) Using 6 workers of 13 for evacuation
[2022-09-29T06:03:38.573+0000][7][gc,age      ] GC(25) Desired survivor size 10485760 bytes, new threshold 3 (max threshold 15)
[2022-09-29T06:03:38.588+0000][7][gc,age      ] GC(25) Age table with threshold 3 (max threshold 15)
[2022-09-29T06:03:38.588+0000][7][gc,age      ] GC(25) - age   1:    6751624 bytes,    6751624 total
[2022-09-29T06:03:38.589+0000][7][gc,age      ] GC(25) - age   2:    6135280 bytes,   12886904 total
[2022-09-29T06:03:38.589+0000][7][gc,age      ] GC(25) - age   3:    2130016 bytes,   15016920 total
[2022-09-29T06:03:38.589+0000][7][gc,phases   ] GC(25)   Pre Evacuate Collection Set: 0.2ms
[2022-09-29T06:03:38.590+0000][7][gc,phases   ] GC(25)   Merge Heap Roots: 0.1ms
[2022-09-29T06:03:38.590+0000][7][gc,phases   ] GC(25)   Evacuate Collection Set: 12.3ms
[2022-09-29T06:03:38.590+0000][7][gc,phases   ] GC(25)   Post Evacuate Collection Set: 2.2ms
[2022-09-29T06:03:38.590+0000][7][gc,phases   ] GC(25)   Other: 2.5ms
[2022-09-29T06:03:38.591+0000][7][gc,heap     ] GC(25) Eden regions: 29->0(27)
[2022-09-29T06:03:38.591+0000][7][gc,heap     ] GC(25) Survivor regions: 4->4(5)
[2022-09-29T06:03:38.591+0000][7][gc,heap     ] GC(25) Old regions: 14->16
[2022-09-29T06:03:38.591+0000][7][gc,heap     ] GC(25) Archive regions: 2->2
[2022-09-29T06:03:38.591+0000][7][gc,heap     ] GC(25) Humongous regions: 0->0
[2022-09-29T06:03:38.591+0000][7][gc,metaspace] GC(25) Metaspace: 88286K(92316K)->88286K(92316K) NonClass: 76317K(79260K)->76317K(79260K) Class: 11969K(13056K)->11969K(13056K)
[2022-09-29T06:03:38.592+0000][7][gc          ] GC(25) Pause Young (Normal) (G1 Evacuation Pause) 190M->81M(256M) 19.801ms
[2022-09-29T06:03:38.592+0000][7][gc,cpu      ] GC(25) User=0.08s Sys=0.00s Real=0.02s
[2022-09-29T06:03:38.592+0000][7][safepoint   ] Safepoint "G1CollectForAllocation", Time since last: 1775982691 ns, Reaching safepoint: 303078 ns, At safepoint: 20360639 ns, Total: 20663717 ns
[2022-09-29T06:03:46.594+0000][7][safepoint   ] Safepoint "Cleanup", Time since last: 8001742918 ns, Reaching safepoint: 187878 ns, At safepoint: 19647 ns, Total: 207525 ns
[2022-09-29T06:03:48.595+0000][7][safepoint   ] Safepoint "Cleanup", Time since last: 2000538821 ns, Reaching safepoint: 167228 ns, At safepoint: 4108 ns, Total: 171336 ns
[2022-09-29T06:03:49.596+0000][7][safepoint   ] Safepoint "Cleanup", Time since last: 1000461295 ns, Reaching safepoint: 182327 ns, At safepoint: 21812 ns, Total: 204139 ns
[2022-09-29T06:03:54.597+0000][7][safepoint   ] Safepoint "Cleanup", Time since last: 5000920864 ns, Reaching safepoint: 241700 ns, At safepoint: 21201 ns, Total: 262901 ns
[2022-09-29T06:03:56.598+0000][7][safepoint   ] Safepoint "Cleanup", Time since last: 2000679685 ns, Reaching safepoint: 351480 ns, At safepoint: 44004 ns, Total: 395484 ns
[2022-09-29T06:03:59.599+0000][7][safepoint   ] Safepoint "Cleanup", Time since last: 3000873306 ns, Reaching safepoint: 373729 ns, At safepoint: 42521 ns, Total: 416250 ns
[2022-09-29T06:04:00.600+0000][7][safepoint   ] Safepoint "Cleanup", Time since last: 1000680180 ns, Reaching safepoint: 305853 ns, At safepoint: 42130 ns, Total: 347983 ns
[2022-09-29T06:04:01.989+0000][7][safepoint   ] Safepoint "Cleanup", Time since last: 1388996945 ns, Reaching safepoint: 180444 ns, At safepoint: 3898 ns, Total: 184342 ns
[2022-09-29T06:04:11.992+0000][7][safepoint   ] Safepoint "Cleanup", Time since last: 10002144389 ns, Reaching safepoint: 392728 ns, At safepoint: 50437 ns, Total: 443165 ns
[2022-09-29T06:04:15.994+0000][7][safepoint   ] Safepoint "Cleanup", Time since last: 4001350599 ns, Reaching safepoint: 298749 ns, At safepoint: 27563 ns, Total: 326312 ns
[2022-09-29T06:04:16.994+0000][7][safepoint   ] Safepoint "Cleanup", Time since last: 1000582939 ns, Reaching safepoint: 219158 ns, At safepoint: 5370 ns, Total: 224528 ns
[2022-09-29T06:04:21.921+0000][7][gc,start    ] GC(26) Pause Young (Concurrent Start) (G1 Humongous Allocation)
[2022-09-29T06:04:21.922+0000][7][gc,task     ] GC(26) Using 6 workers of 13 for evacuation
[2022-09-29T06:04:21.922+0000][7][gc,age      ] GC(26) Desired survivor size 8388608 bytes, new threshold 2 (max threshold 15)
[2022-09-29T06:04:21.942+0000][7][gc,age      ] GC(26) Age table with threshold 2 (max threshold 15)
[2022-09-29T06:04:21.943+0000][7][gc,age      ] GC(26) - age   1:    2379744 bytes,    2379744 total
[2022-09-29T06:04:21.943+0000][7][gc,age      ] GC(26) - age   2:    6515736 bytes,    8895480 total
[2022-09-29T06:04:21.944+0000][7][gc,phases   ] GC(26)   Pre Evacuate Collection Set: 0.5ms
[2022-09-29T06:04:21.944+0000][7][gc,phases   ] GC(26)   Merge Heap Roots: 0.2ms
[2022-09-29T06:04:21.945+0000][7][gc,phases   ] GC(26)   Evacuate Collection Set: 17.0ms
[2022-09-29T06:04:21.945+0000][7][gc,phases   ] GC(26)   Post Evacuate Collection Set: 1.8ms
[2022-09-29T06:04:21.945+0000][7][gc,phases   ] GC(26)   Other: 3.2ms
[2022-09-29T06:04:21.946+0000][7][gc,heap     ] GC(26) Eden regions: 8->0(26)
[2022-09-29T06:04:21.946+0000][7][gc,heap     ] GC(26) Survivor regions: 4->3(4)
[2022-09-29T06:04:21.947+0000][7][gc,heap     ] GC(26) Old regions: 16->18
[2022-09-29T06:04:21.947+0000][7][gc,heap     ] GC(26) Archive regions: 2->2
[2022-09-29T06:04:21.948+0000][7][gc,heap     ] GC(26) Humongous regions: 1->1
[2022-09-29T06:04:21.948+0000][7][gc,metaspace] GC(26) Metaspace: 90715K(94748K)->90715K(94748K) NonClass: 78423K(81308K)->78423K(81308K) Class: 12292K(13440K)->12292K(13440K)
[2022-09-29T06:04:21.949+0000][7][gc          ] GC(26) Pause Young (Concurrent Start) (G1 Humongous Allocation) 115M->87M(256M) 27.606ms
[2022-09-29T06:04:21.949+0000][7][gc,cpu      ] GC(26) User=0.10s Sys=0.03s Real=0.03s
[2022-09-29T06:04:21.950+0000][7][gc          ] GC(27) Concurrent Cycle
[2022-09-29T06:04:21.950+0000][7][safepoint   ] Safepoint "G1TryInitiateConcMark", Time since last: 4926499290 ns, Reaching safepoint: 298134 ns, At safepoint: 28848859 ns, Total: 29146993 ns
[2022-09-29T06:04:21.951+0000][7][gc,marking  ] GC(27) Concurrent Clear Claimed Marks
[2022-09-29T06:04:21.952+0000][7][gc,marking  ] GC(27) Concurrent Clear Claimed Marks 1.340ms
[2022-09-29T06:04:21.952+0000][7][gc,marking  ] GC(27) Concurrent Scan Root Regions
[2022-09-29T06:04:21.963+0000][7][gc,marking  ] GC(27) Concurrent Scan Root Regions 10.125ms
[2022-09-29T06:04:21.963+0000][7][gc,marking  ] GC(27) Concurrent Mark (71.056s)
[2022-09-29T06:04:21.964+0000][7][gc,marking  ] GC(27) Concurrent Mark From Roots
[2022-09-29T06:04:21.964+0000][7][gc,task     ] GC(27) Using 3 workers of 3 for marking
[2022-09-29T06:04:22.023+0000][7][gc,marking  ] GC(27) Concurrent Mark From Roots 59.632ms
[2022-09-29T06:04:22.024+0000][7][gc,marking  ] GC(27) Concurrent Preclean
[2022-09-29T06:04:22.025+0000][7][gc,marking  ] GC(27) Concurrent Preclean 0.807ms
[2022-09-29T06:04:22.025+0000][7][gc,marking  ] GC(27) Concurrent Mark (71.056s, 71.118s) 62.069ms
[2022-09-29T06:04:22.026+0000][7][gc,start    ] GC(27) Pause Remark
[2022-09-29T06:04:22.031+0000][7][gc          ] GC(27) Pause Remark 105M->105M(256M) 4.932ms
[2022-09-29T06:04:22.032+0000][7][gc,cpu      ] GC(27) User=0.04s Sys=0.00s Real=0.01s
[2022-09-29T06:04:22.032+0000][7][safepoint   ] Safepoint "G1Concurrent", Time since last: 75710194 ns, Reaching safepoint: 312155 ns, At safepoint: 6204263 ns, Total: 6516418 ns
[2022-09-29T06:04:22.033+0000][7][gc,marking  ] GC(27) Concurrent Rebuild Remembered Sets
[2022-09-29T06:04:22.073+0000][7][gc,marking  ] GC(27) Concurrent Rebuild Remembered Sets 40.288ms
[2022-09-29T06:04:22.075+0000][7][gc,start    ] GC(27) Pause Cleanup
[2022-09-29T06:04:22.076+0000][7][gc          ] GC(27) Pause Cleanup 106M->106M(256M) 0.746ms
[2022-09-29T06:04:22.076+0000][7][gc,cpu      ] GC(27) User=0.00s Sys=0.00s Real=0.00s
[2022-09-29T06:04:22.077+0000][7][safepoint   ] Safepoint "G1Concurrent", Time since last: 41659386 ns, Reaching safepoint: 1242503 ns, At safepoint: 1786985 ns, Total: 3029488 ns
[2022-09-29T06:04:22.077+0000][7][gc,marking  ] GC(27) Concurrent Cleanup for Next Mark
[2022-09-29T06:04:22.078+0000][7][gc,marking  ] GC(27) Concurrent Cleanup for Next Mark 0.951ms
[2022-09-29T06:04:22.079+0000][7][gc          ] GC(27) Concurrent Cycle 128.919ms
[2022-09-29T06:04:23.078+0000][7][safepoint   ] Safepoint "Cleanup", Time since last: 1000536127 ns, Reaching safepoint: 339668 ns, At safepoint: 12483 ns, Total: 352151 ns
[2022-09-29T06:04:24.079+0000][7][safepoint   ] Safepoint "Cleanup", Time since last: 1000762446 ns, Reaching safepoint: 358494 ns, At safepoint: 74622 ns, Total: 433116 ns
[2022-09-29T06:04:25.080+0000][7][safepoint   ] Safepoint "Cleanup", Time since last: 1000727895 ns, Reaching safepoint: 237202 ns, At safepoint: 32192 ns, Total: 269394 ns
[2022-09-29T06:04:26.081+0000][7][safepoint   ] Safepoint "Cleanup", Time since last: 1000433767 ns, Reaching safepoint: 316864 ns, At safepoint: 6863 ns, Total: 323727 ns
[2022-09-29T06:04:29.082+0000][7][safepoint   ] Safepoint "Cleanup", Time since last: 3001285161 ns, Reaching safepoint: 346671 ns, At safepoint: 47210 ns, Total: 393881 ns
[2022-09-29T06:04:31.084+0000][7][safepoint   ] Safepoint "Cleanup", Time since last: 2000766552 ns, Reaching safepoint: 354826 ns, At safepoint: 43844 ns, Total: 398670 ns
[2022-09-29T06:04:40.088+0000][7][safepoint   ] Safepoint "Cleanup", Time since last: 9001962101 ns, Reaching safepoint: 1984151 ns, At safepoint: 50827 ns, Total: 2034978 ns
[2022-09-29T06:04:41.088+0000][7][safepoint   ] Safepoint "Cleanup", Time since last: 1000543341 ns, Reaching safepoint: 253691 ns, At safepoint: 26971 ns, Total: 280662 ns
[2022-09-29T06:04:44.090+0000][7][safepoint   ] Safepoint "Cleanup", Time since last: 3000976692 ns, Reaching safepoint: 261565 ns, At safepoint: 29356 ns, Total: 290921 ns
[2022-09-29T06:04:53.092+0000][7][safepoint   ] Safepoint "Cleanup", Time since last: 9001873716 ns, Reaching safepoint: 251198 ns, At safepoint: 22413 ns, Total: 273611 ns
[2022-09-29T06:04:54.093+0000][7][safepoint   ] Safepoint "Cleanup", Time since last: 1000733213 ns, Reaching safepoint: 419459 ns, At safepoint: 59153 ns, Total: 478612 ns
[2022-09-29T06:05:01.096+0000][7][safepoint   ] Safepoint "Cleanup", Time since last: 7002537236 ns, Reaching safepoint: 342389 ns, At safepoint: 45567 ns, Total: 387956 ns
[2022-09-29T06:05:12.099+0000][7][safepoint   ] Safepoint "Cleanup", Time since last: 11002500652 ns, Reaching safepoint: 249636 ns, At safepoint: 21170 ns, Total: 270806 ns
[2022-09-29T06:05:14.100+0000][7][safepoint   ] Safepoint "Cleanup", Time since last: 2000693173 ns, Reaching safepoint: 300237 ns, At safepoint: 27021 ns, Total: 327258 ns
[2022-09-29T06:05:29.103+0000][7][safepoint   ] Safepoint "Cleanup", Time since last: 15002783576 ns, Reaching safepoint: 436442 ns, At safepoint: 47591 ns, Total: 484033 ns
[2022-09-29T06:05:30.104+0000][7][safepoint   ] Safepoint "Cleanup", Time since last: 1000877806 ns, Reaching safepoint: 506405 ns, At safepoint: 42250 ns, Total: 548655 ns
[2022-09-29T06:05:31.106+0000][7][safepoint   ] Safepoint "Cleanup", Time since last: 1001045829 ns, Reaching safepoint: 345628 ns, At safepoint: 32392 ns, Total: 378020 ns
[2022-09-29T06:05:35.107+0000][7][safepoint   ] Safepoint "Cleanup", Time since last: 4000950643 ns, Reaching safepoint: 214960 ns, At safepoint: 5911 ns, Total: 220871 ns
[2022-09-29T06:05:36.108+0000][7][safepoint   ] Safepoint "Cleanup", Time since last: 1000500544 ns, Reaching safepoint: 226582 ns, At safepoint: 25439 ns, Total: 252021 ns
[2022-09-29T06:05:37.109+0000][7][safepoint   ] Safepoint "Cleanup", Time since last: 1000571665 ns, Reaching safepoint: 384357 ns, At safepoint: 25328 ns, Total: 409685 ns
[2022-09-29T06:05:40.110+0000][7][safepoint   ] Safepoint "Cleanup", Time since last: 3000770160 ns, Reaching safepoint: 236506 ns, At safepoint: 25659 ns, Total: 262165 ns
[2022-09-29T06:05:44.112+0000][7][safepoint   ] Safepoint "Cleanup", Time since last: 4001046863 ns, Reaching safepoint: 751247 ns, At safepoint: 76896 ns, Total: 828143 ns
[2022-09-29T06:05:51.114+0000][7][safepoint   ] Safepoint "Cleanup", Time since last: 7001742065 ns, Reaching safepoint: 412997 ns, At safepoint: 12073 ns, Total: 425070 ns
[2022-09-29T06:05:53.115+0000][7][safepoint   ] Safepoint "Cleanup", Time since last: 2001261746 ns, Reaching safepoint: 260968 ns, At safepoint: 40367 ns, Total: 301335 ns
[2022-09-29T06:06:00.117+0000][7][safepoint   ] Safepoint "Cleanup", Time since last: 7001507052 ns, Reaching safepoint: 319223 ns, At safepoint: 36219 ns, Total: 355442 ns
[2022-09-29T06:06:01.119+0000][7][safepoint   ] Safepoint "Cleanup", Time since last: 1000747310 ns, Reaching safepoint: 429393 ns, At safepoint: 50397 ns, Total: 479790 ns
[2022-09-29T06:06:06.120+0000][7][safepoint   ] Safepoint "Cleanup", Time since last: 5001355692 ns, Reaching safepoint: 244974 ns, At safepoint: 24947 ns, Total: 269921 ns
[2022-09-29T06:06:12.122+0000][7][safepoint   ] Safepoint "Cleanup", Time since last: 6001609650 ns, Reaching safepoint: 321573 ns, At safepoint: 35528 ns, Total: 357101 ns
[2022-09-29T06:06:31.127+0000][7][safepoint   ] Safepoint "Cleanup", Time since last: 19004618032 ns, Reaching safepoint: 549731 ns, At safepoint: 73249 ns, Total: 622980 ns
[2022-09-29T06:06:40.130+0000][7][safepoint   ] Safepoint "Cleanup", Time since last: 9002289801 ns, Reaching safepoint: 364665 ns, At safepoint: 42210 ns, Total: 406875 ns
[2022-09-29T06:06:45.131+0000][7][safepoint   ] Safepoint "Cleanup", Time since last: 5001081382 ns, Reaching safepoint: 262924 ns, At safepoint: 25428 ns, Total: 288352 ns
[2022-09-29T06:06:49.133+0000][7][safepoint   ] Safepoint "Cleanup", Time since last: 4000904783 ns, Reaching safepoint: 285987 ns, At safepoint: 32151 ns, Total: 318138 ns
[2022-09-29T06:06:53.134+0000][7][safepoint   ] Safepoint "Cleanup", Time since last: 4001148602 ns, Reaching safepoint: 265286 ns, At safepoint: 50776 ns, Total: 316062 ns
[2022-09-29T06:06:59.136+0000][7][safepoint   ] Safepoint "Cleanup", Time since last: 6001560188 ns, Reaching safepoint: 282909 ns, At safepoint: 22253 ns, Total: 305162 ns
[2022-09-29T06:07:01.137+0000][7][safepoint   ] Safepoint "Cleanup", Time since last: 2000647646 ns, Reaching safepoint: 250194 ns, At safepoint: 28054 ns, Total: 278248 ns
[2022-09-29T06:07:21.142+0000][7][safepoint   ] Safepoint "Cleanup", Time since last: 20004373239 ns, Reaching safepoint: 334898 ns, At safepoint: 20580 ns, Total: 355478 ns
[2022-09-29T06:07:27.143+0000][7][safepoint   ] Safepoint "Cleanup", Time since last: 6001270651 ns, Reaching safepoint: 297276 ns, At safepoint: 4599 ns, Total: 301875 ns
[2022-09-29T06:07:30.145+0000][7][safepoint   ] Safepoint "Cleanup", Time since last: 3000774651 ns, Reaching safepoint: 591557 ns, At safepoint: 82367 ns, Total: 673924 ns
[2022-09-29T06:07:43.148+0000][7][safepoint   ] Safepoint "Cleanup", Time since last: 13003015321 ns, Reaching safepoint: 354835 ns, At safepoint: 44805 ns, Total: 399640 ns
[2022-09-29T06:07:43.755+0000][7][gc,start    ] GC(28) Pause Young (Normal) (G1 Evacuation Pause)
[2022-09-29T06:07:43.756+0000][7][gc,task     ] GC(28) Using 6 workers of 13 for evacuation
[2022-09-29T06:07:43.756+0000][7][gc,age      ] GC(28) Desired survivor size 8388608 bytes, new threshold 2 (max threshold 15)
[2022-09-29T06:07:43.773+0000][7][gc,age      ] GC(28) Age table with threshold 2 (max threshold 15)
[2022-09-29T06:07:43.773+0000][7][gc,age      ] GC(28) - age   1:    3266656 bytes,    3266656 total
[2022-09-29T06:07:43.774+0000][7][gc,age      ] GC(28) - age   2:    2270552 bytes,    5537208 total
[2022-09-29T06:07:43.774+0000][7][gc,phases   ] GC(28)   Pre Evacuate Collection Set: 0.2ms
[2022-09-29T06:07:43.774+0000][7][gc,phases   ] GC(28)   Merge Heap Roots: 0.3ms
[2022-09-29T06:07:43.774+0000][7][gc,phases   ] GC(28)   Evacuate Collection Set: 14.6ms
[2022-09-29T06:07:43.774+0000][7][gc,phases   ] GC(28)   Post Evacuate Collection Set: 1.6ms
[2022-09-29T06:07:43.775+0000][7][gc,phases   ] GC(28)   Other: 2.1ms
[2022-09-29T06:07:43.775+0000][7][gc,heap     ] GC(28) Eden regions: 26->0(22)
[2022-09-29T06:07:43.775+0000][7][gc,heap     ] GC(28) Survivor regions: 3->2(4)
[2022-09-29T06:07:43.775+0000][7][gc,heap     ] GC(28) Old regions: 18->20
[2022-09-29T06:07:43.775+0000][7][gc,heap     ] GC(28) Archive regions: 2->2
[2022-09-29T06:07:43.775+0000][7][gc,heap     ] GC(28) Humongous regions: 5->5
[2022-09-29T06:07:43.776+0000][7][gc,metaspace] GC(28) Metaspace: 95567K(99740K)->95567K(99740K) NonClass: 82603K(85660K)->82603K(85660K) Class: 12964K(14080K)->12964K(14080K)
[2022-09-29T06:07:43.776+0000][7][gc          ] GC(28) Pause Young (Normal) (G1 Evacuation Pause) 207M->107M(256M) 20.508ms
[2022-09-29T06:07:43.776+0000][7][gc,cpu      ] GC(28) User=0.09s Sys=0.00s Real=0.02s
[2022-09-29T06:07:43.776+0000][7][safepoint   ] Safepoint "G1CollectForAllocation", Time since last: 606890504 ns, Reaching safepoint: 233817 ns, At safepoint: 21083836 ns, Total: 21317653 ns
[2022-09-29T06:07:50.778+0000][7][safepoint   ] Safepoint "Cleanup", Time since last: 7001524014 ns, Reaching safepoint: 298269 ns, At safepoint: 5851 ns, Total: 304120 ns
[2022-09-29T06:07:52.780+0000][7][safepoint   ] Safepoint "Cleanup", Time since last: 2001426733 ns, Reaching safepoint: 533464 ns, At safepoint: 38313 ns, Total: 571777 ns
[2022-09-29T06:07:56.781+0000][7][safepoint   ] Safepoint "Cleanup", Time since last: 4000960696 ns, Reaching safepoint: 331164 ns, At safepoint: 31350 ns, Total: 362514 ns
[2022-09-29T06:08:04.783+0000][7][safepoint   ] Safepoint "Cleanup", Time since last: 8001470829 ns, Reaching safepoint: 256746 ns, At safepoint: 26861 ns, Total: 283607 ns
[2022-09-29T06:08:12.785+0000][7][safepoint   ] Safepoint "Cleanup", Time since last: 8001347868 ns, Reaching safepoint: 323494 ns, At safepoint: 27262 ns, Total: 350756 ns
[2022-09-29T06:08:19.787+0000][7][safepoint   ] Safepoint "Cleanup", Time since last: 7001458720 ns, Reaching safepoint: 338275 ns, At safepoint: 55916 ns, Total: 394191 ns
[2022-09-29T06:08:21.788+0000][7][safepoint   ] Safepoint "Cleanup", Time since last: 2000943389 ns, Reaching safepoint: 685757 ns, At safepoint: 70865 ns, Total: 756622 ns
[2022-09-29T06:08:22.790+0000][7][safepoint   ] Safepoint "Cleanup", Time since last: 1001141822 ns, Reaching safepoint: 214592 ns, At safepoint: 7163 ns, Total: 221755 ns
[2022-09-29T06:08:23.791+0000][7][safepoint   ] Safepoint "Cleanup", Time since last: 1000615765 ns, Reaching safepoint: 332173 ns, At safepoint: 30037 ns, Total: 362210 ns
[2022-09-29T06:08:29.793+0000][7][safepoint   ] Safepoint "Cleanup", Time since last: 6001427657 ns, Reaching safepoint: 673003 ns, At safepoint: 30338 ns, Total: 703341 ns
[2022-09-29T06:08:30.795+0000][7][safepoint   ] Safepoint "Cleanup", Time since last: 1001378750 ns, Reaching safepoint: 251860 ns, At safepoint: 24758 ns, Total: 276618 ns
[2022-09-29T06:08:39.796+0000][7][safepoint   ] Safepoint "Cleanup", Time since last: 9001613436 ns, Reaching safepoint: 312561 ns, At safepoint: 25218 ns, Total: 337779 ns
[2022-09-29T06:08:40.798+0000][7][safepoint   ] Safepoint "Cleanup", Time since last: 1000569035 ns, Reaching safepoint: 665270 ns, At safepoint: 85363 ns, Total: 750633 ns
[2022-09-29T06:09:00.803+0000][7][safepoint   ] Safepoint "Cleanup", Time since last: 20004375156 ns, Reaching safepoint: 461785 ns, At safepoint: 34636 ns, Total: 496421 ns
[2022-09-29T06:09:30.809+0000][7][safepoint   ] Safepoint "Cleanup", Time since last: 30005973517 ns, Reaching safepoint: 538368 ns, At safepoint: 24947 ns, Total: 563315 ns
[2022-09-29T06:10:00.816+0000][7][safepoint   ] Safepoint "Cleanup", Time since last: 30005874742 ns, Reaching safepoint: 512832 ns, At safepoint: 47461 ns, Total: 560293 ns
[2022-09-29T06:10:19.067+0000][7][safepoint   ] Safepoint "Cleanup", Time since last: 18250871236 ns, Reaching safepoint: 388455 ns, At safepoint: 32191 ns, Total: 420646 ns
[2022-09-29T06:10:20.068+0000][7][safepoint   ] Safepoint "Cleanup", Time since last: 1000792834 ns, Reaching safepoint: 235502 ns, At safepoint: 24967 ns, Total: 260469 ns
[2022-09-29T06:10:48.073+0000][7][safepoint   ] Safepoint "Cleanup", Time since last: 28004839109 ns, Reaching safepoint: 395894 ns, At safepoint: 42531 ns, Total: 438425 ns
[2022-09-29T06:10:50.074+0000][7][safepoint   ] Safepoint "Cleanup", Time since last: 2000834194 ns, Reaching safepoint: 255697 ns, At safepoint: 26841 ns, Total: 282538 ns
[2022-09-29T06:11:31.083+0000][7][safepoint   ] Safepoint "Cleanup", Time since last: 41007986827 ns, Reaching safepoint: 407287 ns, At safepoint: 44735 ns, Total: 452022 ns
[2022-09-29T06:11:53.088+0000][7][safepoint   ] Safepoint "Cleanup", Time since last: 22004891499 ns, Reaching safepoint: 349385 ns, At safepoint: 25309 ns, Total: 374694 ns
[2022-09-29T06:12:01.093+0000][7][safepoint   ] Safepoint "Cleanup", Time since last: 8004147840 ns, Reaching safepoint: 453151 ns, At safepoint: 27964 ns, Total: 481115 ns
[2022-09-29T06:12:53.102+0000][7][safepoint   ] Safepoint "Cleanup", Time since last: 52009049806 ns, Reaching safepoint: 314991 ns, At safepoint: 19336 ns, Total: 334327 ns
[2022-09-29T06:12:54.103+0000][7][safepoint   ] Safepoint "Cleanup", Time since last: 1000462951 ns, Reaching safepoint: 374133 ns, At safepoint: 22372 ns, Total: 396505 ns
[2022-09-29T06:13:03.956+0000][7][gc,start    ] GC(29) Pause Young (Concurrent Start) (G1 Evacuation Pause)
[2022-09-29T06:13:03.956+0000][7][gc,task     ] GC(29) Using 6 workers of 13 for evacuation
[2022-09-29T06:13:03.957+0000][7][gc,age      ] GC(29) Desired survivor size 6291456 bytes, new threshold 15 (max threshold 15)
[2022-09-29T06:13:03.966+0000][7][gc,age      ] GC(29) Age table with threshold 15 (max threshold 15)
[2022-09-29T06:13:03.967+0000][7][gc,age      ] GC(29) - age   1:      58328 bytes,      58328 total
[2022-09-29T06:13:03.967+0000][7][gc,age      ] GC(29) - age   2:    2878160 bytes,    2936488 total
[2022-09-29T06:13:03.968+0000][7][gc,age      ] GC(29) - age   3:    2157344 bytes,    5093832 total
[2022-09-29T06:13:03.968+0000][7][gc,phases   ] GC(29)   Pre Evacuate Collection Set: 0.5ms
[2022-09-29T06:13:03.968+0000][7][gc,phases   ] GC(29)   Merge Heap Roots: 0.2ms
[2022-09-29T06:13:03.969+0000][7][gc,phases   ] GC(29)   Evacuate Collection Set: 6.8ms
[2022-09-29T06:13:03.969+0000][7][gc,phases   ] GC(29)   Post Evacuate Collection Set: 1.8ms
[2022-09-29T06:13:03.970+0000][7][gc,phases   ] GC(29)   Other: 2.8ms
[2022-09-29T06:13:03.970+0000][7][gc,heap     ] GC(29) Eden regions: 22->0(22)
[2022-09-29T06:13:03.970+0000][7][gc,heap     ] GC(29) Survivor regions: 2->2(3)
[2022-09-29T06:13:03.971+0000][7][gc,heap     ] GC(29) Old regions: 20->20
[2022-09-29T06:13:03.971+0000][7][gc,heap     ] GC(29) Archive regions: 2->2
[2022-09-29T06:13:03.971+0000][7][gc,heap     ] GC(29) Humongous regions: 5->5
[2022-09-29T06:13:03.972+0000][7][gc,metaspace] GC(29) Metaspace: 95692K(99868K)->95692K(99868K) NonClass: 82725K(85660K)->82725K(85660K) Class: 12967K(14208K)->12967K(14208K)
[2022-09-29T06:13:03.972+0000][7][gc          ] GC(29) Pause Young (Concurrent Start) (G1 Evacuation Pause) 195M->106M(256M) 15.926ms
[2022-09-29T06:13:03.972+0000][7][gc,cpu      ] GC(29) User=0.05s Sys=0.00s Real=0.02s
[2022-09-29T06:13:03.972+0000][7][gc          ] GC(30) Concurrent Cycle
[2022-09-29T06:13:03.972+0000][7][safepoint   ] Safepoint "G1CollectForAllocation", Time since last: 9852749815 ns, Reaching safepoint: 215651 ns, At safepoint: 16511707 ns, Total: 16727358 ns
[2022-09-29T06:13:03.973+0000][7][gc,marking  ] GC(30) Concurrent Clear Claimed Marks
[2022-09-29T06:13:03.973+0000][7][gc,marking  ] GC(30) Concurrent Clear Claimed Marks 0.690ms
[2022-09-29T06:13:03.974+0000][7][gc,marking  ] GC(30) Concurrent Scan Root Regions
[2022-09-29T06:13:03.978+0000][7][gc,marking  ] GC(30) Concurrent Scan Root Regions 4.500ms
[2022-09-29T06:13:03.979+0000][7][gc,marking  ] GC(30) Concurrent Mark (593.071s)
[2022-09-29T06:13:03.979+0000][7][gc,marking  ] GC(30) Concurrent Mark From Roots
[2022-09-29T06:13:03.979+0000][7][gc,task     ] GC(30) Using 3 workers of 3 for marking
[2022-09-29T06:13:04.032+0000][7][gc,marking  ] GC(30) Concurrent Mark From Roots 52.570ms
[2022-09-29T06:13:04.032+0000][7][gc,marking  ] GC(30) Concurrent Preclean
[2022-09-29T06:13:04.034+0000][7][gc,marking  ] GC(30) Concurrent Preclean 1.529ms
[2022-09-29T06:13:04.034+0000][7][gc,marking  ] GC(30) Concurrent Mark (593.071s, 593.127s) 55.371ms
[2022-09-29T06:13:04.035+0000][7][gc,start    ] GC(30) Pause Remark
[2022-09-29T06:13:04.053+0000][7][gc          ] GC(30) Pause Remark 107M->107M(256M) 18.237ms
[2022-09-29T06:13:04.054+0000][7][gc,cpu      ] GC(30) User=0.09s Sys=0.00s Real=0.02s
[2022-09-29T06:13:04.054+0000][7][safepoint   ] Safepoint "G1Concurrent", Time since last: 62172975 ns, Reaching safepoint: 317605 ns, At safepoint: 19180200 ns, Total: 19497805 ns
[2022-09-29T06:13:04.054+0000][7][gc,marking  ] GC(30) Concurrent Rebuild Remembered Sets
[2022-09-29T06:13:04.085+0000][7][gc,marking  ] GC(30) Concurrent Rebuild Remembered Sets 30.717ms
[2022-09-29T06:13:04.086+0000][7][gc,start    ] GC(30) Pause Cleanup
[2022-09-29T06:13:04.087+0000][7][gc          ] GC(30) Pause Cleanup 108M->108M(256M) 0.577ms
[2022-09-29T06:13:04.087+0000][7][gc,cpu      ] GC(30) User=0.01s Sys=0.00s Real=0.00s
[2022-09-29T06:13:04.088+0000][7][safepoint   ] Safepoint "G1Concurrent", Time since last: 31657978 ns, Reaching safepoint: 517867 ns, At safepoint: 1360512 ns, Total: 1878379 ns
[2022-09-29T06:13:04.088+0000][7][gc,marking  ] GC(30) Concurrent Cleanup for Next Mark
[2022-09-29T06:13:04.090+0000][7][gc,marking  ] GC(30) Concurrent Cleanup for Next Mark 1.452ms
[2022-09-29T06:13:04.090+0000][7][gc          ] GC(30) Concurrent Cycle 117.513ms
[2022-09-29T06:13:05.088+0000][7][safepoint   ] Safepoint "Cleanup", Time since last: 1000469072 ns, Reaching safepoint: 277176 ns, At safepoint: 22162 ns, Total: 299338 ns
[2022-09-29T06:13:09.090+0000][7][safepoint   ] Safepoint "Cleanup", Time since last: 4001746281 ns, Reaching safepoint: 312366 ns, At safepoint: 6642 ns, Total: 319008 ns
[2022-09-29T06:13:16.092+0000][7][safepoint   ] Safepoint "Cleanup", Time since last: 7001409138 ns, Reaching safepoint: 249916 ns, At safepoint: 22223 ns, Total: 272139 ns
[2022-09-29T06:13:23.094+0000][7][safepoint   ] Safepoint "Cleanup", Time since last: 7001564422 ns, Reaching safepoint: 240696 ns, At safepoint: 25078 ns, Total: 265774 ns
[2022-09-29T06:13:29.842+0000][7][safepoint   ] Safepoint "Cleanup", Time since last: 6747921600 ns, Reaching safepoint: 269384 ns, At safepoint: 21451 ns, Total: 290835 ns
[2022-09-29T06:13:30.843+0000][7][safepoint   ] Safepoint "Cleanup", Time since last: 1000550214 ns, Reaching safepoint: 307005 ns, At safepoint: 24958 ns, Total: 331963 ns
[2022-09-29T06:14:22.854+0000][7][safepoint   ] Safepoint "Cleanup", Time since last: 52010589921 ns, Reaching safepoint: 174984 ns, At safepoint: 23595 ns, Total: 198579 ns
[2022-09-29T06:14:49.861+0000][7][safepoint   ] Safepoint "Cleanup", Time since last: 27006135077 ns, Reaching safepoint: 694406 ns, At safepoint: 93418 ns, Total: 787824 ns
[2022-09-29T06:16:34.882+0000][7][safepoint   ] Safepoint "Cleanup", Time since last: 105021221766 ns, Reaching safepoint: 394432 ns, At safepoint: 48071 ns, Total: 442503 ns
[2022-09-29T06:17:00.888+0000][7][safepoint   ] Safepoint "Cleanup", Time since last: 26005630273 ns, Reaching safepoint: 325497 ns, At safepoint: 26851 ns, Total: 352348 ns
[2022-09-29T06:17:25.894+0000][7][safepoint   ] Safepoint "Cleanup", Time since last: 25005386410 ns, Reaching safepoint: 349225 ns, At safepoint: 53081 ns, Total: 402306 ns
[2022-09-29T06:17:28.895+0000][7][safepoint   ] Safepoint "Cleanup", Time since last: 3000862792 ns, Reaching safepoint: 225447 ns, At safepoint: 21150 ns, Total: 246597 ns
[2022-09-29T06:17:30.896+0000][7][safepoint   ] Safepoint "Cleanup", Time since last: 2000636828 ns, Reaching safepoint: 255875 ns, At safepoint: 26941 ns, Total: 282816 ns
[2022-09-29T06:17:34.898+0000][7][safepoint   ] Safepoint "Cleanup", Time since last: 4001084412 ns, Reaching safepoint: 254435 ns, At safepoint: 41509 ns, Total: 295944 ns
[2022-09-29T06:17:55.902+0000][7][safepoint   ] Safepoint "Cleanup", Time since last: 21004233419 ns, Reaching safepoint: 193619 ns, At safepoint: 18295 ns, Total: 211914 ns
[2022-09-29T06:18:22.909+0000][7][safepoint   ] Safepoint "Cleanup", Time since last: 27006127523 ns, Reaching safepoint: 289963 ns, At safepoint: 50406 ns, Total: 340369 ns
[2022-09-29T06:18:24.142+0000][7][gc,start    ] GC(31) Pause Young (Normal) (G1 Evacuation Pause)
[2022-09-29T06:18:24.142+0000][7][gc,task     ] GC(31) Using 6 workers of 13 for evacuation
[2022-09-29T06:18:24.143+0000][7][gc,age      ] GC(31) Desired survivor size 6291456 bytes, new threshold 15 (max threshold 15)
[2022-09-29T06:18:24.152+0000][7][gc,age      ] GC(31) Age table with threshold 15 (max threshold 15)
[2022-09-29T06:18:24.153+0000][7][gc,age      ] GC(31) - age   1:      11080 bytes,      11080 total
[2022-09-29T06:18:24.153+0000][7][gc,age      ] GC(31) - age   2:      49832 bytes,      60912 total
[2022-09-29T06:18:24.153+0000][7][gc,age      ] GC(31) - age   3:    2876496 bytes,    2937408 total
[2022-09-29T06:18:24.154+0000][7][gc,age      ] GC(31) - age   4:    2156496 bytes,    5093904 total
[2022-09-29T06:18:24.154+0000][7][gc,phases   ] GC(31)   Pre Evacuate Collection Set: 0.2ms
[2022-09-29T06:18:24.154+0000][7][gc,phases   ] GC(31)   Merge Heap Roots: 0.2ms
[2022-09-29T06:18:24.154+0000][7][gc,phases   ] GC(31)   Evacuate Collection Set: 6.9ms
[2022-09-29T06:18:24.155+0000][7][gc,phases   ] GC(31)   Post Evacuate Collection Set: 1.9ms
[2022-09-29T06:18:24.155+0000][7][gc,phases   ] GC(31)   Other: 2.9ms
[2022-09-29T06:18:24.155+0000][7][gc,heap     ] GC(31) Eden regions: 22->0(23)
[2022-09-29T06:18:24.155+0000][7][gc,heap     ] GC(31) Survivor regions: 2->2(3)
[2022-09-29T06:18:24.156+0000][7][gc,heap     ] GC(31) Old regions: 20->20
[2022-09-29T06:18:24.156+0000][7][gc,heap     ] GC(31) Archive regions: 2->2
[2022-09-29T06:18:24.156+0000][7][gc,heap     ] GC(31) Humongous regions: 5->5
[2022-09-29T06:18:24.156+0000][7][gc,metaspace] GC(31) Metaspace: 95616K(99868K)->95616K(99868K) NonClass: 82668K(85660K)->82668K(85660K) Class: 12947K(14208K)->12947K(14208K)
[2022-09-29T06:18:24.156+0000][7][gc          ] GC(31) Pause Young (Normal) (G1 Evacuation Pause) 194M->106M(256M) 14.360ms
[2022-09-29T06:18:24.157+0000][7][gc,cpu      ] GC(31) User=0.05s Sys=0.00s Real=0.01s
[2022-09-29T06:18:24.157+0000][7][safepoint   ] Safepoint "G1CollectForAllocation", Time since last: 1233065730 ns, Reaching safepoint: 297334 ns, At safepoint: 14977959 ns, Total: 15275293 ns
[2022-09-29T06:18:30.158+0000][7][safepoint   ] Safepoint "Cleanup", Time since last: 6001376641 ns, Reaching safepoint: 182257 ns, At safepoint: 26771 ns, Total: 209028 ns
[2022-09-29T06:18:49.163+0000][7][safepoint   ] Safepoint "Cleanup", Time since last: 19004127243 ns, Reaching safepoint: 288680 ns, At safepoint: 23144 ns, Total: 311824 ns
[2022-09-29T06:18:53.164+0000][7][safepoint   ] Safepoint "Cleanup", Time since last: 4000843503 ns, Reaching safepoint: 238244 ns, At safepoint: 20288 ns, Total: 258532 ns
[2022-09-29T06:19:55.178+0000][7][safepoint   ] Safepoint "Cleanup", Time since last: 62013575562 ns, Reaching safepoint: 192798 ns, At safepoint: 23685 ns, Total: 216483 ns
[2022-09-29T06:20:25.184+0000][7][safepoint   ] Safepoint "Cleanup", Time since last: 30006093310 ns, Reaching safepoint: 299851 ns, At safepoint: 43503 ns, Total: 343354 ns
[2022-09-29T06:20:30.186+0000][7][safepoint   ] Safepoint "Cleanup", Time since last: 5001652991 ns, Reaching safepoint: 284573 ns, At safepoint: 37621 ns, Total: 322194 ns
[2022-09-29T06:21:23.198+0000][7][safepoint   ] Safepoint "Cleanup", Time since last: 53010994939 ns, Reaching safepoint: 259124 ns, At safepoint: 29927 ns, Total: 289051 ns
[2022-09-29T06:21:31.200+0000][7][safepoint   ] Safepoint "Cleanup", Time since last: 8001720555 ns, Reaching safepoint: 238064 ns, At safepoint: 19647 ns, Total: 257711 ns
[2022-09-29T06:22:40.214+0000][7][safepoint   ] Safepoint "Cleanup", Time since last: 69013604843 ns, Reaching safepoint: 348765 ns, At safepoint: 42110 ns, Total: 390875 ns
[2022-09-29T06:23:59.318+0000][7][gc,start    ] GC(32) Pause Young (Concurrent Start) (G1 Evacuation Pause)
[2022-09-29T06:23:59.318+0000][7][gc,task     ] GC(32) Using 6 workers of 13 for evacuation
[2022-09-29T06:23:59.319+0000][7][gc,age      ] GC(32) Desired survivor size 8388608 bytes, new threshold 15 (max threshold 15)
[2022-09-29T06:23:59.327+0000][7][gc,age      ] GC(32) Age table with threshold 15 (max threshold 15)
[2022-09-29T06:23:59.328+0000][7][gc,age      ] GC(32) - age   1:      33112 bytes,      33112 total
[2022-09-29T06:23:59.328+0000][7][gc,age      ] GC(32) - age   2:       2912 bytes,      36024 total
[2022-09-29T06:23:59.329+0000][7][gc,age      ] GC(32) - age   3:      49136 bytes,      85160 total
[2022-09-29T06:23:59.329+0000][7][gc,age      ] GC(32) - age   4:    2876456 bytes,    2961616 total
[2022-09-29T06:23:59.330+0000][7][gc,age      ] GC(32) - age   5:    2156496 bytes,    5118112 total
[2022-09-29T06:23:59.330+0000][7][gc,phases   ] GC(32)   Pre Evacuate Collection Set: 0.6ms
[2022-09-29T06:23:59.331+0000][7][gc,phases   ] GC(32)   Merge Heap Roots: 0.2ms
[2022-09-29T06:23:59.331+0000][7][gc,phases   ] GC(32)   Evacuate Collection Set: 4.8ms
[2022-09-29T06:23:59.331+0000][7][gc,phases   ] GC(32)   Post Evacuate Collection Set: 2.4ms
[2022-09-29T06:23:59.332+0000][7][gc,phases   ] GC(32)   Other: 4.6ms
[2022-09-29T06:23:59.332+0000][7][gc,heap     ] GC(32) Eden regions: 23->0(23)
[2022-09-29T06:23:59.332+0000][7][gc,heap     ] GC(32) Survivor regions: 2->2(4)
[2022-09-29T06:23:59.333+0000][7][gc,heap     ] GC(32) Old regions: 20->20
[2022-09-29T06:23:59.333+0000][7][gc,heap     ] GC(32) Archive regions: 2->2
[2022-09-29T06:23:59.333+0000][7][gc,heap     ] GC(32) Humongous regions: 5->5
[2022-09-29T06:23:59.334+0000][7][gc,metaspace] GC(32) Metaspace: 95703K(99868K)->95703K(99868K) NonClass: 82748K(85660K)->82748K(85660K) Class: 12955K(14208K)->12955K(14208K)
[2022-09-29T06:23:59.334+0000][7][gc          ] GC(32) Pause Young (Concurrent Start) (G1 Evacuation Pause) 198M->106M(256M) 16.345ms
[2022-09-29T06:23:59.335+0000][7][gc,cpu      ] GC(32) User=0.03s Sys=0.00s Real=0.02s
[2022-09-29T06:23:59.336+0000][7][gc          ] GC(33) Concurrent Cycle
[2022-09-29T06:23:59.336+0000][7][safepoint   ] Safepoint "G1CollectForAllocation", Time since last: 79103927292 ns, Reaching safepoint: 320201 ns, At safepoint: 18146943 ns, Total: 18467144 ns
[2022-09-29T06:23:59.336+0000][7][gc,marking  ] GC(33) Concurrent Clear Claimed Marks
[2022-09-29T06:23:59.338+0000][7][gc,marking  ] GC(33) Concurrent Clear Claimed Marks 1.132ms
[2022-09-29T06:23:59.338+0000][7][gc,marking  ] GC(33) Concurrent Scan Root Regions
[2022-09-29T06:23:59.345+0000][7][gc,marking  ] GC(33) Concurrent Scan Root Regions 6.802ms
[2022-09-29T06:23:59.346+0000][7][gc,marking  ] GC(33) Concurrent Mark (1248.438s)
[2022-09-29T06:23:59.346+0000][7][gc,marking  ] GC(33) Concurrent Mark From Roots
[2022-09-29T06:23:59.347+0000][7][gc,task     ] GC(33) Using 3 workers of 3 for marking
[2022-09-29T06:23:59.420+0000][7][gc,marking  ] GC(33) Concurrent Mark From Roots 74.017ms
[2022-09-29T06:23:59.421+0000][7][gc,marking  ] GC(33) Concurrent Preclean
[2022-09-29T06:23:59.422+0000][7][gc,marking  ] GC(33) Concurrent Preclean 0.781ms
[2022-09-29T06:23:59.422+0000][7][gc,marking  ] GC(33) Concurrent Mark (1248.438s, 1248.515s) 76.513ms
[2022-09-29T06:23:59.423+0000][7][gc,start    ] GC(33) Pause Remark
[2022-09-29T06:23:59.431+0000][7][gc          ] GC(33) Pause Remark 107M->107M(256M) 7.393ms
[2022-09-29T06:23:59.431+0000][7][gc,cpu      ] GC(33) User=0.04s Sys=0.00s Real=0.01s
[2022-09-29T06:23:59.432+0000][7][safepoint   ] Safepoint "G1Concurrent", Time since last: 86768704 ns, Reaching safepoint: 420732 ns, At safepoint: 8880283 ns, Total: 9301015 ns
[2022-09-29T06:23:59.433+0000][7][gc,marking  ] GC(33) Concurrent Rebuild Remembered Sets
[2022-09-29T06:23:59.478+0000][7][gc,marking  ] GC(33) Concurrent Rebuild Remembered Sets 45.551ms
[2022-09-29T06:23:59.479+0000][7][gc,start    ] GC(33) Pause Cleanup
[2022-09-29T06:23:59.480+0000][7][gc          ] GC(33) Pause Cleanup 108M->108M(256M) 0.890ms
[2022-09-29T06:23:59.481+0000][7][gc,cpu      ] GC(33) User=0.00s Sys=0.00s Real=0.00s
[2022-09-29T06:23:59.482+0000][7][safepoint   ] Safepoint "G1Concurrent", Time since last: 47027185 ns, Reaching safepoint: 447663 ns, At safepoint: 2202307 ns, Total: 2649970 ns
[2022-09-29T06:23:59.482+0000][7][gc,marking  ] GC(33) Concurrent Cleanup for Next Mark
[2022-09-29T06:23:59.483+0000][7][gc,marking  ] GC(33) Concurrent Cleanup for Next Mark 1.273ms
[2022-09-29T06:23:59.484+0000][7][gc          ] GC(33) Concurrent Cycle 148.369ms
[2022-09-29T06:24:00.483+0000][7][safepoint   ] Safepoint "Cleanup", Time since last: 1000711722 ns, Reaching safepoint: 378060 ns, At safepoint: 32302 ns, Total: 410362 ns
[2022-09-29T06:24:50.493+0000][7][safepoint   ] Safepoint "Cleanup", Time since last: 50010280883 ns, Reaching safepoint: 312566 ns, At safepoint: 21761 ns, Total: 334327 ns
[2022-09-29T06:25:45.505+0000][7][safepoint   ] Safepoint "Cleanup", Time since last: 55011095182 ns, Reaching safepoint: 173871 ns, At safepoint: 23485 ns, Total: 197356 ns
[2022-09-29T06:27:28.525+0000][7][safepoint   ] Safepoint "Cleanup", Time since last: 103019684297 ns, Reaching safepoint: 199651 ns, At safepoint: 26340 ns, Total: 225991 ns
[2022-09-29T06:27:29.526+0000][7][safepoint   ] Safepoint "Cleanup", Time since last: 1000651778 ns, Reaching safepoint: 492245 ns, At safepoint: 66657 ns, Total: 558902 ns
[2022-09-29T06:27:30.527+0000][7][safepoint   ] Safepoint "Cleanup", Time since last: 1000925763 ns, Reaching safepoint: 575584 ns, At safepoint: 33694 ns, Total: 609278 ns
[2022-09-29T06:28:23.538+0000][7][safepoint   ] Safepoint "Cleanup", Time since last: 53009964786 ns, Reaching safepoint: 332980 ns, At safepoint: 33614 ns, Total: 366594 ns
[2022-09-29T06:29:30.552+0000][7][safepoint   ] Safepoint "Cleanup", Time since last: 67013705140 ns, Reaching safepoint: 214408 ns, At safepoint: 25679 ns, Total: 240087 ns
[2022-09-29T06:29:39.490+0000][7][gc,start    ] GC(34) Pause Young (Normal) (G1 Evacuation Pause)
[2022-09-29T06:29:39.490+0000][7][gc,task     ] GC(34) Using 6 workers of 13 for evacuation
[2022-09-29T06:29:39.491+0000][7][gc,age      ] GC(34) Desired survivor size 8388608 bytes, new threshold 15 (max threshold 15)
[2022-09-29T06:29:39.497+0000][7][gc,age      ] GC(34) Age table with threshold 15 (max threshold 15)
[2022-09-29T06:29:39.497+0000][7][gc,age      ] GC(34) - age   1:      10880 bytes,      10880 total
[2022-09-29T06:29:39.497+0000][7][gc,age      ] GC(34) - age   2:      15976 bytes,      26856 total
[2022-09-29T06:29:39.498+0000][7][gc,age      ] GC(34) - age   3:       2480 bytes,      29336 total
[2022-09-29T06:29:39.498+0000][7][gc,age      ] GC(34) - age   4:      49136 bytes,      78472 total
[2022-09-29T06:29:39.498+0000][7][gc,age      ] GC(34) - age   5:    2876456 bytes,    2954928 total
[2022-09-29T06:29:39.498+0000][7][gc,age      ] GC(34) - age   6:    2156496 bytes,    5111424 total
[2022-09-29T06:29:39.498+0000][7][gc,phases   ] GC(34)   Pre Evacuate Collection Set: 0.2ms
[2022-09-29T06:29:39.499+0000][7][gc,phases   ] GC(34)   Merge Heap Roots: 0.2ms
[2022-09-29T06:29:39.499+0000][7][gc,phases   ] GC(34)   Evacuate Collection Set: 3.7ms
[2022-09-29T06:29:39.499+0000][7][gc,phases   ] GC(34)   Post Evacuate Collection Set: 1.3ms
[2022-09-29T06:29:39.500+0000][7][gc,phases   ] GC(34)   Other: 3.1ms
[2022-09-29T06:29:39.500+0000][7][gc,heap     ] GC(34) Eden regions: 23->0(23)
[2022-09-29T06:29:39.500+0000][7][gc,heap     ] GC(34) Survivor regions: 2->2(4)
[2022-09-29T06:29:39.500+0000][7][gc,heap     ] GC(34) Old regions: 20->20
[2022-09-29T06:29:39.501+0000][7][gc,heap     ] GC(34) Archive regions: 2->2
[2022-09-29T06:29:39.501+0000][7][gc,heap     ] GC(34) Humongous regions: 5->5
[2022-09-29T06:29:39.502+0000][7][gc,metaspace] GC(34) Metaspace: 95745K(100124K)->95745K(100124K) NonClass: 82790K(85916K)->82790K(85916K) Class: 12955K(14208K)->12955K(14208K)
[2022-09-29T06:29:39.502+0000][7][gc          ] GC(34) Pause Young (Normal) (G1 Evacuation Pause) 198M->106M(256M) 12.015ms
[2022-09-29T06:29:39.502+0000][7][gc,cpu      ] GC(34) User=0.03s Sys=0.01s Real=0.01s
[2022-09-29T06:29:39.502+0000][7][safepoint   ] Safepoint "G1CollectForAllocation", Time since last: 8938002379 ns, Reaching safepoint: 284833 ns, At safepoint: 12477427 ns, Total: 12762260 ns
[2022-09-29T06:29:53.505+0000][7][safepoint   ] Safepoint "Cleanup", Time since last: 14002454358 ns, Reaching safepoint: 210381 ns, At safepoint: 25749 ns, Total: 236130 ns
[2022-09-29T06:30:20.511+0000][7][safepoint   ] Safepoint "Cleanup", Time since last: 27005239351 ns, Reaching safepoint: 332133 ns, At safepoint: 52861 ns, Total: 384994 ns
[2022-09-29T06:30:23.512+0000][7][safepoint   ] Safepoint "Cleanup", Time since last: 3001164037 ns, Reaching safepoint: 275047 ns, At safepoint: 25489 ns, Total: 300536 ns
[2022-09-29T06:30:54.518+0000][7][safepoint   ] Safepoint "Cleanup", Time since last: 31005908005 ns, Reaching safepoint: 284545 ns, At safepoint: 74191 ns, Total: 358736 ns
[2022-09-29T06:31:31.526+0000][7][safepoint   ] Safepoint "Cleanup", Time since last: 37007529490 ns, Reaching safepoint: 200532 ns, At safepoint: 22032 ns, Total: 222564 ns
[2022-09-29T06:31:53.530+0000][7][safepoint   ] Safepoint "Cleanup", Time since last: 22003804327 ns, Reaching safepoint: 376277 ns, At safepoint: 27072 ns, Total: 403349 ns
[2022-09-29T06:33:00.543+0000][7][safepoint   ] Safepoint "Cleanup", Time since last: 67012749912 ns, Reaching safepoint: 292297 ns, At safepoint: 27242 ns, Total: 319539 ns
[2022-09-29T06:33:09.546+0000][7][safepoint   ] Safepoint "Cleanup", Time since last: 9001985117 ns, Reaching safepoint: 439859 ns, At safepoint: 72207 ns, Total: 512066 ns
[2022-09-29T06:33:30.551+0000][7][safepoint   ] Safepoint "Cleanup", Time since last: 21004486481 ns, Reaching safepoint: 191195 ns, At safepoint: 23214 ns, Total: 214409 ns
[2022-09-29T06:34:04.558+0000][7][safepoint   ] Safepoint "Cleanup", Time since last: 34006694427 ns, Reaching safepoint: 329958 ns, At safepoint: 52480 ns, Total: 382438 ns
[2022-09-29T06:35:00.570+0000][7][safepoint   ] Safepoint "Cleanup", Time since last: 56011742537 ns, Reaching safepoint: 331832 ns, At safepoint: 47631 ns, Total: 379463 ns
[2022-09-29T06:35:19.640+0000][7][gc,start    ] GC(35) Pause Young (Concurrent Start) (G1 Evacuation Pause)
[2022-09-29T06:35:19.640+0000][7][gc,task     ] GC(35) Using 6 workers of 13 for evacuation
[2022-09-29T06:35:19.640+0000][7][gc,age      ] GC(35) Desired survivor size 8388608 bytes, new threshold 15 (max threshold 15)
[2022-09-29T06:35:19.656+0000][7][gc,age      ] GC(35) Age table with threshold 15 (max threshold 15)
[2022-09-29T06:35:19.656+0000][7][gc,age      ] GC(35) - age   1:      14440 bytes,      14440 total
[2022-09-29T06:35:19.656+0000][7][gc,age      ] GC(35) - age   2:       2712 bytes,      17152 total
[2022-09-29T06:35:19.656+0000][7][gc,age      ] GC(35) - age   3:      15200 bytes,      32352 total
[2022-09-29T06:35:19.656+0000][7][gc,age      ] GC(35) - age   4:       2384 bytes,      34736 total
[2022-09-29T06:35:19.657+0000][7][gc,age      ] GC(35) - age   5:      49136 bytes,      83872 total
[2022-09-29T06:35:19.657+0000][7][gc,age      ] GC(35) - age   6:    2876456 bytes,    2960328 total
[2022-09-29T06:35:19.657+0000][7][gc,age      ] GC(35) - age   7:    2156496 bytes,    5116824 total
[2022-09-29T06:35:19.658+0000][7][gc,phases   ] GC(35)   Pre Evacuate Collection Set: 0.5ms
[2022-09-29T06:35:19.658+0000][7][gc,phases   ] GC(35)   Merge Heap Roots: 0.5ms
[2022-09-29T06:35:19.658+0000][7][gc,phases   ] GC(35)   Evacuate Collection Set: 10.9ms
[2022-09-29T06:35:19.659+0000][7][gc,phases   ] GC(35)   Post Evacuate Collection Set: 3.2ms
[2022-09-29T06:35:19.659+0000][7][gc,phases   ] GC(35)   Other: 2.9ms
[2022-09-29T06:35:19.659+0000][7][gc,heap     ] GC(35) Eden regions: 23->0(23)
[2022-09-29T06:35:19.660+0000][7][gc,heap     ] GC(35) Survivor regions: 2->2(4)
[2022-09-29T06:35:19.660+0000][7][gc,heap     ] GC(35) Old regions: 20->20
[2022-09-29T06:35:19.660+0000][7][gc,heap     ] GC(35) Archive regions: 2->2
[2022-09-29T06:35:19.660+0000][7][gc,heap     ] GC(35) Humongous regions: 5->5
[2022-09-29T06:35:19.660+0000][7][gc,metaspace] GC(35) Metaspace: 95775K(100124K)->95775K(100124K) NonClass: 82819K(85916K)->82819K(85916K) Class: 12955K(14208K)->12955K(14208K)
[2022-09-29T06:35:19.661+0000][7][gc          ] GC(35) Pause Young (Concurrent Start) (G1 Evacuation Pause) 198M->106M(256M) 21.092ms
[2022-09-29T06:35:19.661+0000][7][gc,cpu      ] GC(35) User=0.06s Sys=0.00s Real=0.02s
[2022-09-29T06:35:19.661+0000][7][gc          ] GC(36) Concurrent Cycle
[2022-09-29T06:35:19.661+0000][7][safepoint   ] Safepoint "G1CollectForAllocation", Time since last: 19069313599 ns, Reaching safepoint: 374764 ns, At safepoint: 21713177 ns, Total: 22087941 ns
[2022-09-29T06:35:19.662+0000][7][gc,marking  ] GC(36) Concurrent Clear Claimed Marks
[2022-09-29T06:35:19.662+0000][7][gc,marking  ] GC(36) Concurrent Clear Claimed Marks 0.921ms
[2022-09-29T06:35:19.663+0000][7][gc,marking  ] GC(36) Concurrent Scan Root Regions
[2022-09-29T06:35:19.666+0000][7][gc,marking  ] GC(36) Concurrent Scan Root Regions 3.456ms
[2022-09-29T06:35:19.667+0000][7][gc,marking  ] GC(36) Concurrent Mark (1928.759s)
[2022-09-29T06:35:19.667+0000][7][gc,marking  ] GC(36) Concurrent Mark From Roots
[2022-09-29T06:35:19.667+0000][7][gc,task     ] GC(36) Using 3 workers of 3 for marking
[2022-09-29T06:35:19.707+0000][7][gc,marking  ] GC(36) Concurrent Mark From Roots 40.591ms
[2022-09-29T06:35:19.708+0000][7][gc,marking  ] GC(36) Concurrent Preclean
[2022-09-29T06:35:19.708+0000][7][gc,marking  ] GC(36) Concurrent Preclean 0.561ms
[2022-09-29T06:35:19.709+0000][7][gc,marking  ] GC(36) Concurrent Mark (1928.759s, 1928.801s) 42.079ms
[2022-09-29T06:35:19.709+0000][7][gc,start    ] GC(36) Pause Remark
[2022-09-29T06:35:19.713+0000][7][gc          ] GC(36) Pause Remark 107M->107M(256M) 4.109ms
[2022-09-29T06:35:19.714+0000][7][gc,cpu      ] GC(36) User=0.02s Sys=0.01s Real=0.01s
[2022-09-29T06:35:19.714+0000][7][safepoint   ] Safepoint "G1Concurrent", Time since last: 47684545 ns, Reaching safepoint: 199871 ns, At safepoint: 4795616 ns, Total: 4995487 ns
[2022-09-29T06:35:19.714+0000][7][gc,marking  ] GC(36) Concurrent Rebuild Remembered Sets
[2022-09-29T06:35:19.740+0000][7][gc,marking  ] GC(36) Concurrent Rebuild Remembered Sets 25.335ms
[2022-09-29T06:35:19.740+0000][7][gc,start    ] GC(36) Pause Cleanup
[2022-09-29T06:35:19.741+0000][7][gc          ] GC(36) Pause Cleanup 107M->107M(256M) 0.484ms
[2022-09-29T06:35:19.741+0000][7][gc,cpu      ] GC(36) User=0.00s Sys=0.00s Real=0.00s
[2022-09-29T06:35:19.741+0000][7][safepoint   ] Safepoint "G1Concurrent", Time since last: 26032200 ns, Reaching safepoint: 229697 ns, At safepoint: 1203632 ns, Total: 1433329 ns
[2022-09-29T06:35:19.742+0000][7][gc,marking  ] GC(36) Concurrent Cleanup for Next Mark
[2022-09-29T06:35:19.743+0000][7][gc,marking  ] GC(36) Concurrent Cleanup for Next Mark 0.887ms
[2022-09-29T06:35:19.743+0000][7][gc          ] GC(36) Concurrent Cycle 82.003ms
[2022-09-29T06:36:22.753+0000][7][safepoint   ] Safepoint "Cleanup", Time since last: 63011418710 ns, Reaching safepoint: 510112 ns, At safepoint: 55907 ns, Total: 566019 ns
[2022-09-29T06:36:25.755+0000][7][safepoint   ] Safepoint "Cleanup", Time since last: 3001592206 ns, Reaching safepoint: 343464 ns, At safepoint: 31891 ns, Total: 375355 ns
[2022-09-29T06:37:52.773+0000][7][safepoint   ] Safepoint "Cleanup", Time since last: 87017269866 ns, Reaching safepoint: 407396 ns, At safepoint: 31690 ns, Total: 439086 ns
[2022-09-29T06:38:22.779+0000][7][safepoint   ] Safepoint "Cleanup", Time since last: 30005865391 ns, Reaching safepoint: 200122 ns, At safepoint: 24997 ns, Total: 225119 ns
[2022-09-29T06:39:03.789+0000][7][safepoint   ] Safepoint "Cleanup", Time since last: 41009152108 ns, Reaching safepoint: 303619 ns, At safepoint: 10129 ns, Total: 313748 ns
[2022-09-29T06:39:22.792+0000][7][safepoint   ] Safepoint "Cleanup", Time since last: 19003580962 ns, Reaching safepoint: 162049 ns, At safepoint: 19687 ns, Total: 181736 ns
[2022-09-29T06:39:30.794+0000][7][safepoint   ] Safepoint "Cleanup", Time since last: 8001663707 ns, Reaching safepoint: 344146 ns, At safepoint: 28023 ns, Total: 372169 ns
[2022-09-29T06:39:52.800+0000][7][safepoint   ] Safepoint "Cleanup", Time since last: 22004772031 ns, Reaching safepoint: 402499 ns, At safepoint: 30899 ns, Total: 433398 ns
[2022-09-29T06:40:00.802+0000][7][safepoint   ] Safepoint "Cleanup", Time since last: 8001677231 ns, Reaching safepoint: 216342 ns, At safepoint: 29887 ns, Total: 246229 ns
[2022-09-29T06:40:30.807+0000][7][safepoint   ] Safepoint "Cleanup", Time since last: 30005614412 ns, Reaching safepoint: 269734 ns, At safepoint: 27733 ns, Total: 297467 ns
[2022-09-29T06:40:54.813+0000][7][gc,start    ] GC(37) Pause Young (Normal) (G1 Evacuation Pause)
[2022-09-29T06:40:54.813+0000][7][gc,task     ] GC(37) Using 6 workers of 13 for evacuation
[2022-09-29T06:40:54.814+0000][7][gc,age      ] GC(37) Desired survivor size 8388608 bytes, new threshold 15 (max threshold 15)
[2022-09-29T06:40:54.818+0000][7][gc,age      ] GC(37) Age table with threshold 15 (max threshold 15)
[2022-09-29T06:40:54.819+0000][7][gc,age      ] GC(37) - age   1:       7744 bytes,       7744 total
[2022-09-29T06:40:54.819+0000][7][gc,age      ] GC(37) - age   2:       2896 bytes,      10640 total
[2022-09-29T06:40:54.819+0000][7][gc,age      ] GC(37) - age   3:       2472 bytes,      13112 total
[2022-09-29T06:40:54.820+0000][7][gc,age      ] GC(37) - age   4:      15168 bytes,      28280 total
[2022-09-29T06:40:54.820+0000][7][gc,age      ] GC(37) - age   5:       2384 bytes,      30664 total
[2022-09-29T06:40:54.822+0000][7][gc,age      ] GC(37) - age   6:      49136 bytes,      79800 total
[2022-09-29T06:40:54.822+0000][7][gc,age      ] GC(37) - age   7:    2876456 bytes,    2956256 total
[2022-09-29T06:40:54.823+0000][7][gc,age      ] GC(37) - age   8:    2156496 bytes,    5112752 total
[2022-09-29T06:40:54.824+0000][7][gc,phases   ] GC(37)   Pre Evacuate Collection Set: 0.3ms
[2022-09-29T06:40:54.824+0000][7][gc,phases   ] GC(37)   Merge Heap Roots: 0.1ms
[2022-09-29T06:40:54.824+0000][7][gc,phases   ] GC(37)   Evacuate Collection Set: 2.8ms
[2022-09-29T06:40:54.825+0000][7][gc,phases   ] GC(37)   Post Evacuate Collection Set: 1.3ms
[2022-09-29T06:40:54.825+0000][7][gc,phases   ] GC(37)   Other: 6.2ms
[2022-09-29T06:40:54.825+0000][7][gc,heap     ] GC(37) Eden regions: 23->0(23)
[2022-09-29T06:40:54.826+0000][7][gc,heap     ] GC(37) Survivor regions: 2->2(4)
[2022-09-29T06:40:54.826+0000][7][gc,heap     ] GC(37) Old regions: 20->20
[2022-09-29T06:40:54.826+0000][7][gc,heap     ] GC(37) Archive regions: 2->2
[2022-09-29T06:40:54.826+0000][7][gc,heap     ] GC(37) Humongous regions: 5->5
[2022-09-29T06:40:54.827+0000][7][gc,metaspace] GC(37) Metaspace: 95824K(100124K)->95824K(100124K) NonClass: 82868K(85916K)->82868K(85916K) Class: 12955K(14208K)->12955K(14208K)
[2022-09-29T06:40:54.827+0000][7][gc          ] GC(37) Pause Young (Normal) (G1 Evacuation Pause) 198M->106M(256M) 13.897ms
[2022-09-29T06:40:54.827+0000][7][gc,cpu      ] GC(37) User=0.03s Sys=0.00s Real=0.01s
[2022-09-29T06:40:54.827+0000][7][safepoint   ] Safepoint "G1CollectForAllocation", Time since last: 24005153986 ns, Reaching safepoint: 222504 ns, At safepoint: 14388153 ns, Total: 14610657 ns
[2022-09-29T06:41:59.840+0000][7][safepoint   ] Safepoint "Cleanup", Time since last: 65012464875 ns, Reaching safepoint: 212384 ns, At safepoint: 19047 ns, Total: 231431 ns
[2022-09-29T06:42:00.841+0000][7][safepoint   ] Safepoint "Cleanup", Time since last: 1000650345 ns, Reaching safepoint: 251980 ns, At safepoint: 22693 ns, Total: 274673 ns
[2022-09-29T06:43:30.859+0000][7][safepoint   ] Safepoint "Cleanup", Time since last: 90017915602 ns, Reaching safepoint: 208146 ns, At safepoint: 32112 ns, Total: 240258 ns
[2022-09-29T06:44:22.869+0000][7][safepoint   ] Safepoint "Cleanup", Time since last: 52010109185 ns, Reaching safepoint: 232193 ns, At safepoint: 26219 ns, Total: 258412 ns
[2022-09-29T06:45:22.881+0000][7][safepoint   ] Safepoint "Cleanup", Time since last: 60011083980 ns, Reaching safepoint: 315418 ns, At safepoint: 30779 ns, Total: 346197 ns
[2022-09-29T06:45:44.886+0000][7][safepoint   ] Safepoint "Cleanup", Time since last: 22004589776 ns, Reaching safepoint: 321142 ns, At safepoint: 7996 ns, Total: 329138 ns
[2022-09-29T06:45:52.888+0000][7][safepoint   ] Safepoint "Cleanup", Time since last: 8001721617 ns, Reaching safepoint: 207545 ns, At safepoint: 25709 ns, Total: 233254 ns
[2022-09-29T06:46:00.890+0000][7][safepoint   ] Safepoint "Cleanup", Time since last: 8002107943 ns, Reaching safepoint: 359195 ns, At safepoint: 54303 ns, Total: 413498 ns
[2022-09-29T06:46:05.892+0000][7][safepoint   ] Safepoint "Cleanup", Time since last: 5001506911 ns, Reaching safepoint: 541757 ns, At safepoint: 46389 ns, Total: 588146 ns
[2022-09-29T06:46:16.895+0000][7][safepoint   ] Safepoint "Cleanup", Time since last: 11002765438 ns, Reaching safepoint: 269098 ns, At safepoint: 26861 ns, Total: 295959 ns
[2022-09-29T06:46:36.592+0000][7][gc,start    ] GC(38) Pause Young (Concurrent Start) (G1 Evacuation Pause)
[2022-09-29T06:46:36.594+0000][7][gc,task     ] GC(38) Using 6 workers of 13 for evacuation
[2022-09-29T06:46:36.594+0000][7][gc,age      ] GC(38) Desired survivor size 8388608 bytes, new threshold 15 (max threshold 15)
[2022-09-29T06:46:36.602+0000][7][gc,age      ] GC(38) Age table with threshold 15 (max threshold 15)
[2022-09-29T06:46:36.602+0000][7][gc,age      ] GC(38) - age   1:       9336 bytes,       9336 total
[2022-09-29T06:46:36.604+0000][7][gc,age      ] GC(38) - age   2:       1144 bytes,      10480 total
[2022-09-29T06:46:36.604+0000][7][gc,age      ] GC(38) - age   3:       2576 bytes,      13056 total
[2022-09-29T06:46:36.604+0000][7][gc,age      ] GC(38) - age   4:       2272 bytes,      15328 total
[2022-09-29T06:46:36.605+0000][7][gc,age      ] GC(38) - age   5:      15072 bytes,      30400 total
[2022-09-29T06:46:36.605+0000][7][gc,age      ] GC(38) - age   6:       2344 bytes,      32744 total
[2022-09-29T06:46:36.605+0000][7][gc,age      ] GC(38) - age   7:      49136 bytes,      81880 total
[2022-09-29T06:46:36.605+0000][7][gc,age      ] GC(38) - age   8:    2876456 bytes,    2958336 total
[2022-09-29T06:46:36.606+0000][7][gc,age      ] GC(38) - age   9:    2156496 bytes,    5114832 total
[2022-09-29T06:46:36.607+0000][7][gc,phases   ] GC(38)   Pre Evacuate Collection Set: 0.3ms
[2022-09-29T06:46:36.607+0000][7][gc,phases   ] GC(38)   Merge Heap Roots: 0.1ms
[2022-09-29T06:46:36.608+0000][7][gc,phases   ] GC(38)   Evacuate Collection Set: 4.7ms
[2022-09-29T06:46:36.608+0000][7][gc,phases   ] GC(38)   Post Evacuate Collection Set: 1.7ms
[2022-09-29T06:46:36.609+0000][7][gc,phases   ] GC(38)   Other: 8.3ms
[2022-09-29T06:46:36.609+0000][7][gc,heap     ] GC(38) Eden regions: 23->0(23)
[2022-09-29T06:46:36.609+0000][7][gc,heap     ] GC(38) Survivor regions: 2->2(4)
[2022-09-29T06:46:36.609+0000][7][gc,heap     ] GC(38) Old regions: 20->20
[2022-09-29T06:46:36.610+0000][7][gc,heap     ] GC(38) Archive regions: 2->2
[2022-09-29T06:46:36.610+0000][7][gc,heap     ] GC(38) Humongous regions: 5->5
[2022-09-29T06:46:36.610+0000][7][gc,metaspace] GC(38) Metaspace: 95863K(100380K)->95863K(100380K) NonClass: 82907K(86172K)->82907K(86172K) Class: 12955K(14208K)->12955K(14208K)
[2022-09-29T06:46:36.610+0000][7][gc          ] GC(38) Pause Young (Concurrent Start) (G1 Evacuation Pause) 198M->106M(256M) 18.521ms
[2022-09-29T06:46:36.611+0000][7][gc,cpu      ] GC(38) User=0.04s Sys=0.00s Real=0.02s
[2022-09-29T06:46:36.611+0000][7][safepoint   ] Safepoint "G1CollectForAllocation", Time since last: 19696088110 ns, Reaching safepoint: 446350 ns, At safepoint: 19234213 ns, Total: 19680563 ns
[2022-09-29T06:46:36.611+0000][7][gc          ] GC(39) Concurrent Cycle
[2022-09-29T06:46:36.612+0000][7][gc,marking  ] GC(39) Concurrent Clear Claimed Marks
[2022-09-29T06:46:36.612+0000][7][gc,marking  ] GC(39) Concurrent Clear Claimed Marks 0.369ms
[2022-09-29T06:46:36.612+0000][7][gc,marking  ] GC(39) Concurrent Scan Root Regions
[2022-09-29T06:46:36.616+0000][7][gc,marking  ] GC(39) Concurrent Scan Root Regions 3.286ms
[2022-09-29T06:46:36.616+0000][7][gc,marking  ] GC(39) Concurrent Mark (2605.709s)
[2022-09-29T06:46:36.616+0000][7][gc,marking  ] GC(39) Concurrent Mark From Roots
[2022-09-29T06:46:36.617+0000][7][gc,task     ] GC(39) Using 3 workers of 3 for marking
[2022-09-29T06:46:36.665+0000][7][gc,marking  ] GC(39) Concurrent Mark From Roots 48.584ms
[2022-09-29T06:46:36.665+0000][7][gc,marking  ] GC(39) Concurrent Preclean
[2022-09-29T06:46:36.666+0000][7][gc,marking  ] GC(39) Concurrent Preclean 0.624ms
[2022-09-29T06:46:36.666+0000][7][gc,marking  ] GC(39) Concurrent Mark (2605.709s, 2605.759s) 50.386ms
[2022-09-29T06:46:36.667+0000][7][gc,start    ] GC(39) Pause Remark
[2022-09-29T06:46:36.673+0000][7][gc          ] GC(39) Pause Remark 108M->108M(256M) 6.166ms
[2022-09-29T06:46:36.674+0000][7][gc,cpu      ] GC(39) User=0.02s Sys=0.00s Real=0.01s
[2022-09-29T06:46:36.674+0000][7][safepoint   ] Safepoint "G1Concurrent", Time since last: 55783972 ns, Reaching safepoint: 312786 ns, At safepoint: 7049466 ns, Total: 7362252 ns
[2022-09-29T06:46:36.675+0000][7][gc,marking  ] GC(39) Concurrent Rebuild Remembered Sets
[2022-09-29T06:46:36.707+0000][7][gc,marking  ] GC(39) Concurrent Rebuild Remembered Sets 32.039ms
[2022-09-29T06:46:36.708+0000][7][gc,start    ] GC(39) Pause Cleanup
[2022-09-29T06:46:36.708+0000][7][gc          ] GC(39) Pause Cleanup 108M->108M(256M) 0.663ms
[2022-09-29T06:46:36.709+0000][7][gc,cpu      ] GC(39) User=0.00s Sys=0.00s Real=0.00s
[2022-09-29T06:46:36.709+0000][7][safepoint   ] Safepoint "G1Concurrent", Time since last: 32972070 ns, Reaching safepoint: 319391 ns, At safepoint: 1449620 ns, Total: 1769011 ns
[2022-09-29T06:46:36.709+0000][7][gc,marking  ] GC(39) Concurrent Cleanup for Next Mark
[2022-09-29T06:46:36.710+0000][7][gc,marking  ] GC(39) Concurrent Cleanup for Next Mark 0.716ms
[2022-09-29T06:46:36.710+0000][7][gc          ] GC(39) Concurrent Cycle 99.364ms
[2022-09-29T06:48:05.727+0000][7][safepoint   ] Safepoint "Cleanup", Time since last: 89017686191 ns, Reaching safepoint: 172478 ns, At safepoint: 24868 ns, Total: 197346 ns
[2022-09-29T06:48:06.728+0000][7][safepoint   ] Safepoint "Cleanup", Time since last: 1000530685 ns, Reaching safepoint: 289571 ns, At safepoint: 32953 ns, Total: 322524 ns
[2022-09-29T06:48:15.730+0000][7][safepoint   ] Safepoint "Cleanup", Time since last: 9002168807 ns, Reaching safepoint: 247722 ns, At safepoint: 29226 ns, Total: 276948 ns
[2022-09-29T06:52:20.106+0000][7][gc,start    ] GC(40) Pause Young (Normal) (G1 Evacuation Pause)
[2022-09-29T06:52:20.106+0000][7][gc,task     ] GC(40) Using 6 workers of 13 for evacuation
[2022-09-29T06:52:20.107+0000][7][gc,age      ] GC(40) Desired survivor size 8388608 bytes, new threshold 15 (max threshold 15)
[2022-09-29T06:52:20.114+0000][7][gc,age      ] GC(40) Age table with threshold 15 (max threshold 15)
[2022-09-29T06:52:20.115+0000][7][gc,age      ] GC(40) - age   1:       9600 bytes,       9600 total
[2022-09-29T06:52:20.115+0000][7][gc,age      ] GC(40) - age   2:       2792 bytes,      12392 total
[2022-09-29T06:52:20.115+0000][7][gc,age      ] GC(40) - age   3:        912 bytes,      13304 total
[2022-09-29T06:52:20.116+0000][7][gc,age      ] GC(40) - age   4:       2272 bytes,      15576 total
[2022-09-29T06:52:20.116+0000][7][gc,age      ] GC(40) - age   5:       2272 bytes,      17848 total
[2022-09-29T06:52:20.116+0000][7][gc,age      ] GC(40) - age   6:      15032 bytes,      32880 total
[2022-09-29T06:52:20.117+0000][7][gc,age      ] GC(40) - age   7:       2344 bytes,      35224 total
[2022-09-29T06:52:20.117+0000][7][gc,age      ] GC(40) - age   8:      49136 bytes,      84360 total
[2022-09-29T06:52:20.117+0000][7][gc,age      ] GC(40) - age   9:    2876456 bytes,    2960816 total
[2022-09-29T06:52:20.117+0000][7][gc,age      ] GC(40) - age  10:    2156496 bytes,    5117312 total
[2022-09-29T06:52:20.118+0000][7][gc,phases   ] GC(40)   Pre Evacuate Collection Set: 0.3ms
[2022-09-29T06:52:20.118+0000][7][gc,phases   ] GC(40)   Merge Heap Roots: 0.1ms
[2022-09-29T06:52:20.119+0000][7][gc,phases   ] GC(40)   Evacuate Collection Set: 3.9ms
[2022-09-29T06:52:20.119+0000][7][gc,phases   ] GC(40)   Post Evacuate Collection Set: 2.3ms
[2022-09-29T06:52:20.120+0000][7][gc,phases   ] GC(40)   Other: 5.3ms
[2022-09-29T06:52:20.120+0000][7][gc,heap     ] GC(40) Eden regions: 23->0(23)
[2022-09-29T06:52:20.120+0000][7][gc,heap     ] GC(40) Survivor regions: 2->2(4)
[2022-09-29T06:52:20.121+0000][7][gc,heap     ] GC(40) Old regions: 20->20
[2022-09-29T06:52:20.121+0000][7][gc,heap     ] GC(40) Archive regions: 2->2
[2022-09-29T06:52:20.122+0000][7][gc,heap     ] GC(40) Humongous regions: 5->5
[2022-09-29T06:52:20.122+0000][7][gc,metaspace] GC(40) Metaspace: 95874K(100380K)->95874K(100380K) NonClass: 82918K(86172K)->82918K(86172K) Class: 12955K(14208K)->12955K(14208K)
[2022-09-29T06:52:20.123+0000][7][gc          ] GC(40) Pause Young (Normal) (G1 Evacuation Pause) 198M->106M(256M) 16.606ms
[2022-09-29T06:52:20.123+0000][7][gc,cpu      ] GC(40) User=0.03s Sys=0.00s Real=0.02s
[2022-09-29T06:52:20.123+0000][7][safepoint   ] Safepoint "G1CollectForAllocation", Time since last: 244375489900 ns, Reaching safepoint: 272679 ns, At safepoint: 17522304 ns, Total: 17794983 ns
[2022-09-29T06:53:23.137+0000][7][safepoint   ] Safepoint "Cleanup", Time since last: 63013392182 ns, Reaching safepoint: 321763 ns, At safepoint: 23876 ns, Total: 345639 ns
[2022-09-29T06:54:01.147+0000][7][safepoint   ] Safepoint "Cleanup", Time since last: 38009350797 ns, Reaching safepoint: 298889 ns, At safepoint: 40056 ns, Total: 338945 ns
[2022-09-29T06:56:26.174+0000][7][safepoint   ] Safepoint "Cleanup", Time since last: 145026239302 ns, Reaching safepoint: 352622 ns, At safepoint: 25168 ns, Total: 377790 ns
[2022-09-29T06:57:31.185+0000][7][safepoint   ] Safepoint "Cleanup", Time since last: 65011255691 ns, Reaching safepoint: 481929 ns, At safepoint: 36630 ns, Total: 518559 ns
[2022-09-29T06:58:00.322+0000][7][gc,start    ] GC(41) Pause Young (Concurrent Start) (G1 Evacuation Pause)
[2022-09-29T06:58:00.322+0000][7][gc,task     ] GC(41) Using 6 workers of 13 for evacuation
[2022-09-29T06:58:00.323+0000][7][gc,age      ] GC(41) Desired survivor size 8388608 bytes, new threshold 15 (max threshold 15)
[2022-09-29T06:58:00.335+0000][7][gc,age      ] GC(41) Age table with threshold 15 (max threshold 15)
[2022-09-29T06:58:00.336+0000][7][gc,age      ] GC(41) - age   1:       8216 bytes,       8216 total
[2022-09-29T06:58:00.336+0000][7][gc,age      ] GC(41) - age   2:       1680 bytes,       9896 total
[2022-09-29T06:58:00.336+0000][7][gc,age      ] GC(41) - age   3:       2176 bytes,      12072 total
[2022-09-29T06:58:00.337+0000][7][gc,age      ] GC(41) - age   4:        912 bytes,      12984 total
[2022-09-29T06:58:00.337+0000][7][gc,age      ] GC(41) - age   5:       2232 bytes,      15216 total
[2022-09-29T06:58:00.337+0000][7][gc,age      ] GC(41) - age   6:       2272 bytes,      17488 total
[2022-09-29T06:58:00.338+0000][7][gc,age      ] GC(41) - age   7:      15032 bytes,      32520 total
[2022-09-29T06:58:00.338+0000][7][gc,age      ] GC(41) - age   8:       2344 bytes,      34864 total
[2022-09-29T06:58:00.338+0000][7][gc,age      ] GC(41) - age   9:      49136 bytes,      84000 total
[2022-09-29T06:58:00.339+0000][7][gc,age      ] GC(41) - age  10:    2876456 bytes,    2960456 total
[2022-09-29T06:58:00.339+0000][7][gc,age      ] GC(41) - age  11:    2156496 bytes,    5116952 total
[2022-09-29T06:58:00.339+0000][7][gc,phases   ] GC(41)   Pre Evacuate Collection Set: 0.9ms
[2022-09-29T06:58:00.340+0000][7][gc,phases   ] GC(41)   Merge Heap Roots: 0.5ms
[2022-09-29T06:58:00.340+0000][7][gc,phases   ] GC(41)   Evacuate Collection Set: 7.2ms
[2022-09-29T06:58:00.340+0000][7][gc,phases   ] GC(41)   Post Evacuate Collection Set: 2.7ms
[2022-09-29T06:58:00.341+0000][7][gc,phases   ] GC(41)   Other: 6.3ms
[2022-09-29T06:58:00.341+0000][7][gc,heap     ] GC(41) Eden regions: 23->0(23)
[2022-09-29T06:58:00.342+0000][7][gc,heap     ] GC(41) Survivor regions: 2->2(4)
[2022-09-29T06:58:00.342+0000][7][gc,heap     ] GC(41) Old regions: 20->20
[2022-09-29T06:58:00.343+0000][7][gc,heap     ] GC(41) Archive regions: 2->2
[2022-09-29T06:58:00.343+0000][7][gc,heap     ] GC(41) Humongous regions: 5->5
[2022-09-29T06:58:00.344+0000][7][gc,metaspace] GC(41) Metaspace: 95906K(100380K)->95906K(100380K) NonClass: 82950K(86172K)->82950K(86172K) Class: 12955K(14208K)->12955K(14208K)
[2022-09-29T06:58:00.344+0000][7][gc          ] GC(41) Pause Young (Concurrent Start) (G1 Evacuation Pause) 198M->106M(256M) 22.450ms
[2022-09-29T06:58:00.345+0000][7][gc,cpu      ] GC(41) User=0.05s Sys=0.01s Real=0.02s
[2022-09-29T06:58:00.345+0000][7][safepoint   ] Safepoint "G1CollectForAllocation", Time since last: 29135828197 ns, Reaching safepoint: 479343 ns, At safepoint: 23809943 ns, Total: 24289286 ns
[2022-09-29T06:58:00.345+0000][7][gc          ] GC(42) Concurrent Cycle
[2022-09-29T06:58:00.346+0000][7][gc,marking  ] GC(42) Concurrent Clear Claimed Marks
[2022-09-29T06:58:00.347+0000][7][gc,marking  ] GC(42) Concurrent Clear Claimed Marks 0.561ms
[2022-09-29T06:58:00.348+0000][7][gc,marking  ] GC(42) Concurrent Scan Root Regions
[2022-09-29T06:58:00.354+0000][7][gc,marking  ] GC(42) Concurrent Scan Root Regions 6.373ms
[2022-09-29T06:58:00.355+0000][7][gc,marking  ] GC(42) Concurrent Mark (3289.447s)
[2022-09-29T06:58:00.355+0000][7][gc,marking  ] GC(42) Concurrent Mark From Roots
[2022-09-29T06:58:00.355+0000][7][gc,task     ] GC(42) Using 3 workers of 3 for marking
[2022-09-29T06:58:00.447+0000][7][gc,marking  ] GC(42) Concurrent Mark From Roots 91.646ms
[2022-09-29T06:58:00.447+0000][7][gc,marking  ] GC(42) Concurrent Preclean
[2022-09-29T06:58:00.448+0000][7][gc,marking  ] GC(42) Concurrent Preclean 0.735ms
[2022-09-29T06:58:00.448+0000][7][gc,marking  ] GC(42) Concurrent Mark (3289.447s, 3289.541s) 93.874ms
[2022-09-29T06:58:00.449+0000][7][gc,start    ] GC(42) Pause Remark
[2022-09-29T06:58:00.461+0000][7][gc          ] GC(42) Pause Remark 108M->108M(256M) 11.237ms
[2022-09-29T06:58:00.461+0000][7][gc,cpu      ] GC(42) User=0.06s Sys=0.00s Real=0.01s
[2022-09-29T06:58:00.462+0000][7][safepoint   ] Safepoint "G1Concurrent", Time since last: 103562589 ns, Reaching safepoint: 394632 ns, At safepoint: 12239414 ns, Total: 12634046 ns
[2022-09-29T06:58:00.462+0000][7][gc,marking  ] GC(42) Concurrent Rebuild Remembered Sets
[2022-09-29T06:58:00.510+0000][7][gc,marking  ] GC(42) Concurrent Rebuild Remembered Sets 48.474ms
[2022-09-29T06:58:00.512+0000][7][gc,start    ] GC(42) Pause Cleanup
[2022-09-29T06:58:00.512+0000][7][gc          ] GC(42) Pause Cleanup 108M->108M(256M) 0.779ms
[2022-09-29T06:58:00.513+0000][7][gc,cpu      ] GC(42) User=0.00s Sys=0.00s Real=0.00s
[2022-09-29T06:58:00.513+0000][7][safepoint   ] Safepoint "G1Concurrent", Time since last: 49529674 ns, Reaching safepoint: 344146 ns, At safepoint: 1806888 ns, Total: 2151034 ns
[2022-09-29T06:58:00.514+0000][7][gc,marking  ] GC(42) Concurrent Cleanup for Next Mark
[2022-09-29T06:58:00.516+0000][7][gc,marking  ] GC(42) Concurrent Cleanup for Next Mark 2.323ms
[2022-09-29T06:58:00.517+0000][7][gc          ] GC(42) Concurrent Cycle 171.170ms
[2022-09-29T06:58:01.515+0000][7][safepoint   ] Safepoint "Cleanup", Time since last: 1000753046 ns, Reaching safepoint: 889661 ns, At safepoint: 90532 ns, Total: 980193 ns
[2022-09-29T06:58:34.523+0000][7][safepoint   ] Safepoint "Cleanup", Time since last: 33007266683 ns, Reaching safepoint: 337413 ns, At safepoint: 26972 ns, Total: 364385 ns
[2022-09-29T06:59:01.529+0000][7][safepoint   ] Safepoint "Cleanup", Time since last: 27005530647 ns, Reaching safepoint: 526056 ns, At safepoint: 36159 ns, Total: 562215 ns
[2022-09-29T06:59:58.953+0000][7][safepoint   ] Safepoint "ICBufferFull", Time since last: 57423274111 ns, Reaching safepoint: 602325 ns, At safepoint: 85263 ns, Total: 687588 ns
[2022-09-29T06:59:59.498+0000][7][safepoint   ] Safepoint "ICBufferFull", Time since last: 544290874 ns, Reaching safepoint: 547345 ns, At safepoint: 51638 ns, Total: 598983 ns
[2022-09-29T06:59:59.940+0000][7][safepoint   ] Safepoint "ICBufferFull", Time since last: 441412907 ns, Reaching safepoint: 1181196 ns, At safepoint: 81796 ns, Total: 1262992 ns
[2022-09-29T07:00:00.942+0000][7][safepoint   ] Safepoint "Cleanup", Time since last: 1001063482 ns, Reaching safepoint: 554995 ns, At safepoint: 171437 ns, Total: 726432 ns
[2022-09-29T07:00:01.706+0000][7][safepoint   ] Safepoint "ICBufferFull", Time since last: 763438160 ns, Reaching safepoint: 509100 ns, At safepoint: 72207 ns, Total: 581307 ns
[2022-09-29T07:00:02.710+0000][7][safepoint   ] Safepoint "Cleanup", Time since last: 1000628133 ns, Reaching safepoint: 3158199 ns, At safepoint: 544938 ns, Total: 3703137 ns
[2022-09-29T07:00:02.801+0000][7][gc,start    ] GC(43) Pause Young (Normal) (G1 Evacuation Pause)
[2022-09-29T07:00:02.802+0000][7][gc,task     ] GC(43) Using 6 workers of 13 for evacuation
[2022-09-29T07:00:02.803+0000][7][gc,age      ] GC(43) Desired survivor size 8388608 bytes, new threshold 15 (max threshold 15)
[2022-09-29T07:00:02.838+0000][7][gc,age      ] GC(43) Age table with threshold 15 (max threshold 15)
[2022-09-29T07:00:02.839+0000][7][gc,age      ] GC(43) - age   1:    3044792 bytes,    3044792 total
[2022-09-29T07:00:02.840+0000][7][gc,age      ] GC(43) - age   2:       1248 bytes,    3046040 total
[2022-09-29T07:00:02.841+0000][7][gc,age      ] GC(43) - age   3:       1480 bytes,    3047520 total
[2022-09-29T07:00:02.842+0000][7][gc,age      ] GC(43) - age   4:       2136 bytes,    3049656 total
[2022-09-29T07:00:02.845+0000][7][gc,age      ] GC(43) - age   5:        672 bytes,    3050328 total
[2022-09-29T07:00:02.846+0000][7][gc,age      ] GC(43) - age   6:       2048 bytes,    3052376 total
[2022-09-29T07:00:02.847+0000][7][gc,age      ] GC(43) - age   7:       2272 bytes,    3054648 total
[2022-09-29T07:00:02.848+0000][7][gc,age      ] GC(43) - age   8:      14256 bytes,    3068904 total
[2022-09-29T07:00:02.849+0000][7][gc,age      ] GC(43) - age   9:       2344 bytes,    3071248 total
[2022-09-29T07:00:02.850+0000][7][gc,age      ] GC(43) - age  10:      49048 bytes,    3120296 total
[2022-09-29T07:00:02.851+0000][7][gc,age      ] GC(43) - age  11:    2852192 bytes,    5972488 total
[2022-09-29T07:00:02.852+0000][7][gc,age      ] GC(43) - age  12:    2058760 bytes,    8031248 total
[2022-09-29T07:00:02.853+0000][7][gc,phases   ] GC(43)   Pre Evacuate Collection Set: 0.5ms
[2022-09-29T07:00:02.853+0000][7][gc,phases   ] GC(43)   Merge Heap Roots: 0.6ms
[2022-09-29T07:00:02.855+0000][7][gc,phases   ] GC(43)   Evacuate Collection Set: 29.6ms
[2022-09-29T07:00:02.855+0000][7][gc,phases   ] GC(43)   Post Evacuate Collection Set: 4.0ms
[2022-09-29T07:00:02.856+0000][7][gc,phases   ] GC(43)   Other: 17.1ms
[2022-09-29T07:00:02.857+0000][7][gc,heap     ] GC(43) Eden regions: 23->0(23)
[2022-09-29T07:00:02.859+0000][7][gc,heap     ] GC(43) Survivor regions: 2->2(4)
[2022-09-29T07:00:02.860+0000][7][gc,heap     ] GC(43) Old regions: 20->20
[2022-09-29T07:00:02.861+0000][7][gc,heap     ] GC(43) Archive regions: 2->2
[2022-09-29T07:00:02.862+0000][7][gc,heap     ] GC(43) Humongous regions: 5->5
[2022-09-29T07:00:02.863+0000][7][gc,metaspace] GC(43) Metaspace: 97901K(102172K)->97901K(102172K) NonClass: 84672K(87708K)->84672K(87708K) Class: 13228K(14464K)->13228K(14464K)
[2022-09-29T07:00:02.864+0000][7][gc          ] GC(43) Pause Young (Normal) (G1 Evacuation Pause) 198M->109M(256M) 63.017ms
[2022-09-29T07:00:02.870+0000][7][gc,cpu      ] GC(43) User=0.19s Sys=0.01s Real=0.07s
[2022-09-29T07:00:02.872+0000][7][safepoint   ] Safepoint "G1CollectForAllocation", Time since last: 89119346 ns, Reaching safepoint: 1476168 ns, At safepoint: 70680124 ns, Total: 72156292 ns
[2022-09-29T07:00:03.602+0000][7][safepoint   ] Safepoint "ICBufferFull", Time since last: 729032448 ns, Reaching safepoint: 973337 ns, At safepoint: 370925 ns, Total: 1344262 ns
[2022-09-29T07:00:03.610+0000][7][safepoint   ] Safepoint "ICBufferFull", Time since last: 6313571 ns, Reaching safepoint: 819552 ns, At safepoint: 507086 ns, Total: 1326638 ns
[2022-09-29T07:00:03.620+0000][7][safepoint   ] Safepoint "ICBufferFull", Time since last: 4261746 ns, Reaching safepoint: 5991688 ns, At safepoint: 438877 ns, Total: 6430565 ns
[2022-09-29T07:00:03.626+0000][7][safepoint   ] Safepoint "ICBufferFull", Time since last: 4775329 ns, Reaching safepoint: 947426 ns, At safepoint: 318897 ns, Total: 1266323 ns
[2022-09-29T07:00:03.635+0000][7][safepoint   ] Safepoint "ICBufferFull", Time since last: 8425827 ns, Reaching safepoint: 406114 ns, At safepoint: 17864 ns, Total: 423978 ns
[2022-09-29T07:00:03.643+0000][7][safepoint   ] Safepoint "ICBufferFull", Time since last: 6572614 ns, Reaching safepoint: 646818 ns, At safepoint: 150507 ns, Total: 797325 ns
[2022-09-29T07:00:03.651+0000][7][safepoint   ] Safepoint "ICBufferFull", Time since last: 6174406 ns, Reaching safepoint: 1787942 ns, At safepoint: 675713 ns, Total: 2463655 ns
[2022-09-29T07:00:03.658+0000][7][safepoint   ] Safepoint "ICBufferFull", Time since last: 4673846 ns, Reaching safepoint: 1474034 ns, At safepoint: 600835 ns, Total: 2074869 ns
[2022-09-29T07:00:03.714+0000][7][safepoint   ] Safepoint "ICBufferFull", Time since last: 52492224 ns, Reaching safepoint: 3101175 ns, At safepoint: 588101 ns, Total: 3689276 ns
[2022-09-29T07:00:04.241+0000][7][safepoint   ] Safepoint "ICBufferFull", Time since last: 525587387 ns, Reaching safepoint: 773023 ns, At safepoint: 645240 ns, Total: 1418263 ns
[2022-09-29T07:00:05.114+0000][7][safepoint   ] Safepoint "ICBufferFull", Time since last: 872099758 ns, Reaching safepoint: 519562 ns, At safepoint: 448284 ns, Total: 967846 ns
[2022-09-29T07:00:05.479+0000][7][gc,start    ] GC(44) Pause Young (Concurrent Start) (G1 Evacuation Pause)
[2022-09-29T07:00:05.480+0000][7][gc,task     ] GC(44) Using 6 workers of 13 for evacuation
[2022-09-29T07:00:05.481+0000][7][gc,age      ] GC(44) Desired survivor size 8388608 bytes, new threshold 15 (max threshold 15)
[2022-09-29T07:00:05.539+0000][7][gc,age      ] GC(44) Age table with threshold 15 (max threshold 15)
[2022-09-29T07:00:05.539+0000][7][gc,age      ] GC(44) - age   1:    9891952 bytes,    9891952 total
[2022-09-29T07:00:05.540+0000][7][gc,age      ] GC(44) - age   2:    2534176 bytes,   12426128 total
[2022-09-29T07:00:05.540+0000][7][gc,age      ] GC(44) - age   3:       1248 bytes,   12427376 total
[2022-09-29T07:00:05.541+0000][7][gc,age      ] GC(44) - age   4:       1480 bytes,   12428856 total
[2022-09-29T07:00:05.541+0000][7][gc,age      ] GC(44) - age   5:       2136 bytes,   12430992 total
[2022-09-29T07:00:05.541+0000][7][gc,age      ] GC(44) - age   6:        672 bytes,   12431664 total
[2022-09-29T07:00:05.542+0000][7][gc,age      ] GC(44) - age   7:       2048 bytes,   12433712 total
[2022-09-29T07:00:05.543+0000][7][gc,age      ] GC(44) - age   8:       2272 bytes,   12435984 total
[2022-09-29T07:00:05.543+0000][7][gc,age      ] GC(44) - age   9:      14256 bytes,   12450240 total
[2022-09-29T07:00:05.544+0000][7][gc,age      ] GC(44) - age  10:       2344 bytes,   12452584 total
[2022-09-29T07:00:05.545+0000][7][gc,age      ] GC(44) - age  11:      48232 bytes,   12500816 total
[2022-09-29T07:00:05.546+0000][7][gc,age      ] GC(44) - age  12:    2608464 bytes,   15109280 total
[2022-09-29T07:00:05.547+0000][7][gc,age      ] GC(44) - age  13:    1410384 bytes,   16519664 total
[2022-09-29T07:00:05.547+0000][7][gc,phases   ] GC(44)   Pre Evacuate Collection Set: 0.5ms
[2022-09-29T07:00:05.548+0000][7][gc,phases   ] GC(44)   Merge Heap Roots: 0.3ms
[2022-09-29T07:00:05.549+0000][7][gc,phases   ] GC(44)   Evacuate Collection Set: 53.5ms
[2022-09-29T07:00:05.549+0000][7][gc,phases   ] GC(44)   Post Evacuate Collection Set: 3.3ms
[2022-09-29T07:00:05.550+0000][7][gc,phases   ] GC(44)   Other: 10.8ms
[2022-09-29T07:00:05.550+0000][7][gc,heap     ] GC(44) Eden regions: 23->0(18)
[2022-09-29T07:00:05.551+0000][7][gc,heap     ] GC(44) Survivor regions: 2->4(4)
[2022-09-29T07:00:05.551+0000][7][gc,heap     ] GC(44) Old regions: 20->21
[2022-09-29T07:00:05.551+0000][7][gc,heap     ] GC(44) Archive regions: 2->2
[2022-09-29T07:00:05.552+0000][7][gc,heap     ] GC(44) Humongous regions: 5->5
[2022-09-29T07:00:05.553+0000][7][gc,metaspace] GC(44) Metaspace: 100540K(104988K)->100540K(104988K) NonClass: 86985K(90268K)->86985K(90268K) Class: 13555K(14720K)->13555K(14720K)
[2022-09-29T07:00:05.553+0000][7][gc          ] GC(44) Pause Young (Concurrent Start) (G1 Evacuation Pause) 201M->122M(256M) 74.183ms
[2022-09-29T07:00:05.554+0000][7][gc,cpu      ] GC(44) User=0.39s Sys=0.00s Real=0.08s
[2022-09-29T07:00:05.555+0000][7][gc          ] GC(45) Concurrent Cycle
[2022-09-29T07:00:05.555+0000][7][safepoint   ] Safepoint "G1CollectForAllocation", Time since last: 364035868 ns, Reaching safepoint: 710844 ns, At safepoint: 75957435 ns, Total: 76668279 ns
[2022-09-29T07:00:05.555+0000][7][gc,marking  ] GC(45) Concurrent Clear Claimed Marks
[2022-09-29T07:00:05.556+0000][7][gc,marking  ] GC(45) Concurrent Clear Claimed Marks 1.198ms
[2022-09-29T07:00:05.557+0000][7][gc,marking  ] GC(45) Concurrent Scan Root Regions
[2022-09-29T07:00:05.567+0000][7][gc,marking  ] GC(45) Concurrent Scan Root Regions 9.970ms
[2022-09-29T07:00:05.568+0000][7][gc,marking  ] GC(45) Concurrent Mark (3414.660s)
[2022-09-29T07:00:05.569+0000][7][gc,marking  ] GC(45) Concurrent Mark From Roots
[2022-09-29T07:00:05.570+0000][7][gc,task     ] GC(45) Using 3 workers of 3 for marking
[2022-09-29T07:00:05.659+0000][7][gc,marking  ] GC(45) Concurrent Mark From Roots 90.677ms
[2022-09-29T07:00:05.660+0000][7][gc,marking  ] GC(45) Concurrent Preclean
[2022-09-29T07:00:05.662+0000][7][gc,marking  ] GC(45) Concurrent Preclean 1.437ms
[2022-09-29T07:00:05.662+0000][7][gc,marking  ] GC(45) Concurrent Mark (3414.660s, 3414.755s) 94.519ms
[2022-09-29T07:00:05.664+0000][7][gc,start    ] GC(45) Pause Remark
[2022-09-29T07:00:05.671+0000][7][gc          ] GC(45) Pause Remark 123M->123M(256M) 7.321ms
[2022-09-29T07:00:05.672+0000][7][gc,cpu      ] GC(45) User=0.05s Sys=0.00s Real=0.01s
[2022-09-29T07:00:05.673+0000][7][safepoint   ] Safepoint "G1Concurrent", Time since last: 108605719 ns, Reaching safepoint: 487361 ns, At safepoint: 8651444 ns, Total: 9138805 ns
[2022-09-29T07:00:05.674+0000][7][gc,marking  ] GC(45) Concurrent Rebuild Remembered Sets
[2022-09-29T07:00:05.738+0000][7][gc,marking  ] GC(45) Concurrent Rebuild Remembered Sets 64.353ms
[2022-09-29T07:00:05.740+0000][7][gc,start    ] GC(45) Pause Cleanup
[2022-09-29T07:00:05.741+0000][7][gc          ] GC(45) Pause Cleanup 126M->126M(256M) 0.946ms
[2022-09-29T07:00:05.741+0000][7][gc,cpu      ] GC(45) User=0.00s Sys=0.00s Real=0.00s
[2022-09-29T07:00:05.742+0000][7][safepoint   ] Safepoint "G1Concurrent", Time since last: 65985082 ns, Reaching safepoint: 982347 ns, At safepoint: 2221819 ns, Total: 3204166 ns
[2022-09-29T07:00:05.743+0000][7][gc,marking  ] GC(45) Concurrent Cleanup for Next Mark
[2022-09-29T07:00:05.745+0000][7][gc,marking  ] GC(45) Concurrent Cleanup for Next Mark 1.797ms
[2022-09-29T07:00:05.745+0000][7][gc          ] GC(45) Concurrent Cycle 190.627ms
[2022-09-29T07:00:06.448+0000][7][safepoint   ] Safepoint "ICBufferFull", Time since last: 702557427 ns, Reaching safepoint: 1076602 ns, At safepoint: 2341712 ns, Total: 3418314 ns
[2022-09-29T07:00:07.077+0000][7][safepoint   ] Safepoint "ICBufferFull", Time since last: 628514952 ns, Reaching safepoint: 785427 ns, At safepoint: 155877 ns, Total: 941304 ns
[2022-09-29T07:00:08.103+0000][7][safepoint   ] Safepoint "Cleanup", Time since last: 1013065960 ns, Reaching safepoint: 11870945 ns, At safepoint: 238455 ns, Total: 12109400 ns
[2022-09-29T07:00:08.750+0000][7][gc,start    ] GC(46) Pause Young (Normal) (G1 Evacuation Pause)
[2022-09-29T07:00:08.751+0000][7][gc,task     ] GC(46) Using 6 workers of 13 for evacuation
[2022-09-29T07:00:08.752+0000][7][gc,age      ] GC(46) Desired survivor size 6291456 bytes, new threshold 1 (max threshold 15)
[2022-09-29T07:00:08.829+0000][7][gc,age      ] GC(46) Age table with threshold 1 (max threshold 15)
[2022-09-29T07:00:08.830+0000][7][gc,age      ] GC(46) - age   1:    3618816 bytes,    3618816 total
[2022-09-29T07:00:08.830+0000][7][gc,phases   ] GC(46)   Pre Evacuate Collection Set: 0.4ms
[2022-09-29T07:00:08.830+0000][7][gc,phases   ] GC(46)   Merge Heap Roots: 0.2ms
[2022-09-29T07:00:08.831+0000][7][gc,phases   ] GC(46)   Evacuate Collection Set: 73.2ms
[2022-09-29T07:00:08.831+0000][7][gc,phases   ] GC(46)   Post Evacuate Collection Set: 3.0ms
[2022-09-29T07:00:08.831+0000][7][gc,phases   ] GC(46)   Other: 3.0ms
[2022-09-29T07:00:08.832+0000][7][gc,heap     ] GC(46) Eden regions: 18->0(16)
[2022-09-29T07:00:08.832+0000][7][gc,heap     ] GC(46) Survivor regions: 4->2(3)
[2022-09-29T07:00:08.832+0000][7][gc,heap     ] GC(46) Old regions: 21->25
[2022-09-29T07:00:08.832+0000][7][gc,heap     ] GC(46) Archive regions: 2->2
[2022-09-29T07:00:08.833+0000][7][gc,heap     ] GC(46) Humongous regions: 5->5
[2022-09-29T07:00:08.833+0000][7][gc,metaspace] GC(46) Metaspace: 101791K(106268K)->101791K(106268K) NonClass: 88092K(91292K)->88092K(91292K) Class: 13698K(14976K)->13698K(14976K)
[2022-09-29T07:00:08.833+0000][7][gc          ] GC(46) Pause Young (Normal) (G1 Evacuation Pause) 194M->125M(256M) 82.961ms
[2022-09-29T07:00:08.834+0000][7][gc,cpu      ] GC(46) User=0.44s Sys=0.01s Real=0.08s
[2022-09-29T07:00:08.834+0000][7][safepoint   ] Safepoint "G1CollectForAllocation", Time since last: 647306361 ns, Reaching safepoint: 441456 ns, At safepoint: 84097554 ns, Total: 84539010 ns
[2022-09-29T07:00:09.836+0000][7][safepoint   ] Safepoint "Cleanup", Time since last: 1000886723 ns, Reaching safepoint: 519811 ns, At safepoint: 155606 ns, Total: 675417 ns
[2022-09-29T07:00:10.838+0000][7][safepoint   ] Safepoint "Cleanup", Time since last: 1001567794 ns, Reaching safepoint: 599072 ns, At safepoint: 96664 ns, Total: 695736 ns
[2022-09-29T07:00:11.841+0000][7][safepoint   ] Safepoint "Cleanup", Time since last: 1001730383 ns, Reaching safepoint: 788508 ns, At safepoint: 341561 ns, Total: 1130069 ns
[2022-09-29T07:00:12.529+0000][7][gc,start    ] GC(47) Pause Young (Concurrent Start) (G1 Evacuation Pause)
[2022-09-29T07:00:12.529+0000][7][gc,task     ] GC(47) Using 6 workers of 13 for evacuation
[2022-09-29T07:00:12.530+0000][7][gc,age      ] GC(47) Desired survivor size 6291456 bytes, new threshold 15 (max threshold 15)
[2022-09-29T07:00:12.538+0000][7][gc,age      ] GC(47) Age table with threshold 15 (max threshold 15)
[2022-09-29T07:00:12.539+0000][7][gc,age      ] GC(47) - age   1:    1790888 bytes,    1790888 total
[2022-09-29T07:00:12.539+0000][7][gc,age      ] GC(47) - age   2:    2627008 bytes,    4417896 total
[2022-09-29T07:00:12.540+0000][7][gc,phases   ] GC(47)   Pre Evacuate Collection Set: 0.5ms
[2022-09-29T07:00:12.541+0000][7][gc,phases   ] GC(47)   Merge Heap Roots: 0.3ms
[2022-09-29T07:00:12.541+0000][7][gc,phases   ] GC(47)   Evacuate Collection Set: 4.2ms
[2022-09-29T07:00:12.542+0000][7][gc,phases   ] GC(47)   Post Evacuate Collection Set: 1.8ms
[2022-09-29T07:00:12.542+0000][7][gc,phases   ] GC(47)   Other: 4.3ms
[2022-09-29T07:00:12.543+0000][7][gc,heap     ] GC(47) Eden regions: 16->0(17)
[2022-09-29T07:00:12.543+0000][7][gc,heap     ] GC(47) Survivor regions: 2->2(3)
[2022-09-29T07:00:12.544+0000][7][gc,heap     ] GC(47) Old regions: 25->25
[2022-09-29T07:00:12.544+0000][7][gc,heap     ] GC(47) Archive regions: 2->2
[2022-09-29T07:00:12.545+0000][7][gc,heap     ] GC(47) Humongous regions: 5->5
[2022-09-29T07:00:12.545+0000][7][gc,metaspace] GC(47) Metaspace: 102257K(106780K)->102257K(106780K) NonClass: 88533K(91804K)->88533K(91804K) Class: 13724K(14976K)->13724K(14976K)
[2022-09-29T07:00:12.546+0000][7][gc          ] GC(47) Pause Young (Concurrent Start) (G1 Evacuation Pause) 189M->126M(256M) 16.698ms
[2022-09-29T07:00:12.546+0000][7][gc,cpu      ] GC(47) User=0.02s Sys=0.01s Real=0.02s
[2022-09-29T07:00:12.547+0000][7][gc          ] GC(48) Concurrent Cycle
[2022-09-29T07:00:12.547+0000][7][safepoint   ] Safepoint "G1CollectForAllocation", Time since last: 687148280 ns, Reaching safepoint: 625219 ns, At safepoint: 18237063 ns, Total: 18862282 ns
[2022-09-29T07:00:12.547+0000][7][gc,marking  ] GC(48) Concurrent Clear Claimed Marks
[2022-09-29T07:00:12.549+0000][7][gc,marking  ] GC(48) Concurrent Clear Claimed Marks 2.102ms
[2022-09-29T07:00:12.550+0000][7][gc,marking  ] GC(48) Concurrent Scan Root Regions
[2022-09-29T07:00:12.557+0000][7][gc,marking  ] GC(48) Concurrent Scan Root Regions 7.397ms
[2022-09-29T07:00:12.558+0000][7][gc,marking  ] GC(48) Concurrent Mark (3421.651s)
[2022-09-29T07:00:12.559+0000][7][gc,marking  ] GC(48) Concurrent Mark From Roots
[2022-09-29T07:00:12.560+0000][7][gc,task     ] GC(48) Using 3 workers of 3 for marking
[2022-09-29T07:00:12.716+0000][7][gc,marking  ] GC(48) Concurrent Mark From Roots 156.405ms
[2022-09-29T07:00:12.716+0000][7][gc,marking  ] GC(48) Concurrent Preclean
[2022-09-29T07:00:12.718+0000][7][gc,marking  ] GC(48) Concurrent Preclean 1.287ms
[2022-09-29T07:00:12.719+0000][7][gc,marking  ] GC(48) Concurrent Mark (3421.651s, 3421.811s) 160.299ms
[2022-09-29T07:00:12.721+0000][7][gc,start    ] GC(48) Pause Remark
[2022-09-29T07:00:12.820+0000][7][gc          ] GC(48) Pause Remark 127M->127M(256M) 99.448ms
[2022-09-29T07:00:12.821+0000][7][gc,cpu      ] GC(48) User=0.56s Sys=0.01s Real=0.10s
[2022-09-29T07:00:12.822+0000][7][safepoint   ] Safepoint "G1Concurrent", Time since last: 172116847 ns, Reaching safepoint: 1357887 ns, At safepoint: 101087523 ns, Total: 102445410 ns
[2022-09-29T07:00:12.823+0000][7][gc,marking  ] GC(48) Concurrent Rebuild Remembered Sets
[2022-09-29T07:00:12.937+0000][7][gc,marking  ] GC(48) Concurrent Rebuild Remembered Sets 113.996ms
[2022-09-29T07:00:12.939+0000][7][gc,start    ] GC(48) Pause Cleanup
[2022-09-29T07:00:12.945+0000][7][gc          ] GC(48) Pause Cleanup 127M->127M(256M) 6.184ms
[2022-09-29T07:00:12.946+0000][7][gc,cpu      ] GC(48) User=0.01s Sys=0.01s Real=0.01s
[2022-09-29T07:00:12.947+0000][7][safepoint   ] Safepoint "G1Concurrent", Time since last: 116216555 ns, Reaching safepoint: 1126505 ns, At safepoint: 8073227 ns, Total: 9199732 ns
[2022-09-29T07:00:12.949+0000][7][gc,marking  ] GC(48) Concurrent Cleanup for Next Mark
[2022-09-29T07:00:12.952+0000][7][gc,marking  ] GC(48) Concurrent Cleanup for Next Mark 2.835ms
[2022-09-29T07:00:12.953+0000][7][gc          ] GC(48) Concurrent Cycle 406.280ms
[2022-09-29T07:00:13.077+0000][7][safepoint   ] Safepoint "ICBufferFull", Time since last: 128755306 ns, Reaching safepoint: 786409 ns, At safepoint: 128405 ns, Total: 914814 ns
[2022-09-29T07:00:13.416+0000][7][safepoint   ] Safepoint "ICBufferFull", Time since last: 338635694 ns, Reaching safepoint: 585280 ns, At safepoint: 114378 ns, Total: 699658 ns
[2022-09-29T07:00:14.419+0000][7][safepoint   ] Safepoint "Cleanup", Time since last: 1001499093 ns, Reaching safepoint: 917242 ns, At safepoint: 118025 ns, Total: 1035267 ns
[2022-09-29T07:00:15.397+0000][7][safepoint   ] Safepoint "ICBufferFull", Time since last: 977792883 ns, Reaching safepoint: 733348 ns, At safepoint: 158342 ns, Total: 891690 ns
[2022-09-29T07:00:16.426+0000][7][safepoint   ] Safepoint "Cleanup", Time since last: 1004943881 ns, Reaching safepoint: 23863705 ns, At safepoint: 214128 ns, Total: 24077833 ns
[2022-09-29T07:00:17.439+0000][7][safepoint   ] Safepoint "Cleanup", Time since last: 1011518545 ns, Reaching safepoint: 819512 ns, At safepoint: 165065 ns, Total: 984577 ns
[2022-09-29T07:00:17.973+0000][7][gc,start    ] GC(49) Pause Young (Prepare Mixed) (G1 Evacuation Pause)
[2022-09-29T07:00:17.973+0000][7][gc,task     ] GC(49) Using 6 workers of 13 for evacuation
[2022-09-29T07:00:17.974+0000][7][gc,age      ] GC(49) Desired survivor size 6291456 bytes, new threshold 15 (max threshold 15)
[2022-09-29T07:00:17.987+0000][7][gc,age      ] GC(49) Age table with threshold 15 (max threshold 15)
[2022-09-29T07:00:17.989+0000][7][gc,age      ] GC(49) - age   1:    1492552 bytes,    1492552 total
[2022-09-29T07:00:17.990+0000][7][gc,age      ] GC(49) - age   2:     692928 bytes,    2185480 total
[2022-09-29T07:00:17.993+0000][7][gc,age      ] GC(49) - age   3:    2291448 bytes,    4476928 total
[2022-09-29T07:00:17.995+0000][7][gc,phases   ] GC(49)   Pre Evacuate Collection Set: 0.5ms
[2022-09-29T07:00:17.996+0000][7][gc,phases   ] GC(49)   Merge Heap Roots: 0.6ms
[2022-09-29T07:00:17.998+0000][7][gc,phases   ] GC(49)   Evacuate Collection Set: 7.9ms
[2022-09-29T07:00:17.999+0000][7][gc,phases   ] GC(49)   Post Evacuate Collection Set: 3.2ms
[2022-09-29T07:00:18.002+0000][7][gc,phases   ] GC(49)   Other: 10.1ms
[2022-09-29T07:00:18.003+0000][7][gc,heap     ] GC(49) Eden regions: 17->0(1)
[2022-09-29T07:00:18.004+0000][7][gc,heap     ] GC(49) Survivor regions: 2->2(3)
[2022-09-29T07:00:18.005+0000][7][gc,heap     ] GC(49) Old regions: 25->25
[2022-09-29T07:00:18.007+0000][7][gc,heap     ] GC(49) Archive regions: 2->2
[2022-09-29T07:00:18.008+0000][7][gc,heap     ] GC(49) Humongous regions: 5->5
[2022-09-29T07:00:18.009+0000][7][gc,metaspace] GC(49) Metaspace: 102872K(107292K)->102872K(107292K) NonClass: 89098K(92316K)->89098K(92316K) Class: 13774K(14976K)->13774K(14976K)
[2022-09-29T07:00:18.010+0000][7][gc          ] GC(49) Pause Young (Prepare Mixed) (G1 Evacuation Pause) 194M->126M(256M) 37.721ms
[2022-09-29T07:00:18.012+0000][7][gc,cpu      ] GC(49) User=0.10s Sys=0.00s Real=0.04s
[2022-09-29T07:00:18.014+0000][7][safepoint   ] Safepoint "G1CollectForAllocation", Time since last: 532632758 ns, Reaching safepoint: 845712 ns, At safepoint: 41923539 ns, Total: 42769251 ns
[2022-09-29T07:00:18.177+0000][7][gc,start    ] GC(50) Pause Young (Mixed) (G1 Evacuation Pause)
[2022-09-29T07:00:18.177+0000][7][gc,task     ] GC(50) Using 6 workers of 13 for evacuation
[2022-09-29T07:00:18.178+0000][7][gc,age      ] GC(50) Desired survivor size 2097152 bytes, new threshold 2 (max threshold 15)
[2022-09-29T07:00:18.362+0000][7][gc,age      ] GC(50) Age table with threshold 2 (max threshold 15)
[2022-09-29T07:00:18.362+0000][7][gc,age      ] GC(50) - age   1:     808784 bytes,     808784 total
[2022-09-29T07:00:18.362+0000][7][gc,age      ] GC(50) - age   2:    1348768 bytes,    2157552 total
[2022-09-29T07:00:18.363+0000][7][gc,phases   ] GC(50)   Pre Evacuate Collection Set: 0.4ms
[2022-09-29T07:00:18.363+0000][7][gc,phases   ] GC(50)   Merge Heap Roots: 1.5ms
[2022-09-29T07:00:18.364+0000][7][gc,phases   ] GC(50)   Evacuate Collection Set: 174.5ms
[2022-09-29T07:00:18.364+0000][7][gc,phases   ] GC(50)   Post Evacuate Collection Set: 6.4ms
[2022-09-29T07:00:18.365+0000][7][gc,phases   ] GC(50)   Other: 3.3ms
[2022-09-29T07:00:18.365+0000][7][gc,heap     ] GC(50) Eden regions: 1->0(20)
[2022-09-29T07:00:18.366+0000][7][gc,heap     ] GC(50) Survivor regions: 2->1(1)
[2022-09-29T07:00:18.368+0000][7][gc,heap     ] GC(50) Old regions: 25->22
[2022-09-29T07:00:18.369+0000][7][gc,heap     ] GC(50) Archive regions: 2->2
[2022-09-29T07:00:18.369+0000][7][gc,heap     ] GC(50) Humongous regions: 5->5
[2022-09-29T07:00:18.370+0000][7][gc,metaspace] GC(50) Metaspace: 102890K(107292K)->102890K(107292K) NonClass: 89114K(92316K)->89114K(92316K) Class: 13776K(14976K)->13776K(14976K)
[2022-09-29T07:00:18.370+0000][7][gc          ] GC(50) Pause Young (Mixed) (G1 Evacuation Pause) 130M->114M(256M) 193.473ms
[2022-09-29T07:00:18.371+0000][7][gc,cpu      ] GC(50) User=1.23s Sys=0.03s Real=0.20s
[2022-09-29T07:00:18.372+0000][7][safepoint   ] Safepoint "G1CollectForAllocation", Time since last: 161868127 ns, Reaching safepoint: 766686 ns, At safepoint: 194876749 ns, Total: 195643435 ns
[2022-09-29T07:00:19.373+0000][7][safepoint   ] Safepoint "Cleanup", Time since last: 1000227263 ns, Reaching safepoint: 439928 ns, At safepoint: 270576 ns, Total: 710504 ns
[2022-09-29T07:00:20.375+0000][7][safepoint   ] Safepoint "Cleanup", Time since last: 1001374557 ns, Reaching safepoint: 367290 ns, At safepoint: 126882 ns, Total: 494172 ns
[2022-09-29T07:00:21.376+0000][7][safepoint   ] Safepoint "Cleanup", Time since last: 1000989299 ns, Reaching safepoint: 805124 ns, At safepoint: 90813 ns, Total: 895937 ns
[2022-09-29T07:00:22.379+0000][7][safepoint   ] Safepoint "Cleanup", Time since last: 1001616547 ns, Reaching safepoint: 434067 ns, At safepoint: 79331 ns, Total: 513398 ns
[2022-09-29T07:00:22.684+0000][7][gc,start    ] GC(51) Pause Young (Concurrent Start) (G1 Evacuation Pause)
[2022-09-29T07:00:22.685+0000][7][gc,task     ] GC(51) Using 6 workers of 13 for evacuation
[2022-09-29T07:00:22.685+0000][7][gc,age      ] GC(51) Desired survivor size 6291456 bytes, new threshold 15 (max threshold 15)
[2022-09-29T07:00:22.691+0000][7][gc,age      ] GC(51) Age table with threshold 15 (max threshold 15)
[2022-09-29T07:00:22.691+0000][7][gc,age      ] GC(51) - age   1:    1233032 bytes,    1233032 total
[2022-09-29T07:00:22.691+0000][7][gc,age      ] GC(51) - age   2:       2176 bytes,    1235208 total
[2022-09-29T07:00:22.692+0000][7][gc,age      ] GC(51) - age   3:     860432 bytes,    2095640 total
[2022-09-29T07:00:22.692+0000][7][gc,phases   ] GC(51)   Pre Evacuate Collection Set: 0.3ms
[2022-09-29T07:00:22.692+0000][7][gc,phases   ] GC(51)   Merge Heap Roots: 0.2ms
[2022-09-29T07:00:22.693+0000][7][gc,phases   ] GC(51)   Evacuate Collection Set: 3.4ms
[2022-09-29T07:00:22.693+0000][7][gc,phases   ] GC(51)   Post Evacuate Collection Set: 1.1ms
[2022-09-29T07:00:22.693+0000][7][gc,phases   ] GC(51)   Other: 2.8ms
[2022-09-29T07:00:22.693+0000][7][gc,heap     ] GC(51) Eden regions: 20->0(21)
[2022-09-29T07:00:22.694+0000][7][gc,heap     ] GC(51) Survivor regions: 1->1(3)
[2022-09-29T07:00:22.694+0000][7][gc,heap     ] GC(51) Old regions: 22->22
[2022-09-29T07:00:22.694+0000][7][gc,heap     ] GC(51) Archive regions: 2->2
[2022-09-29T07:00:22.694+0000][7][gc,heap     ] GC(51) Humongous regions: 5->5
[2022-09-29T07:00:22.695+0000][7][gc,metaspace] GC(51) Metaspace: 103108K(107548K)->103108K(107548K) NonClass: 89323K(92572K)->89323K(92572K) Class: 13784K(14976K)->13784K(14976K)
[2022-09-29T07:00:22.695+0000][7][gc          ] GC(51) Pause Young (Concurrent Start) (G1 Evacuation Pause) 194M->114M(256M) 10.755ms
[2022-09-29T07:00:22.695+0000][7][gc,cpu      ] GC(51) User=0.01s Sys=0.01s Real=0.01s
[2022-09-29T07:00:22.696+0000][7][gc          ] GC(52) Concurrent Cycle
[2022-09-29T07:00:22.696+0000][7][safepoint   ] Safepoint "G1CollectForAllocation", Time since last: 305357142 ns, Reaching safepoint: 340409 ns, At safepoint: 11653377 ns, Total: 11993786 ns
[2022-09-29T07:00:22.696+0000][7][gc,marking  ] GC(52) Concurrent Clear Claimed Marks
[2022-09-29T07:00:22.697+0000][7][gc,marking  ] GC(52) Concurrent Clear Claimed Marks 1.128ms
[2022-09-29T07:00:22.698+0000][7][gc,marking  ] GC(52) Concurrent Scan Root Regions
[2022-09-29T07:00:22.704+0000][7][gc,marking  ] GC(52) Concurrent Scan Root Regions 5.674ms
[2022-09-29T07:00:22.704+0000][7][gc,marking  ] GC(52) Concurrent Mark (3431.797s)
[2022-09-29T07:00:22.704+0000][7][gc,marking  ] GC(52) Concurrent Mark From Roots
[2022-09-29T07:00:22.705+0000][7][gc,task     ] GC(52) Using 3 workers of 3 for marking
[2022-09-29T07:00:22.772+0000][7][gc,marking  ] GC(52) Concurrent Mark From Roots 67.306ms
[2022-09-29T07:00:22.772+0000][7][gc,marking  ] GC(52) Concurrent Preclean
[2022-09-29T07:00:22.773+0000][7][gc,marking  ] GC(52) Concurrent Preclean 0.698ms
[2022-09-29T07:00:22.773+0000][7][gc,marking  ] GC(52) Concurrent Mark (3431.797s, 3431.866s) 69.104ms
[2022-09-29T07:00:22.774+0000][7][gc,start    ] GC(52) Pause Remark
[2022-09-29T07:00:22.781+0000][7][gc          ] GC(52) Pause Remark 116M->116M(256M) 7.089ms
[2022-09-29T07:00:22.782+0000][7][gc,cpu      ] GC(52) User=0.04s Sys=0.00s Real=0.01s
[2022-09-29T07:00:22.782+0000][7][safepoint   ] Safepoint "G1Concurrent", Time since last: 77614917 ns, Reaching safepoint: 396195 ns, At safepoint: 8139357 ns, Total: 8535552 ns
[2022-09-29T07:00:22.783+0000][7][gc,marking  ] GC(52) Concurrent Rebuild Remembered Sets
[2022-09-29T07:00:22.829+0000][7][gc,marking  ] GC(52) Concurrent Rebuild Remembered Sets 46.297ms
[2022-09-29T07:00:22.830+0000][7][gc,start    ] GC(52) Pause Cleanup
[2022-09-29T07:00:22.830+0000][7][gc          ] GC(52) Pause Cleanup 116M->116M(256M) 0.586ms
[2022-09-29T07:00:22.831+0000][7][gc,cpu      ] GC(52) User=0.00s Sys=0.00s Real=0.00s
[2022-09-29T07:00:22.831+0000][7][safepoint   ] Safepoint "G1Concurrent", Time since last: 47424640 ns, Reaching safepoint: 379008 ns, At safepoint: 1446413 ns, Total: 1825421 ns
[2022-09-29T07:00:22.832+0000][7][gc,marking  ] GC(52) Concurrent Cleanup for Next Mark
[2022-09-29T07:00:22.833+0000][7][gc,marking  ] GC(52) Concurrent Cleanup for Next Mark 1.020ms
[2022-09-29T07:00:22.833+0000][7][gc          ] GC(52) Concurrent Cycle 137.629ms
[2022-09-29T07:00:23.832+0000][7][safepoint   ] Safepoint "Cleanup", Time since last: 1000270809 ns, Reaching safepoint: 312987 ns, At safepoint: 6773 ns, Total: 319760 ns
[2022-09-29T07:00:24.833+0000][7][safepoint   ] Safepoint "Cleanup", Time since last: 1000849274 ns, Reaching safepoint: 316383 ns, At safepoint: 38213 ns, Total: 354596 ns
[2022-09-29T07:00:25.835+0000][7][safepoint   ] Safepoint "Cleanup", Time since last: 1000745007 ns, Reaching safepoint: 682133 ns, At safepoint: 67539 ns, Total: 749672 ns
[2022-09-29T07:00:26.836+0000][7][safepoint   ] Safepoint "Cleanup", Time since last: 1001096976 ns, Reaching safepoint: 453996 ns, At safepoint: 71526 ns, Total: 525522 ns
[2022-09-29T07:00:27.958+0000][7][safepoint   ] Safepoint "Cleanup", Time since last: 1120761239 ns, Reaching safepoint: 753723 ns, At safepoint: 119327 ns, Total: 873050 ns
[2022-09-29T07:00:28.960+0000][7][safepoint   ] Safepoint "Cleanup", Time since last: 1001536026 ns, Reaching safepoint: 759232 ns, At safepoint: 199129 ns, Total: 958361 ns
[2022-09-29T07:00:29.160+0000][7][gc,start    ] GC(53) Pause Young (Normal) (G1 Evacuation Pause)
[2022-09-29T07:00:29.160+0000][7][gc,task     ] GC(53) Using 6 workers of 13 for evacuation
[2022-09-29T07:00:29.161+0000][7][gc,age      ] GC(53) Desired survivor size 6291456 bytes, new threshold 15 (max threshold 15)
[2022-09-29T07:00:29.171+0000][7][gc,age      ] GC(53) Age table with threshold 15 (max threshold 15)
[2022-09-29T07:00:29.171+0000][7][gc,age      ] GC(53) - age   1:    3260304 bytes,    3260304 total
[2022-09-29T07:00:29.172+0000][7][gc,age      ] GC(53) - age   2:     273640 bytes,    3533944 total
[2022-09-29T07:00:29.172+0000][7][gc,age      ] GC(53) - age   3:       2048 bytes,    3535992 total
[2022-09-29T07:00:29.173+0000][7][gc,age      ] GC(53) - age   4:     718400 bytes,    4254392 total
[2022-09-29T07:00:29.174+0000][7][gc,phases   ] GC(53)   Pre Evacuate Collection Set: 0.4ms
[2022-09-29T07:00:29.174+0000][7][gc,phases   ] GC(53)   Merge Heap Roots: 0.3ms
[2022-09-29T07:00:29.175+0000][7][gc,phases   ] GC(53)   Evacuate Collection Set: 5.8ms
[2022-09-29T07:00:29.176+0000][7][gc,phases   ] GC(53)   Post Evacuate Collection Set: 2.2ms
[2022-09-29T07:00:29.176+0000][7][gc,phases   ] GC(53)   Other: 5.4ms
[2022-09-29T07:00:29.177+0000][7][gc,heap     ] GC(53) Eden regions: 21->0(20)
[2022-09-29T07:00:29.178+0000][7][gc,heap     ] GC(53) Survivor regions: 1->2(3)
[2022-09-29T07:00:29.178+0000][7][gc,heap     ] GC(53) Old regions: 22->22
[2022-09-29T07:00:29.179+0000][7][gc,heap     ] GC(53) Archive regions: 2->2
[2022-09-29T07:00:29.180+0000][7][gc,heap     ] GC(53) Humongous regions: 5->5
[2022-09-29T07:00:29.180+0000][7][gc,metaspace] GC(53) Metaspace: 104654K(108956K)->104654K(108956K) NonClass: 90647K(93596K)->90647K(93596K) Class: 14006K(15360K)->14006K(15360K)
[2022-09-29T07:00:29.181+0000][7][gc          ] GC(53) Pause Young (Normal) (G1 Evacuation Pause) 198M->116M(256M) 20.943ms
[2022-09-29T07:00:29.181+0000][7][gc,cpu      ] GC(53) User=0.11s Sys=0.02s Real=0.02s
[2022-09-29T07:00:29.183+0000][7][safepoint   ] Safepoint "G1CollectForAllocation", Time since last: 198044425 ns, Reaching safepoint: 893412 ns, At safepoint: 23554007 ns, Total: 24447419 ns
[2022-09-29T07:00:29.763+0000][7][safepoint   ] Safepoint "ICBufferFull", Time since last: 578319037 ns, Reaching safepoint: 1262526 ns, At safepoint: 459265 ns, Total: 1721791 ns
[2022-09-29T07:00:30.681+0000][7][safepoint   ] Safepoint "ICBufferFull", Time since last: 916172589 ns, Reaching safepoint: 1214494 ns, At safepoint: 595194 ns, Total: 1809688 ns
[2022-09-29T07:00:31.685+0000][7][safepoint   ] Safepoint "Cleanup", Time since last: 1003134193 ns, Reaching safepoint: 897430 ns, At safepoint: 256188 ns, Total: 1153618 ns
[2022-09-29T07:00:32.687+0000][7][safepoint   ] Safepoint "Cleanup", Time since last: 1001582602 ns, Reaching safepoint: 600705 ns, At safepoint: 60986 ns, Total: 661691 ns
[2022-09-29T07:00:33.689+0000][7][safepoint   ] Safepoint "Cleanup", Time since last: 1001342023 ns, Reaching safepoint: 400984 ns, At safepoint: 57409 ns, Total: 458393 ns
[2022-09-29T07:00:33.958+0000][7][gc,start    ] GC(54) Pause Young (Concurrent Start) (G1 Evacuation Pause)
[2022-09-29T07:00:33.958+0000][7][gc,task     ] GC(54) Using 6 workers of 13 for evacuation
[2022-09-29T07:00:33.959+0000][7][gc,age      ] GC(54) Desired survivor size 6291456 bytes, new threshold 15 (max threshold 15)
[2022-09-29T07:00:33.969+0000][7][gc,age      ] GC(54) Age table with threshold 15 (max threshold 15)
[2022-09-29T07:00:33.969+0000][7][gc,age      ] GC(54) - age   1:    3794208 bytes,    3794208 total
[2022-09-29T07:00:33.970+0000][7][gc,age      ] GC(54) - age   2:    1603280 bytes,    5397488 total
[2022-09-29T07:00:33.970+0000][7][gc,age      ] GC(54) - age   3:     273024 bytes,    5670512 total
[2022-09-29T07:00:33.970+0000][7][gc,age      ] GC(54) - age   4:       2048 bytes,    5672560 total
[2022-09-29T07:00:33.971+0000][7][gc,age      ] GC(54) - age   5:     718192 bytes,    6390752 total
[2022-09-29T07:00:33.971+0000][7][gc,phases   ] GC(54)   Pre Evacuate Collection Set: 0.7ms
[2022-09-29T07:00:33.972+0000][7][gc,phases   ] GC(54)   Merge Heap Roots: 0.3ms
[2022-09-29T07:00:33.972+0000][7][gc,phases   ] GC(54)   Evacuate Collection Set: 5.9ms
[2022-09-29T07:00:33.973+0000][7][gc,phases   ] GC(54)   Post Evacuate Collection Set: 2.0ms
[2022-09-29T07:00:33.974+0000][7][gc,phases   ] GC(54)   Other: 4.7ms
[2022-09-29T07:00:33.974+0000][7][gc,heap     ] GC(54) Eden regions: 20->0(20)
[2022-09-29T07:00:33.974+0000][7][gc,heap     ] GC(54) Survivor regions: 2->2(3)
[2022-09-29T07:00:33.975+0000][7][gc,heap     ] GC(54) Old regions: 22->22
[2022-09-29T07:00:33.975+0000][7][gc,heap     ] GC(54) Archive regions: 2->2
[2022-09-29T07:00:33.976+0000][7][gc,heap     ] GC(54) Humongous regions: 5->5
[2022-09-29T07:00:33.976+0000][7][gc,metaspace] GC(54) Metaspace: 106018K(110108K)->106018K(110108K) NonClass: 91867K(94620K)->91867K(94620K) Class: 14151K(15488K)->14151K(15488K)
[2022-09-29T07:00:33.976+0000][7][gc          ] GC(54) Pause Young (Concurrent Start) (G1 Evacuation Pause) 196M->118M(256M) 18.433ms
[2022-09-29T07:00:33.977+0000][7][gc,cpu      ] GC(54) User=0.06s Sys=0.00s Real=0.02s
[2022-09-29T07:00:33.977+0000][7][gc          ] GC(55) Concurrent Cycle
[2022-09-29T07:00:33.977+0000][7][safepoint   ] Safepoint "G1CollectForAllocation", Time since last: 268113038 ns, Reaching safepoint: 445419 ns, At safepoint: 19448511 ns, Total: 19893930 ns
[2022-09-29T07:00:33.978+0000][7][gc,marking  ] GC(55) Concurrent Clear Claimed Marks
[2022-09-29T07:00:33.979+0000][7][gc,marking  ] GC(55) Concurrent Clear Claimed Marks 1.328ms
[2022-09-29T07:00:33.979+0000][7][gc,marking  ] GC(55) Concurrent Scan Root Regions
[2022-09-29T07:00:33.987+0000][7][gc,marking  ] GC(55) Concurrent Scan Root Regions 7.032ms
[2022-09-29T07:00:33.987+0000][7][gc,marking  ] GC(55) Concurrent Mark (3443.080s)
[2022-09-29T07:00:33.988+0000][7][gc,marking  ] GC(55) Concurrent Mark From Roots
[2022-09-29T07:00:33.988+0000][7][gc,task     ] GC(55) Using 3 workers of 3 for marking
[2022-09-29T07:00:34.091+0000][7][gc,marking  ] GC(55) Concurrent Mark From Roots 102.693ms
[2022-09-29T07:00:34.092+0000][7][gc,marking  ] GC(55) Concurrent Preclean
[2022-09-29T07:00:34.093+0000][7][gc,marking  ] GC(55) Concurrent Preclean 1.365ms
[2022-09-29T07:00:34.094+0000][7][gc,marking  ] GC(55) Concurrent Mark (3443.080s, 3443.186s) 106.301ms
[2022-09-29T07:00:34.095+0000][7][gc,start    ] GC(55) Pause Remark
[2022-09-29T07:00:34.107+0000][7][gc          ] GC(55) Pause Remark 128M->128M(256M) 12.115ms
[2022-09-29T07:00:34.108+0000][7][gc,cpu      ] GC(55) User=0.08s Sys=0.00s Real=0.01s
[2022-09-29T07:00:34.108+0000][7][safepoint   ] Safepoint "G1Concurrent", Time since last: 117224724 ns, Reaching safepoint: 669536 ns, At safepoint: 13383814 ns, Total: 14053350 ns
[2022-09-29T07:00:34.109+0000][7][gc,marking  ] GC(55) Concurrent Rebuild Remembered Sets
[2022-09-29T07:00:34.170+0000][7][gc,marking  ] GC(55) Concurrent Rebuild Remembered Sets 61.027ms
[2022-09-29T07:00:34.172+0000][7][gc,start    ] GC(55) Pause Cleanup
[2022-09-29T07:00:34.173+0000][7][gc          ] GC(55) Pause Cleanup 136M->136M(256M) 0.921ms
[2022-09-29T07:00:34.174+0000][7][gc,cpu      ] GC(55) User=0.00s Sys=0.00s Real=0.00s
[2022-09-29T07:00:34.175+0000][7][safepoint   ] Safepoint "G1Concurrent", Time since last: 62783862 ns, Reaching safepoint: 1096439 ns, At safepoint: 2247814 ns, Total: 3344253 ns
[2022-09-29T07:00:34.175+0000][7][gc,marking  ] GC(55) Concurrent Cleanup for Next Mark
[2022-09-29T07:00:34.177+0000][7][gc,marking  ] GC(55) Concurrent Cleanup for Next Mark 1.297ms
[2022-09-29T07:00:34.177+0000][7][gc          ] GC(55) Concurrent Cycle 200.097ms
[2022-09-29T07:00:35.183+0000][7][safepoint   ] Safepoint "Cleanup", Time since last: 1000809648 ns, Reaching safepoint: 7620642 ns, At safepoint: 336281 ns, Total: 7956923 ns
[2022-09-29T07:00:35.284+0000][7][gc,start    ] GC(56) Pause Young (Normal) (G1 Evacuation Pause)
[2022-09-29T07:00:35.285+0000][7][gc,task     ] GC(56) Using 6 workers of 13 for evacuation
[2022-09-29T07:00:35.286+0000][7][gc,age      ] GC(56) Desired survivor size 6291456 bytes, new threshold 5 (max threshold 15)
[2022-09-29T07:00:35.307+0000][7][gc,age      ] GC(56) Age table with threshold 5 (max threshold 15)
[2022-09-29T07:00:35.308+0000][7][gc,age      ] GC(56) - age   1:     855296 bytes,     855296 total
[2022-09-29T07:00:35.308+0000][7][gc,age      ] GC(56) - age   2:    2804352 bytes,    3659648 total
[2022-09-29T07:00:35.310+0000][7][gc,age      ] GC(56) - age   3:    1578160 bytes,    5237808 total
[2022-09-29T07:00:35.310+0000][7][gc,age      ] GC(56) - age   4:     270128 bytes,    5507936 total
[2022-09-29T07:00:35.311+0000][7][gc,age      ] GC(56) - age   5:       1952 bytes,    5509888 total
[2022-09-29T07:00:35.312+0000][7][gc,phases   ] GC(56)   Pre Evacuate Collection Set: 0.4ms
[2022-09-29T07:00:35.312+0000][7][gc,phases   ] GC(56)   Merge Heap Roots: 0.3ms
[2022-09-29T07:00:35.313+0000][7][gc,phases   ] GC(56)   Evacuate Collection Set: 10.1ms
[2022-09-29T07:00:35.314+0000][7][gc,phases   ] GC(56)   Post Evacuate Collection Set: 4.5ms
[2022-09-29T07:00:35.314+0000][7][gc,phases   ] GC(56)   Other: 12.5ms
[2022-09-29T07:00:35.315+0000][7][gc,heap     ] GC(56) Eden regions: 20->0(19)
[2022-09-29T07:00:35.316+0000][7][gc,heap     ] GC(56) Survivor regions: 2->2(3)
[2022-09-29T07:00:35.317+0000][7][gc,heap     ] GC(56) Old regions: 22->23
[2022-09-29T07:00:35.318+0000][7][gc,heap     ] GC(56) Archive regions: 2->2
[2022-09-29T07:00:35.319+0000][7][gc,heap     ] GC(56) Humongous regions: 5->5
[2022-09-29T07:00:35.320+0000][7][gc,metaspace] GC(56) Metaspace: 106205K(110364K)->106205K(110364K) NonClass: 92053K(94876K)->92053K(94876K) Class: 14151K(15488K)->14151K(15488K)
[2022-09-29T07:00:35.321+0000][7][gc          ] GC(56) Pause Young (Normal) (G1 Evacuation Pause) 198M->118M(256M) 37.180ms
[2022-09-29T07:00:35.322+0000][7][gc,cpu      ] GC(56) User=0.11s Sys=0.00s Real=0.04s
[2022-09-29T07:00:35.323+0000][7][safepoint   ] Safepoint "G1CollectForAllocation", Time since last: 100129944 ns, Reaching safepoint: 588606 ns, At safepoint: 39101592 ns, Total: 39690198 ns
[2022-09-29T07:00:36.324+0000][7][safepoint   ] Safepoint "Cleanup", Time since last: 1000213392 ns, Reaching safepoint: 393019 ns, At safepoint: 13336 ns, Total: 406355 ns
[2022-09-29T07:00:37.325+0000][7][safepoint   ] Safepoint "Cleanup", Time since last: 1001127046 ns, Reaching safepoint: 500223 ns, At safepoint: 20168 ns, Total: 520391 ns
[2022-09-29T07:00:38.327+0000][7][safepoint   ] Safepoint "Cleanup", Time since last: 1000888307 ns, Reaching safepoint: 296975 ns, At safepoint: 54474 ns, Total: 351449 ns
[2022-09-29T07:00:39.328+0000][7][safepoint   ] Safepoint "Cleanup", Time since last: 1000851260 ns, Reaching safepoint: 304150 ns, At safepoint: 14618 ns, Total: 318768 ns
[2022-09-29T07:00:40.329+0000][7][safepoint   ] Safepoint "Cleanup", Time since last: 1001306335 ns, Reaching safepoint: 301853 ns, At safepoint: 27382 ns, Total: 329235 ns
[2022-09-29T07:00:42.331+0000][7][safepoint   ] Safepoint "Cleanup", Time since last: 2000721830 ns, Reaching safepoint: 296432 ns, At safepoint: 30368 ns, Total: 326800 ns
[2022-09-29T07:00:43.332+0000][7][safepoint   ] Safepoint "Cleanup", Time since last: 1000809468 ns, Reaching safepoint: 395576 ns, At safepoint: 40207 ns, Total: 435783 ns
[2022-09-29T07:00:45.333+0000][7][safepoint   ] Safepoint "Cleanup", Time since last: 2000911937 ns, Reaching safepoint: 456791 ns, At safepoint: 58171 ns, Total: 514962 ns
[2022-09-29T07:00:46.335+0000][7][safepoint   ] Safepoint "Cleanup", Time since last: 1000833235 ns, Reaching safepoint: 476045 ns, At safepoint: 35748 ns, Total: 511793 ns
[2022-09-29T07:00:49.336+0000][7][safepoint   ] Safepoint "Cleanup", Time since last: 3001142595 ns, Reaching safepoint: 261208 ns, At safepoint: 35808 ns, Total: 297016 ns
[2022-09-29T07:00:50.337+0000][7][safepoint   ] Safepoint "Cleanup", Time since last: 1000602496 ns, Reaching safepoint: 250626 ns, At safepoint: 27743 ns, Total: 278369 ns
[2022-09-29T07:00:52.338+0000][7][safepoint   ] Safepoint "Cleanup", Time since last: 2000759448 ns, Reaching safepoint: 374023 ns, At safepoint: 60245 ns, Total: 434268 ns
[2022-09-29T07:00:53.339+0000][7][safepoint   ] Safepoint "Cleanup", Time since last: 1000776666 ns, Reaching safepoint: 376587 ns, At safepoint: 17934 ns, Total: 394521 ns
[2022-09-29T07:00:54.341+0000][7][safepoint   ] Safepoint "Cleanup", Time since last: 1000992888 ns, Reaching safepoint: 411555 ns, At safepoint: 23374 ns, Total: 434929 ns
[2022-09-29T07:00:55.342+0000][7][safepoint   ] Safepoint "Cleanup", Time since last: 1000887277 ns, Reaching safepoint: 563113 ns, At safepoint: 62880 ns, Total: 625993 ns
[2022-09-29T07:00:56.343+0000][7][safepoint   ] Safepoint "Cleanup", Time since last: 1000865845 ns, Reaching safepoint: 392799 ns, At safepoint: 37912 ns, Total: 430711 ns
[2022-09-29T07:00:57.345+0000][7][safepoint   ] Safepoint "Cleanup", Time since last: 1000945209 ns, Reaching safepoint: 286644 ns, At safepoint: 53162 ns, Total: 339806 ns
[2022-09-29T07:00:58.346+0000][7][safepoint   ] Safepoint "Cleanup", Time since last: 1000547651 ns, Reaching safepoint: 236581 ns, At safepoint: 21491 ns, Total: 258072 ns
[2022-09-29T07:00:59.346+0000][7][safepoint   ] Safepoint "Cleanup", Time since last: 1000241394 ns, Reaching safepoint: 200301 ns, At safepoint: 8136 ns, Total: 208437 ns
[2022-09-29T07:01:01.347+0000][7][safepoint   ] Safepoint "Cleanup", Time since last: 2000918882 ns, Reaching safepoint: 401015 ns, At safepoint: 68069 ns, Total: 469084 ns
[2022-09-29T07:01:03.349+0000][7][safepoint   ] Safepoint "Cleanup", Time since last: 2000956174 ns, Reaching safepoint: 465086 ns, At safepoint: 17784 ns, Total: 482870 ns
[2022-09-29T07:01:04.555+0000][7][safepoint   ] Safepoint "Cleanup", Time since last: 1205743314 ns, Reaching safepoint: 378281 ns, At safepoint: 27482 ns, Total: 405763 ns
[2022-09-29T07:01:06.556+0000][7][safepoint   ] Safepoint "Cleanup", Time since last: 2000655789 ns, Reaching safepoint: 301435 ns, At safepoint: 51778 ns, Total: 353213 ns
[2022-09-29T07:01:07.556+0000][7][safepoint   ] Safepoint "Cleanup", Time since last: 1000244312 ns, Reaching safepoint: 204038 ns, At safepoint: 7475 ns, Total: 211513 ns
[2022-09-29T07:01:08.557+0000][7][safepoint   ] Safepoint "Cleanup", Time since last: 1000683099 ns, Reaching safepoint: 174302 ns, At safepoint: 30238 ns, Total: 204540 ns
[2022-09-29T07:01:09.558+0000][7][safepoint   ] Safepoint "Cleanup", Time since last: 1000625946 ns, Reaching safepoint: 300994 ns, At safepoint: 63361 ns, Total: 364355 ns
[2022-09-29T07:01:10.474+0000][7][gc,start    ] GC(57) Pause Young (Concurrent Start) (G1 Evacuation Pause)
[2022-09-29T07:01:10.475+0000][7][gc,task     ] GC(57) Using 6 workers of 13 for evacuation
[2022-09-29T07:01:10.475+0000][7][gc,age      ] GC(57) Desired survivor size 6291456 bytes, new threshold 15 (max threshold 15)
[2022-09-29T07:01:10.485+0000][7][gc,age      ] GC(57) Age table with threshold 15 (max threshold 15)
[2022-09-29T07:01:10.486+0000][7][gc,age      ] GC(57) - age   1:     969312 bytes,     969312 total
[2022-09-29T07:01:10.486+0000][7][gc,age      ] GC(57) - age   2:     815048 bytes,    1784360 total
[2022-09-29T07:01:10.487+0000][7][gc,age      ] GC(57) - age   3:    2644888 bytes,    4429248 total
[2022-09-29T07:01:10.487+0000][7][gc,age      ] GC(57) - age   4:    1576304 bytes,    6005552 total
[2022-09-29T07:01:10.487+0000][7][gc,age      ] GC(57) - age   5:     268440 bytes,    6273992 total
[2022-09-29T07:01:10.488+0000][7][gc,age      ] GC(57) - age   6:       1952 bytes,    6275944 total
[2022-09-29T07:01:10.488+0000][7][gc,phases   ] GC(57)   Pre Evacuate Collection Set: 0.6ms
[2022-09-29T07:01:10.488+0000][7][gc,phases   ] GC(57)   Merge Heap Roots: 0.3ms
[2022-09-29T07:01:10.489+0000][7][gc,phases   ] GC(57)   Evacuate Collection Set: 6.8ms
[2022-09-29T07:01:10.489+0000][7][gc,phases   ] GC(57)   Post Evacuate Collection Set: 1.6ms
[2022-09-29T07:01:10.489+0000][7][gc,phases   ] GC(57)   Other: 4.9ms
[2022-09-29T07:01:10.490+0000][7][gc,heap     ] GC(57) Eden regions: 19->0(20)
[2022-09-29T07:01:10.490+0000][7][gc,heap     ] GC(57) Survivor regions: 2->2(3)
[2022-09-29T07:01:10.491+0000][7][gc,heap     ] GC(57) Old regions: 23->23
[2022-09-29T07:01:10.491+0000][7][gc,heap     ] GC(57) Archive regions: 2->2
[2022-09-29T07:01:10.492+0000][7][gc,heap     ] GC(57) Humongous regions: 5->5
[2022-09-29T07:01:10.492+0000][7][gc,metaspace] GC(57) Metaspace: 107015K(111260K)->107015K(111260K) NonClass: 92774K(95644K)->92774K(95644K) Class: 14241K(15616K)->14241K(15616K)
[2022-09-29T07:01:10.493+0000][7][gc          ] GC(57) Pause Young (Concurrent Start) (G1 Evacuation Pause) 194M->118M(256M) 18.743ms
[2022-09-29T07:01:10.493+0000][7][gc,cpu      ] GC(57) User=0.04s Sys=0.01s Real=0.02s
[2022-09-29T07:01:10.494+0000][7][gc          ] GC(58) Concurrent Cycle
[2022-09-29T07:01:10.494+0000][7][safepoint   ] Safepoint "G1CollectForAllocation", Time since last: 915021781 ns, Reaching safepoint: 498149 ns, At safepoint: 19981387 ns, Total: 20479536 ns
[2022-09-29T07:01:10.494+0000][7][gc,marking  ] GC(58) Concurrent Clear Claimed Marks
[2022-09-29T07:01:10.495+0000][7][gc,marking  ] GC(58) Concurrent Clear Claimed Marks 1.040ms
[2022-09-29T07:01:10.496+0000][7][gc,marking  ] GC(58) Concurrent Scan Root Regions
[2022-09-29T07:01:10.501+0000][7][gc,marking  ] GC(58) Concurrent Scan Root Regions 4.894ms
[2022-09-29T07:01:10.501+0000][7][gc,marking  ] GC(58) Concurrent Mark (3479.594s)
[2022-09-29T07:01:10.501+0000][7][gc,marking  ] GC(58) Concurrent Mark From Roots
[2022-09-29T07:01:10.502+0000][7][gc,task     ] GC(58) Using 3 workers of 3 for marking
[2022-09-29T07:01:10.564+0000][7][gc,marking  ] GC(58) Concurrent Mark From Roots 62.661ms
[2022-09-29T07:01:10.565+0000][7][gc,marking  ] GC(58) Concurrent Preclean
[2022-09-29T07:01:10.565+0000][7][gc,marking  ] GC(58) Concurrent Preclean 0.861ms
[2022-09-29T07:01:10.566+0000][7][gc,marking  ] GC(58) Concurrent Mark (3479.594s, 3479.658s) 64.855ms
[2022-09-29T07:01:10.567+0000][7][gc,start    ] GC(58) Pause Remark
[2022-09-29T07:01:10.573+0000][7][gc          ] GC(58) Pause Remark 120M->120M(256M) 6.553ms
[2022-09-29T07:01:10.574+0000][7][gc,cpu      ] GC(58) User=0.03s Sys=0.00s Real=0.01s
[2022-09-29T07:01:10.575+0000][7][safepoint   ] Safepoint "G1Concurrent", Time since last: 72678308 ns, Reaching safepoint: 383418 ns, At safepoint: 8032016 ns, Total: 8415434 ns
[2022-09-29T07:01:10.575+0000][7][gc,marking  ] GC(58) Concurrent Rebuild Remembered Sets
[2022-09-29T07:01:10.615+0000][7][gc,marking  ] GC(58) Concurrent Rebuild Remembered Sets 39.192ms
[2022-09-29T07:01:10.616+0000][7][gc,start    ] GC(58) Pause Cleanup
[2022-09-29T07:01:10.616+0000][7][gc          ] GC(58) Pause Cleanup 120M->120M(256M) 0.587ms
[2022-09-29T07:01:10.617+0000][7][gc,cpu      ] GC(58) User=0.00s Sys=0.00s Real=0.00s
[2022-09-29T07:01:10.617+0000][7][safepoint   ] Safepoint "G1Concurrent", Time since last: 40299936 ns, Reaching safepoint: 361759 ns, At safepoint: 1350624 ns, Total: 1712383 ns
[2022-09-29T07:01:10.617+0000][7][gc,marking  ] GC(58) Concurrent Cleanup for Next Mark
[2022-09-29T07:01:10.618+0000][7][gc,marking  ] GC(58) Concurrent Cleanup for Next Mark 0.820ms
[2022-09-29T07:01:10.619+0000][7][gc          ] GC(58) Concurrent Cycle 124.846ms
[2022-09-29T07:01:12.618+0000][7][safepoint   ] Safepoint "Cleanup", Time since last: 2000617679 ns, Reaching safepoint: 279983 ns, At safepoint: 53402 ns, Total: 333385 ns
[2022-09-29T07:01:14.619+0000][7][safepoint   ] Safepoint "Cleanup", Time since last: 2000885561 ns, Reaching safepoint: 558002 ns, At safepoint: 42751 ns, Total: 600753 ns
[2022-09-29T07:01:15.620+0000][7][safepoint   ] Safepoint "Cleanup", Time since last: 1000578127 ns, Reaching safepoint: 397278 ns, At safepoint: 32662 ns, Total: 429940 ns
[2022-09-29T07:01:17.622+0000][7][safepoint   ] Safepoint "Cleanup", Time since last: 2000739353 ns, Reaching safepoint: 424949 ns, At safepoint: 35227 ns, Total: 460176 ns
[2022-09-29T07:01:18.624+0000][7][safepoint   ] Safepoint "Cleanup", Time since last: 1001775247 ns, Reaching safepoint: 279074 ns, At safepoint: 26250 ns, Total: 305324 ns
[2022-09-29T07:01:19.624+0000][7][safepoint   ] Safepoint "Cleanup", Time since last: 1000463918 ns, Reaching safepoint: 264456 ns, At safepoint: 25218 ns, Total: 289674 ns
[2022-09-29T07:01:21.626+0000][7][safepoint   ] Safepoint "Cleanup", Time since last: 2001240686 ns, Reaching safepoint: 279903 ns, At safepoint: 25479 ns, Total: 305382 ns
[2022-09-29T07:01:22.627+0000][7][safepoint   ] Safepoint "Cleanup", Time since last: 1000527290 ns, Reaching safepoint: 386615 ns, At safepoint: 27021 ns, Total: 413636 ns
[2022-09-29T07:01:23.628+0000][7][safepoint   ] Safepoint "Cleanup", Time since last: 1000754346 ns, Reaching safepoint: 633394 ns, At safepoint: 75885 ns, Total: 709279 ns
[2022-09-29T07:01:24.630+0000][7][safepoint   ] Safepoint "Cleanup", Time since last: 1000973934 ns, Reaching safepoint: 501293 ns, At safepoint: 39576 ns, Total: 540869 ns
[2022-09-29T07:01:27.631+0000][7][safepoint   ] Safepoint "Cleanup", Time since last: 3001077312 ns, Reaching safepoint: 255868 ns, At safepoint: 23955 ns, Total: 279823 ns
[2022-09-29T07:01:29.632+0000][7][safepoint   ] Safepoint "Cleanup", Time since last: 2000587091 ns, Reaching safepoint: 382371 ns, At safepoint: 38533 ns, Total: 420904 ns
[2022-09-29T07:01:30.633+0000][7][safepoint   ] Safepoint "Cleanup", Time since last: 1000582050 ns, Reaching safepoint: 324401 ns, At safepoint: 62820 ns, Total: 387221 ns
[2022-09-29T07:01:31.634+0000][7][safepoint   ] Safepoint "Cleanup", Time since last: 1000632298 ns, Reaching safepoint: 422545 ns, At safepoint: 72989 ns, Total: 495534 ns
[2022-09-29T07:01:32.635+0000][7][safepoint   ] Safepoint "Cleanup", Time since last: 1000568702 ns, Reaching safepoint: 493608 ns, At safepoint: 59694 ns, Total: 553302 ns
[2022-09-29T07:01:33.637+0000][7][safepoint   ] Safepoint "Cleanup", Time since last: 1000549869 ns, Reaching safepoint: 815278 ns, At safepoint: 75284 ns, Total: 890562 ns
[2022-09-29T07:01:34.639+0000][7][safepoint   ] Safepoint "Cleanup", Time since last: 1001275497 ns, Reaching safepoint: 914364 ns, At safepoint: 81896 ns, Total: 996260 ns
[2022-09-29T07:01:35.642+0000][7][safepoint   ] Safepoint "Cleanup", Time since last: 1002564836 ns, Reaching safepoint: 400243 ns, At safepoint: 16732 ns, Total: 416975 ns
[2022-09-29T07:01:36.643+0000][7][safepoint   ] Safepoint "Cleanup", Time since last: 1000968428 ns, Reaching safepoint: 293199 ns, At safepoint: 44815 ns, Total: 338014 ns
[2022-09-29T07:01:37.129+0000][7][gc,start    ] GC(59) Pause Young (Normal) (G1 Evacuation Pause)
[2022-09-29T07:01:37.130+0000][7][gc,task     ] GC(59) Using 6 workers of 13 for evacuation
[2022-09-29T07:01:37.131+0000][7][gc,age      ] GC(59) Desired survivor size 6291456 bytes, new threshold 15 (max threshold 15)
[2022-09-29T07:01:37.143+0000][7][gc,age      ] GC(59) Age table with threshold 15 (max threshold 15)
[2022-09-29T07:01:37.144+0000][7][gc,age      ] GC(59) - age   1:    2719984 bytes,    2719984 total
[2022-09-29T07:01:37.144+0000][7][gc,age      ] GC(59) - age   2:     413592 bytes,    3133576 total
[2022-09-29T07:01:37.145+0000][7][gc,age      ] GC(59) - age   3:     767144 bytes,    3900720 total
[2022-09-29T07:01:37.145+0000][7][gc,age      ] GC(59) - age   4:    1778816 bytes,    5679536 total
[2022-09-29T07:01:37.146+0000][7][gc,age      ] GC(59) - age   5:    1431512 bytes,    7111048 total
[2022-09-29T07:01:37.146+0000][7][gc,age      ] GC(59) - age   6:     267256 bytes,    7378304 total
[2022-09-29T07:01:37.147+0000][7][gc,age      ] GC(59) - age   7:       1952 bytes,    7380256 total
[2022-09-29T07:01:37.147+0000][7][gc,phases   ] GC(59)   Pre Evacuate Collection Set: 0.4ms
[2022-09-29T07:01:37.148+0000][7][gc,phases   ] GC(59)   Merge Heap Roots: 0.5ms
[2022-09-29T07:01:37.149+0000][7][gc,phases   ] GC(59)   Evacuate Collection Set: 7.8ms
[2022-09-29T07:01:37.149+0000][7][gc,phases   ] GC(59)   Post Evacuate Collection Set: 2.6ms
[2022-09-29T07:01:37.150+0000][7][gc,phases   ] GC(59)   Other: 6.9ms
[2022-09-29T07:01:37.150+0000][7][gc,heap     ] GC(59) Eden regions: 20->0(20)
[2022-09-29T07:01:37.151+0000][7][gc,heap     ] GC(59) Survivor regions: 2->2(3)
[2022-09-29T07:01:37.151+0000][7][gc,heap     ] GC(59) Old regions: 23->23
[2022-09-29T07:01:37.152+0000][7][gc,heap     ] GC(59) Archive regions: 2->2
[2022-09-29T07:01:37.153+0000][7][gc,heap     ] GC(59) Humongous regions: 5->5
[2022-09-29T07:01:37.153+0000][7][gc,metaspace] GC(59) Metaspace: 108010K(112412K)->108010K(112412K) NonClass: 93689K(96668K)->93689K(96668K) Class: 14321K(15744K)->14321K(15744K)
[2022-09-29T07:01:37.154+0000][7][gc          ] GC(59) Pause Young (Normal) (G1 Evacuation Pause) 198M->120M(256M) 24.459ms
[2022-09-29T07:01:37.154+0000][7][gc,cpu      ] GC(59) User=0.07s Sys=0.01s Real=0.03s
[2022-09-29T07:01:37.155+0000][7][safepoint   ] Safepoint "G1CollectForAllocation", Time since last: 484885189 ns, Reaching safepoint: 754878 ns, At safepoint: 26371613 ns, Total: 27126491 ns
[2022-09-29T07:01:38.159+0000][7][safepoint   ] Safepoint "Cleanup", Time since last: 1002958815 ns, Reaching safepoint: 544928 ns, At safepoint: 73690 ns, Total: 618618 ns
[2022-09-29T07:01:39.161+0000][7][safepoint   ] Safepoint "Cleanup", Time since last: 1001198891 ns, Reaching safepoint: 393730 ns, At safepoint: 59894 ns, Total: 453624 ns
[2022-09-29T07:01:40.162+0000][7][safepoint   ] Safepoint "Cleanup", Time since last: 1000721393 ns, Reaching safepoint: 257088 ns, At safepoint: 30538 ns, Total: 287626 ns
[2022-09-29T07:01:41.163+0000][7][safepoint   ] Safepoint "Cleanup", Time since last: 1000474841 ns, Reaching safepoint: 343735 ns, At safepoint: 47059 ns, Total: 390794 ns
[2022-09-29T07:01:42.164+0000][7][safepoint   ] Safepoint "Cleanup", Time since last: 1000714480 ns, Reaching safepoint: 500872 ns, At safepoint: 78199 ns, Total: 579071 ns
[2022-09-29T07:01:43.165+0000][7][safepoint   ] Safepoint "Cleanup", Time since last: 1000909084 ns, Reaching safepoint: 456089 ns, At safepoint: 38754 ns, Total: 494843 ns
[2022-09-29T07:01:45.167+0000][7][safepoint   ] Safepoint "Cleanup", Time since last: 2000978786 ns, Reaching safepoint: 641633 ns, At safepoint: 72148 ns, Total: 713781 ns
[2022-09-29T07:01:46.168+0000][7][safepoint   ] Safepoint "Cleanup", Time since last: 1000912424 ns, Reaching safepoint: 361068 ns, At safepoint: 33875 ns, Total: 394943 ns
[2022-09-29T07:01:48.169+0000][7][safepoint   ] Safepoint "Cleanup", Time since last: 2000692601 ns, Reaching safepoint: 441702 ns, At safepoint: 18906 ns, Total: 460608 ns
[2022-09-29T07:01:49.171+0000][7][safepoint   ] Safepoint "Cleanup", Time since last: 1001165757 ns, Reaching safepoint: 483321 ns, At safepoint: 53562 ns, Total: 536883 ns
[2022-09-29T07:01:50.172+0000][7][safepoint   ] Safepoint "Cleanup", Time since last: 1000762744 ns, Reaching safepoint: 351522 ns, At safepoint: 39075 ns, Total: 390597 ns
[2022-09-29T07:01:52.173+0000][7][safepoint   ] Safepoint "Cleanup", Time since last: 2000736452 ns, Reaching safepoint: 320060 ns, At safepoint: 24447 ns, Total: 344507 ns
[2022-09-29T07:01:53.175+0000][7][safepoint   ] Safepoint "Cleanup", Time since last: 1000756259 ns, Reaching safepoint: 442824 ns, At safepoint: 38694 ns, Total: 481518 ns
[2022-09-29T07:01:54.176+0000][7][safepoint   ] Safepoint "Cleanup", Time since last: 1000716288 ns, Reaching safepoint: 319942 ns, At safepoint: 28264 ns, Total: 348206 ns
[2022-09-29T07:01:55.177+0000][7][safepoint   ] Safepoint "Cleanup", Time since last: 1000610098 ns, Reaching safepoint: 221811 ns, At safepoint: 23835 ns, Total: 245646 ns
[2022-09-29T07:01:58.178+0000][7][safepoint   ] Safepoint "Cleanup", Time since last: 3000873594 ns, Reaching safepoint: 391587 ns, At safepoint: 10850 ns, Total: 402437 ns
[2022-09-29T07:01:59.179+0000][7][safepoint   ] Safepoint "Cleanup", Time since last: 1000786946 ns, Reaching safepoint: 613988 ns, At safepoint: 161036 ns, Total: 775024 ns
[2022-09-29T07:02:00.180+0000][7][safepoint   ] Safepoint "Cleanup", Time since last: 1000350096 ns, Reaching safepoint: 306908 ns, At safepoint: 16070 ns, Total: 322978 ns
[2022-09-29T07:02:01.181+0000][7][safepoint   ] Safepoint "Cleanup", Time since last: 1000913644 ns, Reaching safepoint: 258342 ns, At safepoint: 44545 ns, Total: 302887 ns
[2022-09-29T07:02:02.182+0000][7][safepoint   ] Safepoint "Cleanup", Time since last: 1000637290 ns, Reaching safepoint: 293580 ns, At safepoint: 23124 ns, Total: 316704 ns
[2022-09-29T07:02:03.184+0000][7][safepoint   ] Safepoint "Cleanup", Time since last: 1000848105 ns, Reaching safepoint: 465983 ns, At safepoint: 57038 ns, Total: 523021 ns
[2022-09-29T07:02:04.185+0000][7][safepoint   ] Safepoint "Cleanup", Time since last: 1000831713 ns, Reaching safepoint: 251657 ns, At safepoint: 29467 ns, Total: 281124 ns
[2022-09-29T07:02:05.186+0000][7][safepoint   ] Safepoint "Cleanup", Time since last: 1000916414 ns, Reaching safepoint: 650550 ns, At safepoint: 74902 ns, Total: 725452 ns
[2022-09-29T07:02:07.188+0000][7][safepoint   ] Safepoint "Cleanup", Time since last: 2000955002 ns, Reaching safepoint: 420399 ns, At safepoint: 24937 ns, Total: 445336 ns
[2022-09-29T07:02:10.189+0000][7][safepoint   ] Safepoint "Cleanup", Time since last: 3000891659 ns, Reaching safepoint: 428777 ns, At safepoint: 79051 ns, Total: 507828 ns
[2022-09-29T07:02:13.191+0000][7][safepoint   ] Safepoint "Cleanup", Time since last: 3001196565 ns, Reaching safepoint: 624901 ns, At safepoint: 74472 ns, Total: 699373 ns
[2022-09-29T07:02:15.192+0000][7][safepoint   ] Safepoint "Cleanup", Time since last: 2000965834 ns, Reaching safepoint: 273198 ns, At safepoint: 25930 ns, Total: 299128 ns
[2022-09-29T07:02:17.193+0000][7][safepoint   ] Safepoint "Cleanup", Time since last: 2000631627 ns, Reaching safepoint: 419047 ns, At safepoint: 74162 ns, Total: 493209 ns
[2022-09-29T07:02:22.195+0000][7][safepoint   ] Safepoint "Cleanup", Time since last: 5001379719 ns, Reaching safepoint: 331222 ns, At safepoint: 39104 ns, Total: 370326 ns
[2022-09-29T07:02:24.197+0000][7][safepoint   ] Safepoint "Cleanup", Time since last: 2000979017 ns, Reaching safepoint: 474635 ns, At safepoint: 69402 ns, Total: 544037 ns
[2022-09-29T07:02:25.198+0000][7][safepoint   ] Safepoint "Cleanup", Time since last: 1000926148 ns, Reaching safepoint: 461362 ns, At safepoint: 56508 ns, Total: 517870 ns
[2022-09-29T07:02:26.200+0000][7][safepoint   ] Safepoint "Cleanup", Time since last: 1000999660 ns, Reaching safepoint: 451108 ns, At safepoint: 51217 ns, Total: 502325 ns
[2022-09-29T07:02:28.201+0000][7][safepoint   ] Safepoint "Cleanup", Time since last: 2000896871 ns, Reaching safepoint: 373231 ns, At safepoint: 42732 ns, Total: 415963 ns
[2022-09-29T07:02:29.202+0000][7][safepoint   ] Safepoint "Cleanup", Time since last: 1000642795 ns, Reaching safepoint: 360763 ns, At safepoint: 51308 ns, Total: 412071 ns
[2022-09-29T07:02:30.203+0000][7][safepoint   ] Safepoint "Cleanup", Time since last: 1000684790 ns, Reaching safepoint: 294962 ns, At safepoint: 35859 ns, Total: 330821 ns
[2022-09-29T07:02:31.204+0000][7][safepoint   ] Safepoint "Cleanup", Time since last: 1000704308 ns, Reaching safepoint: 346099 ns, At safepoint: 37522 ns, Total: 383621 ns
[2022-09-29T07:02:32.205+0000][7][safepoint   ] Safepoint "Cleanup", Time since last: 1000633808 ns, Reaching safepoint: 282594 ns, At safepoint: 32472 ns, Total: 315066 ns
[2022-09-29T07:02:33.206+0000][7][safepoint   ] Safepoint "Cleanup", Time since last: 1000529927 ns, Reaching safepoint: 266246 ns, At safepoint: 30297 ns, Total: 296543 ns
[2022-09-29T07:02:33.940+0000][7][gc,start    ] GC(60) Pause Young (Concurrent Start) (G1 Evacuation Pause)
[2022-09-29T07:02:33.940+0000][7][gc,task     ] GC(60) Using 6 workers of 13 for evacuation
[2022-09-29T07:02:33.941+0000][7][gc,age      ] GC(60) Desired survivor size 6291456 bytes, new threshold 5 (max threshold 15)
[2022-09-29T07:02:33.950+0000][7][gc,age      ] GC(60) Age table with threshold 5 (max threshold 15)
[2022-09-29T07:02:33.951+0000][7][gc,age      ] GC(60) - age   1:    1396496 bytes,    1396496 total
[2022-09-29T07:02:33.951+0000][7][gc,age      ] GC(60) - age   2:    1731688 bytes,    3128184 total
[2022-09-29T07:02:33.951+0000][7][gc,age      ] GC(60) - age   3:     406072 bytes,    3534256 total
[2022-09-29T07:02:33.952+0000][7][gc,age      ] GC(60) - age   4:     766760 bytes,    4301016 total
[2022-09-29T07:02:33.952+0000][7][gc,age      ] GC(60) - age   5:    1776920 bytes,    6077936 total
[2022-09-29T07:02:33.953+0000][7][gc,phases   ] GC(60)   Pre Evacuate Collection Set: 0.9ms
[2022-09-29T07:02:33.953+0000][7][gc,phases   ] GC(60)   Merge Heap Roots: 0.2ms
[2022-09-29T07:02:33.953+0000][7][gc,phases   ] GC(60)   Evacuate Collection Set: 6.2ms
[2022-09-29T07:02:33.954+0000][7][gc,phases   ] GC(60)   Post Evacuate Collection Set: 1.6ms
[2022-09-29T07:02:33.954+0000][7][gc,phases   ] GC(60)   Other: 4.3ms
[2022-09-29T07:02:33.954+0000][7][gc,heap     ] GC(60) Eden regions: 20->0(20)
[2022-09-29T07:02:33.954+0000][7][gc,heap     ] GC(60) Survivor regions: 2->2(3)
[2022-09-29T07:02:33.955+0000][7][gc,heap     ] GC(60) Old regions: 23->23
[2022-09-29T07:02:33.955+0000][7][gc,heap     ] GC(60) Archive regions: 2->2
[2022-09-29T07:02:33.955+0000][7][gc,heap     ] GC(60) Humongous regions: 5->5
[2022-09-29T07:02:33.955+0000][7][gc,metaspace] GC(60) Metaspace: 109295K(113564K)->109295K(113564K) NonClass: 94823K(97692K)->94823K(97692K) Class: 14471K(15872K)->14471K(15872K)
[2022-09-29T07:02:33.956+0000][7][gc          ] GC(60) Pause Young (Concurrent Start) (G1 Evacuation Pause) 200M->120M(256M) 15.968ms
[2022-09-29T07:02:33.956+0000][7][gc,cpu      ] GC(60) User=0.05s Sys=0.01s Real=0.01s
[2022-09-29T07:02:33.956+0000][7][gc          ] GC(61) Concurrent Cycle
[2022-09-29T07:02:33.957+0000][7][gc,marking  ] GC(61) Concurrent Clear Claimed Marks
[2022-09-29T07:02:33.956+0000][7][safepoint   ] Safepoint "G1CollectForAllocation", Time since last: 733045962 ns, Reaching safepoint: 513756 ns, At safepoint: 16842215 ns, Total: 17355971 ns
[2022-09-29T07:02:33.957+0000][7][gc,marking  ] GC(61) Concurrent Clear Claimed Marks 0.510ms
[2022-09-29T07:02:33.958+0000][7][gc,marking  ] GC(61) Concurrent Scan Root Regions
[2022-09-29T07:02:33.963+0000][7][gc,marking  ] GC(61) Concurrent Scan Root Regions 5.614ms
[2022-09-29T07:02:33.964+0000][7][gc,marking  ] GC(61) Concurrent Mark (3563.056s)
[2022-09-29T07:02:33.964+0000][7][gc,marking  ] GC(61) Concurrent Mark From Roots
[2022-09-29T07:02:33.965+0000][7][gc,task     ] GC(61) Using 3 workers of 3 for marking
[2022-09-29T07:02:34.050+0000][7][gc,marking  ] GC(61) Concurrent Mark From Roots 85.823ms
[2022-09-29T07:02:34.050+0000][7][gc,marking  ] GC(61) Concurrent Preclean
[2022-09-29T07:02:34.051+0000][7][gc,marking  ] GC(61) Concurrent Preclean 0.948ms
[2022-09-29T07:02:34.052+0000][7][gc,marking  ] GC(61) Concurrent Mark (3563.056s, 3563.145s) 88.173ms
[2022-09-29T07:02:34.053+0000][7][gc,start    ] GC(61) Pause Remark
[2022-09-29T07:02:34.083+0000][7][gc          ] GC(61) Pause Remark 129M->129M(256M) 30.012ms
[2022-09-29T07:02:34.084+0000][7][gc,cpu      ] GC(61) User=0.17s Sys=0.00s Real=0.03s
[2022-09-29T07:02:34.084+0000][7][safepoint   ] Safepoint "G1Concurrent", Time since last: 96316810 ns, Reaching safepoint: 436171 ns, At safepoint: 31269547 ns, Total: 31705718 ns
[2022-09-29T07:02:34.085+0000][7][gc,marking  ] GC(61) Concurrent Rebuild Remembered Sets
[2022-09-29T07:02:34.134+0000][7][safepoint   ] Safepoint "ICBufferFull", Time since last: 46185784 ns, Reaching safepoint: 3111139 ns, At safepoint: 292137 ns, Total: 3403276 ns
[2022-09-29T07:02:34.140+0000][7][gc,marking  ] GC(61) Concurrent Rebuild Remembered Sets 54.978ms
[2022-09-29T07:02:34.141+0000][7][gc,start    ] GC(61) Pause Cleanup
[2022-09-29T07:02:34.142+0000][7][gc          ] GC(61) Pause Cleanup 132M->132M(256M) 0.665ms
[2022-09-29T07:02:34.143+0000][7][gc,cpu      ] GC(61) User=0.00s Sys=0.00s Real=0.00s
[2022-09-29T07:02:34.143+0000][7][safepoint   ] Safepoint "G1Concurrent", Time since last: 6946815 ns, Reaching safepoint: 514984 ns, At safepoint: 1875481 ns, Total: 2390465 ns
[2022-09-29T07:02:34.144+0000][7][gc,marking  ] GC(61) Concurrent Cleanup for Next Mark
[2022-09-29T07:02:34.145+0000][7][gc,marking  ] GC(61) Concurrent Cleanup for Next Mark 1.325ms
[2022-09-29T07:02:34.146+0000][7][gc          ] GC(61) Concurrent Cycle 189.656ms
[2022-09-29T07:02:35.145+0000][7][safepoint   ] Safepoint "Cleanup", Time since last: 1000801624 ns, Reaching safepoint: 455390 ns, At safepoint: 53161 ns, Total: 508551 ns
[2022-09-29T07:02:36.145+0000][7][safepoint   ] Safepoint "Cleanup", Time since last: 1000570593 ns, Reaching safepoint: 311464 ns, At safepoint: 23274 ns, Total: 334738 ns
[2022-09-29T07:02:37.147+0000][7][safepoint   ] Safepoint "Cleanup", Time since last: 1000649351 ns, Reaching safepoint: 576671 ns, At safepoint: 81666 ns, Total: 658337 ns
[2022-09-29T07:02:38.148+0000][7][safepoint   ] Safepoint "Cleanup", Time since last: 1000730776 ns, Reaching safepoint: 250287 ns, At safepoint: 79351 ns, Total: 329638 ns
[2022-09-29T07:02:40.149+0000][7][safepoint   ] Safepoint "Cleanup", Time since last: 2000927461 ns, Reaching safepoint: 440410 ns, At safepoint: 9688 ns, Total: 450098 ns
[2022-09-29T07:02:42.151+0000][7][safepoint   ] Safepoint "Cleanup", Time since last: 2000873707 ns, Reaching safepoint: 407065 ns, At safepoint: 56248 ns, Total: 463313 ns
[2022-09-29T07:02:43.152+0000][7][safepoint   ] Safepoint "Cleanup", Time since last: 1001025848 ns, Reaching safepoint: 573763 ns, At safepoint: 33113 ns, Total: 606876 ns
[2022-09-29T07:02:45.154+0000][7][safepoint   ] Safepoint "Cleanup", Time since last: 2001605997 ns, Reaching safepoint: 312531 ns, At safepoint: 28915 ns, Total: 341446 ns
[2022-09-29T07:02:46.155+0000][7][safepoint   ] Safepoint "Cleanup", Time since last: 1000920315 ns, Reaching safepoint: 218155 ns, At safepoint: 26741 ns, Total: 244896 ns
[2022-09-29T07:02:47.156+0000][7][safepoint   ] Safepoint "Cleanup", Time since last: 1000522820 ns, Reaching safepoint: 249014 ns, At safepoint: 25509 ns, Total: 274523 ns
[2022-09-29T07:02:49.157+0000][7][safepoint   ] Safepoint "Cleanup", Time since last: 2000868419 ns, Reaching safepoint: 385204 ns, At safepoint: 63651 ns, Total: 448855 ns
[2022-09-29T07:02:50.158+0000][7][safepoint   ] Safepoint "Cleanup", Time since last: 1000716847 ns, Reaching safepoint: 286017 ns, At safepoint: 32432 ns, Total: 318449 ns
[2022-09-29T07:02:53.160+0000][7][safepoint   ] Safepoint "Cleanup", Time since last: 3000902851 ns, Reaching safepoint: 341461 ns, At safepoint: 10980 ns, Total: 352441 ns
[2022-09-29T07:02:54.161+0000][7][safepoint   ] Safepoint "Cleanup", Time since last: 1000962337 ns, Reaching safepoint: 371291 ns, At safepoint: 37531 ns, Total: 408822 ns
[2022-09-29T07:02:55.162+0000][7][safepoint   ] Safepoint "Cleanup", Time since last: 1000626948 ns, Reaching safepoint: 310219 ns, At safepoint: 28905 ns, Total: 339124 ns
[2022-09-29T07:02:58.163+0000][7][safepoint   ] Safepoint "Cleanup", Time since last: 3000891311 ns, Reaching safepoint: 275535 ns, At safepoint: 32091 ns, Total: 307626 ns
[2022-09-29T07:02:59.164+0000][7][safepoint   ] Safepoint "Cleanup", Time since last: 1000618842 ns, Reaching safepoint: 275212 ns, At safepoint: 28585 ns, Total: 303797 ns
[2022-09-29T07:03:00.165+0000][7][safepoint   ] Safepoint "Cleanup", Time since last: 1000491613 ns, Reaching safepoint: 306223 ns, At safepoint: 38123 ns, Total: 344346 ns
[2022-09-29T07:03:01.166+0000][7][safepoint   ] Safepoint "Cleanup", Time since last: 1000714028 ns, Reaching safepoint: 455306 ns, At safepoint: 66577 ns, Total: 521883 ns
[2022-09-29T07:03:02.168+0000][7][safepoint   ] Safepoint "Cleanup", Time since last: 1000810953 ns, Reaching safepoint: 461540 ns, At safepoint: 44084 ns, Total: 505624 ns
[2022-09-29T07:03:03.169+0000][7][safepoint   ] Safepoint "Cleanup", Time since last: 1000834704 ns, Reaching safepoint: 443966 ns, At safepoint: 42781 ns, Total: 486747 ns
[2022-09-29T07:03:04.170+0000][7][safepoint   ] Safepoint "Cleanup", Time since last: 1000649183 ns, Reaching safepoint: 420281 ns, At safepoint: 19026 ns, Total: 439307 ns
[2022-09-29T07:03:09.172+0000][7][safepoint   ] Safepoint "Cleanup", Time since last: 5001524284 ns, Reaching safepoint: 298849 ns, At safepoint: 42792 ns, Total: 341641 ns
[2022-09-29T07:03:10.173+0000][7][safepoint   ] Safepoint "Cleanup", Time since last: 1000674463 ns, Reaching safepoint: 310740 ns, At safepoint: 38123 ns, Total: 348863 ns
[2022-09-29T07:03:12.174+0000][7][safepoint   ] Safepoint "Cleanup", Time since last: 2001049326 ns, Reaching safepoint: 375641 ns, At safepoint: 41699 ns, Total: 417340 ns
[2022-09-29T07:03:13.175+0000][7][safepoint   ] Safepoint "Cleanup", Time since last: 1000638074 ns, Reaching safepoint: 276958 ns, At safepoint: 26320 ns, Total: 303278 ns
[2022-09-29T07:03:15.176+0000][7][safepoint   ] Safepoint "Cleanup", Time since last: 2000691780 ns, Reaching safepoint: 262440 ns, At safepoint: 27062 ns, Total: 289502 ns
[2022-09-29T07:03:16.177+0000][7][safepoint   ] Safepoint "Cleanup", Time since last: 1000561999 ns, Reaching safepoint: 323071 ns, At safepoint: 37211 ns, Total: 360282 ns
[2022-09-29T07:03:17.179+0000][7][safepoint   ] Safepoint "Cleanup", Time since last: 1000713039 ns, Reaching safepoint: 678801 ns, At safepoint: 96514 ns, Total: 775315 ns
[2022-09-29T07:03:19.180+0000][7][safepoint   ] Safepoint "Cleanup", Time since last: 2000799473 ns, Reaching safepoint: 474815 ns, At safepoint: 72408 ns, Total: 547223 ns
[2022-09-29T07:03:21.182+0000][7][safepoint   ] Safepoint "Cleanup", Time since last: 2001319959 ns, Reaching safepoint: 255777 ns, At safepoint: 54494 ns, Total: 310271 ns
[2022-09-29T07:03:22.183+0000][7][safepoint   ] Safepoint "Cleanup", Time since last: 1000506641 ns, Reaching safepoint: 396940 ns, At safepoint: 34525 ns, Total: 431465 ns
[2022-09-29T07:03:23.184+0000][7][safepoint   ] Safepoint "Cleanup", Time since last: 1000985612 ns, Reaching safepoint: 365396 ns, At safepoint: 29847 ns, Total: 395243 ns
[2022-09-29T07:03:25.185+0000][7][safepoint   ] Safepoint "Cleanup", Time since last: 2000846277 ns, Reaching safepoint: 343529 ns, At safepoint: 69523 ns, Total: 413052 ns
[2022-09-29T07:03:27.186+0000][7][safepoint   ] Safepoint "Cleanup", Time since last: 2000716569 ns, Reaching safepoint: 275969 ns, At safepoint: 30598 ns, Total: 306567 ns
[2022-09-29T07:03:28.187+0000][7][safepoint   ] Safepoint "Cleanup", Time since last: 1000541285 ns, Reaching safepoint: 222584 ns, At safepoint: 24476 ns, Total: 247060 ns
[2022-09-29T07:03:29.187+0000][7][safepoint   ] Safepoint "Cleanup", Time since last: 1000282192 ns, Reaching safepoint: 181626 ns, At safepoint: 5661 ns, Total: 187287 ns
[2022-09-29T07:03:30.188+0000][7][safepoint   ] Safepoint "Cleanup", Time since last: 1000673511 ns, Reaching safepoint: 217955 ns, At safepoint: 30679 ns, Total: 248634 ns
[2022-09-29T07:03:30.865+0000][7][safepoint   ] Safepoint "ICBufferFull", Time since last: 676151157 ns, Reaching safepoint: 628746 ns, At safepoint: 96645 ns, Total: 725391 ns
[2022-09-29T07:03:31.410+0000][7][gc,start    ] GC(62) Pause Young (Normal) (G1 Evacuation Pause)
[2022-09-29T07:03:31.411+0000][7][gc,task     ] GC(62) Using 6 workers of 13 for evacuation
[2022-09-29T07:03:31.411+0000][7][gc,age      ] GC(62) Desired survivor size 6291456 bytes, new threshold 15 (max threshold 15)
[2022-09-29T07:03:31.417+0000][7][gc,age      ] GC(62) Age table with threshold 15 (max threshold 15)
[2022-09-29T07:03:31.418+0000][7][gc,age      ] GC(62) - age   1:     784632 bytes,     784632 total
[2022-09-29T07:03:31.418+0000][7][gc,age      ] GC(62) - age   2:     817328 bytes,    1601960 total
[2022-09-29T07:03:31.419+0000][7][gc,age      ] GC(62) - age   3:    1407128 bytes,    3009088 total
[2022-09-29T07:03:31.419+0000][7][gc,age      ] GC(62) - age   4:     395008 bytes,    3404096 total
[2022-09-29T07:03:31.419+0000][7][gc,age      ] GC(62) - age   5:     637216 bytes,    4041312 total
[2022-09-29T07:03:31.419+0000][7][gc,age      ] GC(62) - age   6:    1245184 bytes,    5286496 total
[2022-09-29T07:03:31.420+0000][7][gc,phases   ] GC(62)   Pre Evacuate Collection Set: 0.2ms
[2022-09-29T07:03:31.420+0000][7][gc,phases   ] GC(62)   Merge Heap Roots: 0.2ms
[2022-09-29T07:03:31.421+0000][7][gc,phases   ] GC(62)   Evacuate Collection Set: 4.4ms
[2022-09-29T07:03:31.421+0000][7][gc,phases   ] GC(62)   Post Evacuate Collection Set: 1.2ms
[2022-09-29T07:03:31.421+0000][7][gc,phases   ] GC(62)   Other: 3.8ms
[2022-09-29T07:03:31.422+0000][7][gc,heap     ] GC(62) Eden regions: 20->0(20)
[2022-09-29T07:03:31.422+0000][7][gc,heap     ] GC(62) Survivor regions: 2->2(3)
[2022-09-29T07:03:31.422+0000][7][gc,heap     ] GC(62) Old regions: 23->23
[2022-09-29T07:03:31.422+0000][7][gc,heap     ] GC(62) Archive regions: 2->2
[2022-09-29T07:03:31.423+0000][7][gc,heap     ] GC(62) Humongous regions: 5->5
[2022-09-29T07:03:31.423+0000][7][gc,metaspace] GC(62) Metaspace: 109662K(114076K)->109662K(114076K) NonClass: 95186K(98204K)->95186K(98204K) Class: 14476K(15872K)->14476K(15872K)
[2022-09-29T07:03:31.423+0000][7][gc          ] GC(62) Pause Young (Normal) (G1 Evacuation Pause) 200M->119M(256M) 13.049ms
[2022-09-29T07:03:31.424+0000][7][gc,cpu      ] GC(62) User=0.03s Sys=0.00s Real=0.01s
[2022-09-29T07:03:31.424+0000][7][safepoint   ] Safepoint "G1CollectForAllocation", Time since last: 544451124 ns, Reaching safepoint: 362440 ns, At safepoint: 14124571 ns, Total: 14487011 ns
[2022-09-29T07:03:32.425+0000][7][safepoint   ] Safepoint "Cleanup", Time since last: 1000270461 ns, Reaching safepoint: 359200 ns, At safepoint: 16411 ns, Total: 375611 ns
[2022-09-29T07:03:33.426+0000][7][safepoint   ] Safepoint "Cleanup", Time since last: 1000806267 ns, Reaching safepoint: 252637 ns, At safepoint: 34425 ns, Total: 287062 ns
[2022-09-29T07:03:34.427+0000][7][safepoint   ] Safepoint "Cleanup", Time since last: 1000478806 ns, Reaching safepoint: 481531 ns, At safepoint: 93899 ns, Total: 575430 ns
[2022-09-29T07:03:35.428+0000][7][safepoint   ] Safepoint "Cleanup", Time since last: 1000696502 ns, Reaching safepoint: 256780 ns, At safepoint: 42861 ns, Total: 299641 ns
[2022-09-29T07:03:37.429+0000][7][safepoint   ] Safepoint "Cleanup", Time since last: 2000716001 ns, Reaching safepoint: 458479 ns, At safepoint: 17423 ns, Total: 475902 ns
[2022-09-29T07:03:38.431+0000][7][safepoint   ] Safepoint "Cleanup", Time since last: 1000859870 ns, Reaching safepoint: 427675 ns, At safepoint: 55996 ns, Total: 483671 ns
[2022-09-29T07:03:40.432+0000][7][safepoint   ] Safepoint "Cleanup", Time since last: 2000894061 ns, Reaching safepoint: 642203 ns, At safepoint: 118596 ns, Total: 760799 ns
[2022-09-29T07:03:43.434+0000][7][safepoint   ] Safepoint "Cleanup", Time since last: 3001482703 ns, Reaching safepoint: 315536 ns, At safepoint: 64594 ns, Total: 380130 ns
[2022-09-29T07:03:45.435+0000][7][safepoint   ] Safepoint "Cleanup", Time since last: 2000762098 ns, Reaching safepoint: 393425 ns, At safepoint: 42070 ns, Total: 435495 ns
[2022-09-29T07:03:48.437+0000][7][safepoint   ] Safepoint "Cleanup", Time since last: 3000948658 ns, Reaching safepoint: 618178 ns, At safepoint: 9558 ns, Total: 627736 ns
[2022-09-29T07:03:53.439+0000][7][safepoint   ] Safepoint "Cleanup", Time since last: 5002079394 ns, Reaching safepoint: 199440 ns, At safepoint: 23114 ns, Total: 222554 ns
[2022-09-29T07:03:55.440+0000][7][safepoint   ] Safepoint "Cleanup", Time since last: 2000778034 ns, Reaching safepoint: 376919 ns, At safepoint: 26510 ns, Total: 403429 ns
[2022-09-29T07:03:57.441+0000][7][safepoint   ] Safepoint "Cleanup", Time since last: 2000794431 ns, Reaching safepoint: 305572 ns, At safepoint: 31149 ns, Total: 336721 ns
[2022-09-29T07:03:58.442+0000][7][safepoint   ] Safepoint "Cleanup", Time since last: 1000598278 ns, Reaching safepoint: 367749 ns, At safepoint: 30628 ns, Total: 398377 ns
[2022-09-29T07:04:00.446+0000][7][safepoint   ] Safepoint "Cleanup", Time since last: 2003080878 ns, Reaching safepoint: 439374 ns, At safepoint: 46048 ns, Total: 485422 ns
[2022-09-29T07:04:03.447+0000][7][safepoint   ] Safepoint "Cleanup", Time since last: 3000910991 ns, Reaching safepoint: 389297 ns, At safepoint: 37852 ns, Total: 427149 ns
[2022-09-29T07:04:03.560+0000][7][gc,start    ] GC(63) Pause Young (Concurrent Start) (G1 Evacuation Pause)
[2022-09-29T07:04:03.561+0000][7][gc,task     ] GC(63) Using 6 workers of 13 for evacuation
[2022-09-29T07:04:03.561+0000][7][gc,age      ] GC(63) Desired survivor size 6291456 bytes, new threshold 15 (max threshold 15)
[2022-09-29T07:04:03.568+0000][7][gc,age      ] GC(63) Age table with threshold 15 (max threshold 15)
[2022-09-29T07:04:03.568+0000][7][gc,age      ] GC(63) - age   1:    1496616 bytes,    1496616 total
[2022-09-29T07:04:03.569+0000][7][gc,age      ] GC(63) - age   2:     619096 bytes,    2115712 total
[2022-09-29T07:04:03.569+0000][7][gc,age      ] GC(63) - age   3:     808392 bytes,    2924104 total
[2022-09-29T07:04:03.569+0000][7][gc,age      ] GC(63) - age   4:    1396536 bytes,    4320640 total
[2022-09-29T07:04:03.570+0000][7][gc,age      ] GC(63) - age   5:     379200 bytes,    4699840 total
[2022-09-29T07:04:03.570+0000][7][gc,age      ] GC(63) - age   6:     637000 bytes,    5336840 total
[2022-09-29T07:04:03.571+0000][7][gc,age      ] GC(63) - age   7:    1185056 bytes,    6521896 total
[2022-09-29T07:04:03.572+0000][7][gc,phases   ] GC(63)   Pre Evacuate Collection Set: 0.3ms
[2022-09-29T07:04:03.572+0000][7][gc,phases   ] GC(63)   Merge Heap Roots: 0.1ms
[2022-09-29T07:04:03.573+0000][7][gc,phases   ] GC(63)   Evacuate Collection Set: 4.8ms
[2022-09-29T07:04:03.573+0000][7][gc,phases   ] GC(63)   Post Evacuate Collection Set: 1.5ms
[2022-09-29T07:04:03.573+0000][7][gc,phases   ] GC(63)   Other: 5.1ms
[2022-09-29T07:04:03.574+0000][7][gc,heap     ] GC(63) Eden regions: 20->0(20)
[2022-09-29T07:04:03.575+0000][7][gc,heap     ] GC(63) Survivor regions: 2->2(3)
[2022-09-29T07:04:03.576+0000][7][gc,heap     ] GC(63) Old regions: 23->23
[2022-09-29T07:04:03.576+0000][7][gc,heap     ] GC(63) Archive regions: 2->2
[2022-09-29T07:04:03.576+0000][7][gc,heap     ] GC(63) Humongous regions: 5->5
[2022-09-29T07:04:03.576+0000][7][gc,metaspace] GC(63) Metaspace: 109906K(114076K)->109906K(114076K) NonClass: 95428K(98204K)->95428K(98204K) Class: 14478K(15872K)->14478K(15872K)
[2022-09-29T07:04:03.577+0000][7][gc          ] GC(63) Pause Young (Concurrent Start) (G1 Evacuation Pause) 199M->120M(256M) 16.322ms
[2022-09-29T07:04:03.577+0000][7][gc,cpu      ] GC(63) User=0.03s Sys=0.00s Real=0.01s
[2022-09-29T07:04:03.577+0000][7][gc          ] GC(64) Concurrent Cycle
[2022-09-29T07:04:03.577+0000][7][safepoint   ] Safepoint "G1CollectForAllocation", Time since last: 112602804 ns, Reaching safepoint: 279385 ns, At safepoint: 16928800 ns, Total: 17208185 ns
[2022-09-29T07:04:03.577+0000][7][gc,marking  ] GC(64) Concurrent Clear Claimed Marks
[2022-09-29T07:04:03.578+0000][7][gc,marking  ] GC(64) Concurrent Clear Claimed Marks 0.972ms
[2022-09-29T07:04:03.579+0000][7][gc,marking  ] GC(64) Concurrent Scan Root Regions
[2022-09-29T07:04:03.583+0000][7][gc,marking  ] GC(64) Concurrent Scan Root Regions 4.311ms
[2022-09-29T07:04:03.584+0000][7][gc,marking  ] GC(64) Concurrent Mark (3652.676s)
[2022-09-29T07:04:03.584+0000][7][gc,marking  ] GC(64) Concurrent Mark From Roots
[2022-09-29T07:04:03.584+0000][7][gc,task     ] GC(64) Using 3 workers of 3 for marking
[2022-09-29T07:04:03.636+0000][7][gc,marking  ] GC(64) Concurrent Mark From Roots 51.740ms
[2022-09-29T07:04:03.636+0000][7][gc,marking  ] GC(64) Concurrent Preclean
[2022-09-29T07:04:03.637+0000][7][gc,marking  ] GC(64) Concurrent Preclean 0.831ms
[2022-09-29T07:04:03.638+0000][7][gc,marking  ] GC(64) Concurrent Mark (3652.676s, 3652.731s) 54.290ms
[2022-09-29T07:04:03.639+0000][7][gc,start    ] GC(64) Pause Remark
[2022-09-29T07:04:03.653+0000][7][gc          ] GC(64) Pause Remark 121M->121M(256M) 14.603ms
[2022-09-29T07:04:03.654+0000][7][gc,cpu      ] GC(64) User=0.06s Sys=0.01s Real=0.02s
[2022-09-29T07:04:03.655+0000][7][safepoint   ] Safepoint "G1Concurrent", Time since last: 61329109 ns, Reaching safepoint: 300157 ns, At safepoint: 15755134 ns, Total: 16055291 ns
[2022-09-29T07:04:03.655+0000][7][gc,marking  ] GC(64) Concurrent Rebuild Remembered Sets
[2022-09-29T07:04:03.697+0000][7][gc,marking  ] GC(64) Concurrent Rebuild Remembered Sets 41.519ms
[2022-09-29T07:04:03.698+0000][7][gc,start    ] GC(64) Pause Cleanup
[2022-09-29T07:04:03.698+0000][7][gc          ] GC(64) Pause Cleanup 121M->121M(256M) 0.703ms
[2022-09-29T07:04:03.699+0000][7][gc,cpu      ] GC(64) User=0.00s Sys=0.00s Real=0.00s
[2022-09-29T07:04:03.699+0000][7][safepoint   ] Safepoint "G1Concurrent", Time since last: 42825497 ns, Reaching safepoint: 379393 ns, At safepoint: 1636855 ns, Total: 2016248 ns
[2022-09-29T07:04:03.700+0000][7][gc,marking  ] GC(64) Concurrent Cleanup for Next Mark
[2022-09-29T07:04:03.701+0000][7][gc,marking  ] GC(64) Concurrent Cleanup for Next Mark 0.772ms
[2022-09-29T07:04:03.701+0000][7][gc          ] GC(64) Concurrent Cycle 123.946ms
[2022-09-29T07:04:04.700+0000][7][safepoint   ] Safepoint "Cleanup", Time since last: 1000516956 ns, Reaching safepoint: 327303 ns, At safepoint: 57289 ns, Total: 384592 ns
[2022-09-29T07:04:06.702+0000][7][safepoint   ] Safepoint "Cleanup", Time since last: 2000826186 ns, Reaching safepoint: 448350 ns, At safepoint: 31730 ns, Total: 480080 ns
[2022-09-29T07:04:07.702+0000][7][safepoint   ] Safepoint "Cleanup", Time since last: 1000540040 ns, Reaching safepoint: 253508 ns, At safepoint: 27974 ns, Total: 281482 ns
[2022-09-29T07:04:13.704+0000][7][safepoint   ] Safepoint "Cleanup", Time since last: 6001250873 ns, Reaching safepoint: 310662 ns, At safepoint: 31550 ns, Total: 342212 ns
[2022-09-29T07:04:14.705+0000][7][safepoint   ] Safepoint "Cleanup", Time since last: 1000692541 ns, Reaching safepoint: 617131 ns, At safepoint: 73740 ns, Total: 690871 ns
[2022-09-29T07:04:15.706+0000][7][safepoint   ] Safepoint "Cleanup", Time since last: 1000720559 ns, Reaching safepoint: 280344 ns, At safepoint: 27623 ns, Total: 307967 ns
[2022-09-29T07:04:19.646+0000][7][safepoint   ] Safepoint "Cleanup", Time since last: 3939044706 ns, Reaching safepoint: 331958 ns, At safepoint: 48773 ns, Total: 380731 ns
[2022-09-29T07:04:20.647+0000][7][safepoint   ] Safepoint "Cleanup", Time since last: 1000896712 ns, Reaching safepoint: 253070 ns, At safepoint: 27512 ns, Total: 280582 ns
[2022-09-29T07:04:27.649+0000][7][safepoint   ] Safepoint "Cleanup", Time since last: 7001692218 ns, Reaching safepoint: 276737 ns, At safepoint: 22743 ns, Total: 299480 ns
[2022-09-29T07:04:28.650+0000][7][safepoint   ] Safepoint "Cleanup", Time since last: 1000653830 ns, Reaching safepoint: 401505 ns, At safepoint: 26551 ns, Total: 428056 ns
[2022-09-29T07:04:30.651+0000][7][safepoint   ] Safepoint "Cleanup", Time since last: 2000723752 ns, Reaching safepoint: 263821 ns, At safepoint: 25749 ns, Total: 289570 ns
[2022-09-29T07:04:31.652+0000][7][safepoint   ] Safepoint "Cleanup", Time since last: 1000541780 ns, Reaching safepoint: 518286 ns, At safepoint: 90252 ns, Total: 608538 ns
[2022-09-29T07:04:33.655+0000][7][safepoint   ] Safepoint "Cleanup", Time since last: 2001764687 ns, Reaching safepoint: 455548 ns, At safepoint: 53732 ns, Total: 509280 ns
[2022-09-29T07:04:39.657+0000][7][safepoint   ] Safepoint "Cleanup", Time since last: 6001611413 ns, Reaching safepoint: 491539 ns, At safepoint: 45898 ns, Total: 537437 ns
[2022-09-29T07:04:40.658+0000][7][safepoint   ] Safepoint "Cleanup", Time since last: 1000456505 ns, Reaching safepoint: 374925 ns, At safepoint: 31259 ns, Total: 406184 ns
[2022-09-29T07:04:42.659+0000][7][safepoint   ] Safepoint "Cleanup", Time since last: 2000632891 ns, Reaching safepoint: 404488 ns, At safepoint: 45056 ns, Total: 449544 ns
[2022-09-29T07:04:44.660+0000][7][safepoint   ] Safepoint "Cleanup", Time since last: 2000971446 ns, Reaching safepoint: 530134 ns, At safepoint: 136220 ns, Total: 666354 ns
[2022-09-29T07:04:45.661+0000][7][safepoint   ] Safepoint "Cleanup", Time since last: 1000707436 ns, Reaching safepoint: 301545 ns, At safepoint: 32021 ns, Total: 333566 ns
[2022-09-29T07:04:51.663+0000][7][safepoint   ] Safepoint "Cleanup", Time since last: 6001419282 ns, Reaching safepoint: 331632 ns, At safepoint: 50206 ns, Total: 381838 ns
[2022-09-29T07:04:52.664+0000][7][safepoint   ] Safepoint "Cleanup", Time since last: 1000658177 ns, Reaching safepoint: 270786 ns, At safepoint: 27963 ns, Total: 298749 ns
[2022-09-29T07:04:54.666+0000][7][safepoint   ] Safepoint "Cleanup", Time since last: 2000734875 ns, Reaching safepoint: 698672 ns, At safepoint: 110009 ns, Total: 808681 ns
[2022-09-29T07:04:55.667+0000][7][safepoint   ] Safepoint "Cleanup", Time since last: 1001083776 ns, Reaching safepoint: 524622 ns, At safepoint: 59173 ns, Total: 583795 ns
[2022-09-29T07:04:57.668+0000][7][safepoint   ] Safepoint "Cleanup", Time since last: 2000544336 ns, Reaching safepoint: 301344 ns, At safepoint: 6713 ns, Total: 308057 ns
[2022-09-29T07:04:58.669+0000][7][safepoint   ] Safepoint "Cleanup", Time since last: 1000813256 ns, Reaching safepoint: 321713 ns, At safepoint: 79020 ns, Total: 400733 ns
[2022-09-29T07:04:59.671+0000][7][safepoint   ] Safepoint "Cleanup", Time since last: 1001059601 ns, Reaching safepoint: 560037 ns, At safepoint: 58933 ns, Total: 618970 ns
[2022-09-29T07:05:00.673+0000][7][safepoint   ] Safepoint "Cleanup", Time since last: 1001264099 ns, Reaching safepoint: 481768 ns, At safepoint: 60896 ns, Total: 542664 ns
[2022-09-29T07:05:00.977+0000][7][gc,start    ] GC(65) Pause Young (Normal) (G1 Evacuation Pause)
[2022-09-29T07:05:00.977+0000][7][gc,task     ] GC(65) Using 6 workers of 13 for evacuation
[2022-09-29T07:05:00.978+0000][7][gc,age      ] GC(65) Desired survivor size 6291456 bytes, new threshold 7 (max threshold 15)
[2022-09-29T07:05:00.990+0000][7][gc,age      ] GC(65) Age table with threshold 7 (max threshold 15)
[2022-09-29T07:05:00.991+0000][7][gc,age      ] GC(65) - age   1:    1833976 bytes,    1833976 total
[2022-09-29T07:05:00.991+0000][7][gc,age      ] GC(65) - age   2:    1279144 bytes,    3113120 total
[2022-09-29T07:05:00.992+0000][7][gc,age      ] GC(65) - age   3:     595792 bytes,    3708912 total
[2022-09-29T07:05:00.992+0000][7][gc,age      ] GC(65) - age   4:     561152 bytes,    4270064 total
[2022-09-29T07:05:00.993+0000][7][gc,age      ] GC(65) - age   5:    1352704 bytes,    5622768 total
[2022-09-29T07:05:00.993+0000][7][gc,age      ] GC(65) - age   6:     375144 bytes,    5997912 total
[2022-09-29T07:05:00.994+0000][7][gc,age      ] GC(65) - age   7:     633320 bytes,    6631232 total
[2022-09-29T07:05:00.995+0000][7][gc,phases   ] GC(65)   Pre Evacuate Collection Set: 0.5ms
[2022-09-29T07:05:00.995+0000][7][gc,phases   ] GC(65)   Merge Heap Roots: 0.4ms
[2022-09-29T07:05:00.996+0000][7][gc,phases   ] GC(65)   Evacuate Collection Set: 7.2ms
[2022-09-29T07:05:00.996+0000][7][gc,phases   ] GC(65)   Post Evacuate Collection Set: 3.1ms
[2022-09-29T07:05:00.997+0000][7][gc,phases   ] GC(65)   Other: 7.0ms
[2022-09-29T07:05:00.997+0000][7][gc,heap     ] GC(65) Eden regions: 20->0(20)
[2022-09-29T07:05:00.998+0000][7][gc,heap     ] GC(65) Survivor regions: 2->2(3)
[2022-09-29T07:05:00.999+0000][7][gc,heap     ] GC(65) Old regions: 23->23
[2022-09-29T07:05:00.999+0000][7][gc,heap     ] GC(65) Archive regions: 2->2
[2022-09-29T07:05:01.000+0000][7][gc,heap     ] GC(65) Humongous regions: 5->5
[2022-09-29T07:05:01.000+0000][7][gc,metaspace] GC(65) Metaspace: 110066K(114332K)->110066K(114332K) NonClass: 95597K(98460K)->95597K(98460K) Class: 14468K(15872K)->14468K(15872K)
[2022-09-29T07:05:01.000+0000][7][gc          ] GC(65) Pause Young (Normal) (G1 Evacuation Pause) 200M->121M(256M) 23.692ms
[2022-09-29T07:05:01.001+0000][7][gc,cpu      ] GC(65) User=0.04s Sys=0.01s Real=0.03s
[2022-09-29T07:05:01.001+0000][7][safepoint   ] Safepoint "G1CollectForAllocation", Time since last: 303160895 ns, Reaching safepoint: 543030 ns, At safepoint: 24851492 ns, Total: 25394522 ns
[2022-09-29T07:05:02.003+0000][7][safepoint   ] Safepoint "Cleanup", Time since last: 1000757780 ns, Reaching safepoint: 574334 ns, At safepoint: 53382 ns, Total: 627716 ns
[2022-09-29T07:05:03.004+0000][7][safepoint   ] Safepoint "Cleanup", Time since last: 1000598061 ns, Reaching safepoint: 434532 ns, At safepoint: 55426 ns, Total: 489958 ns
[2022-09-29T07:05:05.005+0000][7][safepoint   ] Safepoint "Cleanup", Time since last: 2000473484 ns, Reaching safepoint: 313678 ns, At safepoint: 9989 ns, Total: 323667 ns
[2022-09-29T07:05:06.006+0000][7][safepoint   ] Safepoint "Cleanup", Time since last: 1001045728 ns, Reaching safepoint: 309851 ns, At safepoint: 53972 ns, Total: 363823 ns
[2022-09-29T07:05:07.008+0000][7][safepoint   ] Safepoint "Cleanup", Time since last: 1001877827 ns, Reaching safepoint: 244123 ns, At safepoint: 42631 ns, Total: 286754 ns
[2022-09-29T07:05:08.009+0000][7][safepoint   ] Safepoint "Cleanup", Time since last: 1000973741 ns, Reaching safepoint: 243514 ns, At safepoint: 31160 ns, Total: 274674 ns
[2022-09-29T07:05:10.010+0000][7][safepoint   ] Safepoint "Cleanup", Time since last: 2000628609 ns, Reaching safepoint: 312756 ns, At safepoint: 28304 ns, Total: 341060 ns
[2022-09-29T07:05:11.011+0000][7][safepoint   ] Safepoint "Cleanup", Time since last: 1000684923 ns, Reaching safepoint: 331480 ns, At safepoint: 27031 ns, Total: 358511 ns
[2022-09-29T07:05:13.013+0000][7][safepoint   ] Safepoint "Cleanup", Time since last: 2000826299 ns, Reaching safepoint: 259863 ns, At safepoint: 26921 ns, Total: 286784 ns
[2022-09-29T07:05:15.014+0000][7][safepoint   ] Safepoint "Cleanup", Time since last: 2000763459 ns, Reaching safepoint: 428466 ns, At safepoint: 65715 ns, Total: 494181 ns
[2022-09-29T07:05:16.015+0000][7][safepoint   ] Safepoint "Cleanup", Time since last: 1000738171 ns, Reaching safepoint: 314892 ns, At safepoint: 34937 ns, Total: 349829 ns
[2022-09-29T07:05:18.017+0000][7][safepoint   ] Safepoint "Cleanup", Time since last: 2000845011 ns, Reaching safepoint: 728569 ns, At safepoint: 81505 ns, Total: 810074 ns
[2022-09-29T07:05:19.018+0000][7][safepoint   ] Safepoint "Cleanup", Time since last: 1000745264 ns, Reaching safepoint: 328035 ns, At safepoint: 32823 ns, Total: 360858 ns
[2022-09-29T07:05:21.019+0000][7][safepoint   ] Safepoint "Cleanup", Time since last: 2000621087 ns, Reaching safepoint: 260937 ns, At safepoint: 37041 ns, Total: 297978 ns
[2022-09-29T07:05:22.020+0000][7][safepoint   ] Safepoint "Cleanup", Time since last: 1000528691 ns, Reaching safepoint: 447042 ns, At safepoint: 60254 ns, Total: 507296 ns
[2022-09-29T07:05:23.021+0000][7][safepoint   ] Safepoint "Cleanup", Time since last: 1000666108 ns, Reaching safepoint: 319398 ns, At safepoint: 69914 ns, Total: 389312 ns
[2022-09-29T07:05:25.022+0000][7][safepoint   ] Safepoint "Cleanup", Time since last: 2001143470 ns, Reaching safepoint: 374402 ns, At safepoint: 58671 ns, Total: 433073 ns
[2022-09-29T07:05:26.023+0000][7][safepoint   ] Safepoint "Cleanup", Time since last: 1000261695 ns, Reaching safepoint: 492238 ns, At safepoint: 18335 ns, Total: 510573 ns
[2022-09-29T07:05:27.024+0000][7][safepoint   ] Safepoint "Cleanup", Time since last: 1000772199 ns, Reaching safepoint: 290103 ns, At safepoint: 15580 ns, Total: 305683 ns
[2022-09-29T07:05:28.026+0000][7][safepoint   ] Safepoint "Cleanup", Time since last: 1000992547 ns, Reaching safepoint: 409661 ns, At safepoint: 67749 ns, Total: 477410 ns
[2022-09-29T07:05:29.027+0000][7][safepoint   ] Safepoint "Cleanup", Time since last: 1001087881 ns, Reaching safepoint: 421448 ns, At safepoint: 42251 ns, Total: 463699 ns
[2022-09-29T07:05:30.028+0000][7][safepoint   ] Safepoint "Cleanup", Time since last: 1000676958 ns, Reaching safepoint: 327103 ns, At safepoint: 50677 ns, Total: 377780 ns
[2022-09-29T07:05:30.778+0000][7][gc,start    ] GC(66) Pause Young (Concurrent Start) (G1 Evacuation Pause)
[2022-09-29T07:05:30.778+0000][7][gc,task     ] GC(66) Using 6 workers of 13 for evacuation
[2022-09-29T07:05:30.779+0000][7][gc,age      ] GC(66) Desired survivor size 6291456 bytes, new threshold 7 (max threshold 15)
[2022-09-29T07:05:30.789+0000][7][gc,age      ] GC(66) Age table with threshold 7 (max threshold 15)
[2022-09-29T07:05:30.790+0000][7][gc,age      ] GC(66) - age   1:    1936632 bytes,    1936632 total
[2022-09-29T07:05:30.790+0000][7][gc,age      ] GC(66) - age   2:     486360 bytes,    2422992 total
[2022-09-29T07:05:30.791+0000][7][gc,age      ] GC(66) - age   3:    1278160 bytes,    3701152 total
[2022-09-29T07:05:30.791+0000][7][gc,age      ] GC(66) - age   4:     566584 bytes,    4267736 total
[2022-09-29T07:05:30.792+0000][7][gc,age      ] GC(66) - age   5:     315008 bytes,    4582744 total
[2022-09-29T07:05:30.792+0000][7][gc,age      ] GC(66) - age   6:    1192984 bytes,    5775728 total
[2022-09-29T07:05:30.792+0000][7][gc,age      ] GC(66) - age   7:     374552 bytes,    6150280 total
[2022-09-29T07:05:30.793+0000][7][gc,phases   ] GC(66)   Pre Evacuate Collection Set: 0.9ms
[2022-09-29T07:05:30.793+0000][7][gc,phases   ] GC(66)   Merge Heap Roots: 0.2ms
[2022-09-29T07:05:30.793+0000][7][gc,phases   ] GC(66)   Evacuate Collection Set: 5.2ms
[2022-09-29T07:05:30.794+0000][7][gc,phases   ] GC(66)   Post Evacuate Collection Set: 3.0ms
[2022-09-29T07:05:30.794+0000][7][gc,phases   ] GC(66)   Other: 6.3ms
[2022-09-29T07:05:30.795+0000][7][gc,heap     ] GC(66) Eden regions: 20->0(19)
[2022-09-29T07:05:30.795+0000][7][gc,heap     ] GC(66) Survivor regions: 2->2(3)
[2022-09-29T07:05:30.796+0000][7][gc,heap     ] GC(66) Old regions: 23->24
[2022-09-29T07:05:30.796+0000][7][gc,heap     ] GC(66) Archive regions: 2->2
[2022-09-29T07:05:30.796+0000][7][gc,heap     ] GC(66) Humongous regions: 5->5
[2022-09-29T07:05:30.797+0000][7][gc,metaspace] GC(66) Metaspace: 110502K(114844K)->110502K(114844K) NonClass: 95986K(98972K)->95986K(98972K) Class: 14515K(15872K)->14515K(15872K)
[2022-09-29T07:05:30.797+0000][7][gc          ] GC(66) Pause Young (Concurrent Start) (G1 Evacuation Pause) 201M->122M(256M) 19.383ms
[2022-09-29T07:05:30.798+0000][7][gc,cpu      ] GC(66) User=0.03s Sys=0.01s Real=0.02s
[2022-09-29T07:05:30.798+0000][7][gc          ] GC(67) Concurrent Cycle
[2022-09-29T07:05:30.798+0000][7][safepoint   ] Safepoint "G1CollectForAllocation", Time since last: 748333536 ns, Reaching safepoint: 520513 ns, At safepoint: 21415264 ns, Total: 21935777 ns
[2022-09-29T07:05:30.799+0000][7][gc,marking  ] GC(67) Concurrent Clear Claimed Marks
[2022-09-29T07:05:30.800+0000][7][gc,marking  ] GC(67) Concurrent Clear Claimed Marks 1.182ms
[2022-09-29T07:05:30.801+0000][7][gc,marking  ] GC(67) Concurrent Scan Root Regions
[2022-09-29T07:05:30.806+0000][7][gc,marking  ] GC(67) Concurrent Scan Root Regions 5.402ms
[2022-09-29T07:05:30.807+0000][7][gc,marking  ] GC(67) Concurrent Mark (3739.899s)
[2022-09-29T07:05:30.807+0000][7][gc,marking  ] GC(67) Concurrent Mark From Roots
[2022-09-29T07:05:30.808+0000][7][gc,task     ] GC(67) Using 3 workers of 3 for marking
[2022-09-29T07:05:30.893+0000][7][gc,marking  ] GC(67) Concurrent Mark From Roots 85.620ms
[2022-09-29T07:05:30.893+0000][7][gc,marking  ] GC(67) Concurrent Preclean
[2022-09-29T07:05:30.894+0000][7][gc,marking  ] GC(67) Concurrent Preclean 0.939ms
[2022-09-29T07:05:30.895+0000][7][gc,marking  ] GC(67) Concurrent Mark (3739.899s, 3739.987s) 87.961ms
[2022-09-29T07:05:30.896+0000][7][gc,start    ] GC(67) Pause Remark
[2022-09-29T07:05:30.917+0000][7][gc          ] GC(67) Pause Remark 123M->123M(256M) 20.726ms
[2022-09-29T07:05:30.917+0000][7][gc,cpu      ] GC(67) User=0.10s Sys=0.01s Real=0.02s
[2022-09-29T07:05:30.918+0000][7][safepoint   ] Safepoint "G1Concurrent", Time since last: 96770326 ns, Reaching safepoint: 503434 ns, At safepoint: 22161621 ns, Total: 22665055 ns
[2022-09-29T07:05:30.919+0000][7][gc,marking  ] GC(67) Concurrent Rebuild Remembered Sets
[2022-09-29T07:05:30.971+0000][7][gc,marking  ] GC(67) Concurrent Rebuild Remembered Sets 52.364ms
[2022-09-29T07:05:30.972+0000][7][gc,start    ] GC(67) Pause Cleanup
[2022-09-29T07:05:30.973+0000][7][gc          ] GC(67) Pause Cleanup 123M->123M(256M) 0.682ms
[2022-09-29T07:05:30.974+0000][7][gc,cpu      ] GC(67) User=0.00s Sys=0.00s Real=0.00s
[2022-09-29T07:05:30.974+0000][7][safepoint   ] Safepoint "G1Concurrent", Time since last: 53750998 ns, Reaching safepoint: 694965 ns, At safepoint: 1539910 ns, Total: 2234875 ns
[2022-09-29T07:05:30.974+0000][7][gc,marking  ] GC(67) Concurrent Cleanup for Next Mark
[2022-09-29T07:05:30.976+0000][7][gc,marking  ] GC(67) Concurrent Cleanup for Next Mark 1.114ms
[2022-09-29T07:05:30.976+0000][7][gc          ] GC(67) Concurrent Cycle 177.838ms
[2022-09-29T07:05:31.119+0000][7][safepoint   ] Safepoint "ICBufferFull", Time since last: 144654023 ns, Reaching safepoint: 533684 ns, At safepoint: 47160 ns, Total: 580844 ns
[2022-09-29T07:05:31.590+0000][7][safepoint   ] Safepoint "ICBufferFull", Time since last: 470343269 ns, Reaching safepoint: 371848 ns, At safepoint: 24687 ns, Total: 396535 ns
[2022-09-29T07:05:32.591+0000][7][safepoint   ] Safepoint "Cleanup", Time since last: 1000557987 ns, Reaching safepoint: 907479 ns, At safepoint: 82187 ns, Total: 989666 ns
[2022-09-29T07:05:33.593+0000][7][safepoint   ] Safepoint "Cleanup", Time since last: 1000766847 ns, Reaching safepoint: 445699 ns, At safepoint: 55015 ns, Total: 500714 ns
[2022-09-29T07:05:34.594+0000][7][safepoint   ] Safepoint "Cleanup", Time since last: 1000710981 ns, Reaching safepoint: 382154 ns, At safepoint: 50416 ns, Total: 432570 ns
[2022-09-29T07:05:36.595+0000][7][safepoint   ] Safepoint "Cleanup", Time since last: 2000796113 ns, Reaching safepoint: 345228 ns, At safepoint: 58642 ns, Total: 403870 ns
[2022-09-29T07:05:37.596+0000][7][safepoint   ] Safepoint "Cleanup", Time since last: 1000698927 ns, Reaching safepoint: 459085 ns, At safepoint: 67188 ns, Total: 526273 ns
[2022-09-29T07:05:41.598+0000][7][safepoint   ] Safepoint "Cleanup", Time since last: 4001102717 ns, Reaching safepoint: 976269 ns, At safepoint: 29897 ns, Total: 1006166 ns
[2022-09-29T07:05:42.603+0000][7][safepoint   ] Safepoint "Cleanup", Time since last: 1000723476 ns, Reaching safepoint: 3794704 ns, At safepoint: 74231 ns, Total: 3868935 ns
[2022-09-29T07:05:43.004+0000][7][safepoint   ] Safepoint "ICBufferFull", Time since last: 400448144 ns, Reaching safepoint: 355467 ns, At safepoint: 25088 ns, Total: 380555 ns
[2022-09-29T07:05:44.005+0000][7][safepoint   ] Safepoint "Cleanup", Time since last: 1000694242 ns, Reaching safepoint: 515051 ns, At safepoint: 21652 ns, Total: 536703 ns
[2022-09-29T07:05:45.006+0000][7][safepoint   ] Safepoint "Cleanup", Time since last: 1001062164 ns, Reaching safepoint: 321174 ns, At safepoint: 30639 ns, Total: 351813 ns
[2022-09-29T07:05:46.008+0000][7][safepoint   ] Safepoint "Cleanup", Time since last: 1000695464 ns, Reaching safepoint: 587800 ns, At safepoint: 74282 ns, Total: 662082 ns
[2022-09-29T07:05:49.010+0000][7][safepoint   ] Safepoint "Cleanup", Time since last: 3001755198 ns, Reaching safepoint: 275904 ns, At safepoint: 27402 ns, Total: 303306 ns
[2022-09-29T07:05:52.011+0000][7][safepoint   ] Safepoint "Cleanup", Time since last: 3000766420 ns, Reaching safepoint: 291093 ns, At safepoint: 29486 ns, Total: 320579 ns
[2022-09-29T07:05:53.012+0000][7][safepoint   ] Safepoint "Cleanup", Time since last: 1000674263 ns, Reaching safepoint: 612795 ns, At safepoint: 78911 ns, Total: 691706 ns
[2022-09-29T07:05:55.014+0000][7][safepoint   ] Safepoint "Cleanup", Time since last: 2001099198 ns, Reaching safepoint: 599500 ns, At safepoint: 74512 ns, Total: 674012 ns
[2022-09-29T07:05:58.016+0000][7][safepoint   ] Safepoint "Cleanup", Time since last: 3001302039 ns, Reaching safepoint: 256301 ns, At safepoint: 28133 ns, Total: 284434 ns
[2022-09-29T07:05:59.017+0000][7][safepoint   ] Safepoint "Cleanup", Time since last: 1000606632 ns, Reaching safepoint: 348394 ns, At safepoint: 51318 ns, Total: 399712 ns
[2022-09-29T07:06:00.018+0000][7][safepoint   ] Safepoint "Cleanup", Time since last: 1000825226 ns, Reaching safepoint: 430134 ns, At safepoint: 13506 ns, Total: 443640 ns
[2022-09-29T07:06:01.023+0000][7][safepoint   ] Safepoint "Cleanup", Time since last: 1004939807 ns, Reaching safepoint: 521513 ns, At safepoint: 62620 ns, Total: 584133 ns
[2022-09-29T07:06:03.025+0000][7][safepoint   ] Safepoint "Cleanup", Time since last: 2000846635 ns, Reaching safepoint: 576258 ns, At safepoint: 69131 ns, Total: 645389 ns
[2022-09-29T07:06:04.026+0000][7][safepoint   ] Safepoint "Cleanup", Time since last: 1000722090 ns, Reaching safepoint: 675653 ns, At safepoint: 110921 ns, Total: 786574 ns
[2022-09-29T07:06:07.028+0000][7][safepoint   ] Safepoint "Cleanup", Time since last: 3000825317 ns, Reaching safepoint: 294790 ns, At safepoint: 30027 ns, Total: 324817 ns
[2022-09-29T07:06:10.029+0000][7][safepoint   ] Safepoint "Cleanup", Time since last: 3000913092 ns, Reaching safepoint: 392619 ns, At safepoint: 17493 ns, Total: 410112 ns
[2022-09-29T07:06:13.031+0000][7][safepoint   ] Safepoint "Cleanup", Time since last: 3001685677 ns, Reaching safepoint: 487126 ns, At safepoint: 75363 ns, Total: 562489 ns
[2022-09-29T07:06:16.034+0000][7][safepoint   ] Safepoint "Cleanup", Time since last: 3001601702 ns, Reaching safepoint: 781229 ns, At safepoint: 44445 ns, Total: 825674 ns
[2022-09-29T07:06:18.596+0000][7][gc,start    ] GC(68) Pause Young (Normal) (G1 Evacuation Pause)
[2022-09-29T07:06:18.596+0000][7][gc,task     ] GC(68) Using 6 workers of 13 for evacuation
[2022-09-29T07:06:18.597+0000][7][gc,age      ] GC(68) Desired survivor size 6291456 bytes, new threshold 15 (max threshold 15)
[2022-09-29T07:06:18.602+0000][7][gc,age      ] GC(68) Age table with threshold 15 (max threshold 15)
[2022-09-29T07:06:18.603+0000][7][gc,age      ] GC(68) - age   1:     550424 bytes,     550424 total
[2022-09-29T07:06:18.603+0000][7][gc,age      ] GC(68) - age   2:    1212104 bytes,    1762528 total
[2022-09-29T07:06:18.603+0000][7][gc,age      ] GC(68) - age   3:      42112 bytes,    1804640 total
[2022-09-29T07:06:18.603+0000][7][gc,age      ] GC(68) - age   4:     974104 bytes,    2778744 total
[2022-09-29T07:06:18.604+0000][7][gc,age      ] GC(68) - age   5:     269472 bytes,    3048216 total
[2022-09-29T07:06:18.604+0000][7][gc,age      ] GC(68) - age   6:     314208 bytes,    3362424 total
[2022-09-29T07:06:18.604+0000][7][gc,age      ] GC(68) - age   7:    1192328 bytes,    4554752 total
[2022-09-29T07:06:18.605+0000][7][gc,age      ] GC(68) - age   8:     374256 bytes,    4929008 total
[2022-09-29T07:06:18.605+0000][7][gc,phases   ] GC(68)   Pre Evacuate Collection Set: 0.3ms
[2022-09-29T07:06:18.605+0000][7][gc,phases   ] GC(68)   Merge Heap Roots: 0.2ms
[2022-09-29T07:06:18.605+0000][7][gc,phases   ] GC(68)   Evacuate Collection Set: 3.4ms
[2022-09-29T07:06:18.605+0000][7][gc,phases   ] GC(68)   Post Evacuate Collection Set: 1.2ms
[2022-09-29T07:06:18.606+0000][7][gc,phases   ] GC(68)   Other: 4.4ms
[2022-09-29T07:06:18.606+0000][7][gc,heap     ] GC(68) Eden regions: 19->0(19)
[2022-09-29T07:06:18.606+0000][7][gc,heap     ] GC(68) Survivor regions: 2->2(3)
[2022-09-29T07:06:18.606+0000][7][gc,heap     ] GC(68) Old regions: 24->24
[2022-09-29T07:06:18.606+0000][7][gc,heap     ] GC(68) Archive regions: 2->2
[2022-09-29T07:06:18.606+0000][7][gc,heap     ] GC(68) Humongous regions: 5->5
[2022-09-29T07:06:18.607+0000][7][gc,metaspace] GC(68) Metaspace: 110922K(115356K)->110922K(115356K) NonClass: 96408K(99484K)->96408K(99484K) Class: 14514K(15872K)->14514K(15872K)
[2022-09-29T07:06:18.607+0000][7][gc          ] GC(68) Pause Young (Normal) (G1 Evacuation Pause) 198M->121M(256M) 11.252ms
[2022-09-29T07:06:18.607+0000][7][gc,cpu      ] GC(68) User=0.03s Sys=0.00s Real=0.01s
[2022-09-29T07:06:18.607+0000][7][safepoint   ] Safepoint "G1CollectForAllocation", Time since last: 2561446387 ns, Reaching safepoint: 321603 ns, At safepoint: 11958085 ns, Total: 12279688 ns
[2022-09-29T07:06:24.609+0000][7][safepoint   ] Safepoint "Cleanup", Time since last: 6001486828 ns, Reaching safepoint: 431592 ns, At safepoint: 162891 ns, Total: 594483 ns
[2022-09-29T07:06:26.610+0000][7][safepoint   ] Safepoint "Cleanup", Time since last: 2000660352 ns, Reaching safepoint: 253463 ns, At safepoint: 32642 ns, Total: 286105 ns
[2022-09-29T07:06:33.612+0000][7][safepoint   ] Safepoint "Cleanup", Time since last: 7001393384 ns, Reaching safepoint: 192867 ns, At safepoint: 30248 ns, Total: 223115 ns
[2022-09-29T07:06:36.613+0000][7][safepoint   ] Safepoint "Cleanup", Time since last: 3000853363 ns, Reaching safepoint: 362802 ns, At safepoint: 48602 ns, Total: 411404 ns
[2022-09-29T07:06:39.615+0000][7][safepoint   ] Safepoint "Cleanup", Time since last: 3000877169 ns, Reaching safepoint: 357363 ns, At safepoint: 46379 ns, Total: 403742 ns
[2022-09-29T07:06:42.616+0000][7][safepoint   ] Safepoint "Cleanup", Time since last: 3000991404 ns, Reaching safepoint: 511627 ns, At safepoint: 41710 ns, Total: 553337 ns
[2022-09-29T07:06:44.617+0000][7][safepoint   ] Safepoint "Cleanup", Time since last: 2000927407 ns, Reaching safepoint: 409262 ns, At safepoint: 36419 ns, Total: 445681 ns
[2022-09-29T07:06:46.618+0000][7][safepoint   ] Safepoint "Cleanup", Time since last: 2000720502 ns, Reaching safepoint: 269416 ns, At safepoint: 30448 ns, Total: 299864 ns
[2022-09-29T07:06:47.620+0000][7][safepoint   ] Safepoint "Cleanup", Time since last: 1000714185 ns, Reaching safepoint: 480731 ns, At safepoint: 49314 ns, Total: 530045 ns
[2022-09-29T07:06:54.622+0000][7][safepoint   ] Safepoint "Cleanup", Time since last: 7001611208 ns, Reaching safepoint: 253994 ns, At safepoint: 28654 ns, Total: 282648 ns
[2022-09-29T07:06:57.623+0000][7][safepoint   ] Safepoint "Cleanup", Time since last: 3000820113 ns, Reaching safepoint: 345128 ns, At safepoint: 69032 ns, Total: 414160 ns
[2022-09-29T07:07:00.625+0000][7][safepoint   ] Safepoint "Cleanup", Time since last: 3000994437 ns, Reaching safepoint: 615954 ns, At safepoint: 68160 ns, Total: 684114 ns
[2022-09-29T07:07:02.626+0000][7][safepoint   ] Safepoint "Cleanup", Time since last: 2000936558 ns, Reaching safepoint: 297317 ns, At safepoint: 26430 ns, Total: 323747 ns
[2022-09-29T07:07:03.627+0000][7][safepoint   ] Safepoint "Cleanup", Time since last: 1000588936 ns, Reaching safepoint: 781499 ns, At safepoint: 97396 ns, Total: 878895 ns
[2022-09-29T07:07:06.629+0000][7][safepoint   ] Safepoint "Cleanup", Time since last: 3001453913 ns, Reaching safepoint: 320130 ns, At safepoint: 11482 ns, Total: 331612 ns
[2022-09-29T07:07:09.630+0000][7][safepoint   ] Safepoint "Cleanup", Time since last: 3000860086 ns, Reaching safepoint: 270606 ns, At safepoint: 12313 ns, Total: 282919 ns
[2022-09-29T07:07:12.631+0000][7][safepoint   ] Safepoint "Cleanup", Time since last: 3000876886 ns, Reaching safepoint: 338162 ns, At safepoint: 29246 ns, Total: 367408 ns
[2022-09-29T07:07:15.633+0000][7][safepoint   ] Safepoint "Cleanup", Time since last: 3000818266 ns, Reaching safepoint: 266528 ns, At safepoint: 27072 ns, Total: 293600 ns
[2022-09-29T07:07:18.633+0000][7][safepoint   ] Safepoint "Cleanup", Time since last: 3000697198 ns, Reaching safepoint: 215801 ns, At safepoint: 32312 ns, Total: 248113 ns
[2022-09-29T07:07:21.635+0000][7][safepoint   ] Safepoint "Cleanup", Time since last: 3000749525 ns, Reaching safepoint: 437985 ns, At safepoint: 100151 ns, Total: 538136 ns
[2022-09-29T07:07:22.636+0000][7][safepoint   ] Safepoint "Cleanup", Time since last: 1000547156 ns, Reaching safepoint: 419119 ns, At safepoint: 58962 ns, Total: 478081 ns
[2022-09-29T07:07:23.637+0000][7][safepoint   ] Safepoint "Cleanup", Time since last: 1000651848 ns, Reaching safepoint: 424935 ns, At safepoint: 51288 ns, Total: 476223 ns
[2022-09-29T07:07:24.638+0000][7][safepoint   ] Safepoint "Cleanup", Time since last: 1000807369 ns, Reaching safepoint: 388380 ns, At safepoint: 34175 ns, Total: 422555 ns
[2022-09-29T07:07:27.614+0000][7][gc,start    ] GC(69) Pause Young (Concurrent Start) (G1 Evacuation Pause)
[2022-09-29T07:07:27.615+0000][7][gc,task     ] GC(69) Using 6 workers of 13 for evacuation
[2022-09-29T07:07:27.615+0000][7][gc,age      ] GC(69) Desired survivor size 6291456 bytes, new threshold 15 (max threshold 15)
[2022-09-29T07:07:27.623+0000][7][gc,age      ] GC(69) Age table with threshold 15 (max threshold 15)
[2022-09-29T07:07:27.623+0000][7][gc,age      ] GC(69) - age   1:     766232 bytes,     766232 total
[2022-09-29T07:07:27.624+0000][7][gc,age      ] GC(69) - age   2:     353936 bytes,    1120168 total
[2022-09-29T07:07:27.624+0000][7][gc,age      ] GC(69) - age   3:    1155984 bytes,    2276152 total
[2022-09-29T07:07:27.624+0000][7][gc,age      ] GC(69) - age   4:      36592 bytes,    2312744 total
[2022-09-29T07:07:27.625+0000][7][gc,age      ] GC(69) - age   5:     971160 bytes,    3283904 total
[2022-09-29T07:07:27.625+0000][7][gc,age      ] GC(69) - age   6:     171152 bytes,    3455056 total
[2022-09-29T07:07:27.626+0000][7][gc,age      ] GC(69) - age   7:     314208 bytes,    3769264 total
[2022-09-29T07:07:27.626+0000][7][gc,age      ] GC(69) - age   8:    1191912 bytes,    4961176 total
[2022-09-29T07:07:27.626+0000][7][gc,age      ] GC(69) - age   9:     374128 bytes,    5335304 total
[2022-09-29T07:07:27.627+0000][7][gc,phases   ] GC(69)   Pre Evacuate Collection Set: 0.6ms
[2022-09-29T07:07:27.627+0000][7][gc,phases   ] GC(69)   Merge Heap Roots: 0.4ms
[2022-09-29T07:07:27.628+0000][7][gc,phases   ] GC(69)   Evacuate Collection Set: 4.1ms
[2022-09-29T07:07:27.628+0000][7][gc,phases   ] GC(69)   Post Evacuate Collection Set: 1.9ms
[2022-09-29T07:07:27.629+0000][7][gc,phases   ] GC(69)   Other: 5.5ms
[2022-09-29T07:07:27.629+0000][7][gc,heap     ] GC(69) Eden regions: 19->0(19)
[2022-09-29T07:07:27.629+0000][7][gc,heap     ] GC(69) Survivor regions: 2->2(3)
[2022-09-29T07:07:27.629+0000][7][gc,heap     ] GC(69) Old regions: 24->24
[2022-09-29T07:07:27.630+0000][7][gc,heap     ] GC(69) Archive regions: 2->2
[2022-09-29T07:07:27.630+0000][7][gc,heap     ] GC(69) Humongous regions: 5->5
[2022-09-29T07:07:27.631+0000][7][gc,metaspace] GC(69) Metaspace: 111017K(115356K)->111017K(115356K) NonClass: 96503K(99484K)->96503K(99484K) Class: 14514K(15872K)->14514K(15872K)
[2022-09-29T07:07:27.631+0000][7][gc          ] GC(69) Pause Young (Concurrent Start) (G1 Evacuation Pause) 197M->121M(256M) 16.948ms
[2022-09-29T07:07:27.632+0000][7][gc,cpu      ] GC(69) User=0.03s Sys=0.00s Real=0.02s
[2022-09-29T07:07:27.632+0000][7][gc          ] GC(70) Concurrent Cycle
[2022-09-29T07:07:27.632+0000][7][safepoint   ] Safepoint "G1CollectForAllocation", Time since last: 2975916694 ns, Reaching safepoint: 299611 ns, At safepoint: 18023827 ns, Total: 18323438 ns
[2022-09-29T07:07:27.633+0000][7][gc,marking  ] GC(70) Concurrent Clear Claimed Marks
[2022-09-29T07:07:27.633+0000][7][gc,marking  ] GC(70) Concurrent Clear Claimed Marks 0.757ms
[2022-09-29T07:07:27.634+0000][7][gc,marking  ] GC(70) Concurrent Scan Root Regions
[2022-09-29T07:07:27.638+0000][7][gc,marking  ] GC(70) Concurrent Scan Root Regions 4.269ms
[2022-09-29T07:07:27.639+0000][7][gc,marking  ] GC(70) Concurrent Mark (3856.731s)
[2022-09-29T07:07:27.639+0000][7][gc,marking  ] GC(70) Concurrent Mark From Roots
[2022-09-29T07:07:27.639+0000][7][gc,task     ] GC(70) Using 3 workers of 3 for marking
[2022-09-29T07:07:27.703+0000][7][gc,marking  ] GC(70) Concurrent Mark From Roots 64.603ms
[2022-09-29T07:07:27.704+0000][7][gc,marking  ] GC(70) Concurrent Preclean
[2022-09-29T07:07:27.705+0000][7][gc,marking  ] GC(70) Concurrent Preclean 0.762ms
[2022-09-29T07:07:27.705+0000][7][gc,marking  ] GC(70) Concurrent Mark (3856.731s, 3856.798s) 66.526ms
[2022-09-29T07:07:27.706+0000][7][gc,start    ] GC(70) Pause Remark
[2022-09-29T07:07:27.716+0000][7][gc          ] GC(70) Pause Remark 122M->122M(256M) 10.450ms
[2022-09-29T07:07:27.717+0000][7][gc,cpu      ] GC(70) User=0.05s Sys=0.00s Real=0.01s
[2022-09-29T07:07:27.717+0000][7][safepoint   ] Safepoint "G1Concurrent", Time since last: 73065724 ns, Reaching safepoint: 322745 ns, At safepoint: 11497742 ns, Total: 11820487 ns
[2022-09-29T07:07:27.718+0000][7][gc,marking  ] GC(70) Concurrent Rebuild Remembered Sets
[2022-09-29T07:07:27.761+0000][7][gc,marking  ] GC(70) Concurrent Rebuild Remembered Sets 43.388ms
[2022-09-29T07:07:27.762+0000][7][gc,start    ] GC(70) Pause Cleanup
[2022-09-29T07:07:27.763+0000][7][gc          ] GC(70) Pause Cleanup 122M->122M(256M) 0.703ms
[2022-09-29T07:07:27.764+0000][7][gc,cpu      ] GC(70) User=0.00s Sys=0.00s Real=0.00s
[2022-09-29T07:07:27.764+0000][7][safepoint   ] Safepoint "G1Concurrent", Time since last: 44647519 ns, Reaching safepoint: 513939 ns, At safepoint: 1483758 ns, Total: 1997697 ns
[2022-09-29T07:07:27.764+0000][7][gc,marking  ] GC(70) Concurrent Cleanup for Next Mark
[2022-09-29T07:07:27.765+0000][7][gc,marking  ] GC(70) Concurrent Cleanup for Next Mark 0.941ms
[2022-09-29T07:07:27.766+0000][7][gc          ] GC(70) Concurrent Cycle 133.432ms
[2022-09-29T07:07:31.766+0000][7][safepoint   ] Safepoint "Cleanup", Time since last: 4001215852 ns, Reaching safepoint: 352041 ns, At safepoint: 178548 ns, Total: 530589 ns
[2022-09-29T07:07:32.767+0000][7][safepoint   ] Safepoint "Cleanup", Time since last: 1001198089 ns, Reaching safepoint: 298058 ns, At safepoint: 26069 ns, Total: 324127 ns
[2022-09-29T07:07:33.768+0000][7][safepoint   ] Safepoint "Cleanup", Time since last: 1000511563 ns, Reaching safepoint: 339387 ns, At safepoint: 53131 ns, Total: 392518 ns
[2022-09-29T07:07:36.770+0000][7][safepoint   ] Safepoint "Cleanup", Time since last: 3001093050 ns, Reaching safepoint: 409914 ns, At safepoint: 33444 ns, Total: 443358 ns
[2022-09-29T07:07:39.771+0000][7][safepoint   ] Safepoint "Cleanup", Time since last: 3000790278 ns, Reaching safepoint: 370308 ns, At safepoint: 36219 ns, Total: 406527 ns
[2022-09-29T07:07:42.772+0000][7][safepoint   ] Safepoint "Cleanup", Time since last: 3000870877 ns, Reaching safepoint: 217966 ns, At safepoint: 30658 ns, Total: 248624 ns
[2022-09-29T07:07:43.773+0000][7][safepoint   ] Safepoint "Cleanup", Time since last: 1000580903 ns, Reaching safepoint: 312774 ns, At safepoint: 82367 ns, Total: 395141 ns
[2022-09-29T07:07:44.774+0000][7][safepoint   ] Safepoint "Cleanup", Time since last: 1000326287 ns, Reaching safepoint: 541121 ns, At safepoint: 57300 ns, Total: 598421 ns
[2022-09-29T07:07:45.775+0000][7][safepoint   ] Safepoint "Cleanup", Time since last: 1000938837 ns, Reaching safepoint: 387097 ns, At safepoint: 76035 ns, Total: 463132 ns
[2022-09-29T07:07:46.777+0000][7][safepoint   ] Safepoint "Cleanup", Time since last: 1000719410 ns, Reaching safepoint: 1054635 ns, At safepoint: 205962 ns, Total: 1260597 ns
[2022-09-29T07:07:47.779+0000][7][safepoint   ] Safepoint "Cleanup", Time since last: 1001267761 ns, Reaching safepoint: 453615 ns, At safepoint: 36990 ns, Total: 490605 ns
[2022-09-29T07:07:48.780+0000][7][safepoint   ] Safepoint "Cleanup", Time since last: 1000566257 ns, Reaching safepoint: 275593 ns, At safepoint: 41740 ns, Total: 317333 ns
[2022-09-29T07:07:49.781+0000][7][safepoint   ] Safepoint "Cleanup", Time since last: 1000331733 ns, Reaching safepoint: 279262 ns, At safepoint: 14798 ns, Total: 294060 ns
[2022-09-29T07:07:50.782+0000][7][safepoint   ] Safepoint "Cleanup", Time since last: 1000880109 ns, Reaching safepoint: 220049 ns, At safepoint: 23304 ns, Total: 243353 ns
[2022-09-29T07:07:51.782+0000][7][safepoint   ] Safepoint "Cleanup", Time since last: 1000478009 ns, Reaching safepoint: 326024 ns, At safepoint: 33013 ns, Total: 359037 ns
[2022-09-29T07:07:52.784+0000][7][safepoint   ] Safepoint "Cleanup", Time since last: 1000587416 ns, Reaching safepoint: 521343 ns, At safepoint: 77618 ns, Total: 598961 ns
[2022-09-29T07:07:57.785+0000][7][safepoint   ] Safepoint "Cleanup", Time since last: 5001376181 ns, Reaching safepoint: 316540 ns, At safepoint: 34987 ns, Total: 351527 ns
[2022-09-29T07:08:01.787+0000][7][safepoint   ] Safepoint "Cleanup", Time since last: 4001224456 ns, Reaching safepoint: 329198 ns, At safepoint: 46759 ns, Total: 375957 ns
[2022-09-29T07:08:02.788+0000][7][safepoint   ] Safepoint "Cleanup", Time since last: 1000718565 ns, Reaching safepoint: 353281 ns, At safepoint: 70745 ns, Total: 424026 ns
[2022-09-29T07:08:03.790+0000][7][safepoint   ] Safepoint "Cleanup", Time since last: 1000652571 ns, Reaching safepoint: 772791 ns, At safepoint: 85994 ns, Total: 858785 ns
[2022-09-29T07:08:04.791+0000][7][safepoint   ] Safepoint "Cleanup", Time since last: 1001010020 ns, Reaching safepoint: 431492 ns, At safepoint: 52530 ns, Total: 484022 ns
[2022-09-29T07:08:07.162+0000][7][gc,start    ] GC(71) Pause Young (Normal) (G1 Evacuation Pause)
[2022-09-29T07:08:07.163+0000][7][gc,task     ] GC(71) Using 6 workers of 13 for evacuation
[2022-09-29T07:08:07.164+0000][7][gc,age      ] GC(71) Desired survivor size 6291456 bytes, new threshold 15 (max threshold 15)
[2022-09-29T07:08:07.170+0000][7][gc,age      ] GC(71) Age table with threshold 15 (max threshold 15)
[2022-09-29T07:08:07.171+0000][7][gc,age      ] GC(71) - age   1:     994904 bytes,     994904 total
[2022-09-29T07:08:07.171+0000][7][gc,age      ] GC(71) - age   2:     334320 bytes,    1329224 total
[2022-09-29T07:08:07.171+0000][7][gc,age      ] GC(71) - age   3:     349056 bytes,    1678280 total
[2022-09-29T07:08:07.171+0000][7][gc,age      ] GC(71) - age   4:     371608 bytes,    2049888 total
[2022-09-29T07:08:07.172+0000][7][gc,age      ] GC(71) - age   5:      34264 bytes,    2084152 total
[2022-09-29T07:08:07.172+0000][7][gc,age      ] GC(71) - age   6:     971016 bytes,    3055168 total
[2022-09-29T07:08:07.172+0000][7][gc,age      ] GC(71) - age   7:     171016 bytes,    3226184 total
[2022-09-29T07:08:07.172+0000][7][gc,age      ] GC(71) - age   8:     313984 bytes,    3540168 total
[2022-09-29T07:08:07.173+0000][7][gc,age      ] GC(71) - age   9:    1190768 bytes,    4730936 total
[2022-09-29T07:08:07.173+0000][7][gc,age      ] GC(71) - age  10:     373792 bytes,    5104728 total
[2022-09-29T07:08:07.173+0000][7][gc,phases   ] GC(71)   Pre Evacuate Collection Set: 0.2ms
[2022-09-29T07:08:07.173+0000][7][gc,phases   ] GC(71)   Merge Heap Roots: 0.2ms
[2022-09-29T07:08:07.173+0000][7][gc,phases   ] GC(71)   Evacuate Collection Set: 4.4ms
[2022-09-29T07:08:07.174+0000][7][gc,phases   ] GC(71)   Post Evacuate Collection Set: 1.6ms
[2022-09-29T07:08:07.174+0000][7][gc,phases   ] GC(71)   Other: 4.3ms
[2022-09-29T07:08:07.174+0000][7][gc,heap     ] GC(71) Eden regions: 19->0(19)
[2022-09-29T07:08:07.174+0000][7][gc,heap     ] GC(71) Survivor regions: 2->2(3)
[2022-09-29T07:08:07.175+0000][7][gc,heap     ] GC(71) Old regions: 24->24
[2022-09-29T07:08:07.175+0000][7][gc,heap     ] GC(71) Archive regions: 2->2
[2022-09-29T07:08:07.175+0000][7][gc,heap     ] GC(71) Humongous regions: 5->5
[2022-09-29T07:08:07.175+0000][7][gc,metaspace] GC(71) Metaspace: 111110K(115356K)->111110K(115356K) NonClass: 96596K(99484K)->96596K(99484K) Class: 14514K(15872K)->14514K(15872K)
[2022-09-29T07:08:07.176+0000][7][gc          ] GC(71) Pause Young (Normal) (G1 Evacuation Pause) 197M->121M(256M) 13.427ms
[2022-09-29T07:08:07.176+0000][7][gc,cpu      ] GC(71) User=0.03s Sys=0.00s Real=0.01s
[2022-09-29T07:08:07.177+0000][7][safepoint   ] Safepoint "G1CollectForAllocation", Time since last: 2370509038 ns, Reaching safepoint: 560148 ns, At safepoint: 14561829 ns, Total: 15121977 ns
[2022-09-29T07:08:15.180+0000][7][safepoint   ] Safepoint "Cleanup", Time since last: 8002164459 ns, Reaching safepoint: 708119 ns, At safepoint: 71697 ns, Total: 779816 ns
[2022-09-29T07:08:20.182+0000][7][safepoint   ] Safepoint "Cleanup", Time since last: 5001496402 ns, Reaching safepoint: 313498 ns, At safepoint: 26801 ns, Total: 340299 ns
[2022-09-29T07:08:31.184+0000][7][safepoint   ] Safepoint "Cleanup", Time since last: 11002231814 ns, Reaching safepoint: 192167 ns, At safepoint: 26791 ns, Total: 218958 ns
[2022-09-29T07:08:32.185+0000][7][safepoint   ] Safepoint "Cleanup", Time since last: 1000508156 ns, Reaching safepoint: 266526 ns, At safepoint: 21791 ns, Total: 288317 ns
[2022-09-29T07:08:41.187+0000][7][safepoint   ] Safepoint "Cleanup", Time since last: 9001802730 ns, Reaching safepoint: 417986 ns, At safepoint: 77648 ns, Total: 495634 ns
[2022-09-29T07:08:45.189+0000][7][safepoint   ] Safepoint "Cleanup", Time since last: 4001611715 ns, Reaching safepoint: 625492 ns, At safepoint: 78760 ns, Total: 704252 ns
[2022-09-29T07:08:47.191+0000][7][safepoint   ] Safepoint "Cleanup", Time since last: 2001067786 ns, Reaching safepoint: 479582 ns, At safepoint: 24086 ns, Total: 503668 ns
[2022-09-29T07:08:52.194+0000][7][safepoint   ] Safepoint "Cleanup", Time since last: 5001469960 ns, Reaching safepoint: 1249042 ns, At safepoint: 38023 ns, Total: 1287065 ns
[2022-09-29T07:08:53.196+0000][7][safepoint   ] Safepoint "Cleanup", Time since last: 1001895207 ns, Reaching safepoint: 306372 ns, At safepoint: 42591 ns, Total: 348963 ns
[2022-09-29T07:08:55.197+0000][7][safepoint   ] Safepoint "Cleanup", Time since last: 2000565034 ns, Reaching safepoint: 372674 ns, At safepoint: 33584 ns, Total: 406258 ns
[2022-09-29T07:08:59.198+0000][7][safepoint   ] Safepoint "Cleanup", Time since last: 4000921755 ns, Reaching safepoint: 269088 ns, At safepoint: 29696 ns, Total: 298784 ns
[2022-09-29T07:09:01.200+0000][7][safepoint   ] Safepoint "Cleanup", Time since last: 2000881106 ns, Reaching safepoint: 533457 ns, At safepoint: 67418 ns, Total: 600875 ns
[2022-09-29T07:09:03.201+0000][7][safepoint   ] Safepoint "Cleanup", Time since last: 2000820355 ns, Reaching safepoint: 279893 ns, At safepoint: 21852 ns, Total: 301745 ns
[2022-09-29T07:09:04.617+0000][7][safepoint   ] Safepoint "Cleanup", Time since last: 1415823148 ns, Reaching safepoint: 563171 ns, At safepoint: 86675 ns, Total: 649846 ns
[2022-09-29T07:09:09.622+0000][7][gc,start    ] GC(72) Pause Young (Concurrent Start) (G1 Evacuation Pause)
[2022-09-29T07:09:09.622+0000][7][gc,task     ] GC(72) Using 6 workers of 13 for evacuation
[2022-09-29T07:09:09.623+0000][7][gc,age      ] GC(72) Desired survivor size 6291456 bytes, new threshold 15 (max threshold 15)
[2022-09-29T07:09:09.632+0000][7][gc,age      ] GC(72) Age table with threshold 15 (max threshold 15)
[2022-09-29T07:09:09.632+0000][7][gc,age      ] GC(72) - age   1:     940288 bytes,     940288 total
[2022-09-29T07:09:09.633+0000][7][gc,age      ] GC(72) - age   2:     815456 bytes,    1755744 total
[2022-09-29T07:09:09.633+0000][7][gc,age      ] GC(72) - age   3:     333488 bytes,    2089232 total
[2022-09-29T07:09:09.633+0000][7][gc,age      ] GC(72) - age   4:     348576 bytes,    2437808 total
[2022-09-29T07:09:09.634+0000][7][gc,age      ] GC(72) - age   5:     370424 bytes,    2808232 total
[2022-09-29T07:09:09.634+0000][7][gc,age      ] GC(72) - age   6:      34200 bytes,    2842432 total
[2022-09-29T07:09:09.634+0000][7][gc,age      ] GC(72) - age   7:     142208 bytes,    2984640 total
[2022-09-29T07:09:09.635+0000][7][gc,age      ] GC(72) - age   8:     170952 bytes,    3155592 total
[2022-09-29T07:09:09.635+0000][7][gc,age      ] GC(72) - age   9:     313184 bytes,    3468776 total
[2022-09-29T07:09:09.635+0000][7][gc,age      ] GC(72) - age  10:    1190768 bytes,    4659544 total
[2022-09-29T07:09:09.636+0000][7][gc,age      ] GC(72) - age  11:     373496 bytes,    5033040 total
[2022-09-29T07:09:09.636+0000][7][gc,phases   ] GC(72)   Pre Evacuate Collection Set: 0.6ms
[2022-09-29T07:09:09.636+0000][7][gc,phases   ] GC(72)   Merge Heap Roots: 0.2ms
[2022-09-29T07:09:09.637+0000][7][gc,phases   ] GC(72)   Evacuate Collection Set: 5.8ms
[2022-09-29T07:09:09.637+0000][7][gc,phases   ] GC(72)   Post Evacuate Collection Set: 1.7ms
[2022-09-29T07:09:09.637+0000][7][gc,phases   ] GC(72)   Other: 6.0ms
[2022-09-29T07:09:09.638+0000][7][gc,heap     ] GC(72) Eden regions: 19->0(19)
[2022-09-29T07:09:09.638+0000][7][gc,heap     ] GC(72) Survivor regions: 2->2(3)
[2022-09-29T07:09:09.638+0000][7][gc,heap     ] GC(72) Old regions: 24->24
[2022-09-29T07:09:09.639+0000][7][gc,heap     ] GC(72) Archive regions: 2->2
[2022-09-29T07:09:09.640+0000][7][gc,heap     ] GC(72) Humongous regions: 5->5
[2022-09-29T07:09:09.640+0000][7][gc,metaspace] GC(72) Metaspace: 111177K(115356K)->111177K(115356K) NonClass: 96662K(99484K)->96662K(99484K) Class: 14514K(15872K)->14514K(15872K)
[2022-09-29T07:09:09.640+0000][7][gc          ] GC(72) Pause Young (Concurrent Start) (G1 Evacuation Pause) 197M->121M(256M) 18.380ms
[2022-09-29T07:09:09.641+0000][7][gc,cpu      ] GC(72) User=0.04s Sys=0.00s Real=0.02s
[2022-09-29T07:09:09.641+0000][7][gc          ] GC(73) Concurrent Cycle
[2022-09-29T07:09:09.641+0000][7][safepoint   ] Safepoint "G1CollectForAllocation", Time since last: 5004062092 ns, Reaching safepoint: 457129 ns, At safepoint: 19460456 ns, Total: 19917585 ns
[2022-09-29T07:09:09.641+0000][7][gc,marking  ] GC(73) Concurrent Clear Claimed Marks
[2022-09-29T07:09:09.644+0000][7][gc,marking  ] GC(73) Concurrent Clear Claimed Marks 2.809ms
[2022-09-29T07:09:09.645+0000][7][gc,marking  ] GC(73) Concurrent Scan Root Regions
[2022-09-29T07:09:09.651+0000][7][gc,marking  ] GC(73) Concurrent Scan Root Regions 6.010ms
[2022-09-29T07:09:09.651+0000][7][gc,marking  ] GC(73) Concurrent Mark (3958.744s)
[2022-09-29T07:09:09.652+0000][7][gc,marking  ] GC(73) Concurrent Mark From Roots
[2022-09-29T07:09:09.652+0000][7][gc,task     ] GC(73) Using 3 workers of 3 for marking
[2022-09-29T07:09:09.725+0000][7][gc,marking  ] GC(73) Concurrent Mark From Roots 73.473ms
[2022-09-29T07:09:09.726+0000][7][gc,marking  ] GC(73) Concurrent Preclean
[2022-09-29T07:09:09.726+0000][7][gc,marking  ] GC(73) Concurrent Preclean 0.713ms
[2022-09-29T07:09:09.727+0000][7][gc,marking  ] GC(73) Concurrent Mark (3958.744s, 3958.819s) 75.316ms
[2022-09-29T07:09:09.727+0000][7][gc,start    ] GC(73) Pause Remark
[2022-09-29T07:09:09.736+0000][7][gc          ] GC(73) Pause Remark 122M->122M(256M) 8.481ms
[2022-09-29T07:09:09.736+0000][7][gc,cpu      ] GC(73) User=0.04s Sys=0.01s Real=0.01s
[2022-09-29T07:09:09.737+0000][7][safepoint   ] Safepoint "G1Concurrent", Time since last: 85779249 ns, Reaching safepoint: 308678 ns, At safepoint: 9363674 ns, Total: 9672352 ns
[2022-09-29T07:09:09.737+0000][7][gc,marking  ] GC(73) Concurrent Rebuild Remembered Sets
[2022-09-29T07:09:09.776+0000][7][gc,marking  ] GC(73) Concurrent Rebuild Remembered Sets 38.991ms
[2022-09-29T07:09:09.777+0000][7][gc,start    ] GC(73) Pause Cleanup
[2022-09-29T07:09:09.778+0000][7][gc          ] GC(73) Pause Cleanup 122M->122M(256M) 0.711ms
[2022-09-29T07:09:09.778+0000][7][gc,cpu      ] GC(73) User=0.00s Sys=0.00s Real=0.00s
[2022-09-29T07:09:09.779+0000][7][safepoint   ] Safepoint "G1Concurrent", Time since last: 40015326 ns, Reaching safepoint: 308157 ns, At safepoint: 1819795 ns, Total: 2127952 ns
[2022-09-29T07:09:09.779+0000][7][gc,marking  ] GC(73) Concurrent Cleanup for Next Mark
[2022-09-29T07:09:09.780+0000][7][gc,marking  ] GC(73) Concurrent Cleanup for Next Mark 0.976ms
[2022-09-29T07:09:09.781+0000][7][gc          ] GC(73) Concurrent Cycle 139.707ms
[2022-09-29T07:09:14.780+0000][7][safepoint   ] Safepoint "Cleanup", Time since last: 5001182543 ns, Reaching safepoint: 418718 ns, At safepoint: 33103 ns, Total: 451821 ns
[2022-09-29T07:09:24.784+0000][7][safepoint   ] Safepoint "Cleanup", Time since last: 10002600613 ns, Reaching safepoint: 426223 ns, At safepoint: 50526 ns, Total: 476749 ns
[2022-09-29T07:09:27.785+0000][7][safepoint   ] Safepoint "Cleanup", Time since last: 3000858699 ns, Reaching safepoint: 331048 ns, At safepoint: 65678 ns, Total: 396726 ns
[2022-09-29T07:09:30.786+0000][7][safepoint   ] Safepoint "Cleanup", Time since last: 3000822472 ns, Reaching safepoint: 307363 ns, At safepoint: 31350 ns, Total: 338713 ns
[2022-09-29T07:09:31.787+0000][7][safepoint   ] Safepoint "Cleanup", Time since last: 1000556037 ns, Reaching safepoint: 286957 ns, At safepoint: 27923 ns, Total: 314880 ns
[2022-09-29T07:09:33.788+0000][7][safepoint   ] Safepoint "Cleanup", Time since last: 2000770117 ns, Reaching safepoint: 248524 ns, At safepoint: 20729 ns, Total: 269253 ns
[2022-09-29T07:09:36.789+0000][7][safepoint   ] Safepoint "Cleanup", Time since last: 3000692971 ns, Reaching safepoint: 313365 ns, At safepoint: 27652 ns, Total: 341017 ns
[2022-09-29T07:09:37.790+0000][7][safepoint   ] Safepoint "Cleanup", Time since last: 1000620188 ns, Reaching safepoint: 321455 ns, At safepoint: 42611 ns, Total: 364066 ns
[2022-09-29T07:09:39.791+0000][7][safepoint   ] Safepoint "Cleanup", Time since last: 2000628189 ns, Reaching safepoint: 278420 ns, At safepoint: 20299 ns, Total: 298719 ns
[2022-09-29T07:09:42.792+0000][7][safepoint   ] Safepoint "Cleanup", Time since last: 3000813728 ns, Reaching safepoint: 230780 ns, At safepoint: 36299 ns, Total: 267079 ns
[2022-09-29T07:09:44.793+0000][7][safepoint   ] Safepoint "Cleanup", Time since last: 2000595865 ns, Reaching safepoint: 456019 ns, At safepoint: 9778 ns, Total: 465797 ns
[2022-09-29T07:09:54.796+0000][7][safepoint   ] Safepoint "Cleanup", Time since last: 10002357736 ns, Reaching safepoint: 332479 ns, At safepoint: 15800 ns, Total: 348279 ns
[2022-09-29T07:09:55.797+0000][7][safepoint   ] Safepoint "Cleanup", Time since last: 1000696543 ns, Reaching safepoint: 239657 ns, At safepoint: 47501 ns, Total: 287158 ns
[2022-09-29T07:09:56.798+0000][7][safepoint   ] Safepoint "Cleanup", Time since last: 1000683730 ns, Reaching safepoint: 310191 ns, At safepoint: 24447 ns, Total: 334638 ns
[2022-09-29T07:09:57.799+0000][7][safepoint   ] Safepoint "Cleanup", Time since last: 1000560376 ns, Reaching safepoint: 349644 ns, At safepoint: 40236 ns, Total: 389880 ns
[2022-09-29T07:10:00.800+0000][7][safepoint   ] Safepoint "Cleanup", Time since last: 3000931312 ns, Reaching safepoint: 476566 ns, At safepoint: 59063 ns, Total: 535629 ns
[2022-09-29T07:10:02.801+0000][7][safepoint   ] Safepoint "Cleanup", Time since last: 2000688934 ns, Reaching safepoint: 356670 ns, At safepoint: 81185 ns, Total: 437855 ns
[2022-09-29T07:10:03.802+0000][7][safepoint   ] Safepoint "Cleanup", Time since last: 1000657160 ns, Reaching safepoint: 274673 ns, At safepoint: 27423 ns, Total: 302096 ns
[2022-09-29T07:10:04.680+0000][7][gc,start    ] GC(74) Pause Young (Normal) (G1 Evacuation Pause)
[2022-09-29T07:10:04.680+0000][7][gc,task     ] GC(74) Using 6 workers of 13 for evacuation
[2022-09-29T07:10:04.681+0000][7][gc,age      ] GC(74) Desired survivor size 6291456 bytes, new threshold 15 (max threshold 15)
[2022-09-29T07:10:04.686+0000][7][gc,age      ] GC(74) Age table with threshold 15 (max threshold 15)
[2022-09-29T07:10:04.686+0000][7][gc,age      ] GC(74) - age   1:     281656 bytes,     281656 total
[2022-09-29T07:10:04.687+0000][7][gc,age      ] GC(74) - age   2:     350912 bytes,     632568 total
[2022-09-29T07:10:04.687+0000][7][gc,age      ] GC(74) - age   3:     506768 bytes,    1139336 total
[2022-09-29T07:10:04.687+0000][7][gc,age      ] GC(74) - age   4:      24776 bytes,    1164112 total
[2022-09-29T07:10:04.687+0000][7][gc,age      ] GC(74) - age   5:      54144 bytes,    1218256 total
[2022-09-29T07:10:04.687+0000][7][gc,age      ] GC(74) - age   6:     369928 bytes,    1588184 total
[2022-09-29T07:10:04.688+0000][7][gc,age      ] GC(74) - age   7:      34168 bytes,    1622352 total
[2022-09-29T07:10:04.688+0000][7][gc,age      ] GC(74) - age   8:     141200 bytes,    1763552 total
[2022-09-29T07:10:04.688+0000][7][gc,age      ] GC(74) - age   9:     170560 bytes,    1934112 total
[2022-09-29T07:10:04.688+0000][7][gc,age      ] GC(74) - age  10:     313184 bytes,    2247296 total
[2022-09-29T07:10:04.688+0000][7][gc,age      ] GC(74) - age  11:    1190512 bytes,    3437808 total
[2022-09-29T07:10:04.689+0000][7][gc,age      ] GC(74) - age  12:     373304 bytes,    3811112 total
[2022-09-29T07:10:04.689+0000][7][gc,phases   ] GC(74)   Pre Evacuate Collection Set: 0.2ms
[2022-09-29T07:10:04.689+0000][7][gc,phases   ] GC(74)   Merge Heap Roots: 0.1ms
[2022-09-29T07:10:04.689+0000][7][gc,phases   ] GC(74)   Evacuate Collection Set: 3.2ms
[2022-09-29T07:10:04.689+0000][7][gc,phases   ] GC(74)   Post Evacuate Collection Set: 1.4ms
[2022-09-29T07:10:04.690+0000][7][gc,phases   ] GC(74)   Other: 4.1ms
[2022-09-29T07:10:04.690+0000][7][gc,heap     ] GC(74) Eden regions: 19->0(21)
[2022-09-29T07:10:04.690+0000][7][gc,heap     ] GC(74) Survivor regions: 2->1(3)
[2022-09-29T07:10:04.690+0000][7][gc,heap     ] GC(74) Old regions: 24->24
[2022-09-29T07:10:04.691+0000][7][gc,heap     ] GC(74) Archive regions: 2->2
[2022-09-29T07:10:04.691+0000][7][gc,heap     ] GC(74) Humongous regions: 5->5
[2022-09-29T07:10:04.691+0000][7][gc,metaspace] GC(74) Metaspace: 111273K(115612K)->111273K(115612K) NonClass: 96758K(99740K)->96758K(99740K) Class: 14514K(15872K)->14514K(15872K)
[2022-09-29T07:10:04.692+0000][7][gc          ] GC(74) Pause Young (Normal) (G1 Evacuation Pause) 197M->119M(256M) 11.758ms
[2022-09-29T07:10:04.692+0000][7][gc,cpu      ] GC(74) User=0.02s Sys=0.00s Real=0.01s
[2022-09-29T07:10:04.692+0000][7][safepoint   ] Safepoint "G1CollectForAllocation", Time since last: 877295076 ns, Reaching safepoint: 269053 ns, At safepoint: 12661498 ns, Total: 12930551 ns
[2022-09-29T07:10:05.693+0000][7][safepoint   ] Safepoint "Cleanup", Time since last: 1000266012 ns, Reaching safepoint: 203759 ns, At safepoint: 32632 ns, Total: 236391 ns
[2022-09-29T07:10:06.694+0000][7][safepoint   ] Safepoint "Cleanup", Time since last: 1000710880 ns, Reaching safepoint: 306284 ns, At safepoint: 47340 ns, Total: 353624 ns
[2022-09-29T07:10:09.695+0000][7][safepoint   ] Safepoint "Cleanup", Time since last: 3000901335 ns, Reaching safepoint: 452572 ns, At safepoint: 34466 ns, Total: 487038 ns
[2022-09-29T07:10:14.697+0000][7][safepoint   ] Safepoint "Cleanup", Time since last: 5001318802 ns, Reaching safepoint: 339718 ns, At safepoint: 40857 ns, Total: 380575 ns
[2022-09-29T07:10:31.826+0000][7][safepoint   ] Safepoint "Cleanup", Time since last: 17127764458 ns, Reaching safepoint: 713179 ns, At safepoint: 43232 ns, Total: 756411 ns
[2022-09-29T07:10:33.827+0000][7][safepoint   ] Safepoint "Cleanup", Time since last: 2000950964 ns, Reaching safepoint: 344391 ns, At safepoint: 47591 ns, Total: 391982 ns
[2022-09-29T07:10:34.828+0000][7][safepoint   ] Safepoint "Cleanup", Time since last: 1000617537 ns, Reaching safepoint: 299466 ns, At safepoint: 37051 ns, Total: 336517 ns
[2022-09-29T07:10:36.829+0000][7][safepoint   ] Safepoint "Cleanup", Time since last: 2000894125 ns, Reaching safepoint: 469745 ns, At safepoint: 52971 ns, Total: 522716 ns
[2022-09-29T07:10:37.831+0000][7][safepoint   ] Safepoint "Cleanup", Time since last: 1000816056 ns, Reaching safepoint: 588612 ns, At safepoint: 78299 ns, Total: 666911 ns
[2022-09-29T07:10:39.832+0000][7][safepoint   ] Safepoint "Cleanup", Time since last: 2000783044 ns, Reaching safepoint: 272331 ns, At safepoint: 28003 ns, Total: 300334 ns
[2022-09-29T07:10:42.833+0000][7][safepoint   ] Safepoint "Cleanup", Time since last: 3000962760 ns, Reaching safepoint: 343675 ns, At safepoint: 52710 ns, Total: 396385 ns
[2022-09-29T07:10:44.834+0000][7][safepoint   ] Safepoint "Cleanup", Time since last: 2000816428 ns, Reaching safepoint: 418517 ns, At safepoint: 48112 ns, Total: 466629 ns
[2022-09-29T07:10:48.837+0000][7][safepoint   ] Safepoint "Cleanup", Time since last: 4001740049 ns, Reaching safepoint: 541642 ns, At safepoint: 38433 ns, Total: 580075 ns
[2022-09-29T07:10:50.838+0000][7][safepoint   ] Safepoint "Cleanup", Time since last: 2001045825 ns, Reaching safepoint: 441231 ns, At safepoint: 60435 ns, Total: 501666 ns
[2022-09-29T07:10:52.840+0000][7][safepoint   ] Safepoint "Cleanup", Time since last: 2001409127 ns, Reaching safepoint: 242903 ns, At safepoint: 26921 ns, Total: 269824 ns
[2022-09-29T07:10:57.842+0000][7][safepoint   ] Safepoint "Cleanup", Time since last: 5001170960 ns, Reaching safepoint: 512106 ns, At safepoint: 81325 ns, Total: 593431 ns
[2022-09-29T07:10:58.843+0000][7][safepoint   ] Safepoint "Cleanup", Time since last: 1000660775 ns, Reaching safepoint: 457554 ns, At safepoint: 83579 ns, Total: 541133 ns
[2022-09-29T07:10:59.844+0000][7][safepoint   ] Safepoint "Cleanup", Time since last: 1000643821 ns, Reaching safepoint: 333115 ns, At safepoint: 31961 ns, Total: 365076 ns
[2022-09-29T07:11:00.845+0000][7][safepoint   ] Safepoint "Cleanup", Time since last: 1000646948 ns, Reaching safepoint: 443405 ns, At safepoint: 40818 ns, Total: 484223 ns
[2022-09-29T07:11:02.847+0000][7][safepoint   ] Safepoint "Cleanup", Time since last: 2000889479 ns, Reaching safepoint: 418387 ns, At safepoint: 76606 ns, Total: 494993 ns
[2022-09-29T07:11:05.804+0000][7][gc,start    ] GC(75) Pause Young (Concurrent Start) (G1 Evacuation Pause)
[2022-09-29T07:11:05.804+0000][7][gc,task     ] GC(75) Using 6 workers of 13 for evacuation
[2022-09-29T07:11:05.804+0000][7][gc,age      ] GC(75) Desired survivor size 6291456 bytes, new threshold 15 (max threshold 15)
[2022-09-29T07:11:05.812+0000][7][gc,age      ] GC(75) Age table with threshold 15 (max threshold 15)
[2022-09-29T07:11:05.813+0000][7][gc,age      ] GC(75) - age   1:     783744 bytes,     783744 total
[2022-09-29T07:11:05.813+0000][7][gc,age      ] GC(75) - age   2:     155408 bytes,     939152 total
[2022-09-29T07:11:05.813+0000][7][gc,age      ] GC(75) - age   3:     349416 bytes,    1288568 total
[2022-09-29T07:11:05.813+0000][7][gc,age      ] GC(75) - age   4:     505448 bytes,    1794016 total
[2022-09-29T07:11:05.814+0000][7][gc,age      ] GC(75) - age   5:      24072 bytes,    1818088 total
[2022-09-29T07:11:05.814+0000][7][gc,age      ] GC(75) - age   6:      53656 bytes,    1871744 total
[2022-09-29T07:11:05.814+0000][7][gc,age      ] GC(75) - age   7:     362648 bytes,    2234392 total
[2022-09-29T07:11:05.814+0000][7][gc,age      ] GC(75) - age   8:      33976 bytes,    2268368 total
[2022-09-29T07:11:05.814+0000][7][gc,age      ] GC(75) - age   9:     141104 bytes,    2409472 total
[2022-09-29T07:11:05.815+0000][7][gc,age      ] GC(75) - age  10:     170560 bytes,    2580032 total
[2022-09-29T07:11:05.815+0000][7][gc,age      ] GC(75) - age  11:     313184 bytes,    2893216 total
[2022-09-29T07:11:05.815+0000][7][gc,age      ] GC(75) - age  12:    1190384 bytes,    4083600 total
[2022-09-29T07:11:05.815+0000][7][gc,age      ] GC(75) - age  13:     373304 bytes,    4456904 total
[2022-09-29T07:11:05.815+0000][7][gc,phases   ] GC(75)   Pre Evacuate Collection Set: 0.4ms
[2022-09-29T07:11:05.816+0000][7][gc,phases   ] GC(75)   Merge Heap Roots: 0.2ms
[2022-09-29T07:11:05.816+0000][7][gc,phases   ] GC(75)   Evacuate Collection Set: 5.2ms
[2022-09-29T07:11:05.816+0000][7][gc,phases   ] GC(75)   Post Evacuate Collection Set: 1.9ms
[2022-09-29T07:11:05.816+0000][7][gc,phases   ] GC(75)   Other: 4.1ms
[2022-09-29T07:11:05.816+0000][7][gc,heap     ] GC(75) Eden regions: 21->0(19)
[2022-09-29T07:11:05.816+0000][7][gc,heap     ] GC(75) Survivor regions: 1->2(3)
[2022-09-29T07:11:05.817+0000][7][gc,heap     ] GC(75) Old regions: 24->24
[2022-09-29T07:11:05.817+0000][7][gc,heap     ] GC(75) Archive regions: 2->2
[2022-09-29T07:11:05.817+0000][7][gc,heap     ] GC(75) Humongous regions: 5->5
[2022-09-29T07:11:05.817+0000][7][gc,metaspace] GC(75) Metaspace: 111519K(115868K)->111519K(115868K) NonClass: 97005K(99996K)->97005K(99996K) Class: 14514K(15872K)->14514K(15872K)
[2022-09-29T07:11:05.818+0000][7][gc          ] GC(75) Pause Young (Concurrent Start) (G1 Evacuation Pause) 203M->120M(256M) 14.133ms
[2022-09-29T07:11:05.819+0000][7][gc,cpu      ] GC(75) User=0.04s Sys=0.00s Real=0.01s
[2022-09-29T07:11:05.819+0000][7][gc          ] GC(76) Concurrent Cycle
[2022-09-29T07:11:05.819+0000][7][safepoint   ] Safepoint "G1CollectForAllocation", Time since last: 2956777272 ns, Reaching safepoint: 276427 ns, At safepoint: 15463226 ns, Total: 15739653 ns
[2022-09-29T07:11:05.819+0000][7][gc,marking  ] GC(76) Concurrent Clear Claimed Marks
[2022-09-29T07:11:05.820+0000][7][gc,marking  ] GC(76) Concurrent Clear Claimed Marks 0.740ms
[2022-09-29T07:11:05.820+0000][7][gc,marking  ] GC(76) Concurrent Scan Root Regions
[2022-09-29T07:11:05.824+0000][7][gc,marking  ] GC(76) Concurrent Scan Root Regions 3.099ms
[2022-09-29T07:11:05.824+0000][7][gc,marking  ] GC(76) Concurrent Mark (4074.916s)
[2022-09-29T07:11:05.824+0000][7][gc,marking  ] GC(76) Concurrent Mark From Roots
[2022-09-29T07:11:05.824+0000][7][gc,task     ] GC(76) Using 3 workers of 3 for marking
[2022-09-29T07:11:05.872+0000][7][gc,marking  ] GC(76) Concurrent Mark From Roots 48.152ms
[2022-09-29T07:11:05.873+0000][7][gc,marking  ] GC(76) Concurrent Preclean
[2022-09-29T07:11:05.873+0000][7][gc,marking  ] GC(76) Concurrent Preclean 0.544ms
[2022-09-29T07:11:05.874+0000][7][gc,marking  ] GC(76) Concurrent Mark (4074.916s, 4074.966s) 49.595ms
[2022-09-29T07:11:05.874+0000][7][gc,start    ] GC(76) Pause Remark
[2022-09-29T07:11:05.882+0000][7][gc          ] GC(76) Pause Remark 121M->121M(256M) 7.794ms
[2022-09-29T07:11:05.882+0000][7][gc,cpu      ] GC(76) User=0.04s Sys=0.00s Real=0.01s
[2022-09-29T07:11:05.882+0000][7][safepoint   ] Safepoint "G1Concurrent", Time since last: 54737969 ns, Reaching safepoint: 247773 ns, At safepoint: 8479246 ns, Total: 8727019 ns
[2022-09-29T07:11:05.883+0000][7][gc,marking  ] GC(76) Concurrent Rebuild Remembered Sets
[2022-09-29T07:11:05.916+0000][7][gc,marking  ] GC(76) Concurrent Rebuild Remembered Sets 33.038ms
[2022-09-29T07:11:05.917+0000][7][gc,start    ] GC(76) Pause Cleanup
[2022-09-29T07:11:05.918+0000][7][gc          ] GC(76) Pause Cleanup 121M->121M(256M) 0.973ms
[2022-09-29T07:11:05.919+0000][7][gc,cpu      ] GC(76) User=0.01s Sys=0.00s Real=0.00s
[2022-09-29T07:11:05.919+0000][7][safepoint   ] Safepoint "G1Concurrent", Time since last: 33978912 ns, Reaching safepoint: 393227 ns, At safepoint: 2297459 ns, Total: 2690686 ns
[2022-09-29T07:11:05.920+0000][7][gc,marking  ] GC(76) Concurrent Cleanup for Next Mark
[2022-09-29T07:11:05.921+0000][7][gc,marking  ] GC(76) Concurrent Cleanup for Next Mark 1.048ms
[2022-09-29T07:11:05.921+0000][7][gc          ] GC(76) Concurrent Cycle 102.311ms
[2022-09-29T07:11:06.920+0000][7][safepoint   ] Safepoint "Cleanup", Time since last: 1000683059 ns, Reaching safepoint: 291503 ns, At safepoint: 41068 ns, Total: 332571 ns
[2022-09-29T07:11:09.922+0000][7][safepoint   ] Safepoint "Cleanup", Time since last: 3001064489 ns, Reaching safepoint: 296041 ns, At safepoint: 24878 ns, Total: 320919 ns
[2022-09-29T07:11:11.923+0000][7][safepoint   ] Safepoint "Cleanup", Time since last: 2000745171 ns, Reaching safepoint: 328326 ns, At safepoint: 17103 ns, Total: 345429 ns
[2022-09-29T07:11:18.925+0000][7][safepoint   ] Safepoint "Cleanup", Time since last: 7002275176 ns, Reaching safepoint: 445308 ns, At safepoint: 38744 ns, Total: 484052 ns
[2022-09-29T07:11:24.928+0000][7][safepoint   ] Safepoint "Cleanup", Time since last: 6001533653 ns, Reaching safepoint: 714271 ns, At safepoint: 68059 ns, Total: 782330 ns
[2022-09-29T07:11:31.930+0000][7][safepoint   ] Safepoint "Cleanup", Time since last: 7001969063 ns, Reaching safepoint: 421942 ns, At safepoint: 29045 ns, Total: 450987 ns
[2022-09-29T07:11:32.931+0000][7][safepoint   ] Safepoint "Cleanup", Time since last: 1000605388 ns, Reaching safepoint: 257530 ns, At safepoint: 23726 ns, Total: 281256 ns
[2022-09-29T07:11:33.932+0000][7][safepoint   ] Safepoint "Cleanup", Time since last: 1000475563 ns, Reaching safepoint: 283268 ns, At safepoint: 28143 ns, Total: 311411 ns
[2022-09-29T07:11:36.933+0000][7][safepoint   ] Safepoint "Cleanup", Time since last: 3000790665 ns, Reaching safepoint: 307846 ns, At safepoint: 32963 ns, Total: 340809 ns
[2022-09-29T07:11:39.935+0000][7][safepoint   ] Safepoint "Cleanup", Time since last: 3001470154 ns, Reaching safepoint: 344526 ns, At safepoint: 11903 ns, Total: 356429 ns
[2022-09-29T07:11:44.937+0000][7][safepoint   ] Safepoint "Cleanup", Time since last: 5001400032 ns, Reaching safepoint: 426383 ns, At safepoint: 35477 ns, Total: 461860 ns
[2022-09-29T07:11:45.938+0000][7][safepoint   ] Safepoint "Cleanup", Time since last: 1000695486 ns, Reaching safepoint: 432079 ns, At safepoint: 34075 ns, Total: 466154 ns
[2022-09-29T07:11:47.940+0000][7][safepoint   ] Safepoint "Cleanup", Time since last: 2001220950 ns, Reaching safepoint: 664206 ns, At safepoint: 30578 ns, Total: 694784 ns
[2022-09-29T07:11:54.941+0000][7][safepoint   ] Safepoint "Cleanup", Time since last: 7001455093 ns, Reaching safepoint: 177358 ns, At safepoint: 25840 ns, Total: 203198 ns
[2022-09-29T07:12:00.944+0000][7][safepoint   ] Safepoint "Cleanup", Time since last: 6001715281 ns, Reaching safepoint: 371127 ns, At safepoint: 41189 ns, Total: 412316 ns
[2022-09-29T07:12:01.945+0000][7][safepoint   ] Safepoint "Cleanup", Time since last: 1000596825 ns, Reaching safepoint: 499735 ns, At safepoint: 53011 ns, Total: 552746 ns
[2022-09-29T07:12:02.946+0000][7][safepoint   ] Safepoint "Cleanup", Time since last: 1000665099 ns, Reaching safepoint: 481978 ns, At safepoint: 61056 ns, Total: 543034 ns
[2022-09-29T07:12:03.948+0000][7][safepoint   ] Safepoint "Cleanup", Time since last: 1001856408 ns, Reaching safepoint: 569861 ns, At safepoint: 84421 ns, Total: 654282 ns
[2022-09-29T07:12:10.849+0000][7][gc,start    ] GC(77) Pause Young (Normal) (G1 Evacuation Pause)
[2022-09-29T07:12:10.849+0000][7][gc,task     ] GC(77) Using 6 workers of 13 for evacuation
[2022-09-29T07:12:10.851+0000][7][gc,age      ] GC(77) Desired survivor size 6291456 bytes, new threshold 15 (max threshold 15)
[2022-09-29T07:12:10.857+0000][7][gc,age      ] GC(77) Age table with threshold 15 (max threshold 15)
[2022-09-29T07:12:10.857+0000][7][gc,age      ] GC(77) - age   1:     731376 bytes,     731376 total
[2022-09-29T07:12:10.857+0000][7][gc,age      ] GC(77) - age   2:     643032 bytes,    1374408 total
[2022-09-29T07:12:10.858+0000][7][gc,age      ] GC(77) - age   3:     154304 bytes,    1528712 total
[2022-09-29T07:12:10.858+0000][7][gc,age      ] GC(77) - age   4:     320296 bytes,    1849008 total
[2022-09-29T07:12:10.858+0000][7][gc,age      ] GC(77) - age   5:     463640 bytes,    2312648 total
[2022-09-29T07:12:10.858+0000][7][gc,age      ] GC(77) - age   6:      23768 bytes,    2336416 total
[2022-09-29T07:12:10.858+0000][7][gc,age      ] GC(77) - age   7:      53400 bytes,    2389816 total
[2022-09-29T07:12:10.858+0000][7][gc,age      ] GC(77) - age   8:     362384 bytes,    2752200 total
[2022-09-29T07:12:10.859+0000][7][gc,age      ] GC(77) - age   9:      33976 bytes,    2786176 total
[2022-09-29T07:12:10.859+0000][7][gc,age      ] GC(77) - age  10:     140904 bytes,    2927080 total
[2022-09-29T07:12:10.859+0000][7][gc,age      ] GC(77) - age  11:     170560 bytes,    3097640 total
[2022-09-29T07:12:10.859+0000][7][gc,age      ] GC(77) - age  12:     313184 bytes,    3410824 total
[2022-09-29T07:12:10.860+0000][7][gc,age      ] GC(77) - age  13:    1190320 bytes,    4601144 total
[2022-09-29T07:12:10.860+0000][7][gc,age      ] GC(77) - age  14:     373144 bytes,    4974288 total
[2022-09-29T07:12:10.860+0000][7][gc,phases   ] GC(77)   Pre Evacuate Collection Set: 0.2ms
[2022-09-29T07:12:10.860+0000][7][gc,phases   ] GC(77)   Merge Heap Roots: 0.3ms
[2022-09-29T07:12:10.861+0000][7][gc,phases   ] GC(77)   Evacuate Collection Set: 3.8ms
[2022-09-29T07:12:10.861+0000][7][gc,phases   ] GC(77)   Post Evacuate Collection Set: 1.2ms
[2022-09-29T07:12:10.861+0000][7][gc,phases   ] GC(77)   Other: 6.1ms
[2022-09-29T07:12:10.861+0000][7][gc,heap     ] GC(77) Eden regions: 19->0(19)
[2022-09-29T07:12:10.861+0000][7][gc,heap     ] GC(77) Survivor regions: 2->2(3)
[2022-09-29T07:12:10.862+0000][7][gc,heap     ] GC(77) Old regions: 24->24
[2022-09-29T07:12:10.862+0000][7][gc,heap     ] GC(77) Archive regions: 2->2
[2022-09-29T07:12:10.862+0000][7][gc,heap     ] GC(77) Humongous regions: 5->5
[2022-09-29T07:12:10.862+0000][7][gc,metaspace] GC(77) Metaspace: 111624K(115868K)->111624K(115868K) NonClass: 97108K(99996K)->97108K(99996K) Class: 14515K(15872K)->14515K(15872K)
[2022-09-29T07:12:10.862+0000][7][gc          ] GC(77) Pause Young (Normal) (G1 Evacuation Pause) 196M->121M(256M) 13.572ms
[2022-09-29T07:12:10.863+0000][7][gc,cpu      ] GC(77) User=0.02s Sys=0.01s Real=0.02s
[2022-09-29T07:12:10.863+0000][7][safepoint   ] Safepoint "G1CollectForAllocation", Time since last: 6900064333 ns, Reaching safepoint: 270375 ns, At safepoint: 14067367 ns, Total: 14337742 ns
[2022-09-29T07:12:11.864+0000][7][safepoint   ] Safepoint "Cleanup", Time since last: 1000371574 ns, Reaching safepoint: 495985 ns, At safepoint: 46388 ns, Total: 542373 ns
[2022-09-29T07:12:12.865+0000][7][safepoint   ] Safepoint "Cleanup", Time since last: 1000580362 ns, Reaching safepoint: 453415 ns, At safepoint: 59062 ns, Total: 512477 ns
[2022-09-29T07:12:18.868+0000][7][safepoint   ] Safepoint "Cleanup", Time since last: 6002359651 ns, Reaching safepoint: 612389 ns, At safepoint: 81746 ns, Total: 694135 ns
[2022-09-29T07:12:22.869+0000][7][safepoint   ] Safepoint "Cleanup", Time since last: 4001161715 ns, Reaching safepoint: 311303 ns, At safepoint: 40707 ns, Total: 352010 ns
[2022-09-29T07:12:24.871+0000][7][safepoint   ] Safepoint "Cleanup", Time since last: 2000821117 ns, Reaching safepoint: 485791 ns, At safepoint: 66406 ns, Total: 552197 ns
[2022-09-29T07:12:33.873+0000][7][safepoint   ] Safepoint "Cleanup", Time since last: 9001942110 ns, Reaching safepoint: 213617 ns, At safepoint: 27583 ns, Total: 241200 ns
[2022-09-29T07:12:42.876+0000][7][safepoint   ] Safepoint "Cleanup", Time since last: 9002356310 ns, Reaching safepoint: 415862 ns, At safepoint: 38644 ns, Total: 454506 ns
[2022-09-29T07:12:43.877+0000][7][safepoint   ] Safepoint "Cleanup", Time since last: 1000842303 ns, Reaching safepoint: 417345 ns, At safepoint: 30539 ns, Total: 447884 ns
[2022-09-29T07:12:44.878+0000][7][safepoint   ] Safepoint "Cleanup", Time since last: 1000587503 ns, Reaching safepoint: 278231 ns, At safepoint: 28564 ns, Total: 306795 ns
[2022-09-29T07:12:45.879+0000][7][safepoint   ] Safepoint "Cleanup", Time since last: 1000633142 ns, Reaching safepoint: 487243 ns, At safepoint: 96885 ns, Total: 584128 ns
[2022-09-29T07:12:48.881+0000][7][safepoint   ] Safepoint "Cleanup", Time since last: 3001203869 ns, Reaching safepoint: 287185 ns, At safepoint: 26951 ns, Total: 314136 ns
[2022-09-29T07:12:54.882+0000][7][safepoint   ] Safepoint "Cleanup", Time since last: 6001234920 ns, Reaching safepoint: 339758 ns, At safepoint: 54353 ns, Total: 394111 ns
[2022-09-29T07:12:58.884+0000][7][safepoint   ] Safepoint "Cleanup", Time since last: 4001118322 ns, Reaching safepoint: 539671 ns, At safepoint: 82978 ns, Total: 622649 ns
[2022-09-29T07:13:02.886+0000][7][safepoint   ] Safepoint "Cleanup", Time since last: 4001266975 ns, Reaching safepoint: 302106 ns, At safepoint: 58522 ns, Total: 360628 ns
[2022-09-29T07:13:03.887+0000][7][safepoint   ] Safepoint "Cleanup", Time since last: 1000695030 ns, Reaching safepoint: 496388 ns, At safepoint: 50837 ns, Total: 547225 ns
[2022-09-29T07:13:04.734+0000][7][gc,start    ] GC(78) Pause Young (Concurrent Start) (G1 Evacuation Pause)
[2022-09-29T07:13:04.734+0000][7][gc,task     ] GC(78) Using 6 workers of 13 for evacuation
[2022-09-29T07:13:04.735+0000][7][gc,age      ] GC(78) Desired survivor size 6291456 bytes, new threshold 15 (max threshold 15)
[2022-09-29T07:13:04.741+0000][7][gc,age      ] GC(78) Age table with threshold 15 (max threshold 15)
[2022-09-29T07:13:04.741+0000][7][gc,age      ] GC(78) - age   1:    1094032 bytes,    1094032 total
[2022-09-29T07:13:04.742+0000][7][gc,age      ] GC(78) - age   2:     550896 bytes,    1644928 total
[2022-09-29T07:13:04.742+0000][7][gc,age      ] GC(78) - age   3:     641840 bytes,    2286768 total
[2022-09-29T07:13:04.742+0000][7][gc,age      ] GC(78) - age   4:     153280 bytes,    2440048 total
[2022-09-29T07:13:04.742+0000][7][gc,age      ] GC(78) - age   5:     320296 bytes,    2760344 total
[2022-09-29T07:13:04.742+0000][7][gc,age      ] GC(78) - age   6:     463224 bytes,    3223568 total
[2022-09-29T07:13:04.743+0000][7][gc,age      ] GC(78) - age   7:      23640 bytes,    3247208 total
[2022-09-29T07:13:04.743+0000][7][gc,age      ] GC(78) - age   8:      53208 bytes,    3300416 total
[2022-09-29T07:13:04.743+0000][7][gc,age      ] GC(78) - age   9:     362192 bytes,    3662608 total
[2022-09-29T07:13:04.743+0000][7][gc,age      ] GC(78) - age  10:      33848 bytes,    3696456 total
[2022-09-29T07:13:04.743+0000][7][gc,age      ] GC(78) - age  11:     140840 bytes,    3837296 total
[2022-09-29T07:13:04.743+0000][7][gc,age      ] GC(78) - age  12:     170536 bytes,    4007832 total
[2022-09-29T07:13:04.744+0000][7][gc,age      ] GC(78) - age  13:     313152 bytes,    4320984 total
[2022-09-29T07:13:04.744+0000][7][gc,age      ] GC(78) - age  14:    1189728 bytes,    5510712 total
[2022-09-29T07:13:04.744+0000][7][gc,age      ] GC(78) - age  15:     373080 bytes,    5883792 total
[2022-09-29T07:13:04.744+0000][7][gc,phases   ] GC(78)   Pre Evacuate Collection Set: 0.4ms
[2022-09-29T07:13:04.744+0000][7][gc,phases   ] GC(78)   Merge Heap Roots: 0.1ms
[2022-09-29T07:13:04.744+0000][7][gc,phases   ] GC(78)   Evacuate Collection Set: 3.6ms
[2022-09-29T07:13:04.745+0000][7][gc,phases   ] GC(78)   Post Evacuate Collection Set: 2.0ms
[2022-09-29T07:13:04.745+0000][7][gc,phases   ] GC(78)   Other: 3.9ms
[2022-09-29T07:13:04.745+0000][7][gc,heap     ] GC(78) Eden regions: 19->0(19)
[2022-09-29T07:13:04.745+0000][7][gc,heap     ] GC(78) Survivor regions: 2->2(3)
[2022-09-29T07:13:04.745+0000][7][gc,heap     ] GC(78) Old regions: 24->24
[2022-09-29T07:13:04.745+0000][7][gc,heap     ] GC(78) Archive regions: 2->2
[2022-09-29T07:13:04.746+0000][7][gc,heap     ] GC(78) Humongous regions: 5->5
[2022-09-29T07:13:04.746+0000][7][gc,metaspace] GC(78) Metaspace: 111756K(116124K)->111756K(116124K) NonClass: 97240K(100252K)->97240K(100252K) Class: 14515K(15872K)->14515K(15872K)
[2022-09-29T07:13:04.746+0000][7][gc          ] GC(78) Pause Young (Concurrent Start) (G1 Evacuation Pause) 197M->122M(256M) 11.881ms
[2022-09-29T07:13:04.746+0000][7][gc,cpu      ] GC(78) User=0.03s Sys=0.00s Real=0.01s
[2022-09-29T07:13:04.747+0000][7][gc          ] GC(79) Concurrent Cycle
[2022-09-29T07:13:04.747+0000][7][safepoint   ] Safepoint "G1CollectForAllocation", Time since last: 846812518 ns, Reaching safepoint: 339770 ns, At safepoint: 12736689 ns, Total: 13076459 ns
[2022-09-29T07:13:04.747+0000][7][gc,marking  ] GC(79) Concurrent Clear Claimed Marks
[2022-09-29T07:13:04.748+0000][7][gc,marking  ] GC(79) Concurrent Clear Claimed Marks 0.886ms
[2022-09-29T07:13:04.748+0000][7][gc,marking  ] GC(79) Concurrent Scan Root Regions
[2022-09-29T07:13:04.753+0000][7][gc,marking  ] GC(79) Concurrent Scan Root Regions 4.137ms
[2022-09-29T07:13:04.753+0000][7][gc,marking  ] GC(79) Concurrent Mark (4193.846s)
[2022-09-29T07:13:04.753+0000][7][gc,marking  ] GC(79) Concurrent Mark From Roots
[2022-09-29T07:13:04.753+0000][7][gc,task     ] GC(79) Using 3 workers of 3 for marking
[2022-09-29T07:13:04.808+0000][7][gc,marking  ] GC(79) Concurrent Mark From Roots 55.248ms
[2022-09-29T07:13:04.809+0000][7][gc,marking  ] GC(79) Concurrent Preclean
[2022-09-29T07:13:04.810+0000][7][gc,marking  ] GC(79) Concurrent Preclean 0.794ms
[2022-09-29T07:13:04.810+0000][7][gc,marking  ] GC(79) Concurrent Mark (4193.846s, 4193.903s) 57.150ms
[2022-09-29T07:13:04.811+0000][7][gc,start    ] GC(79) Pause Remark
[2022-09-29T07:13:04.819+0000][7][gc          ] GC(79) Pause Remark 122M->122M(256M) 8.458ms
[2022-09-29T07:13:04.820+0000][7][gc,cpu      ] GC(79) User=0.04s Sys=0.00s Real=0.01s
[2022-09-29T07:13:04.820+0000][7][safepoint   ] Safepoint "G1Concurrent", Time since last: 63735364 ns, Reaching safepoint: 345890 ns, At safepoint: 9284184 ns, Total: 9630074 ns
[2022-09-29T07:13:04.821+0000][7][gc,marking  ] GC(79) Concurrent Rebuild Remembered Sets
[2022-09-29T07:13:04.858+0000][7][gc,marking  ] GC(79) Concurrent Rebuild Remembered Sets 37.833ms
[2022-09-29T07:13:04.859+0000][7][gc,start    ] GC(79) Pause Cleanup
[2022-09-29T07:13:04.860+0000][7][gc          ] GC(79) Pause Cleanup 122M->122M(256M) 0.682ms
[2022-09-29T07:13:04.861+0000][7][gc,cpu      ] GC(79) User=0.00s Sys=0.00s Real=0.00s
[2022-09-29T07:13:04.861+0000][7][safepoint   ] Safepoint "G1Concurrent", Time since last: 38875050 ns, Reaching safepoint: 420109 ns, At safepoint: 1837346 ns, Total: 2257455 ns
[2022-09-29T07:13:04.862+0000][7][gc,marking  ] GC(79) Concurrent Cleanup for Next Mark
[2022-09-29T07:13:04.863+0000][7][gc,marking  ] GC(79) Concurrent Cleanup for Next Mark 0.914ms
[2022-09-29T07:13:04.863+0000][7][gc          ] GC(79) Concurrent Cycle 116.641ms
[2022-09-29T07:13:14.863+0000][7][safepoint   ] Safepoint "Cleanup", Time since last: 10001840803 ns, Reaching safepoint: 203638 ns, At safepoint: 25569 ns, Total: 229207 ns
[2022-09-29T07:13:21.865+0000][7][safepoint   ] Safepoint "Cleanup", Time since last: 7001183015 ns, Reaching safepoint: 182698 ns, At safepoint: 26230 ns, Total: 208928 ns
[2022-09-29T07:13:26.866+0000][7][safepoint   ] Safepoint "Cleanup", Time since last: 5001031274 ns, Reaching safepoint: 279540 ns, At safepoint: 29927 ns, Total: 309467 ns
[2022-09-29T07:13:27.867+0000][7][safepoint   ] Safepoint "Cleanup", Time since last: 1000471234 ns, Reaching safepoint: 475727 ns, At safepoint: 70404 ns, Total: 546131 ns
[2022-09-29T07:13:30.715+0000][7][safepoint   ] Safepoint "ICBufferFull", Time since last: 2847463653 ns, Reaching safepoint: 411905 ns, At safepoint: 121291 ns, Total: 533196 ns
[2022-09-29T07:13:31.716+0000][7][safepoint   ] Safepoint "Cleanup", Time since last: 1000822584 ns, Reaching safepoint: 307155 ns, At safepoint: 26741 ns, Total: 333896 ns
[2022-09-29T07:13:32.717+0000][7][safepoint   ] Safepoint "Cleanup", Time since last: 1000535168 ns, Reaching safepoint: 348862 ns, At safepoint: 50767 ns, Total: 399629 ns
[2022-09-29T07:13:33.718+0000][7][safepoint   ] Safepoint "Cleanup", Time since last: 1000562463 ns, Reaching safepoint: 378401 ns, At safepoint: 36229 ns, Total: 414630 ns
[2022-09-29T07:13:34.719+0000][7][safepoint   ] Safepoint "Cleanup", Time since last: 1000570259 ns, Reaching safepoint: 266286 ns, At safepoint: 26921 ns, Total: 293207 ns
[2022-09-29T07:13:39.721+0000][7][safepoint   ] Safepoint "Cleanup", Time since last: 5001696171 ns, Reaching safepoint: 324398 ns, At safepoint: 52190 ns, Total: 376588 ns
[2022-09-29T07:13:40.722+0000][7][safepoint   ] Safepoint "Cleanup", Time since last: 1000482758 ns, Reaching safepoint: 299390 ns, At safepoint: 27733 ns, Total: 327123 ns
[2022-09-29T07:13:42.723+0000][7][safepoint   ] Safepoint "Cleanup", Time since last: 2000668746 ns, Reaching safepoint: 299471 ns, At safepoint: 26881 ns, Total: 326352 ns
[2022-09-29T07:13:43.724+0000][7][safepoint   ] Safepoint "Cleanup", Time since last: 1000528713 ns, Reaching safepoint: 267310 ns, At safepoint: 26300 ns, Total: 293610 ns
[2022-09-29T07:13:45.725+0000][7][safepoint   ] Safepoint "Cleanup", Time since last: 2000597811 ns, Reaching safepoint: 328796 ns, At safepoint: 26390 ns, Total: 355186 ns
[2022-09-29T07:13:51.726+0000][7][safepoint   ] Safepoint "Cleanup", Time since last: 6001182531 ns, Reaching safepoint: 219368 ns, At safepoint: 28364 ns, Total: 247732 ns
[2022-09-29T07:14:02.729+0000][7][safepoint   ] Safepoint "Cleanup", Time since last: 11003065351 ns, Reaching safepoint: 282738 ns, At safepoint: 24457 ns, Total: 307195 ns
[2022-09-29T07:14:03.731+0000][7][safepoint   ] Safepoint "Cleanup", Time since last: 1000583107 ns, Reaching safepoint: 1175382 ns, At safepoint: 32602 ns, Total: 1207984 ns
[2022-09-29T07:14:06.692+0000][7][gc,start    ] GC(80) Pause Young (Normal) (G1 Evacuation Pause)
[2022-09-29T07:14:06.693+0000][7][gc,task     ] GC(80) Using 6 workers of 13 for evacuation
[2022-09-29T07:14:06.693+0000][7][gc,age      ] GC(80) Desired survivor size 6291456 bytes, new threshold 15 (max threshold 15)
[2022-09-29T07:14:06.700+0000][7][gc,age      ] GC(80) Age table with threshold 15 (max threshold 15)
[2022-09-29T07:14:06.700+0000][7][gc,age      ] GC(80) - age   1:    1194880 bytes,    1194880 total
[2022-09-29T07:14:06.701+0000][7][gc,age      ] GC(80) - age   2:     849304 bytes,    2044184 total
[2022-09-29T07:14:06.701+0000][7][gc,age      ] GC(80) - age   3:     550360 bytes,    2594544 total
[2022-09-29T07:14:06.701+0000][7][gc,age      ] GC(80) - age   4:     641776 bytes,    3236320 total
[2022-09-29T07:14:06.701+0000][7][gc,age      ] GC(80) - age   5:     152944 bytes,    3389264 total
[2022-09-29T07:14:06.701+0000][7][gc,age      ] GC(80) - age   6:     320232 bytes,    3709496 total
[2022-09-29T07:14:06.701+0000][7][gc,age      ] GC(80) - age   7:     463024 bytes,    4172520 total
[2022-09-29T07:14:06.702+0000][7][gc,age      ] GC(80) - age   8:      23344 bytes,    4195864 total
[2022-09-29T07:14:06.702+0000][7][gc,age      ] GC(80) - age   9:      53112 bytes,    4248976 total
[2022-09-29T07:14:06.702+0000][7][gc,age      ] GC(80) - age  10:     361368 bytes,    4610344 total
[2022-09-29T07:14:06.702+0000][7][gc,age      ] GC(80) - age  11:      33808 bytes,    4644152 total
[2022-09-29T07:14:06.703+0000][7][gc,age      ] GC(80) - age  12:      86664 bytes,    4730816 total
[2022-09-29T07:14:06.703+0000][7][gc,age      ] GC(80) - age  13:     169592 bytes,    4900408 total
[2022-09-29T07:14:06.704+0000][7][gc,age      ] GC(80) - age  14:     313152 bytes,    5213560 total
[2022-09-29T07:14:06.705+0000][7][gc,age      ] GC(80) - age  15:    1188848 bytes,    6402408 total
[2022-09-29T07:14:06.705+0000][7][gc,phases   ] GC(80)   Pre Evacuate Collection Set: 0.4ms
[2022-09-29T07:14:06.705+0000][7][gc,phases   ] GC(80)   Merge Heap Roots: 0.2ms
[2022-09-29T07:14:06.705+0000][7][gc,phases   ] GC(80)   Evacuate Collection Set: 4.7ms
[2022-09-29T07:14:06.705+0000][7][gc,phases   ] GC(80)   Post Evacuate Collection Set: 1.4ms
[2022-09-29T07:14:06.706+0000][7][gc,phases   ] GC(80)   Other: 6.1ms
[2022-09-29T07:14:06.706+0000][7][gc,heap     ] GC(80) Eden regions: 19->0(19)
[2022-09-29T07:14:06.706+0000][7][gc,heap     ] GC(80) Survivor regions: 2->2(3)
[2022-09-29T07:14:06.706+0000][7][gc,heap     ] GC(80) Old regions: 24->24
[2022-09-29T07:14:06.706+0000][7][gc,heap     ] GC(80) Archive regions: 2->2
[2022-09-29T07:14:06.706+0000][7][gc,heap     ] GC(80) Humongous regions: 5->5
[2022-09-29T07:14:06.707+0000][7][gc,metaspace] GC(80) Metaspace: 111886K(116124K)->111886K(116124K) NonClass: 97352K(100252K)->97352K(100252K) Class: 14534K(15872K)->14534K(15872K)
[2022-09-29T07:14:06.707+0000][7][gc          ] GC(80) Pause Young (Normal) (G1 Evacuation Pause) 198M->122M(256M) 14.620ms
[2022-09-29T07:14:06.707+0000][7][gc,cpu      ] GC(80) User=0.02s Sys=0.01s Real=0.01s
[2022-09-29T07:14:06.707+0000][7][safepoint   ] Safepoint "G1CollectForAllocation", Time since last: 2960558437 ns, Reaching safepoint: 290845 ns, At safepoint: 15112636 ns, Total: 15403481 ns
[2022-09-29T07:14:07.708+0000][7][safepoint   ] Safepoint "Cleanup", Time since last: 1000393341 ns, Reaching safepoint: 335153 ns, At safepoint: 33033 ns, Total: 368186 ns
[2022-09-29T07:14:14.710+0000][7][safepoint   ] Safepoint "Cleanup", Time since last: 7001539867 ns, Reaching safepoint: 401683 ns, At safepoint: 57450 ns, Total: 459133 ns
[2022-09-29T07:14:15.711+0000][7][safepoint   ] Safepoint "Cleanup", Time since last: 1000492226 ns, Reaching safepoint: 272337 ns, At safepoint: 66737 ns, Total: 339074 ns
[2022-09-29T07:14:16.712+0000][7][safepoint   ] Safepoint "Cleanup", Time since last: 1000640769 ns, Reaching safepoint: 388841 ns, At safepoint: 30859 ns, Total: 419700 ns
[2022-09-29T07:14:27.716+0000][7][safepoint   ] Safepoint "Cleanup", Time since last: 11003201562 ns, Reaching safepoint: 369174 ns, At safepoint: 52870 ns, Total: 422044 ns
[2022-09-29T07:14:31.717+0000][7][safepoint   ] Safepoint "Cleanup", Time since last: 4000987898 ns, Reaching safepoint: 290354 ns, At safepoint: 23645 ns, Total: 313999 ns
[2022-09-29T07:14:33.718+0000][7][safepoint   ] Safepoint "Cleanup", Time since last: 2000748007 ns, Reaching safepoint: 627353 ns, At safepoint: 71586 ns, Total: 698939 ns
[2022-09-29T07:14:50.936+0000][7][gc,start    ] GC(81) Pause Young (Concurrent Start) (G1 Evacuation Pause)
[2022-09-29T07:14:50.937+0000][7][gc,task     ] GC(81) Using 6 workers of 13 for evacuation
[2022-09-29T07:14:50.937+0000][7][gc,age      ] GC(81) Desired survivor size 6291456 bytes, new threshold 15 (max threshold 15)
[2022-09-29T07:14:50.945+0000][7][gc,age      ] GC(81) Age table with threshold 15 (max threshold 15)
[2022-09-29T07:14:50.945+0000][7][gc,age      ] GC(81) - age   1:     850304 bytes,     850304 total
[2022-09-29T07:14:50.946+0000][7][gc,age      ] GC(81) - age   2:     211936 bytes,    1062240 total
[2022-09-29T07:14:50.946+0000][7][gc,age      ] GC(81) - age   3:       5544 bytes,    1067784 total
[2022-09-29T07:14:50.946+0000][7][gc,age      ] GC(81) - age   4:       6088 bytes,    1073872 total
[2022-09-29T07:14:50.947+0000][7][gc,age      ] GC(81) - age   5:      46304 bytes,    1120176 total
[2022-09-29T07:14:50.947+0000][7][gc,age      ] GC(81) - age   6:     149024 bytes,    1269200 total
[2022-09-29T07:14:50.947+0000][7][gc,age      ] GC(81) - age   7:      60248 bytes,    1329448 total
[2022-09-29T07:14:50.947+0000][7][gc,age      ] GC(81) - age   8:      18472 bytes,    1347920 total
[2022-09-29T07:14:50.948+0000][7][gc,age      ] GC(81) - age   9:      23344 bytes,    1371264 total
[2022-09-29T07:14:50.948+0000][7][gc,age      ] GC(81) - age  10:      37696 bytes,    1408960 total
[2022-09-29T07:14:50.948+0000][7][gc,age      ] GC(81) - age  11:     334744 bytes,    1743704 total
[2022-09-29T07:14:50.948+0000][7][gc,age      ] GC(81) - age  12:      33040 bytes,    1776744 total
[2022-09-29T07:14:50.949+0000][7][gc,age      ] GC(81) - age  13:      86600 bytes,    1863344 total
[2022-09-29T07:14:50.949+0000][7][gc,age      ] GC(81) - age  14:      28608 bytes,    1891952 total
[2022-09-29T07:14:50.949+0000][7][gc,age      ] GC(81) - age  15:     311792 bytes,    2203744 total
[2022-09-29T07:14:50.950+0000][7][gc,phases   ] GC(81)   Pre Evacuate Collection Set: 0.5ms
[2022-09-29T07:14:50.950+0000][7][gc,phases   ] GC(81)   Merge Heap Roots: 0.1ms
[2022-09-29T07:14:50.950+0000][7][gc,phases   ] GC(81)   Evacuate Collection Set: 5.1ms
[2022-09-29T07:14:50.950+0000][7][gc,phases   ] GC(81)   Post Evacuate Collection Set: 1.7ms
[2022-09-29T07:14:50.951+0000][7][gc,phases   ] GC(81)   Other: 5.9ms
[2022-09-29T07:14:50.951+0000][7][gc,heap     ] GC(81) Eden regions: 19->0(21)
[2022-09-29T07:14:50.951+0000][7][gc,heap     ] GC(81) Survivor regions: 2->1(3)
[2022-09-29T07:14:50.952+0000][7][gc,heap     ] GC(81) Old regions: 24->24
[2022-09-29T07:14:50.952+0000][7][gc,heap     ] GC(81) Archive regions: 2->2
[2022-09-29T07:14:50.952+0000][7][gc,heap     ] GC(81) Humongous regions: 5->5
[2022-09-29T07:14:50.952+0000][7][gc,metaspace] GC(81) Metaspace: 111932K(116124K)->111932K(116124K) NonClass: 97398K(100252K)->97398K(100252K) Class: 14534K(15872K)->14534K(15872K)
[2022-09-29T07:14:50.953+0000][7][gc          ] GC(81) Pause Young (Concurrent Start) (G1 Evacuation Pause) 198M->120M(256M) 16.415ms
[2022-09-29T07:14:50.953+0000][7][gc,cpu      ] GC(81) User=0.04s Sys=0.00s Real=0.02s
[2022-09-29T07:14:50.954+0000][7][gc          ] GC(82) Concurrent Cycle
[2022-09-29T07:14:50.954+0000][7][safepoint   ] Safepoint "G1CollectForAllocation", Time since last: 17217746693 ns, Reaching safepoint: 317132 ns, At safepoint: 17288244 ns, Total: 17605376 ns
[2022-09-29T07:14:50.954+0000][7][gc,marking  ] GC(82) Concurrent Clear Claimed Marks
[2022-09-29T07:14:50.956+0000][7][gc,marking  ] GC(82) Concurrent Clear Claimed Marks 1.494ms
[2022-09-29T07:14:50.956+0000][7][gc,marking  ] GC(82) Concurrent Scan Root Regions
[2022-09-29T07:14:50.959+0000][7][gc,marking  ] GC(82) Concurrent Scan Root Regions 2.895ms
[2022-09-29T07:14:50.959+0000][7][gc,marking  ] GC(82) Concurrent Mark (4300.052s)
[2022-09-29T07:14:50.960+0000][7][gc,marking  ] GC(82) Concurrent Mark From Roots
[2022-09-29T07:14:50.960+0000][7][gc,task     ] GC(82) Using 3 workers of 3 for marking
[2022-09-29T07:14:51.021+0000][7][gc,marking  ] GC(82) Concurrent Mark From Roots 60.921ms
[2022-09-29T07:14:51.021+0000][7][gc,marking  ] GC(82) Concurrent Preclean
[2022-09-29T07:14:51.022+0000][7][gc,marking  ] GC(82) Concurrent Preclean 0.770ms
[2022-09-29T07:14:51.023+0000][7][gc,marking  ] GC(82) Concurrent Mark (4300.052s, 4300.115s) 63.046ms
[2022-09-29T07:14:51.023+0000][7][gc,start    ] GC(82) Pause Remark
[2022-09-29T07:14:51.046+0000][7][gc          ] GC(82) Pause Remark 121M->121M(256M) 22.161ms
[2022-09-29T07:14:51.046+0000][7][gc,cpu      ] GC(82) User=0.11s Sys=0.00s Real=0.02s
[2022-09-29T07:14:51.047+0000][7][safepoint   ] Safepoint "G1Concurrent", Time since last: 69479018 ns, Reaching safepoint: 371483 ns, At safepoint: 23245762 ns, Total: 23617245 ns
[2022-09-29T07:14:51.047+0000][7][gc,marking  ] GC(82) Concurrent Rebuild Remembered Sets
[2022-09-29T07:14:51.088+0000][7][gc,marking  ] GC(82) Concurrent Rebuild Remembered Sets 41.043ms
[2022-09-29T07:14:51.089+0000][7][gc,start    ] GC(82) Pause Cleanup
[2022-09-29T07:14:51.090+0000][7][gc          ] GC(82) Pause Cleanup 121M->121M(256M) 0.840ms
[2022-09-29T07:14:51.091+0000][7][gc,cpu      ] GC(82) User=0.00s Sys=0.00s Real=0.00s
[2022-09-29T07:14:51.091+0000][7][safepoint   ] Safepoint "G1Concurrent", Time since last: 42183445 ns, Reaching safepoint: 379393 ns, At safepoint: 1747720 ns, Total: 2127113 ns
[2022-09-29T07:14:51.091+0000][7][gc,marking  ] GC(82) Concurrent Cleanup for Next Mark
[2022-09-29T07:14:51.092+0000][7][gc,marking  ] GC(82) Concurrent Cleanup for Next Mark 0.684ms
[2022-09-29T07:14:51.092+0000][7][gc          ] GC(82) Concurrent Cycle 138.909ms
[2022-09-29T07:14:52.092+0000][7][safepoint   ] Safepoint "Cleanup", Time since last: 1000398458 ns, Reaching safepoint: 352790 ns, At safepoint: 29666 ns, Total: 382456 ns
[2022-09-29T07:14:53.093+0000][7][safepoint   ] Safepoint "Cleanup", Time since last: 1000483558 ns, Reaching safepoint: 292158 ns, At safepoint: 28535 ns, Total: 320693 ns
[2022-09-29T07:14:58.095+0000][7][safepoint   ] Safepoint "Cleanup", Time since last: 5001636084 ns, Reaching safepoint: 415512 ns, At safepoint: 76476 ns, Total: 491988 ns
[2022-09-29T07:14:59.096+0000][7][safepoint   ] Safepoint "Cleanup", Time since last: 1000801002 ns, Reaching safepoint: 279928 ns, At safepoint: 31330 ns, Total: 311258 ns
[2022-09-29T07:15:01.097+0000][7][safepoint   ] Safepoint "Cleanup", Time since last: 2000655298 ns, Reaching safepoint: 269804 ns, At safepoint: 25899 ns, Total: 295703 ns
[2022-09-29T07:15:02.098+0000][7][safepoint   ] Safepoint "Cleanup", Time since last: 1000488437 ns, Reaching safepoint: 282939 ns, At safepoint: 27102 ns, Total: 310041 ns
[2022-09-29T07:15:03.098+0000][7][safepoint   ] Safepoint "Cleanup", Time since last: 1000506461 ns, Reaching safepoint: 374917 ns, At safepoint: 28484 ns, Total: 403401 ns
[2022-09-29T07:15:04.100+0000][7][safepoint   ] Safepoint "Cleanup", Time since last: 1000451513 ns, Reaching safepoint: 492627 ns, At safepoint: 77337 ns, Total: 569964 ns
[2022-09-29T07:15:05.101+0000][7][safepoint   ] Safepoint "Cleanup", Time since last: 1000833126 ns, Reaching safepoint: 240759 ns, At safepoint: 23515 ns, Total: 264274 ns
[2022-09-29T07:15:06.101+0000][7][safepoint   ] Safepoint "Cleanup", Time since last: 1000479567 ns, Reaching safepoint: 329758 ns, At safepoint: 50827 ns, Total: 380585 ns
[2022-09-29T07:15:07.102+0000][7][safepoint   ] Safepoint "Cleanup", Time since last: 1000646691 ns, Reaching safepoint: 310111 ns, At safepoint: 48803 ns, Total: 358914 ns
[2022-09-29T07:15:09.843+0000][7][safepoint   ] Safepoint "ICBufferFull", Time since last: 2739641166 ns, Reaching safepoint: 436529 ns, At safepoint: 40578 ns, Total: 477107 ns
[2022-09-29T07:15:10.844+0000][7][safepoint   ] Safepoint "Cleanup", Time since last: 1000533073 ns, Reaching safepoint: 466109 ns, At safepoint: 65244 ns, Total: 531353 ns
[2022-09-29T07:15:12.845+0000][7][safepoint   ] Safepoint "Cleanup", Time since last: 2000944765 ns, Reaching safepoint: 520862 ns, At safepoint: 88659 ns, Total: 609521 ns
[2022-09-29T07:15:14.847+0000][7][safepoint   ] Safepoint "Cleanup", Time since last: 2000969620 ns, Reaching safepoint: 457136 ns, At safepoint: 57389 ns, Total: 514525 ns
[2022-09-29T07:15:15.848+0000][7][safepoint   ] Safepoint "Cleanup", Time since last: 1000571179 ns, Reaching safepoint: 317545 ns, At safepoint: 27873 ns, Total: 345418 ns
[2022-09-29T07:15:29.850+0000][7][safepoint   ] Safepoint "Cleanup", Time since last: 14002542907 ns, Reaching safepoint: 234648 ns, At safepoint: 25478 ns, Total: 260126 ns
[2022-09-29T07:15:35.853+0000][7][safepoint   ] Safepoint "Cleanup", Time since last: 6001335540 ns, Reaching safepoint: 614255 ns, At safepoint: 399341 ns, Total: 1013596 ns
[2022-09-29T07:15:36.857+0000][7][safepoint   ] Safepoint "Cleanup", Time since last: 1001985810 ns, Reaching safepoint: 1646107 ns, At safepoint: 99039 ns, Total: 1745146 ns
[2022-09-29T07:15:37.858+0000][7][safepoint   ] Safepoint "Cleanup", Time since last: 1000670378 ns, Reaching safepoint: 304561 ns, At safepoint: 46979 ns, Total: 351540 ns
[2022-09-29T07:15:38.858+0000][7][safepoint   ] Safepoint "Cleanup", Time since last: 1000544844 ns, Reaching safepoint: 261113 ns, At safepoint: 26901 ns, Total: 288014 ns
[2022-09-29T07:15:42.860+0000][7][safepoint   ] Safepoint "Cleanup", Time since last: 4000842624 ns, Reaching safepoint: 311789 ns, At safepoint: 42832 ns, Total: 354621 ns
[2022-09-29T07:15:44.861+0000][7][safepoint   ] Safepoint "Cleanup", Time since last: 2000703006 ns, Reaching safepoint: 274180 ns, At safepoint: 31269 ns, Total: 305449 ns
[2022-09-29T07:15:45.670+0000][7][gc,start    ] GC(83) Pause Young (Normal) (G1 Evacuation Pause)
[2022-09-29T07:15:45.670+0000][7][gc,task     ] GC(83) Using 6 workers of 13 for evacuation
[2022-09-29T07:15:45.670+0000][7][gc,age      ] GC(83) Desired survivor size 6291456 bytes, new threshold 15 (max threshold 15)
[2022-09-29T07:15:45.678+0000][7][gc,age      ] GC(83) Age table with threshold 15 (max threshold 15)
[2022-09-29T07:15:45.678+0000][7][gc,age      ] GC(83) - age   1:    1179048 bytes,    1179048 total
[2022-09-29T07:15:45.678+0000][7][gc,age      ] GC(83) - age   2:     742664 bytes,    1921712 total
[2022-09-29T07:15:45.678+0000][7][gc,age      ] GC(83) - age   3:     210880 bytes,    2132592 total
[2022-09-29T07:15:45.679+0000][7][gc,age      ] GC(83) - age   4:       3584 bytes,    2136176 total
[2022-09-29T07:15:45.679+0000][7][gc,age      ] GC(83) - age   5:       5400 bytes,    2141576 total
[2022-09-29T07:15:45.679+0000][7][gc,age      ] GC(83) - age   6:      46088 bytes,    2187664 total
[2022-09-29T07:15:45.679+0000][7][gc,age      ] GC(83) - age   7:     148736 bytes,    2336400 total
[2022-09-29T07:15:45.680+0000][7][gc,age      ] GC(83) - age   8:      59960 bytes,    2396360 total
[2022-09-29T07:15:45.681+0000][7][gc,age      ] GC(83) - age   9:      18152 bytes,    2414512 total
[2022-09-29T07:15:45.681+0000][7][gc,age      ] GC(83) - age  10:      23280 bytes,    2437792 total
[2022-09-29T07:15:45.681+0000][7][gc,age      ] GC(83) - age  11:      37696 bytes,    2475488 total
[2022-09-29T07:15:45.681+0000][7][gc,age      ] GC(83) - age  12:     334432 bytes,    2809920 total
[2022-09-29T07:15:45.681+0000][7][gc,age      ] GC(83) - age  13:      32944 bytes,    2842864 total
[2022-09-29T07:15:45.682+0000][7][gc,age      ] GC(83) - age  14:      86600 bytes,    2929464 total
[2022-09-29T07:15:45.682+0000][7][gc,age      ] GC(83) - age  15:      28608 bytes,    2958072 total
[2022-09-29T07:15:45.682+0000][7][gc,phases   ] GC(83)   Pre Evacuate Collection Set: 0.2ms
[2022-09-29T07:15:45.682+0000][7][gc,phases   ] GC(83)   Merge Heap Roots: 0.1ms
[2022-09-29T07:15:45.682+0000][7][gc,phases   ] GC(83)   Evacuate Collection Set: 4.9ms
[2022-09-29T07:15:45.683+0000][7][gc,phases   ] GC(83)   Post Evacuate Collection Set: 2.0ms
[2022-09-29T07:15:45.683+0000][7][gc,phases   ] GC(83)   Other: 5.3ms
[2022-09-29T07:15:45.683+0000][7][gc,heap     ] GC(83) Eden regions: 21->0(21)
[2022-09-29T07:15:45.683+0000][7][gc,heap     ] GC(83) Survivor regions: 1->1(3)
[2022-09-29T07:15:45.683+0000][7][gc,heap     ] GC(83) Old regions: 24->24
[2022-09-29T07:15:45.684+0000][7][gc,heap     ] GC(83) Archive regions: 2->2
[2022-09-29T07:15:45.684+0000][7][gc,heap     ] GC(83) Humongous regions: 5->5
[2022-09-29T07:15:45.684+0000][7][gc,metaspace] GC(83) Metaspace: 112018K(116380K)->112018K(116380K) NonClass: 97488K(100508K)->97488K(100508K) Class: 14530K(15872K)->14530K(15872K)
[2022-09-29T07:15:45.684+0000][7][gc          ] GC(83) Pause Young (Normal) (G1 Evacuation Pause) 204M->121M(256M) 14.731ms
[2022-09-29T07:15:45.685+0000][7][gc,cpu      ] GC(83) User=0.03s Sys=0.00s Real=0.01s
[2022-09-29T07:15:45.685+0000][7][safepoint   ] Safepoint "G1CollectForAllocation", Time since last: 808581831 ns, Reaching safepoint: 380185 ns, At safepoint: 15268653 ns, Total: 15648838 ns
[2022-09-29T07:15:50.686+0000][7][safepoint   ] Safepoint "Cleanup", Time since last: 5001155308 ns, Reaching safepoint: 255928 ns, At safepoint: 29436 ns, Total: 285364 ns
[2022-09-29T07:15:57.688+0000][7][safepoint   ] Safepoint "Cleanup", Time since last: 7001777433 ns, Reaching safepoint: 321137 ns, At safepoint: 57128 ns, Total: 378265 ns
[2022-09-29T07:16:02.691+0000][7][safepoint   ] Safepoint "Cleanup", Time since last: 5002093709 ns, Reaching safepoint: 487499 ns, At safepoint: 44966 ns, Total: 532465 ns
[2022-09-29T07:16:12.694+0000][7][safepoint   ] Safepoint "Cleanup", Time since last: 10002691617 ns, Reaching safepoint: 284833 ns, At safepoint: 29125 ns, Total: 313958 ns
[2022-09-29T07:16:13.695+0000][7][safepoint   ] Safepoint "Cleanup", Time since last: 1000551557 ns, Reaching safepoint: 529680 ns, At safepoint: 23164 ns, Total: 552844 ns
[2022-09-29T07:16:14.696+0000][7][safepoint   ] Safepoint "Cleanup", Time since last: 1000803416 ns, Reaching safepoint: 338375 ns, At safepoint: 33244 ns, Total: 371619 ns
[2022-09-29T07:16:15.697+0000][7][safepoint   ] Safepoint "Cleanup", Time since last: 1000599097 ns, Reaching safepoint: 483977 ns, At safepoint: 81746 ns, Total: 565723 ns
[2022-09-29T07:16:22.700+0000][7][safepoint   ] Safepoint "Cleanup", Time since last: 7001959941 ns, Reaching safepoint: 299024 ns, At safepoint: 57830 ns, Total: 356854 ns
[2022-09-29T07:16:39.703+0000][7][safepoint   ] Safepoint "Cleanup", Time since last: 17002936750 ns, Reaching safepoint: 237172 ns, At safepoint: 28865 ns, Total: 266037 ns
[2022-09-29T07:16:40.704+0000][7][safepoint   ] Safepoint "Cleanup", Time since last: 1000656287 ns, Reaching safepoint: 392427 ns, At safepoint: 30819 ns, Total: 423246 ns
[2022-09-29T07:16:43.705+0000][7][safepoint   ] Safepoint "Cleanup", Time since last: 3000754485 ns, Reaching safepoint: 248554 ns, At safepoint: 25489 ns, Total: 274043 ns
[2022-09-29T07:16:44.706+0000][7][safepoint   ] Safepoint "Cleanup", Time since last: 1000594699 ns, Reaching safepoint: 315371 ns, At safepoint: 26881 ns, Total: 342252 ns
[2022-09-29T07:16:45.708+0000][7][safepoint   ] Safepoint "Cleanup", Time since last: 1000620473 ns, Reaching safepoint: 1005220 ns, At safepoint: 88239 ns, Total: 1093459 ns
[2022-09-29T07:16:46.709+0000][7][safepoint   ] Safepoint "Cleanup", Time since last: 1001217215 ns, Reaching safepoint: 314990 ns, At safepoint: 70344 ns, Total: 385334 ns
[2022-09-29T07:16:51.711+0000][7][safepoint   ] Safepoint "Cleanup", Time since last: 5001099504 ns, Reaching safepoint: 276357 ns, At safepoint: 25058 ns, Total: 301415 ns
[2022-09-29T07:16:58.622+0000][7][gc,start    ] GC(84) Pause Young (Concurrent Start) (G1 Evacuation Pause)
[2022-09-29T07:16:58.623+0000][7][gc,task     ] GC(84) Using 6 workers of 13 for evacuation
[2022-09-29T07:16:58.624+0000][7][gc,age      ] GC(84) Desired survivor size 6291456 bytes, new threshold 15 (max threshold 15)
[2022-09-29T07:16:58.632+0000][7][gc,age      ] GC(84) Age table with threshold 15 (max threshold 15)
[2022-09-29T07:16:58.633+0000][7][gc,age      ] GC(84) - age   1:     806408 bytes,     806408 total
[2022-09-29T07:16:58.633+0000][7][gc,age      ] GC(84) - age   2:     759144 bytes,    1565552 total
[2022-09-29T07:16:58.634+0000][7][gc,age      ] GC(84) - age   3:     699744 bytes,    2265296 total
[2022-09-29T07:16:58.634+0000][7][gc,age      ] GC(84) - age   4:      99432 bytes,    2364728 total
[2022-09-29T07:16:58.634+0000][7][gc,age      ] GC(84) - age   5:       3400 bytes,    2368128 total
[2022-09-29T07:16:58.635+0000][7][gc,age      ] GC(84) - age   6:       4600 bytes,    2372728 total
[2022-09-29T07:16:58.635+0000][7][gc,age      ] GC(84) - age   7:      45248 bytes,    2417976 total
[2022-09-29T07:16:58.635+0000][7][gc,age      ] GC(84) - age   8:     148736 bytes,    2566712 total
[2022-09-29T07:16:58.636+0000][7][gc,age      ] GC(84) - age   9:      59960 bytes,    2626672 total
[2022-09-29T07:16:58.636+0000][7][gc,age      ] GC(84) - age  10:      17856 bytes,    2644528 total
[2022-09-29T07:16:58.636+0000][7][gc,age      ] GC(84) - age  11:      23152 bytes,    2667680 total
[2022-09-29T07:16:58.636+0000][7][gc,age      ] GC(84) - age  12:      37632 bytes,    2705312 total
[2022-09-29T07:16:58.637+0000][7][gc,age      ] GC(84) - age  13:     334304 bytes,    3039616 total
[2022-09-29T07:16:58.637+0000][7][gc,age      ] GC(84) - age  14:      32944 bytes,    3072560 total
[2022-09-29T07:16:58.637+0000][7][gc,age      ] GC(84) - age  15:      86560 bytes,    3159120 total
[2022-09-29T07:16:58.638+0000][7][gc,phases   ] GC(84)   Pre Evacuate Collection Set: 0.5ms
[2022-09-29T07:16:58.639+0000][7][gc,phases   ] GC(84)   Merge Heap Roots: 0.2ms
[2022-09-29T07:16:58.639+0000][7][gc,phases   ] GC(84)   Evacuate Collection Set: 5.5ms
[2022-09-29T07:16:58.639+0000][7][gc,phases   ] GC(84)   Post Evacuate Collection Set: 1.9ms
[2022-09-29T07:16:58.639+0000][7][gc,phases   ] GC(84)   Other: 8.1ms
[2022-09-29T07:16:58.640+0000][7][gc,heap     ] GC(84) Eden regions: 21->0(21)
[2022-09-29T07:16:58.640+0000][7][gc,heap     ] GC(84) Survivor regions: 1->1(3)
[2022-09-29T07:16:58.640+0000][7][gc,heap     ] GC(84) Old regions: 24->24
[2022-09-29T07:16:58.640+0000][7][gc,heap     ] GC(84) Archive regions: 2->2
[2022-09-29T07:16:58.640+0000][7][gc,heap     ] GC(84) Humongous regions: 5->5
[2022-09-29T07:16:58.641+0000][7][gc,metaspace] GC(84) Metaspace: 112129K(116380K)->112129K(116380K) NonClass: 97599K(100508K)->97599K(100508K) Class: 14530K(15872K)->14530K(15872K)
[2022-09-29T07:16:58.641+0000][7][gc          ] GC(84) Pause Young (Concurrent Start) (G1 Evacuation Pause) 205M->121M(256M) 19.031ms
[2022-09-29T07:16:58.642+0000][7][gc,cpu      ] GC(84) User=0.03s Sys=0.01s Real=0.02s
[2022-09-29T07:16:58.642+0000][7][gc          ] GC(85) Concurrent Cycle
[2022-09-29T07:16:58.642+0000][7][safepoint   ] Safepoint "G1CollectForAllocation", Time since last: 6910826626 ns, Reaching safepoint: 412226 ns, At safepoint: 20422923 ns, Total: 20835149 ns
[2022-09-29T07:16:58.643+0000][7][gc,marking  ] GC(85) Concurrent Clear Claimed Marks
[2022-09-29T07:16:58.644+0000][7][gc,marking  ] GC(85) Concurrent Clear Claimed Marks 0.751ms
[2022-09-29T07:16:58.644+0000][7][gc,marking  ] GC(85) Concurrent Scan Root Regions
[2022-09-29T07:16:58.648+0000][7][gc,marking  ] GC(85) Concurrent Scan Root Regions 3.827ms
[2022-09-29T07:16:58.648+0000][7][gc,marking  ] GC(85) Concurrent Mark (4427.741s)
[2022-09-29T07:16:58.648+0000][7][gc,marking  ] GC(85) Concurrent Mark From Roots
[2022-09-29T07:16:58.649+0000][7][gc,task     ] GC(85) Using 3 workers of 3 for marking
[2022-09-29T07:16:58.693+0000][7][gc,marking  ] GC(85) Concurrent Mark From Roots 45.156ms
[2022-09-29T07:16:58.694+0000][7][gc,marking  ] GC(85) Concurrent Preclean
[2022-09-29T07:16:58.694+0000][7][gc,marking  ] GC(85) Concurrent Preclean 0.492ms
[2022-09-29T07:16:58.695+0000][7][gc,marking  ] GC(85) Concurrent Mark (4427.741s, 4427.787s) 46.533ms
[2022-09-29T07:16:58.695+0000][7][gc,start    ] GC(85) Pause Remark
[2022-09-29T07:16:58.704+0000][7][gc          ] GC(85) Pause Remark 122M->122M(256M) 8.488ms
[2022-09-29T07:16:58.704+0000][7][gc,cpu      ] GC(85) User=0.05s Sys=0.00s Real=0.01s
[2022-09-29T07:16:58.705+0000][7][safepoint   ] Safepoint "G1Concurrent", Time since last: 52436673 ns, Reaching safepoint: 280204 ns, At safepoint: 9501827 ns, Total: 9782031 ns
[2022-09-29T07:16:58.705+0000][7][gc,marking  ] GC(85) Concurrent Rebuild Remembered Sets
[2022-09-29T07:16:58.733+0000][7][gc,marking  ] GC(85) Concurrent Rebuild Remembered Sets 28.193ms
[2022-09-29T07:16:58.734+0000][7][gc,start    ] GC(85) Pause Cleanup
[2022-09-29T07:16:58.735+0000][7][gc          ] GC(85) Pause Cleanup 122M->122M(256M) 0.520ms
[2022-09-29T07:16:58.735+0000][7][gc,cpu      ] GC(85) User=0.00s Sys=0.00s Real=0.00s
[2022-09-29T07:16:58.735+0000][7][safepoint   ] Safepoint "G1Concurrent", Time since last: 29140530 ns, Reaching safepoint: 293119 ns, At safepoint: 1220756 ns, Total: 1513875 ns
[2022-09-29T07:16:58.736+0000][7][gc,marking  ] GC(85) Concurrent Cleanup for Next Mark
[2022-09-29T07:16:58.737+0000][7][gc,marking  ] GC(85) Concurrent Cleanup for Next Mark 1.050ms
[2022-09-29T07:16:58.737+0000][7][gc          ] GC(85) Concurrent Cycle 95.124ms
[2022-09-29T07:17:02.737+0000][7][safepoint   ] Safepoint "Cleanup", Time since last: 4001024866 ns, Reaching safepoint: 287769 ns, At safepoint: 34516 ns, Total: 322285 ns
[2022-09-29T07:17:03.738+0000][7][safepoint   ] Safepoint "Cleanup", Time since last: 1000635657 ns, Reaching safepoint: 304871 ns, At safepoint: 35477 ns, Total: 340348 ns
[2022-09-29T07:17:07.739+0000][7][safepoint   ] Safepoint "Cleanup", Time since last: 4001292897 ns, Reaching safepoint: 274664 ns, At safepoint: 65534 ns, Total: 340198 ns
[2022-09-29T07:17:14.741+0000][7][safepoint   ] Safepoint "Cleanup", Time since last: 7001536008 ns, Reaching safepoint: 285825 ns, At safepoint: 30268 ns, Total: 316093 ns
[2022-09-29T07:17:15.742+0000][7][safepoint   ] Safepoint "Cleanup", Time since last: 1000576724 ns, Reaching safepoint: 371709 ns, At safepoint: 64793 ns, Total: 436502 ns
[2022-09-29T07:17:16.744+0000][7][safepoint   ] Safepoint "Cleanup", Time since last: 1001069767 ns, Reaching safepoint: 302895 ns, At safepoint: 44625 ns, Total: 347520 ns
[2022-09-29T07:17:16.872+0000][7][safepoint   ] Safepoint "ICBufferFull", Time since last: 128168539 ns, Reaching safepoint: 432754 ns, At safepoint: 38293 ns, Total: 471047 ns
[2022-09-29T07:17:17.873+0000][7][safepoint   ] Safepoint "Cleanup", Time since last: 1000566094 ns, Reaching safepoint: 321122 ns, At safepoint: 34646 ns, Total: 355768 ns
[2022-09-29T07:17:18.874+0000][7][safepoint   ] Safepoint "Cleanup", Time since last: 1000580903 ns, Reaching safepoint: 506516 ns, At safepoint: 68330 ns, Total: 574846 ns
[2022-09-29T07:17:19.877+0000][7][safepoint   ] Safepoint "Cleanup", Time since last: 1002081928 ns, Reaching safepoint: 747790 ns, At safepoint: 95712 ns, Total: 843502 ns
[2022-09-29T07:17:21.879+0000][7][safepoint   ] Safepoint "Cleanup", Time since last: 2001278658 ns, Reaching safepoint: 580306 ns, At safepoint: 46869 ns, Total: 627175 ns
[2022-09-29T07:17:29.882+0000][7][safepoint   ] Safepoint "Cleanup", Time since last: 8002275124 ns, Reaching safepoint: 187668 ns, At safepoint: 26651 ns, Total: 214319 ns
[2022-09-29T07:17:44.885+0000][7][safepoint   ] Safepoint "Cleanup", Time since last: 15002906826 ns, Reaching safepoint: 293417 ns, At safepoint: 36189 ns, Total: 329606 ns
[2022-09-29T07:17:56.888+0000][7][safepoint   ] Safepoint "Cleanup", Time since last: 12002519463 ns, Reaching safepoint: 566442 ns, At safepoint: 33103 ns, Total: 599545 ns
[2022-09-29T07:18:02.890+0000][7][safepoint   ] Safepoint "Cleanup", Time since last: 6001733924 ns, Reaching safepoint: 307206 ns, At safepoint: 27563 ns, Total: 334769 ns
[2022-09-29T07:18:03.891+0000][7][safepoint   ] Safepoint "Cleanup", Time since last: 1000511189 ns, Reaching safepoint: 282911 ns, At safepoint: 28915 ns, Total: 311826 ns
[2022-09-29T07:18:06.038+0000][7][gc,start    ] GC(86) Pause Young (Normal) (G1 Evacuation Pause)
[2022-09-29T07:18:06.039+0000][7][gc,task     ] GC(86) Using 6 workers of 13 for evacuation
[2022-09-29T07:18:06.039+0000][7][gc,age      ] GC(86) Desired survivor size 6291456 bytes, new threshold 15 (max threshold 15)
[2022-09-29T07:18:06.045+0000][7][gc,age      ] GC(86) Age table with threshold 15 (max threshold 15)
[2022-09-29T07:18:06.045+0000][7][gc,age      ] GC(86) - age   1:     408320 bytes,     408320 total
[2022-09-29T07:18:06.045+0000][7][gc,age      ] GC(86) - age   2:     213200 bytes,     621520 total
[2022-09-29T07:18:06.045+0000][7][gc,age      ] GC(86) - age   3:     141680 bytes,     763200 total
[2022-09-29T07:18:06.046+0000][7][gc,age      ] GC(86) - age   4:     561576 bytes,    1324776 total
[2022-09-29T07:18:06.046+0000][7][gc,age      ] GC(86) - age   5:      96776 bytes,    1421552 total
[2022-09-29T07:18:06.046+0000][7][gc,age      ] GC(86) - age   6:       3272 bytes,    1424824 total
[2022-09-29T07:18:06.046+0000][7][gc,age      ] GC(86) - age   7:       3672 bytes,    1428496 total
[2022-09-29T07:18:06.046+0000][7][gc,age      ] GC(86) - age   8:      15512 bytes,    1444008 total
[2022-09-29T07:18:06.047+0000][7][gc,age      ] GC(86) - age   9:       6856 bytes,    1450864 total
[2022-09-29T07:18:06.047+0000][7][gc,age      ] GC(86) - age  10:      59864 bytes,    1510728 total
[2022-09-29T07:18:06.047+0000][7][gc,age      ] GC(86) - age  11:      16224 bytes,    1526952 total
[2022-09-29T07:18:06.047+0000][7][gc,age      ] GC(86) - age  12:      23152 bytes,    1550104 total
[2022-09-29T07:18:06.047+0000][7][gc,age      ] GC(86) - age  13:      37632 bytes,    1587736 total
[2022-09-29T07:18:06.047+0000][7][gc,age      ] GC(86) - age  14:     334208 bytes,    1921944 total
[2022-09-29T07:18:06.048+0000][7][gc,age      ] GC(86) - age  15:      31440 bytes,    1953384 total
[2022-09-29T07:18:06.048+0000][7][gc,phases   ] GC(86)   Pre Evacuate Collection Set: 0.3ms
[2022-09-29T07:18:06.048+0000][7][gc,phases   ] GC(86)   Merge Heap Roots: 0.2ms
[2022-09-29T07:18:06.048+0000][7][gc,phases   ] GC(86)   Evacuate Collection Set: 3.4ms
[2022-09-29T07:18:06.048+0000][7][gc,phases   ] GC(86)   Post Evacuate Collection Set: 1.0ms
[2022-09-29T07:18:06.048+0000][7][gc,phases   ] GC(86)   Other: 4.9ms
[2022-09-29T07:18:06.049+0000][7][gc,heap     ] GC(86) Eden regions: 21->0(21)
[2022-09-29T07:18:06.049+0000][7][gc,heap     ] GC(86) Survivor regions: 1->1(3)
[2022-09-29T07:18:06.049+0000][7][gc,heap     ] GC(86) Old regions: 24->24
[2022-09-29T07:18:06.049+0000][7][gc,heap     ] GC(86) Archive regions: 2->2
[2022-09-29T07:18:06.049+0000][7][gc,heap     ] GC(86) Humongous regions: 5->5
[2022-09-29T07:18:06.050+0000][7][gc,metaspace] GC(86) Metaspace: 112162K(116636K)->112162K(116636K) NonClass: 97632K(100764K)->97632K(100764K) Class: 14530K(15872K)->14530K(15872K)
[2022-09-29T07:18:06.050+0000][7][gc          ] GC(86) Pause Young (Normal) (G1 Evacuation Pause) 205M->120M(256M) 12.010ms
[2022-09-29T07:18:06.050+0000][7][gc,cpu      ] GC(86) User=0.02s Sys=0.00s Real=0.02s
[2022-09-29T07:18:06.051+0000][7][safepoint   ] Safepoint "G1CollectForAllocation", Time since last: 2146818690 ns, Reaching safepoint: 256677 ns, At safepoint: 12839147 ns, Total: 13095824 ns
[2022-09-29T07:18:15.053+0000][7][safepoint   ] Safepoint "Cleanup", Time since last: 9001729728 ns, Reaching safepoint: 306775 ns, At safepoint: 47911 ns, Total: 354686 ns
[2022-09-29T07:18:19.054+0000][7][safepoint   ] Safepoint "Cleanup", Time since last: 4000948451 ns, Reaching safepoint: 238316 ns, At safepoint: 27262 ns, Total: 265578 ns
[2022-09-29T07:18:20.055+0000][7][safepoint   ] Safepoint "Cleanup", Time since last: 1000506930 ns, Reaching safepoint: 519499 ns, At safepoint: 58512 ns, Total: 578011 ns
[2022-09-29T07:18:21.056+0000][7][safepoint   ] Safepoint "Cleanup", Time since last: 1000708628 ns, Reaching safepoint: 413107 ns, At safepoint: 87357 ns, Total: 500464 ns
[2022-09-29T07:18:23.058+0000][7][safepoint   ] Safepoint "Cleanup", Time since last: 2000811828 ns, Reaching safepoint: 327765 ns, At safepoint: 62068 ns, Total: 389833 ns
[2022-09-29T07:18:46.063+0000][7][safepoint   ] Safepoint "Cleanup", Time since last: 23005313848 ns, Reaching safepoint: 185423 ns, At safepoint: 23786 ns, Total: 209209 ns
[2022-09-29T07:19:01.066+0000][7][safepoint   ] Safepoint "Cleanup", Time since last: 15003004021 ns, Reaching safepoint: 278140 ns, At safepoint: 30759 ns, Total: 308899 ns
[2022-09-29T07:19:02.067+0000][7][safepoint   ] Safepoint "Cleanup", Time since last: 1000677146 ns, Reaching safepoint: 326562 ns, At safepoint: 58522 ns, Total: 385084 ns
[2022-09-29T07:19:03.069+0000][7][safepoint   ] Safepoint "Cleanup", Time since last: 1000656477 ns, Reaching safepoint: 410562 ns, At safepoint: 51698 ns, Total: 462260 ns
[2022-09-29T07:19:04.069+0000][7][safepoint   ] Safepoint "Cleanup", Time since last: 1000649766 ns, Reaching safepoint: 275302 ns, At safepoint: 22513 ns, Total: 297815 ns
[2022-09-29T07:19:10.071+0000][7][safepoint   ] Safepoint "Cleanup", Time since last: 6001380566 ns, Reaching safepoint: 263803 ns, At safepoint: 26340 ns, Total: 290143 ns
[2022-09-29T07:19:13.072+0000][7][safepoint   ] Safepoint "Cleanup", Time since last: 3000795348 ns, Reaching safepoint: 316383 ns, At safepoint: 44965 ns, Total: 361348 ns
[2022-09-29T07:19:15.074+0000][7][safepoint   ] Safepoint "Cleanup", Time since last: 2001001080 ns, Reaching safepoint: 647734 ns, At safepoint: 24998 ns, Total: 672732 ns
[2022-09-29T07:19:19.075+0000][7][safepoint   ] Safepoint "Cleanup", Time since last: 4000961963 ns, Reaching safepoint: 278391 ns, At safepoint: 29506 ns, Total: 307897 ns
[2022-09-29T07:19:21.781+0000][7][gc,start    ] GC(87) Pause Young (Concurrent Start) (G1 Evacuation Pause)
[2022-09-29T07:19:21.781+0000][7][gc,task     ] GC(87) Using 6 workers of 13 for evacuation
[2022-09-29T07:19:21.782+0000][7][gc,age      ] GC(87) Desired survivor size 6291456 bytes, new threshold 15 (max threshold 15)
[2022-09-29T07:19:21.788+0000][7][gc,age      ] GC(87) Age table with threshold 15 (max threshold 15)
[2022-09-29T07:19:21.788+0000][7][gc,age      ] GC(87) - age   1:    1103256 bytes,    1103256 total
[2022-09-29T07:19:21.789+0000][7][gc,age      ] GC(87) - age   2:     286192 bytes,    1389448 total
[2022-09-29T07:19:21.789+0000][7][gc,age      ] GC(87) - age   3:     211360 bytes,    1600808 total
[2022-09-29T07:19:21.790+0000][7][gc,age      ] GC(87) - age   4:     140968 bytes,    1741776 total
[2022-09-29T07:19:21.790+0000][7][gc,age      ] GC(87) - age   5:     561416 bytes,    2303192 total
[2022-09-29T07:19:21.790+0000][7][gc,age      ] GC(87) - age   6:      96424 bytes,    2399616 total
[2022-09-29T07:19:21.790+0000][7][gc,age      ] GC(87) - age   7:       3144 bytes,    2402760 total
[2022-09-29T07:19:21.791+0000][7][gc,age      ] GC(87) - age   8:       3544 bytes,    2406304 total
[2022-09-29T07:19:21.791+0000][7][gc,age      ] GC(87) - age   9:      15256 bytes,    2421560 total
[2022-09-29T07:19:21.792+0000][7][gc,age      ] GC(87) - age  10:       6560 bytes,    2428120 total
[2022-09-29T07:19:21.792+0000][7][gc,age      ] GC(87) - age  11:      59800 bytes,    2487920 total
[2022-09-29T07:19:21.793+0000][7][gc,age      ] GC(87) - age  12:      16096 bytes,    2504016 total
[2022-09-29T07:19:21.793+0000][7][gc,age      ] GC(87) - age  13:      23152 bytes,    2527168 total
[2022-09-29T07:19:21.794+0000][7][gc,age      ] GC(87) - age  14:      37632 bytes,    2564800 total
[2022-09-29T07:19:21.794+0000][7][gc,age      ] GC(87) - age  15:     317864 bytes,    2882664 total
[2022-09-29T07:19:21.795+0000][7][gc,phases   ] GC(87)   Pre Evacuate Collection Set: 0.5ms
[2022-09-29T07:19:21.795+0000][7][gc,phases   ] GC(87)   Merge Heap Roots: 0.2ms
[2022-09-29T07:19:21.795+0000][7][gc,phases   ] GC(87)   Evacuate Collection Set: 3.0ms
[2022-09-29T07:19:21.796+0000][7][gc,phases   ] GC(87)   Post Evacuate Collection Set: 1.9ms
[2022-09-29T07:19:21.796+0000][7][gc,phases   ] GC(87)   Other: 8.4ms
[2022-09-29T07:19:21.796+0000][7][gc,heap     ] GC(87) Eden regions: 21->0(21)
[2022-09-29T07:19:21.796+0000][7][gc,heap     ] GC(87) Survivor regions: 1->1(3)
[2022-09-29T07:19:21.797+0000][7][gc,heap     ] GC(87) Old regions: 24->24
[2022-09-29T07:19:21.797+0000][7][gc,heap     ] GC(87) Archive regions: 2->2
[2022-09-29T07:19:21.797+0000][7][gc,heap     ] GC(87) Humongous regions: 5->5
[2022-09-29T07:19:21.798+0000][7][gc,metaspace] GC(87) Metaspace: 112292K(116636K)->112292K(116636K) NonClass: 97762K(100764K)->97762K(100764K) Class: 14530K(15872K)->14530K(15872K)
[2022-09-29T07:19:21.798+0000][7][gc          ] GC(87) Pause Young (Concurrent Start) (G1 Evacuation Pause) 204M->121M(256M) 16.982ms
[2022-09-29T07:19:21.798+0000][7][gc,cpu      ] GC(87) User=0.03s Sys=0.00s Real=0.01s
[2022-09-29T07:19:21.799+0000][7][gc          ] GC(88) Concurrent Cycle
[2022-09-29T07:19:21.799+0000][7][safepoint   ] Safepoint "G1CollectForAllocation", Time since last: 2705205162 ns, Reaching safepoint: 385748 ns, At safepoint: 17719864 ns, Total: 18105612 ns
[2022-09-29T07:19:21.799+0000][7][gc,marking  ] GC(88) Concurrent Clear Claimed Marks
[2022-09-29T07:19:21.800+0000][7][gc,marking  ] GC(88) Concurrent Clear Claimed Marks 0.805ms
[2022-09-29T07:19:21.800+0000][7][gc,marking  ] GC(88) Concurrent Scan Root Regions
[2022-09-29T07:19:21.804+0000][7][gc,marking  ] GC(88) Concurrent Scan Root Regions 3.739ms
[2022-09-29T07:19:21.804+0000][7][gc,marking  ] GC(88) Concurrent Mark (4570.897s)
[2022-09-29T07:19:21.805+0000][7][gc,marking  ] GC(88) Concurrent Mark From Roots
[2022-09-29T07:19:21.805+0000][7][gc,task     ] GC(88) Using 3 workers of 3 for marking
[2022-09-29T07:19:21.877+0000][7][gc,marking  ] GC(88) Concurrent Mark From Roots 72.879ms
[2022-09-29T07:19:21.878+0000][7][gc,marking  ] GC(88) Concurrent Preclean
[2022-09-29T07:19:21.879+0000][7][gc,marking  ] GC(88) Concurrent Preclean 0.755ms
[2022-09-29T07:19:21.879+0000][7][gc,marking  ] GC(88) Concurrent Mark (4570.897s, 4570.972s) 74.818ms
[2022-09-29T07:19:21.880+0000][7][gc,start    ] GC(88) Pause Remark
[2022-09-29T07:19:21.900+0000][7][gc          ] GC(88) Pause Remark 121M->121M(256M) 20.418ms
[2022-09-29T07:19:21.901+0000][7][gc,cpu      ] GC(88) User=0.10s Sys=0.00s Real=0.02s
[2022-09-29T07:19:21.901+0000][7][safepoint   ] Safepoint "G1Concurrent", Time since last: 80875848 ns, Reaching safepoint: 379575 ns, At safepoint: 21392316 ns, Total: 21771891 ns
[2022-09-29T07:19:21.902+0000][7][gc,marking  ] GC(88) Concurrent Rebuild Remembered Sets
[2022-09-29T07:19:21.947+0000][7][gc,marking  ] GC(88) Concurrent Rebuild Remembered Sets 45.670ms
[2022-09-29T07:19:21.948+0000][7][gc,start    ] GC(88) Pause Cleanup
[2022-09-29T07:19:21.949+0000][7][gc          ] GC(88) Pause Cleanup 122M->122M(256M) 0.553ms
[2022-09-29T07:19:21.949+0000][7][gc,cpu      ] GC(88) User=0.00s Sys=0.00s Real=0.00s
[2022-09-29T07:19:21.949+0000][7][safepoint   ] Safepoint "G1Concurrent", Time since last: 46554522 ns, Reaching safepoint: 358283 ns, At safepoint: 1240554 ns, Total: 1598837 ns
[2022-09-29T07:19:21.950+0000][7][gc,marking  ] GC(88) Concurrent Cleanup for Next Mark
[2022-09-29T07:19:21.951+0000][7][gc,marking  ] GC(88) Concurrent Cleanup for Next Mark 0.828ms
[2022-09-29T07:19:21.951+0000][7][gc          ] GC(88) Concurrent Cycle 152.460ms
[2022-09-29T07:19:22.122+0000][7][safepoint   ] Safepoint "ICBufferFull", Time since last: 172587313 ns, Reaching safepoint: 501468 ns, At safepoint: 47050 ns, Total: 548518 ns
[2022-09-29T07:19:22.506+0000][7][safepoint   ] Safepoint "ICBufferFull", Time since last: 382921034 ns, Reaching safepoint: 616948 ns, At safepoint: 69021 ns, Total: 685969 ns
[2022-09-29T07:19:23.507+0000][7][safepoint   ] Safepoint "Cleanup", Time since last: 1000673039 ns, Reaching safepoint: 339517 ns, At safepoint: 14047 ns, Total: 353564 ns
[2022-09-29T07:19:25.509+0000][7][safepoint   ] Safepoint "Cleanup", Time since last: 2001313051 ns, Reaching safepoint: 378281 ns, At safepoint: 41549 ns, Total: 419830 ns
[2022-09-29T07:19:28.510+0000][7][safepoint   ] Safepoint "Cleanup", Time since last: 3000878043 ns, Reaching safepoint: 364885 ns, At safepoint: 49134 ns, Total: 414019 ns
[2022-09-29T07:19:29.511+0000][7][safepoint   ] Safepoint "Cleanup", Time since last: 1000685582 ns, Reaching safepoint: 483241 ns, At safepoint: 52510 ns, Total: 535751 ns
[2022-09-29T07:19:32.513+0000][7][safepoint   ] Safepoint "Cleanup", Time since last: 3000880936 ns, Reaching safepoint: 325538 ns, At safepoint: 38574 ns, Total: 364112 ns
[2022-09-29T07:19:33.514+0000][7][safepoint   ] Safepoint "Cleanup", Time since last: 1000610379 ns, Reaching safepoint: 267209 ns, At safepoint: 30869 ns, Total: 298078 ns
[2022-09-29T07:19:45.516+0000][7][safepoint   ] Safepoint "Cleanup", Time since last: 12002216235 ns, Reaching safepoint: 408977 ns, At safepoint: 24747 ns, Total: 433724 ns
[2022-09-29T07:19:50.518+0000][7][safepoint   ] Safepoint "Cleanup", Time since last: 5001514114 ns, Reaching safepoint: 346593 ns, At safepoint: 33845 ns, Total: 380438 ns
[2022-09-29T07:19:52.519+0000][7][safepoint   ] Safepoint "Cleanup", Time since last: 2000869258 ns, Reaching safepoint: 301785 ns, At safepoint: 78028 ns, Total: 379813 ns
[2022-09-29T07:19:55.520+0000][7][safepoint   ] Safepoint "Cleanup", Time since last: 3000862291 ns, Reaching safepoint: 249633 ns, At safepoint: 28455 ns, Total: 278088 ns
[2022-09-29T07:20:00.522+0000][7][safepoint   ] Safepoint "Cleanup", Time since last: 5001443028 ns, Reaching safepoint: 351200 ns, At safepoint: 51017 ns, Total: 402217 ns
[2022-09-29T07:20:03.524+0000][7][safepoint   ] Safepoint "Cleanup", Time since last: 3000827196 ns, Reaching safepoint: 512887 ns, At safepoint: 36089 ns, Total: 548976 ns
[2022-09-29T07:20:05.525+0000][7][safepoint   ] Safepoint "Cleanup", Time since last: 2000779777 ns, Reaching safepoint: 334588 ns, At safepoint: 36129 ns, Total: 370717 ns
[2022-09-29T07:20:06.526+0000][7][safepoint   ] Safepoint "Cleanup", Time since last: 1000895853 ns, Reaching safepoint: 321034 ns, At safepoint: 28625 ns, Total: 349659 ns
[2022-09-29T07:20:07.527+0000][7][safepoint   ] Safepoint "Cleanup", Time since last: 1000499024 ns, Reaching safepoint: 261506 ns, At safepoint: 30398 ns, Total: 291904 ns
[2022-09-29T07:20:15.529+0000][7][safepoint   ] Safepoint "Cleanup", Time since last: 8001659070 ns, Reaching safepoint: 331890 ns, At safepoint: 23956 ns, Total: 355846 ns
[2022-09-29T07:20:23.532+0000][7][safepoint   ] Safepoint "Cleanup", Time since last: 8002297785 ns, Reaching safepoint: 569527 ns, At safepoint: 47912 ns, Total: 617439 ns
[2022-09-29T07:20:25.533+0000][7][safepoint   ] Safepoint "Cleanup", Time since last: 2000842785 ns, Reaching safepoint: 332734 ns, At safepoint: 50056 ns, Total: 382790 ns
[2022-09-29T07:20:26.116+0000][7][gc,start    ] GC(89) Pause Young (Normal) (G1 Evacuation Pause)
[2022-09-29T07:20:26.117+0000][7][gc,task     ] GC(89) Using 6 workers of 13 for evacuation
[2022-09-29T07:20:26.117+0000][7][gc,age      ] GC(89) Desired survivor size 6291456 bytes, new threshold 15 (max threshold 15)
[2022-09-29T07:20:26.124+0000][7][gc,age      ] GC(89) Age table with threshold 15 (max threshold 15)
[2022-09-29T07:20:26.125+0000][7][gc,age      ] GC(89) - age   1:     795136 bytes,     795136 total
[2022-09-29T07:20:26.125+0000][7][gc,age      ] GC(89) - age   2:     484776 bytes,    1279912 total
[2022-09-29T07:20:26.126+0000][7][gc,age      ] GC(89) - age   3:     284616 bytes,    1564528 total
[2022-09-29T07:20:26.126+0000][7][gc,age      ] GC(89) - age   4:     211040 bytes,    1775568 total
[2022-09-29T07:20:26.127+0000][7][gc,age      ] GC(89) - age   5:     140296 bytes,    1915864 total
[2022-09-29T07:20:26.127+0000][7][gc,age      ] GC(89) - age   6:     561384 bytes,    2477248 total
[2022-09-29T07:20:26.128+0000][7][gc,age      ] GC(89) - age   7:      95744 bytes,    2572992 total
[2022-09-29T07:20:26.128+0000][7][gc,age      ] GC(89) - age   8:       2472 bytes,    2575464 total
[2022-09-29T07:20:26.128+0000][7][gc,age      ] GC(89) - age   9:       3480 bytes,    2578944 total
[2022-09-29T07:20:26.129+0000][7][gc,age      ] GC(89) - age  10:      13976 bytes,    2592920 total
[2022-09-29T07:20:26.129+0000][7][gc,age      ] GC(89) - age  11:       6080 bytes,    2599000 total
[2022-09-29T07:20:26.130+0000][7][gc,age      ] GC(89) - age  12:      59672 bytes,    2658672 total
[2022-09-29T07:20:26.130+0000][7][gc,age      ] GC(89) - age  13:      15776 bytes,    2674448 total
[2022-09-29T07:20:26.131+0000][7][gc,age      ] GC(89) - age  14:      23152 bytes,    2697600 total
[2022-09-29T07:20:26.131+0000][7][gc,age      ] GC(89) - age  15:      37632 bytes,    2735232 total
[2022-09-29T07:20:26.132+0000][7][gc,phases   ] GC(89)   Pre Evacuate Collection Set: 0.3ms
[2022-09-29T07:20:26.132+0000][7][gc,phases   ] GC(89)   Merge Heap Roots: 0.2ms
[2022-09-29T07:20:26.132+0000][7][gc,phases   ] GC(89)   Evacuate Collection Set: 3.7ms
[2022-09-29T07:20:26.133+0000][7][gc,phases   ] GC(89)   Post Evacuate Collection Set: 2.2ms
[2022-09-29T07:20:26.133+0000][7][gc,phases   ] GC(89)   Other: 8.8ms
[2022-09-29T07:20:26.133+0000][7][gc,heap     ] GC(89) Eden regions: 21->0(21)
[2022-09-29T07:20:26.134+0000][7][gc,heap     ] GC(89) Survivor regions: 1->1(3)
[2022-09-29T07:20:26.134+0000][7][gc,heap     ] GC(89) Old regions: 24->24
[2022-09-29T07:20:26.135+0000][7][gc,heap     ] GC(89) Archive regions: 2->2
[2022-09-29T07:20:26.135+0000][7][gc,heap     ] GC(89) Humongous regions: 5->5
[2022-09-29T07:20:26.135+0000][7][gc,metaspace] GC(89) Metaspace: 112302K(116636K)->112302K(116636K) NonClass: 97773K(100764K)->97773K(100764K) Class: 14528K(15872K)->14528K(15872K)
[2022-09-29T07:20:26.136+0000][7][gc          ] GC(89) Pause Young (Normal) (G1 Evacuation Pause) 205M->121M(256M) 19.417ms
[2022-09-29T07:20:26.136+0000][7][gc,cpu      ] GC(89) User=0.03s Sys=0.00s Real=0.02s
[2022-09-29T07:20:26.137+0000][7][safepoint   ] Safepoint "G1CollectForAllocation", Time since last: 582855809 ns, Reaching safepoint: 426633 ns, At safepoint: 20608656 ns, Total: 21035289 ns
[2022-09-29T07:20:32.139+0000][7][safepoint   ] Safepoint "Cleanup", Time since last: 6001456661 ns, Reaching safepoint: 285185 ns, At safepoint: 32823 ns, Total: 318008 ns
[2022-09-29T07:20:33.140+0000][7][safepoint   ] Safepoint "Cleanup", Time since last: 1000521096 ns, Reaching safepoint: 290203 ns, At safepoint: 23876 ns, Total: 314079 ns
[2022-09-29T07:20:34.140+0000][7][safepoint   ] Safepoint "Cleanup", Time since last: 1000473548 ns, Reaching safepoint: 248268 ns, At safepoint: 39936 ns, Total: 288204 ns
[2022-09-29T07:20:40.142+0000][7][safepoint   ] Safepoint "Cleanup", Time since last: 6001820960 ns, Reaching safepoint: 277371 ns, At safepoint: 33444 ns, Total: 310815 ns
[2022-09-29T07:20:41.143+0000][7][safepoint   ] Safepoint "Cleanup", Time since last: 1000560561 ns, Reaching safepoint: 348655 ns, At safepoint: 58010 ns, Total: 406665 ns
[2022-09-29T07:20:43.145+0000][7][safepoint   ] Safepoint "Cleanup", Time since last: 2000773776 ns, Reaching safepoint: 475406 ns, At safepoint: 47431 ns, Total: 522837 ns
[2022-09-29T07:20:45.146+0000][7][safepoint   ] Safepoint "Cleanup", Time since last: 2000782823 ns, Reaching safepoint: 319750 ns, At safepoint: 37912 ns, Total: 357662 ns
[2022-09-29T07:20:46.147+0000][7][safepoint   ] Safepoint "Cleanup", Time since last: 1000507082 ns, Reaching safepoint: 276727 ns, At safepoint: 41990 ns, Total: 318717 ns
[2022-09-29T07:20:53.149+0000][7][safepoint   ] Safepoint "Cleanup", Time since last: 7001792669 ns, Reaching safepoint: 278594 ns, At safepoint: 34646 ns, Total: 313240 ns
[2022-09-29T07:20:55.151+0000][7][safepoint   ] Safepoint "Cleanup", Time since last: 2000755358 ns, Reaching safepoint: 1737471 ns, At safepoint: 85813 ns, Total: 1823284 ns
[2022-09-29T07:21:03.153+0000][7][safepoint   ] Safepoint "Cleanup", Time since last: 8001807890 ns, Reaching safepoint: 269844 ns, At safepoint: 26510 ns, Total: 296354 ns
[2022-09-29T07:21:04.154+0000][7][safepoint   ] Safepoint "Cleanup", Time since last: 1000515891 ns, Reaching safepoint: 335329 ns, At safepoint: 9428 ns, Total: 344757 ns
[2022-09-29T07:21:15.157+0000][7][safepoint   ] Safepoint "Cleanup", Time since last: 11002325699 ns, Reaching safepoint: 418988 ns, At safepoint: 27022 ns, Total: 446010 ns
[2022-09-29T07:21:16.158+0000][7][safepoint   ] Safepoint "Cleanup", Time since last: 1000580542 ns, Reaching safepoint: 305669 ns, At safepoint: 24187 ns, Total: 329856 ns
[2022-09-29T07:21:27.973+0000][7][gc,start    ] GC(90) Pause Young (Concurrent Start) (G1 Evacuation Pause)
[2022-09-29T07:21:27.973+0000][7][gc,task     ] GC(90) Using 6 workers of 13 for evacuation
[2022-09-29T07:21:27.974+0000][7][gc,age      ] GC(90) Desired survivor size 6291456 bytes, new threshold 15 (max threshold 15)
[2022-09-29T07:21:27.980+0000][7][gc,age      ] GC(90) Age table with threshold 15 (max threshold 15)
[2022-09-29T07:21:27.980+0000][7][gc,age      ] GC(90) - age   1:     828400 bytes,     828400 total
[2022-09-29T07:21:27.980+0000][7][gc,age      ] GC(90) - age   2:     610840 bytes,    1439240 total
[2022-09-29T07:21:27.980+0000][7][gc,age      ] GC(90) - age   3:     469192 bytes,    1908432 total
[2022-09-29T07:21:27.980+0000][7][gc,age      ] GC(90) - age   4:     284224 bytes,    2192656 total
[2022-09-29T07:21:27.981+0000][7][gc,age      ] GC(90) - age   5:     210680 bytes,    2403336 total
[2022-09-29T07:21:27.981+0000][7][gc,age      ] GC(90) - age   6:     140104 bytes,    2543440 total
[2022-09-29T07:21:27.981+0000][7][gc,age      ] GC(90) - age   7:     561064 bytes,    3104504 total
[2022-09-29T07:21:27.981+0000][7][gc,age      ] GC(90) - age   8:      95448 bytes,    3199952 total
[2022-09-29T07:21:27.981+0000][7][gc,age      ] GC(90) - age   9:       2408 bytes,    3202360 total
[2022-09-29T07:21:27.982+0000][7][gc,age      ] GC(90) - age  10:       3416 bytes,    3205776 total
[2022-09-29T07:21:27.982+0000][7][gc,age      ] GC(90) - age  11:      13976 bytes,    3219752 total
[2022-09-29T07:21:27.982+0000][7][gc,age      ] GC(90) - age  12:       6080 bytes,    3225832 total
[2022-09-29T07:21:27.982+0000][7][gc,age      ] GC(90) - age  13:      59384 bytes,    3285216 total
[2022-09-29T07:21:27.982+0000][7][gc,age      ] GC(90) - age  14:      15736 bytes,    3300952 total
[2022-09-29T07:21:27.982+0000][7][gc,age      ] GC(90) - age  15:      23152 bytes,    3324104 total
[2022-09-29T07:21:27.983+0000][7][gc,phases   ] GC(90)   Pre Evacuate Collection Set: 0.4ms
[2022-09-29T07:21:27.983+0000][7][gc,phases   ] GC(90)   Merge Heap Roots: 0.3ms
[2022-09-29T07:21:27.983+0000][7][gc,phases   ] GC(90)   Evacuate Collection Set: 3.5ms
[2022-09-29T07:21:27.983+0000][7][gc,phases   ] GC(90)   Post Evacuate Collection Set: 1.5ms
[2022-09-29T07:21:27.983+0000][7][gc,phases   ] GC(90)   Other: 4.1ms
[2022-09-29T07:21:27.984+0000][7][gc,heap     ] GC(90) Eden regions: 21->0(21)
[2022-09-29T07:21:27.984+0000][7][gc,heap     ] GC(90) Survivor regions: 1->1(3)
[2022-09-29T07:21:27.984+0000][7][gc,heap     ] GC(90) Old regions: 24->24
[2022-09-29T07:21:27.984+0000][7][gc,heap     ] GC(90) Archive regions: 2->2
[2022-09-29T07:21:27.984+0000][7][gc,heap     ] GC(90) Humongous regions: 5->5
[2022-09-29T07:21:27.985+0000][7][gc,metaspace] GC(90) Metaspace: 112335K(116636K)->112335K(116636K) NonClass: 97806K(100764K)->97806K(100764K) Class: 14528K(15872K)->14528K(15872K)
[2022-09-29T07:21:27.985+0000][7][gc          ] GC(90) Pause Young (Concurrent Start) (G1 Evacuation Pause) 205M->121M(256M) 11.845ms
[2022-09-29T07:21:27.985+0000][7][gc,cpu      ] GC(90) User=0.01s Sys=0.01s Real=0.01s
[2022-09-29T07:21:27.985+0000][7][gc          ] GC(91) Concurrent Cycle
[2022-09-29T07:21:27.986+0000][7][safepoint   ] Safepoint "G1CollectForAllocation", Time since last: 11814653750 ns, Reaching safepoint: 317495 ns, At safepoint: 12558103 ns, Total: 12875598 ns
[2022-09-29T07:21:27.986+0000][7][gc,marking  ] GC(91) Concurrent Clear Claimed Marks
[2022-09-29T07:21:27.987+0000][7][gc,marking  ] GC(91) Concurrent Clear Claimed Marks 1.020ms
[2022-09-29T07:21:27.987+0000][7][gc,marking  ] GC(91) Concurrent Scan Root Regions
[2022-09-29T07:21:27.991+0000][7][gc,marking  ] GC(91) Concurrent Scan Root Regions 3.258ms
[2022-09-29T07:21:27.991+0000][7][gc,marking  ] GC(91) Concurrent Mark (4697.084s)
[2022-09-29T07:21:27.992+0000][7][gc,marking  ] GC(91) Concurrent Mark From Roots
[2022-09-29T07:21:27.992+0000][7][gc,task     ] GC(91) Using 3 workers of 3 for marking
[2022-09-29T07:21:28.057+0000][7][gc,marking  ] GC(91) Concurrent Mark From Roots 65.705ms
[2022-09-29T07:21:28.058+0000][7][gc,marking  ] GC(91) Concurrent Preclean
[2022-09-29T07:21:28.059+0000][7][gc,marking  ] GC(91) Concurrent Preclean 1.114ms
[2022-09-29T07:21:28.059+0000][7][gc,marking  ] GC(91) Concurrent Mark (4697.084s, 4697.152s) 68.456ms
[2022-09-29T07:21:28.061+0000][7][gc,start    ] GC(91) Pause Remark
[2022-09-29T07:21:28.070+0000][7][gc          ] GC(91) Pause Remark 123M->123M(256M) 9.124ms
[2022-09-29T07:21:28.070+0000][7][gc,cpu      ] GC(91) User=0.04s Sys=0.00s Real=0.01s
[2022-09-29T07:21:28.071+0000][7][safepoint   ] Safepoint "G1Concurrent", Time since last: 74765652 ns, Reaching safepoint: 443054 ns, At safepoint: 10030594 ns, Total: 10473648 ns
[2022-09-29T07:21:28.071+0000][7][gc,marking  ] GC(91) Concurrent Rebuild Remembered Sets
[2022-09-29T07:21:28.110+0000][7][gc,marking  ] GC(91) Concurrent Rebuild Remembered Sets 38.891ms
[2022-09-29T07:21:28.111+0000][7][gc,start    ] GC(91) Pause Cleanup
[2022-09-29T07:21:28.112+0000][7][gc          ] GC(91) Pause Cleanup 124M->124M(256M) 0.717ms
[2022-09-29T07:21:28.112+0000][7][gc,cpu      ] GC(91) User=0.00s Sys=0.00s Real=0.00s
[2022-09-29T07:21:28.113+0000][7][safepoint   ] Safepoint "G1Concurrent", Time since last: 40019943 ns, Reaching safepoint: 379503 ns, At safepoint: 1587625 ns, Total: 1967128 ns
[2022-09-29T07:21:28.113+0000][7][gc,marking  ] GC(91) Concurrent Cleanup for Next Mark
[2022-09-29T07:21:28.114+0000][7][gc,marking  ] GC(91) Concurrent Cleanup for Next Mark 0.916ms
[2022-09-29T07:21:28.115+0000][7][gc          ] GC(91) Concurrent Cycle 129.087ms
[2022-09-29T07:21:28.168+0000][7][safepoint   ] Safepoint "ICBufferFull", Time since last: 54990671 ns, Reaching safepoint: 373562 ns, At safepoint: 30678 ns, Total: 404240 ns
[2022-09-29T07:21:29.169+0000][7][safepoint   ] Safepoint "Cleanup", Time since last: 1000460052 ns, Reaching safepoint: 443120 ns, At safepoint: 52681 ns, Total: 495801 ns
[2022-09-29T07:21:33.171+0000][7][safepoint   ] Safepoint "Cleanup", Time since last: 4001447897 ns, Reaching safepoint: 370215 ns, At safepoint: 54624 ns, Total: 424839 ns
[2022-09-29T07:21:45.173+0000][7][safepoint   ] Safepoint "Cleanup", Time since last: 12002039296 ns, Reaching safepoint: 278210 ns, At safepoint: 23234 ns, Total: 301444 ns
[2022-09-29T07:22:03.179+0000][7][safepoint   ] Safepoint "Cleanup", Time since last: 18005502051 ns, Reaching safepoint: 311775 ns, At safepoint: 30367 ns, Total: 342142 ns
[2022-09-29T07:22:13.182+0000][7][safepoint   ] Safepoint "Cleanup", Time since last: 10002074870 ns, Reaching safepoint: 284635 ns, At safepoint: 27783 ns, Total: 312418 ns
[2022-09-29T07:22:19.183+0000][7][safepoint   ] Safepoint "Cleanup", Time since last: 6001527325 ns, Reaching safepoint: 350237 ns, At safepoint: 53362 ns, Total: 403599 ns
[2022-09-29T07:22:28.186+0000][7][safepoint   ] Safepoint "Cleanup", Time since last: 9002384283 ns, Reaching safepoint: 309079 ns, At safepoint: 55907 ns, Total: 364986 ns
[2022-09-29T07:22:31.187+0000][7][safepoint   ] Safepoint "Cleanup", Time since last: 3000841172 ns, Reaching safepoint: 204200 ns, At safepoint: 7133 ns, Total: 211333 ns
[2022-09-29T07:22:32.370+0000][7][gc,start    ] GC(92) Pause Young (Normal) (G1 Evacuation Pause)
[2022-09-29T07:22:32.371+0000][7][gc,task     ] GC(92) Using 6 workers of 13 for evacuation
[2022-09-29T07:22:32.371+0000][7][gc,age      ] GC(92) Desired survivor size 6291456 bytes, new threshold 15 (max threshold 15)
[2022-09-29T07:22:32.376+0000][7][gc,age      ] GC(92) Age table with threshold 15 (max threshold 15)
[2022-09-29T07:22:32.376+0000][7][gc,age      ] GC(92) - age   1:     701552 bytes,     701552 total
[2022-09-29T07:22:32.377+0000][7][gc,age      ] GC(92) - age   2:      50880 bytes,     752432 total
[2022-09-29T07:22:32.377+0000][7][gc,age      ] GC(92) - age   3:      93400 bytes,     845832 total
[2022-09-29T07:22:32.377+0000][7][gc,age      ] GC(92) - age   4:     175496 bytes,    1021328 total
[2022-09-29T07:22:32.378+0000][7][gc,age      ] GC(92) - age   5:     283648 bytes,    1304976 total
[2022-09-29T07:22:32.378+0000][7][gc,age      ] GC(92) - age   6:     210064 bytes,    1515040 total
[2022-09-29T07:22:32.379+0000][7][gc,age      ] GC(92) - age   7:      92192 bytes,    1607232 total
[2022-09-29T07:22:32.379+0000][7][gc,age      ] GC(92) - age   8:     417688 bytes,    2024920 total
[2022-09-29T07:22:32.379+0000][7][gc,age      ] GC(92) - age   9:      95064 bytes,    2119984 total
[2022-09-29T07:22:32.380+0000][7][gc,age      ] GC(92) - age  10:       2408 bytes,    2122392 total
[2022-09-29T07:22:32.380+0000][7][gc,age      ] GC(92) - age  11:       3256 bytes,    2125648 total
[2022-09-29T07:22:32.380+0000][7][gc,age      ] GC(92) - age  12:      13976 bytes,    2139624 total
[2022-09-29T07:22:32.380+0000][7][gc,age      ] GC(92) - age  13:       5952 bytes,    2145576 total
[2022-09-29T07:22:32.381+0000][7][gc,age      ] GC(92) - age  14:      59384 bytes,    2204960 total
[2022-09-29T07:22:32.381+0000][7][gc,age      ] GC(92) - age  15:      15736 bytes,    2220696 total
[2022-09-29T07:22:32.381+0000][7][gc,phases   ] GC(92)   Pre Evacuate Collection Set: 0.2ms
[2022-09-29T07:22:32.382+0000][7][gc,phases   ] GC(92)   Merge Heap Roots: 0.2ms
[2022-09-29T07:22:32.382+0000][7][gc,phases   ] GC(92)   Evacuate Collection Set: 2.8ms
[2022-09-29T07:22:32.382+0000][7][gc,phases   ] GC(92)   Post Evacuate Collection Set: 1.3ms
[2022-09-29T07:22:32.382+0000][7][gc,phases   ] GC(92)   Other: 6.4ms
[2022-09-29T07:22:32.383+0000][7][gc,heap     ] GC(92) Eden regions: 21->0(21)
[2022-09-29T07:22:32.383+0000][7][gc,heap     ] GC(92) Survivor regions: 1->1(3)
[2022-09-29T07:22:32.383+0000][7][gc,heap     ] GC(92) Old regions: 24->24
[2022-09-29T07:22:32.384+0000][7][gc,heap     ] GC(92) Archive regions: 2->2
[2022-09-29T07:22:32.384+0000][7][gc,heap     ] GC(92) Humongous regions: 5->5
[2022-09-29T07:22:32.384+0000][7][gc,metaspace] GC(92) Metaspace: 112414K(116892K)->112414K(116892K) NonClass: 97885K(101020K)->97885K(101020K) Class: 14529K(15872K)->14529K(15872K)
[2022-09-29T07:22:32.384+0000][7][gc          ] GC(92) Pause Young (Normal) (G1 Evacuation Pause) 205M->120M(256M) 14.047ms
[2022-09-29T07:22:32.385+0000][7][gc,cpu      ] GC(92) User=0.02s Sys=0.00s Real=0.01s
[2022-09-29T07:22:32.385+0000][7][safepoint   ] Safepoint "G1CollectForAllocation", Time since last: 1182702178 ns, Reaching safepoint: 379269 ns, At safepoint: 14814088 ns, Total: 15193357 ns
[2022-09-29T07:22:40.388+0000][7][safepoint   ] Safepoint "Cleanup", Time since last: 8002125917 ns, Reaching safepoint: 303699 ns, At safepoint: 23094 ns, Total: 326793 ns
[2022-09-29T07:22:46.389+0000][7][safepoint   ] Safepoint "Cleanup", Time since last: 6001332606 ns, Reaching safepoint: 271656 ns, At safepoint: 57329 ns, Total: 328985 ns
[2022-09-29T07:22:56.393+0000][7][safepoint   ] Safepoint "Cleanup", Time since last: 10003492345 ns, Reaching safepoint: 276126 ns, At safepoint: 24557 ns, Total: 300683 ns
[2022-09-29T07:22:58.394+0000][7][safepoint   ] Safepoint "Cleanup", Time since last: 2000792981 ns, Reaching safepoint: 370015 ns, At safepoint: 60946 ns, Total: 430961 ns
[2022-09-29T07:23:03.396+0000][7][safepoint   ] Safepoint "Cleanup", Time since last: 5001269558 ns, Reaching safepoint: 314519 ns, At safepoint: 44736 ns, Total: 359255 ns
[2022-09-29T07:23:07.397+0000][7][safepoint   ] Safepoint "Cleanup", Time since last: 4001206685 ns, Reaching safepoint: 253901 ns, At safepoint: 25769 ns, Total: 279670 ns
[2022-09-29T07:23:14.399+0000][7][safepoint   ] Safepoint "Cleanup", Time since last: 7001369465 ns, Reaching safepoint: 356049 ns, At safepoint: 20038 ns, Total: 376087 ns
[2022-09-29T07:23:15.400+0000][7][safepoint   ] Safepoint "Cleanup", Time since last: 1000508252 ns, Reaching safepoint: 621837 ns, At safepoint: 47491 ns, Total: 669328 ns
[2022-09-29T07:23:16.401+0000][7][safepoint   ] Safepoint "Cleanup", Time since last: 1000667265 ns, Reaching safepoint: 327076 ns, At safepoint: 27823 ns, Total: 354899 ns
[2022-09-29T07:23:20.403+0000][7][safepoint   ] Safepoint "Cleanup", Time since last: 4000870802 ns, Reaching safepoint: 358541 ns, At safepoint: 37732 ns, Total: 396273 ns
[2022-09-29T07:23:29.341+0000][7][safepoint   ] Safepoint "Cleanup", Time since last: 8938401181 ns, Reaching safepoint: 383659 ns, At safepoint: 31500 ns, Total: 415159 ns
[2022-09-29T07:23:30.343+0000][7][safepoint   ] Safepoint "Cleanup", Time since last: 1000727104 ns, Reaching safepoint: 369559 ns, At safepoint: 30899 ns, Total: 400458 ns
[2022-09-29T07:23:31.343+0000][7][safepoint   ] Safepoint "Cleanup", Time since last: 1000277515 ns, Reaching safepoint: 242532 ns, At safepoint: 9518 ns, Total: 252050 ns
[2022-09-29T07:23:34.345+0000][7][safepoint   ] Safepoint "Cleanup", Time since last: 3001168256 ns, Reaching safepoint: 295834 ns, At safepoint: 6161 ns, Total: 301995 ns
[2022-09-29T07:23:47.348+0000][7][safepoint   ] Safepoint "Cleanup", Time since last: 13003068701 ns, Reaching safepoint: 339599 ns, At safepoint: 33464 ns, Total: 373063 ns
[2022-09-29T07:23:50.349+0000][7][safepoint   ] Safepoint "Cleanup", Time since last: 3000918628 ns, Reaching safepoint: 303887 ns, At safepoint: 24887 ns, Total: 328774 ns
[2022-09-29T07:23:51.227+0000][7][gc,start    ] GC(93) Pause Young (Concurrent Start) (G1 Evacuation Pause)
[2022-09-29T07:23:51.228+0000][7][gc,task     ] GC(93) Using 6 workers of 13 for evacuation
[2022-09-29T07:23:51.228+0000][7][gc,age      ] GC(93) Desired survivor size 6291456 bytes, new threshold 15 (max threshold 15)
[2022-09-29T07:23:51.234+0000][7][gc,age      ] GC(93) Age table with threshold 15 (max threshold 15)
[2022-09-29T07:23:51.234+0000][7][gc,age      ] GC(93) - age   1:     753728 bytes,     753728 total
[2022-09-29T07:23:51.235+0000][7][gc,age      ] GC(93) - age   2:     513192 bytes,    1266920 total
[2022-09-29T07:23:51.235+0000][7][gc,age      ] GC(93) - age   3:      47344 bytes,    1314264 total
[2022-09-29T07:23:51.235+0000][7][gc,age      ] GC(93) - age   4:      46768 bytes,    1361032 total
[2022-09-29T07:23:51.235+0000][7][gc,age      ] GC(93) - age   5:     134312 bytes,    1495344 total
[2022-09-29T07:23:51.235+0000][7][gc,age      ] GC(93) - age   6:     266712 bytes,    1762056 total
[2022-09-29T07:23:51.236+0000][7][gc,age      ] GC(93) - age   7:     209936 bytes,    1971992 total
[2022-09-29T07:23:51.236+0000][7][gc,age      ] GC(93) - age   8:      91896 bytes,    2063888 total
[2022-09-29T07:23:51.236+0000][7][gc,age      ] GC(93) - age   9:     417592 bytes,    2481480 total
[2022-09-29T07:23:51.236+0000][7][gc,age      ] GC(93) - age  10:      94688 bytes,    2576168 total
[2022-09-29T07:23:51.236+0000][7][gc,age      ] GC(93) - age  11:       2408 bytes,    2578576 total
[2022-09-29T07:23:51.236+0000][7][gc,age      ] GC(93) - age  12:       3256 bytes,    2581832 total
[2022-09-29T07:23:51.237+0000][7][gc,age      ] GC(93) - age  13:      13976 bytes,    2595808 total
[2022-09-29T07:23:51.237+0000][7][gc,age      ] GC(93) - age  14:       5912 bytes,    2601720 total
[2022-09-29T07:23:51.237+0000][7][gc,age      ] GC(93) - age  15:      59384 bytes,    2661104 total
[2022-09-29T07:23:51.237+0000][7][gc,phases   ] GC(93)   Pre Evacuate Collection Set: 0.5ms
[2022-09-29T07:23:51.237+0000][7][gc,phases   ] GC(93)   Merge Heap Roots: 0.1ms
[2022-09-29T07:23:51.237+0000][7][gc,phases   ] GC(93)   Evacuate Collection Set: 3.5ms
[2022-09-29T07:23:51.238+0000][7][gc,phases   ] GC(93)   Post Evacuate Collection Set: 1.3ms
[2022-09-29T07:23:51.238+0000][7][gc,phases   ] GC(93)   Other: 4.9ms
[2022-09-29T07:23:51.238+0000][7][gc,heap     ] GC(93) Eden regions: 21->0(21)
[2022-09-29T07:23:51.238+0000][7][gc,heap     ] GC(93) Survivor regions: 1->1(3)
[2022-09-29T07:23:51.238+0000][7][gc,heap     ] GC(93) Old regions: 24->24
[2022-09-29T07:23:51.238+0000][7][gc,heap     ] GC(93) Archive regions: 2->2
[2022-09-29T07:23:51.239+0000][7][gc,heap     ] GC(93) Humongous regions: 5->5
[2022-09-29T07:23:51.240+0000][7][gc,metaspace] GC(93) Metaspace: 112468K(116892K)->112468K(116892K) NonClass: 97938K(101020K)->97938K(101020K) Class: 14529K(15872K)->14529K(15872K)
[2022-09-29T07:23:51.240+0000][7][gc          ] GC(93) Pause Young (Concurrent Start) (G1 Evacuation Pause) 204M->121M(256M) 13.099ms
[2022-09-29T07:23:51.240+0000][7][gc,cpu      ] GC(93) User=0.02s Sys=0.00s Real=0.02s
[2022-09-29T07:23:51.241+0000][7][gc          ] GC(94) Concurrent Cycle
[2022-09-29T07:23:51.241+0000][7][safepoint   ] Safepoint "G1CollectForAllocation", Time since last: 877075701 ns, Reaching safepoint: 376462 ns, At safepoint: 14107363 ns, Total: 14483825 ns
[2022-09-29T07:23:51.241+0000][7][gc,marking  ] GC(94) Concurrent Clear Claimed Marks
[2022-09-29T07:23:51.242+0000][7][gc,marking  ] GC(94) Concurrent Clear Claimed Marks 0.711ms
[2022-09-29T07:23:51.242+0000][7][gc,marking  ] GC(94) Concurrent Scan Root Regions
[2022-09-29T07:23:51.244+0000][7][gc,marking  ] GC(94) Concurrent Scan Root Regions 1.988ms
[2022-09-29T07:23:51.245+0000][7][gc,marking  ] GC(94) Concurrent Mark (4840.337s)
[2022-09-29T07:23:51.245+0000][7][gc,marking  ] GC(94) Concurrent Mark From Roots
[2022-09-29T07:23:51.245+0000][7][gc,task     ] GC(94) Using 3 workers of 3 for marking
[2022-09-29T07:23:51.291+0000][7][gc,marking  ] GC(94) Concurrent Mark From Roots 46.772ms
[2022-09-29T07:23:51.292+0000][7][gc,marking  ] GC(94) Concurrent Preclean
[2022-09-29T07:23:51.292+0000][7][gc,marking  ] GC(94) Concurrent Preclean 0.560ms
[2022-09-29T07:23:51.293+0000][7][gc,marking  ] GC(94) Concurrent Mark (4840.337s, 4840.385s) 48.257ms
[2022-09-29T07:23:51.293+0000][7][gc,start    ] GC(94) Pause Remark
[2022-09-29T07:23:51.303+0000][7][gc          ] GC(94) Pause Remark 122M->122M(256M) 9.232ms
[2022-09-29T07:23:51.303+0000][7][gc,cpu      ] GC(94) User=0.05s Sys=0.00s Real=0.01s
[2022-09-29T07:23:51.303+0000][7][safepoint   ] Safepoint "G1Concurrent", Time since last: 52225158 ns, Reaching safepoint: 371486 ns, At safepoint: 9952035 ns, Total: 10323521 ns
[2022-09-29T07:23:51.304+0000][7][gc,marking  ] GC(94) Concurrent Rebuild Remembered Sets
[2022-09-29T07:23:51.336+0000][7][gc,marking  ] GC(94) Concurrent Rebuild Remembered Sets 32.191ms
[2022-09-29T07:23:51.337+0000][7][gc,start    ] GC(94) Pause Cleanup
[2022-09-29T07:23:51.337+0000][7][gc          ] GC(94) Pause Cleanup 122M->122M(256M) 0.545ms
[2022-09-29T07:23:51.338+0000][7][gc,cpu      ] GC(94) User=0.00s Sys=0.00s Real=0.00s
[2022-09-29T07:23:51.338+0000][7][safepoint   ] Safepoint "G1Concurrent", Time since last: 33085678 ns, Reaching safepoint: 380896 ns, At safepoint: 1247687 ns, Total: 1628583 ns
[2022-09-29T07:23:51.338+0000][7][gc,marking  ] GC(94) Concurrent Cleanup for Next Mark
[2022-09-29T07:23:51.339+0000][7][gc,marking  ] GC(94) Concurrent Cleanup for Next Mark 0.720ms
[2022-09-29T07:23:51.340+0000][7][gc          ] GC(94) Concurrent Cycle 98.903ms
[2022-09-29T07:23:52.339+0000][7][safepoint   ] Safepoint "Cleanup", Time since last: 1000444185 ns, Reaching safepoint: 347349 ns, At safepoint: 8316 ns, Total: 355665 ns
[2022-09-29T07:24:03.342+0000][7][safepoint   ] Safepoint "Cleanup", Time since last: 11002669030 ns, Reaching safepoint: 210581 ns, At safepoint: 30679 ns, Total: 241260 ns
[2022-09-29T07:24:04.343+0000][7][safepoint   ] Safepoint "Cleanup", Time since last: 1000489343 ns, Reaching safepoint: 311253 ns, At safepoint: 24988 ns, Total: 336241 ns
[2022-09-29T07:24:25.347+0000][7][safepoint   ] Safepoint "Cleanup", Time since last: 21003679791 ns, Reaching safepoint: 423896 ns, At safepoint: 26881 ns, Total: 450777 ns
[2022-09-29T07:24:29.348+0000][7][safepoint   ] Safepoint "Cleanup", Time since last: 4000941096 ns, Reaching safepoint: 327745 ns, At safepoint: 59684 ns, Total: 387429 ns
[2022-09-29T07:24:32.350+0000][7][safepoint   ] Safepoint "Cleanup", Time since last: 3001055601 ns, Reaching safepoint: 377860 ns, At safepoint: 60295 ns, Total: 438155 ns
[2022-09-29T07:24:34.351+0000][7][safepoint   ] Safepoint "Cleanup", Time since last: 2000933370 ns, Reaching safepoint: 771378 ns, At safepoint: 73229 ns, Total: 844607 ns
[2022-09-29T07:24:35.353+0000][7][safepoint   ] Safepoint "Cleanup", Time since last: 1000665557 ns, Reaching safepoint: 606585 ns, At safepoint: 32673 ns, Total: 639258 ns
[2022-09-29T07:24:37.354+0000][7][safepoint   ] Safepoint "Cleanup", Time since last: 2000611426 ns, Reaching safepoint: 268660 ns, At safepoint: 25048 ns, Total: 293708 ns
[2022-09-29T07:24:45.355+0000][7][safepoint   ] Safepoint "Cleanup", Time since last: 8001607392 ns, Reaching safepoint: 273080 ns, At safepoint: 9638 ns, Total: 282718 ns
[2022-09-29T07:24:51.359+0000][7][safepoint   ] Safepoint "Cleanup", Time since last: 6003068255 ns, Reaching safepoint: 536212 ns, At safepoint: 23815 ns, Total: 560027 ns
[2022-09-29T07:24:52.360+0000][7][safepoint   ] Safepoint "Cleanup", Time since last: 1000464228 ns, Reaching safepoint: 293729 ns, At safepoint: 34246 ns, Total: 327975 ns
[2022-09-29T07:24:53.361+0000][7][safepoint   ] Safepoint "Cleanup", Time since last: 1000431968 ns, Reaching safepoint: 298099 ns, At safepoint: 24967 ns, Total: 323066 ns
[2022-09-29T07:24:59.362+0000][7][safepoint   ] Safepoint "Cleanup", Time since last: 6001254779 ns, Reaching safepoint: 390188 ns, At safepoint: 35879 ns, Total: 426067 ns
[2022-09-29T07:25:01.273+0000][7][gc,start    ] GC(95) Pause Young (Normal) (G1 Evacuation Pause)
[2022-09-29T07:25:01.274+0000][7][gc,task     ] GC(95) Using 6 workers of 13 for evacuation
[2022-09-29T07:25:01.274+0000][7][gc,age      ] GC(95) Desired survivor size 6291456 bytes, new threshold 15 (max threshold 15)
[2022-09-29T07:25:01.279+0000][7][gc,age      ] GC(95) Age table with threshold 15 (max threshold 15)
[2022-09-29T07:25:01.280+0000][7][gc,age      ] GC(95) - age   1:     782536 bytes,     782536 total
[2022-09-29T07:25:01.280+0000][7][gc,age      ] GC(95) - age   2:     556656 bytes,    1339192 total
[2022-09-29T07:25:01.280+0000][7][gc,age      ] GC(95) - age   3:     509640 bytes,    1848832 total
[2022-09-29T07:25:01.281+0000][7][gc,age      ] GC(95) - age   4:      30464 bytes,    1879296 total
[2022-09-29T07:25:01.281+0000][7][gc,age      ] GC(95) - age   5:      46512 bytes,    1925808 total
[2022-09-29T07:25:01.281+0000][7][gc,age      ] GC(95) - age   6:     133808 bytes,    2059616 total
[2022-09-29T07:25:01.281+0000][7][gc,age      ] GC(95) - age   7:     266672 bytes,    2326288 total
[2022-09-29T07:25:01.281+0000][7][gc,age      ] GC(95) - age   8:     209872 bytes,    2536160 total
[2022-09-29T07:25:01.282+0000][7][gc,age      ] GC(95) - age   9:      91832 bytes,    2627992 total
[2022-09-29T07:25:01.282+0000][7][gc,age      ] GC(95) - age  10:     417104 bytes,    3045096 total
[2022-09-29T07:25:01.282+0000][7][gc,age      ] GC(95) - age  11:      94688 bytes,    3139784 total
[2022-09-29T07:25:01.282+0000][7][gc,age      ] GC(95) - age  12:       2408 bytes,    3142192 total
[2022-09-29T07:25:01.283+0000][7][gc,age      ] GC(95) - age  13:       3256 bytes,    3145448 total
[2022-09-29T07:25:01.283+0000][7][gc,age      ] GC(95) - age  14:      13912 bytes,    3159360 total
[2022-09-29T07:25:01.284+0000][7][gc,age      ] GC(95) - age  15:       5912 bytes,    3165272 total
[2022-09-29T07:25:01.284+0000][7][gc,phases   ] GC(95)   Pre Evacuate Collection Set: 0.3ms
[2022-09-29T07:25:01.284+0000][7][gc,phases   ] GC(95)   Merge Heap Roots: 0.1ms
[2022-09-29T07:25:01.284+0000][7][gc,phases   ] GC(95)   Evacuate Collection Set: 2.9ms
[2022-09-29T07:25:01.285+0000][7][gc,phases   ] GC(95)   Post Evacuate Collection Set: 1.5ms
[2022-09-29T07:25:01.285+0000][7][gc,phases   ] GC(95)   Other: 6.2ms
[2022-09-29T07:25:01.285+0000][7][gc,heap     ] GC(95) Eden regions: 21->0(21)
[2022-09-29T07:25:01.285+0000][7][gc,heap     ] GC(95) Survivor regions: 1->1(3)
[2022-09-29T07:25:01.286+0000][7][gc,heap     ] GC(95) Old regions: 24->24
[2022-09-29T07:25:01.286+0000][7][gc,heap     ] GC(95) Archive regions: 2->2
[2022-09-29T07:25:01.286+0000][7][gc,heap     ] GC(95) Humongous regions: 5->5
[2022-09-29T07:25:01.286+0000][7][gc,metaspace] GC(95) Metaspace: 112541K(116892K)->112541K(116892K) NonClass: 98011K(101020K)->98011K(101020K) Class: 14529K(15872K)->14529K(15872K)
[2022-09-29T07:25:01.287+0000][7][gc          ] GC(95) Pause Young (Normal) (G1 Evacuation Pause) 205M->121M(256M) 13.514ms
[2022-09-29T07:25:01.287+0000][7][gc,cpu      ] GC(95) User=0.00s Sys=0.01s Real=0.01s
[2022-09-29T07:25:01.287+0000][7][safepoint   ] Safepoint "G1CollectForAllocation", Time since last: 1910197208 ns, Reaching safepoint: 439979 ns, At safepoint: 14122408 ns, Total: 14562387 ns
[2022-09-29T07:25:03.288+0000][7][safepoint   ] Safepoint "Cleanup", Time since last: 2000569126 ns, Reaching safepoint: 351099 ns, At safepoint: 6422 ns, Total: 357521 ns
[2022-09-29T07:25:04.290+0000][7][safepoint   ] Safepoint "Cleanup", Time since last: 1001319088 ns, Reaching safepoint: 402887 ns, At safepoint: 168852 ns, Total: 571739 ns
[2022-09-29T07:25:05.291+0000][7][safepoint   ] Safepoint "Cleanup", Time since last: 1000854577 ns, Reaching safepoint: 359322 ns, At safepoint: 49605 ns, Total: 408927 ns
[2022-09-29T07:25:06.293+0000][7][safepoint   ] Safepoint "Cleanup", Time since last: 1001266339 ns, Reaching safepoint: 390917 ns, At safepoint: 33944 ns, Total: 424861 ns
[2022-09-29T07:25:15.295+0000][7][safepoint   ] Safepoint "Cleanup", Time since last: 9001652752 ns, Reaching safepoint: 251477 ns, At safepoint: 26160 ns, Total: 277637 ns
[2022-09-29T07:25:19.296+0000][7][safepoint   ] Safepoint "Cleanup", Time since last: 4000930478 ns, Reaching safepoint: 257900 ns, At safepoint: 26039 ns, Total: 283939 ns
[2022-09-29T07:25:20.297+0000][7][safepoint   ] Safepoint "Cleanup", Time since last: 1000531541 ns, Reaching safepoint: 263412 ns, At safepoint: 24276 ns, Total: 287688 ns
[2022-09-29T07:25:25.299+0000][7][safepoint   ] Safepoint "Cleanup", Time since last: 5001481422 ns, Reaching safepoint: 240006 ns, At safepoint: 27582 ns, Total: 267588 ns
[2022-09-29T07:25:33.301+0000][7][safepoint   ] Safepoint "Cleanup", Time since last: 8002308075 ns, Reaching safepoint: 229437 ns, At safepoint: 27222 ns, Total: 256659 ns
[2022-09-29T07:25:40.303+0000][7][safepoint   ] Safepoint "Cleanup", Time since last: 7001463078 ns, Reaching safepoint: 325110 ns, At safepoint: 11782 ns, Total: 336892 ns
[2022-09-29T07:25:41.304+0000][7][safepoint   ] Safepoint "Cleanup", Time since last: 1000991706 ns, Reaching safepoint: 342783 ns, At safepoint: 85042 ns, Total: 427825 ns
[2022-09-29T07:25:42.305+0000][7][safepoint   ] Safepoint "Cleanup", Time since last: 1000600050 ns, Reaching safepoint: 451831 ns, At safepoint: 102315 ns, Total: 554146 ns
[2022-09-29T07:25:43.307+0000][7][safepoint   ] Safepoint "Cleanup", Time since last: 1001101269 ns, Reaching safepoint: 283831 ns, At safepoint: 30959 ns, Total: 314790 ns
[2022-09-29T07:25:44.308+0000][7][safepoint   ] Safepoint "Cleanup", Time since last: 1000548045 ns, Reaching safepoint: 341453 ns, At safepoint: 33524 ns, Total: 374977 ns
[2022-09-29T07:25:44.653+0000][7][gc,start    ] GC(96) Pause Young (Concurrent Start) (G1 Evacuation Pause)
[2022-09-29T07:25:44.653+0000][7][gc,task     ] GC(96) Using 6 workers of 13 for evacuation
[2022-09-29T07:25:44.654+0000][7][gc,age      ] GC(96) Desired survivor size 6291456 bytes, new threshold 15 (max threshold 15)
[2022-09-29T07:25:44.660+0000][7][gc,age      ] GC(96) Age table with threshold 15 (max threshold 15)
[2022-09-29T07:25:44.661+0000][7][gc,age      ] GC(96) - age   1:     706304 bytes,     706304 total
[2022-09-29T07:25:44.661+0000][7][gc,age      ] GC(96) - age   2:     290688 bytes,     996992 total
[2022-09-29T07:25:44.661+0000][7][gc,age      ] GC(96) - age   3:     123288 bytes,    1120280 total
[2022-09-29T07:25:44.662+0000][7][gc,age      ] GC(96) - age   4:     149168 bytes,    1269448 total
[2022-09-29T07:25:44.662+0000][7][gc,age      ] GC(96) - age   5:       7200 bytes,    1276648 total
[2022-09-29T07:25:44.662+0000][7][gc,age      ] GC(96) - age   6:      45792 bytes,    1322440 total
[2022-09-29T07:25:44.662+0000][7][gc,age      ] GC(96) - age   7:     123864 bytes,    1446304 total
[2022-09-29T07:25:44.662+0000][7][gc,age      ] GC(96) - age   8:     124376 bytes,    1570680 total
[2022-09-29T07:25:44.663+0000][7][gc,age      ] GC(96) - age   9:     209872 bytes,    1780552 total
[2022-09-29T07:25:44.663+0000][7][gc,age      ] GC(96) - age  10:      91584 bytes,    1872136 total
[2022-09-29T07:25:44.663+0000][7][gc,age      ] GC(96) - age  11:     417104 bytes,    2289240 total
[2022-09-29T07:25:44.664+0000][7][gc,age      ] GC(96) - age  12:      94448 bytes,    2383688 total
[2022-09-29T07:25:44.664+0000][7][gc,age      ] GC(96) - age  13:       2344 bytes,    2386032 total
[2022-09-29T07:25:44.664+0000][7][gc,age      ] GC(96) - age  14:       3160 bytes,    2389192 total
[2022-09-29T07:25:44.664+0000][7][gc,age      ] GC(96) - age  15:      13912 bytes,    2403104 total
[2022-09-29T07:25:44.665+0000][7][gc,phases   ] GC(96)   Pre Evacuate Collection Set: 0.9ms
[2022-09-29T07:25:44.665+0000][7][gc,phases   ] GC(96)   Merge Heap Roots: 0.2ms
[2022-09-29T07:25:44.666+0000][7][gc,phases   ] GC(96)   Evacuate Collection Set: 2.9ms
[2022-09-29T07:25:44.666+0000][7][gc,phases   ] GC(96)   Post Evacuate Collection Set: 1.6ms
[2022-09-29T07:25:44.666+0000][7][gc,phases   ] GC(96)   Other: 6.6ms
[2022-09-29T07:25:44.666+0000][7][gc,heap     ] GC(96) Eden regions: 21->0(21)
[2022-09-29T07:25:44.667+0000][7][gc,heap     ] GC(96) Survivor regions: 1->1(3)
[2022-09-29T07:25:44.667+0000][7][gc,heap     ] GC(96) Old regions: 24->24
[2022-09-29T07:25:44.667+0000][7][gc,heap     ] GC(96) Archive regions: 2->2
[2022-09-29T07:25:44.667+0000][7][gc,heap     ] GC(96) Humongous regions: 5->5
[2022-09-29T07:25:44.668+0000][7][gc,metaspace] GC(96) Metaspace: 112580K(116892K)->112580K(116892K) NonClass: 98050K(101020K)->98050K(101020K) Class: 14529K(15872K)->14529K(15872K)
[2022-09-29T07:25:44.668+0000][7][gc          ] GC(96) Pause Young (Concurrent Start) (G1 Evacuation Pause) 205M->121M(256M) 15.165ms
[2022-09-29T07:25:44.668+0000][7][gc,cpu      ] GC(96) User=0.01s Sys=0.01s Real=0.01s
[2022-09-29T07:25:44.668+0000][7][gc          ] GC(97) Concurrent Cycle
[2022-09-29T07:25:44.669+0000][7][safepoint   ] Safepoint "G1CollectForAllocation", Time since last: 344450595 ns, Reaching safepoint: 356940 ns, At safepoint: 15937310 ns, Total: 16294250 ns
[2022-09-29T07:25:44.669+0000][7][gc,marking  ] GC(97) Concurrent Clear Claimed Marks
[2022-09-29T07:25:44.670+0000][7][gc,marking  ] GC(97) Concurrent Clear Claimed Marks 0.720ms
[2022-09-29T07:25:44.671+0000][7][gc,marking  ] GC(97) Concurrent Scan Root Regions
[2022-09-29T07:25:44.677+0000][7][gc,marking  ] GC(97) Concurrent Scan Root Regions 5.666ms
[2022-09-29T07:25:44.677+0000][7][gc,marking  ] GC(97) Concurrent Mark (4953.770s)
[2022-09-29T07:25:44.678+0000][7][gc,marking  ] GC(97) Concurrent Mark From Roots
[2022-09-29T07:25:44.678+0000][7][gc,task     ] GC(97) Using 3 workers of 3 for marking
[2022-09-29T07:25:44.758+0000][7][gc,marking  ] GC(97) Concurrent Mark From Roots 80.098ms
[2022-09-29T07:25:44.758+0000][7][gc,marking  ] GC(97) Concurrent Preclean
[2022-09-29T07:25:44.759+0000][7][gc,marking  ] GC(97) Concurrent Preclean 0.891ms
[2022-09-29T07:25:44.760+0000][7][gc,marking  ] GC(97) Concurrent Mark (4953.770s, 4953.852s) 82.298ms
[2022-09-29T07:25:44.760+0000][7][gc,start    ] GC(97) Pause Remark
[2022-09-29T07:25:44.771+0000][7][gc          ] GC(97) Pause Remark 122M->122M(256M) 10.391ms
[2022-09-29T07:25:44.771+0000][7][gc,cpu      ] GC(97) User=0.06s Sys=0.00s Real=0.01s
[2022-09-29T07:25:44.772+0000][7][safepoint   ] Safepoint "G1Concurrent", Time since last: 91357411 ns, Reaching safepoint: 397182 ns, At safepoint: 11608516 ns, Total: 12005698 ns
[2022-09-29T07:25:44.773+0000][7][gc,marking  ] GC(97) Concurrent Rebuild Remembered Sets
[2022-09-29T07:25:44.823+0000][7][gc,marking  ] GC(97) Concurrent Rebuild Remembered Sets 50.209ms
[2022-09-29T07:25:44.824+0000][7][gc,start    ] GC(97) Pause Cleanup
[2022-09-29T07:25:44.825+0000][7][gc          ] GC(97) Pause Cleanup 123M->123M(256M) 0.759ms
[2022-09-29T07:25:44.825+0000][7][gc,cpu      ] GC(97) User=0.00s Sys=0.00s Real=0.00s
[2022-09-29T07:25:44.826+0000][7][safepoint   ] Safepoint "G1Concurrent", Time since last: 51548972 ns, Reaching safepoint: 448996 ns, At safepoint: 2010491 ns, Total: 2459487 ns
[2022-09-29T07:25:44.826+0000][7][gc,marking  ] GC(97) Concurrent Cleanup for Next Mark
[2022-09-29T07:25:44.828+0000][7][gc,marking  ] GC(97) Concurrent Cleanup for Next Mark 1.306ms
[2022-09-29T07:25:44.829+0000][7][gc          ] GC(97) Concurrent Cycle 160.219ms
[2022-09-29T07:25:45.827+0000][7][safepoint   ] Safepoint "Cleanup", Time since last: 1000627266 ns, Reaching safepoint: 334843 ns, At safepoint: 56578 ns, Total: 391421 ns
[2022-09-29T07:25:48.828+0000][7][safepoint   ] Safepoint "Cleanup", Time since last: 3001032660 ns, Reaching safepoint: 292252 ns, At safepoint: 40898 ns, Total: 333150 ns
[2022-09-29T07:26:02.831+0000][7][safepoint   ] Safepoint "Cleanup", Time since last: 14002440795 ns, Reaching safepoint: 351918 ns, At safepoint: 53993 ns, Total: 405911 ns
[2022-09-29T07:26:03.832+0000][7][safepoint   ] Safepoint "Cleanup", Time since last: 1000478207 ns, Reaching safepoint: 354265 ns, At safepoint: 42992 ns, Total: 397257 ns
[2022-09-29T07:26:06.834+0000][7][safepoint   ] Safepoint "Cleanup", Time since last: 3001273755 ns, Reaching safepoint: 258352 ns, At safepoint: 98848 ns, Total: 357200 ns
[2022-09-29T07:26:14.836+0000][7][safepoint   ] Safepoint "Cleanup", Time since last: 8002313235 ns, Reaching safepoint: 453394 ns, At safepoint: 53422 ns, Total: 506816 ns
[2022-09-29T07:26:33.840+0000][7][safepoint   ] Safepoint "Cleanup", Time since last: 19003597145 ns, Reaching safepoint: 189872 ns, At safepoint: 25168 ns, Total: 215040 ns
[2022-09-29T07:26:43.843+0000][7][safepoint   ] Safepoint "Cleanup", Time since last: 10001877305 ns, Reaching safepoint: 286075 ns, At safepoint: 32712 ns, Total: 318787 ns
[2022-09-29T07:26:53.845+0000][7][safepoint   ] Safepoint "Cleanup", Time since last: 10002393860 ns, Reaching safepoint: 247231 ns, At safepoint: 28885 ns, Total: 276116 ns
[2022-09-29T07:27:02.620+0000][7][gc,start    ] GC(98) Pause Young (Normal) (G1 Evacuation Pause)
[2022-09-29T07:27:02.621+0000][7][gc,task     ] GC(98) Using 6 workers of 13 for evacuation
[2022-09-29T07:27:02.621+0000][7][gc,age      ] GC(98) Desired survivor size 6291456 bytes, new threshold 15 (max threshold 15)
[2022-09-29T07:27:02.627+0000][7][gc,age      ] GC(98) Age table with threshold 15 (max threshold 15)
[2022-09-29T07:27:02.628+0000][7][gc,age      ] GC(98) - age   1:     784064 bytes,     784064 total
[2022-09-29T07:27:02.629+0000][7][gc,age      ] GC(98) - age   2:     528176 bytes,    1312240 total
[2022-09-29T07:27:02.629+0000][7][gc,age      ] GC(98) - age   3:     257800 bytes,    1570040 total
[2022-09-29T07:27:02.630+0000][7][gc,age      ] GC(98) - age   4:     122128 bytes,    1692168 total
[2022-09-29T07:27:02.630+0000][7][gc,age      ] GC(98) - age   5:     149104 bytes,    1841272 total
[2022-09-29T07:27:02.630+0000][7][gc,age      ] GC(98) - age   6:       5744 bytes,    1847016 total
[2022-09-29T07:27:02.631+0000][7][gc,age      ] GC(98) - age   7:      45408 bytes,    1892424 total
[2022-09-29T07:27:02.631+0000][7][gc,age      ] GC(98) - age   8:     123704 bytes,    2016128 total
[2022-09-29T07:27:02.631+0000][7][gc,age      ] GC(98) - age   9:     124280 bytes,    2140408 total
[2022-09-29T07:27:02.631+0000][7][gc,age      ] GC(98) - age  10:     209840 bytes,    2350248 total
[2022-09-29T07:27:02.632+0000][7][gc,age      ] GC(98) - age  11:      91520 bytes,    2441768 total
[2022-09-29T07:27:02.632+0000][7][gc,age      ] GC(98) - age  12:     416968 bytes,    2858736 total
[2022-09-29T07:27:02.632+0000][7][gc,age      ] GC(98) - age  13:      94448 bytes,    2953184 total
[2022-09-29T07:27:02.632+0000][7][gc,age      ] GC(98) - age  14:       2344 bytes,    2955528 total
[2022-09-29T07:27:02.632+0000][7][gc,age      ] GC(98) - age  15:       3160 bytes,    2958688 total
[2022-09-29T07:27:02.633+0000][7][gc,phases   ] GC(98)   Pre Evacuate Collection Set: 0.2ms
[2022-09-29T07:27:02.633+0000][7][gc,phases   ] GC(98)   Merge Heap Roots: 0.1ms
[2022-09-29T07:27:02.633+0000][7][gc,phases   ] GC(98)   Evacuate Collection Set: 2.2ms
[2022-09-29T07:27:02.633+0000][7][gc,phases   ] GC(98)   Post Evacuate Collection Set: 3.0ms
[2022-09-29T07:27:02.634+0000][7][gc,phases   ] GC(98)   Other: 6.7ms
[2022-09-29T07:27:02.634+0000][7][gc,heap     ] GC(98) Eden regions: 21->0(21)
[2022-09-29T07:27:02.634+0000][7][gc,heap     ] GC(98) Survivor regions: 1->1(3)
[2022-09-29T07:27:02.634+0000][7][gc,heap     ] GC(98) Old regions: 24->24
[2022-09-29T07:27:02.634+0000][7][gc,heap     ] GC(98) Archive regions: 2->2
[2022-09-29T07:27:02.635+0000][7][gc,heap     ] GC(98) Humongous regions: 5->5
[2022-09-29T07:27:02.635+0000][7][gc,metaspace] GC(98) Metaspace: 112601K(116892K)->112601K(116892K) NonClass: 98072K(101020K)->98072K(101020K) Class: 14529K(15872K)->14529K(15872K)
[2022-09-29T07:27:02.635+0000][7][gc          ] GC(98) Pause Young (Normal) (G1 Evacuation Pause) 205M->121M(256M) 14.478ms
[2022-09-29T07:27:02.635+0000][7][gc,cpu      ] GC(98) User=0.02s Sys=0.01s Real=0.01s
[2022-09-29T07:27:02.636+0000][7][safepoint   ] Safepoint "G1CollectForAllocation", Time since last: 8774952801 ns, Reaching safepoint: 295453 ns, At safepoint: 15090918 ns, Total: 15386371 ns
[2022-09-29T07:27:03.636+0000][7][safepoint   ] Safepoint "Cleanup", Time since last: 1000419655 ns, Reaching safepoint: 427334 ns, At safepoint: 50015 ns, Total: 477349 ns
[2022-09-29T07:27:15.640+0000][7][safepoint   ] Safepoint "Cleanup", Time since last: 12002642828 ns, Reaching safepoint: 418901 ns, At safepoint: 48072 ns, Total: 466973 ns
[2022-09-29T07:27:22.641+0000][7][safepoint   ] Safepoint "Cleanup", Time since last: 7001585286 ns, Reaching safepoint: 306064 ns, At safepoint: 28524 ns, Total: 334588 ns
[2022-09-29T07:27:28.644+0000][7][safepoint   ] Safepoint "Cleanup", Time since last: 6001559629 ns, Reaching safepoint: 441421 ns, At safepoint: 75414 ns, Total: 516835 ns
[2022-09-29T07:27:45.648+0000][7][safepoint   ] Safepoint "Cleanup", Time since last: 17004155861 ns, Reaching safepoint: 396255 ns, At safepoint: 20809 ns, Total: 417064 ns
[2022-09-29T07:27:46.649+0000][7][safepoint   ] Safepoint "Cleanup", Time since last: 1000564923 ns, Reaching safepoint: 307603 ns, At safepoint: 35698 ns, Total: 343301 ns
[2022-09-29T07:27:58.651+0000][7][safepoint   ] Safepoint "Cleanup", Time since last: 12002223717 ns, Reaching safepoint: 195182 ns, At safepoint: 27192 ns, Total: 222374 ns
[2022-09-29T07:27:59.652+0000][7][safepoint   ] Safepoint "Cleanup", Time since last: 1000528292 ns, Reaching safepoint: 301954 ns, At safepoint: 25508 ns, Total: 327462 ns
[2022-09-29T07:28:18.772+0000][7][gc,start    ] GC(99) Pause Young (Concurrent Start) (G1 Evacuation Pause)
[2022-09-29T07:28:18.772+0000][7][gc,task     ] GC(99) Using 6 workers of 13 for evacuation
[2022-09-29T07:28:18.773+0000][7][gc,age      ] GC(99) Desired survivor size 6291456 bytes, new threshold 15 (max threshold 15)
[2022-09-29T07:28:18.779+0000][7][gc,age      ] GC(99) Age table with threshold 15 (max threshold 15)
[2022-09-29T07:28:18.779+0000][7][gc,age      ] GC(99) - age   1:     618752 bytes,     618752 total
[2022-09-29T07:28:18.780+0000][7][gc,age      ] GC(99) - age   2:     544624 bytes,    1163376 total
[2022-09-29T07:28:18.780+0000][7][gc,age      ] GC(99) - age   3:     526784 bytes,    1690160 total
[2022-09-29T07:28:18.781+0000][7][gc,age      ] GC(99) - age   4:     257736 bytes,    1947896 total
[2022-09-29T07:28:18.781+0000][7][gc,age      ] GC(99) - age   5:     121768 bytes,    2069664 total
[2022-09-29T07:28:18.781+0000][7][gc,age      ] GC(99) - age   6:     149072 bytes,    2218736 total
[2022-09-29T07:28:18.782+0000][7][gc,age      ] GC(99) - age   7:       5712 bytes,    2224448 total
[2022-09-29T07:28:18.782+0000][7][gc,age      ] GC(99) - age   8:      45344 bytes,    2269792 total
[2022-09-29T07:28:18.783+0000][7][gc,age      ] GC(99) - age   9:     123640 bytes,    2393432 total
[2022-09-29T07:28:18.783+0000][7][gc,age      ] GC(99) - age  10:     124152 bytes,    2517584 total
[2022-09-29T07:28:18.784+0000][7][gc,age      ] GC(99) - age  11:     209840 bytes,    2727424 total
[2022-09-29T07:28:18.784+0000][7][gc,age      ] GC(99) - age  12:      91424 bytes,    2818848 total
[2022-09-29T07:28:18.785+0000][7][gc,age      ] GC(99) - age  13:     416968 bytes,    3235816 total
[2022-09-29T07:28:18.785+0000][7][gc,age      ] GC(99) - age  14:      94448 bytes,    3330264 total
[2022-09-29T07:28:18.785+0000][7][gc,age      ] GC(99) - age  15:       2344 bytes,    3332608 total
[2022-09-29T07:28:18.786+0000][7][gc,phases   ] GC(99)   Pre Evacuate Collection Set: 0.5ms
[2022-09-29T07:28:18.786+0000][7][gc,phases   ] GC(99)   Merge Heap Roots: 0.2ms
[2022-09-29T07:28:18.787+0000][7][gc,phases   ] GC(99)   Evacuate Collection Set: 3.1ms
[2022-09-29T07:28:18.787+0000][7][gc,phases   ] GC(99)   Post Evacuate Collection Set: 1.9ms
[2022-09-29T07:28:18.787+0000][7][gc,phases   ] GC(99)   Other: 8.4ms
[2022-09-29T07:28:18.788+0000][7][gc,heap     ] GC(99) Eden regions: 21->0(21)
[2022-09-29T07:28:18.788+0000][7][gc,heap     ] GC(99) Survivor regions: 1->1(3)
[2022-09-29T07:28:18.789+0000][7][gc,heap     ] GC(99) Old regions: 24->24
[2022-09-29T07:28:18.789+0000][7][gc,heap     ] GC(99) Archive regions: 2->2
[2022-09-29T07:28:18.790+0000][7][gc,heap     ] GC(99) Humongous regions: 5->5
[2022-09-29T07:28:18.790+0000][7][gc,metaspace] GC(99) Metaspace: 112655K(117148K)->112655K(117148K) NonClass: 98124K(101276K)->98124K(101276K) Class: 14531K(15872K)->14531K(15872K)
[2022-09-29T07:28:18.792+0000][7][gc          ] GC(99) Pause Young (Concurrent Start) (G1 Evacuation Pause) 205M->122M(256M) 19.878ms
[2022-09-29T07:28:18.793+0000][7][gc,cpu      ] GC(99) User=0.02s Sys=0.01s Real=0.02s
[2022-09-29T07:28:18.793+0000][7][gc          ] GC(100) Concurrent Cycle
[2022-09-29T07:28:18.794+0000][7][safepoint   ] Safepoint "G1CollectForAllocation", Time since last: 19118887288 ns, Reaching safepoint: 436396 ns, At safepoint: 21946401 ns, Total: 22382797 ns
[2022-09-29T07:28:18.794+0000][7][gc,marking  ] GC(100) Concurrent Clear Claimed Marks
[2022-09-29T07:28:18.796+0000][7][gc,marking  ] GC(100) Concurrent Clear Claimed Marks 1.696ms
[2022-09-29T07:28:18.797+0000][7][gc,marking  ] GC(100) Concurrent Scan Root Regions
[2022-09-29T07:28:18.802+0000][7][gc,marking  ] GC(100) Concurrent Scan Root Regions 4.867ms
[2022-09-29T07:28:18.802+0000][7][gc,marking  ] GC(100) Concurrent Mark (5107.895s)
[2022-09-29T07:28:18.803+0000][7][gc,marking  ] GC(100) Concurrent Mark From Roots
[2022-09-29T07:28:18.804+0000][7][gc,task     ] GC(100) Using 3 workers of 3 for marking
[2022-09-29T07:28:18.895+0000][7][gc,marking  ] GC(100) Concurrent Mark From Roots 91.955ms
[2022-09-29T07:28:18.895+0000][7][gc,marking  ] GC(100) Concurrent Preclean
[2022-09-29T07:28:18.896+0000][7][gc,marking  ] GC(100) Concurrent Preclean 0.827ms
[2022-09-29T07:28:18.897+0000][7][gc,marking  ] GC(100) Concurrent Mark (5107.895s, 5107.989s) 94.468ms
[2022-09-29T07:28:18.898+0000][7][gc,start    ] GC(100) Pause Remark
[2022-09-29T07:28:18.915+0000][7][gc          ] GC(100) Pause Remark 123M->123M(256M) 17.142ms
[2022-09-29T07:28:18.916+0000][7][gc,cpu      ] GC(100) User=0.08s Sys=0.01s Real=0.02s
[2022-09-29T07:28:18.917+0000][7][safepoint   ] Safepoint "G1Concurrent", Time since last: 104012620 ns, Reaching safepoint: 611538 ns, At safepoint: 18474921 ns, Total: 19086459 ns
[2022-09-29T07:28:18.917+0000][7][gc,marking  ] GC(100) Concurrent Rebuild Remembered Sets
[2022-09-29T07:28:18.966+0000][7][gc,marking  ] GC(100) Concurrent Rebuild Remembered Sets 48.423ms
[2022-09-29T07:28:18.967+0000][7][gc,start    ] GC(100) Pause Cleanup
[2022-09-29T07:28:18.968+0000][7][gc          ] GC(100) Pause Cleanup 123M->123M(256M) 1.090ms
[2022-09-29T07:28:18.969+0000][7][gc,cpu      ] GC(100) User=0.00s Sys=0.00s Real=0.00s
[2022-09-29T07:28:18.969+0000][7][safepoint   ] Safepoint "G1Concurrent", Time since last: 49742038 ns, Reaching safepoint: 459437 ns, At safepoint: 2506270 ns, Total: 2965707 ns
[2022-09-29T07:28:18.970+0000][7][gc,marking  ] GC(100) Concurrent Cleanup for Next Mark
[2022-09-29T07:28:18.971+0000][7][gc,marking  ] GC(100) Concurrent Cleanup for Next Mark 1.056ms
[2022-09-29T07:28:18.972+0000][7][gc          ] GC(100) Concurrent Cycle 178.563ms
[2022-09-29T07:28:32.972+0000][7][safepoint   ] Safepoint "Cleanup", Time since last: 14002752554 ns, Reaching safepoint: 239035 ns, At safepoint: 110150 ns, Total: 349185 ns
[2022-09-29T07:28:44.976+0000][7][safepoint   ] Safepoint "Cleanup", Time since last: 12002716596 ns, Reaching safepoint: 504882 ns, At safepoint: 76476 ns, Total: 581358 ns
[2022-09-29T07:28:48.978+0000][7][safepoint   ] Safepoint "Cleanup", Time since last: 4001416110 ns, Reaching safepoint: 391067 ns, At safepoint: 73761 ns, Total: 464828 ns
[2022-09-29T07:28:49.979+0000][7][safepoint   ] Safepoint "Cleanup", Time since last: 1000581271 ns, Reaching safepoint: 410923 ns, At safepoint: 69773 ns, Total: 480696 ns
[2022-09-29T07:28:59.981+0000][7][safepoint   ] Safepoint "Cleanup", Time since last: 10002150177 ns, Reaching safepoint: 335149 ns, At safepoint: 57039 ns, Total: 392188 ns
[2022-09-29T07:29:02.983+0000][7][safepoint   ] Safepoint "Cleanup", Time since last: 3000854233 ns, Reaching safepoint: 394421 ns, At safepoint: 30258 ns, Total: 424679 ns
[2022-09-29T07:29:06.984+0000][7][safepoint   ] Safepoint "Cleanup", Time since last: 4000918694 ns, Reaching safepoint: 309500 ns, At safepoint: 51618 ns, Total: 361118 ns
[2022-09-29T07:29:07.985+0000][7][safepoint   ] Safepoint "Cleanup", Time since last: 1000707524 ns, Reaching safepoint: 649530 ns, At safepoint: 103537 ns, Total: 753067 ns
[2022-09-29T07:29:08.987+0000][7][safepoint   ] Safepoint "Cleanup", Time since last: 1001009367 ns, Reaching safepoint: 419149 ns, At safepoint: 70414 ns, Total: 489563 ns
[2022-09-29T07:29:14.989+0000][7][safepoint   ] Safepoint "Cleanup", Time since last: 6001729801 ns, Reaching safepoint: 253433 ns, At safepoint: 13797 ns, Total: 267230 ns
[2022-09-29T07:29:18.991+0000][7][safepoint   ] Safepoint "Cleanup", Time since last: 4001673331 ns, Reaching safepoint: 339668 ns, At safepoint: 50175 ns, Total: 389843 ns
[2022-09-29T07:29:28.636+0000][7][gc,start    ] GC(101) Pause Young (Normal) (G1 Evacuation Pause)
[2022-09-29T07:29:28.636+0000][7][gc,task     ] GC(101) Using 6 workers of 13 for evacuation
[2022-09-29T07:29:28.637+0000][7][gc,age      ] GC(101) Desired survivor size 6291456 bytes, new threshold 15 (max threshold 15)
[2022-09-29T07:29:28.647+0000][7][gc,age      ] GC(101) Age table with threshold 15 (max threshold 15)
[2022-09-29T07:29:28.647+0000][7][gc,age      ] GC(101) - age   1:     740752 bytes,     740752 total
[2022-09-29T07:29:28.647+0000][7][gc,age      ] GC(101) - age   2:     330496 bytes,    1071248 total
[2022-09-29T07:29:28.647+0000][7][gc,age      ] GC(101) - age   3:     466648 bytes,    1537896 total
[2022-09-29T07:29:28.648+0000][7][gc,age      ] GC(101) - age   4:     526200 bytes,    2064096 total
[2022-09-29T07:29:28.648+0000][7][gc,age      ] GC(101) - age   5:     257152 bytes,    2321248 total
[2022-09-29T07:29:28.648+0000][7][gc,age      ] GC(101) - age   6:     121768 bytes,    2443016 total
[2022-09-29T07:29:28.648+0000][7][gc,age      ] GC(101) - age   7:     148480 bytes,    2591496 total
[2022-09-29T07:29:28.648+0000][7][gc,age      ] GC(101) - age   8:       5416 bytes,    2596912 total
[2022-09-29T07:29:28.649+0000][7][gc,age      ] GC(101) - age   9:      45344 bytes,    2642256 total
[2022-09-29T07:29:28.649+0000][7][gc,age      ] GC(101) - age  10:     123640 bytes,    2765896 total
[2022-09-29T07:29:28.649+0000][7][gc,age      ] GC(101) - age  11:     124024 bytes,    2889920 total
[2022-09-29T07:29:28.649+0000][7][gc,age      ] GC(101) - age  12:     209840 bytes,    3099760 total
[2022-09-29T07:29:28.649+0000][7][gc,age      ] GC(101) - age  13:      91360 bytes,    3191120 total
[2022-09-29T07:29:28.650+0000][7][gc,age      ] GC(101) - age  14:     416968 bytes,    3608088 total
[2022-09-29T07:29:28.650+0000][7][gc,age      ] GC(101) - age  15:      94448 bytes,    3702536 total
[2022-09-29T07:29:28.650+0000][7][gc,phases   ] GC(101)   Pre Evacuate Collection Set: 0.2ms
[2022-09-29T07:29:28.650+0000][7][gc,phases   ] GC(101)   Merge Heap Roots: 0.2ms
[2022-09-29T07:29:28.650+0000][7][gc,phases   ] GC(101)   Evacuate Collection Set: 7.7ms
[2022-09-29T07:29:28.651+0000][7][gc,phases   ] GC(101)   Post Evacuate Collection Set: 1.4ms
[2022-09-29T07:29:28.651+0000][7][gc,phases   ] GC(101)   Other: 4.6ms
[2022-09-29T07:29:28.651+0000][7][gc,heap     ] GC(101) Eden regions: 21->0(21)
[2022-09-29T07:29:28.652+0000][7][gc,heap     ] GC(101) Survivor regions: 1->1(3)
[2022-09-29T07:29:28.652+0000][7][gc,heap     ] GC(101) Old regions: 24->24
[2022-09-29T07:29:28.652+0000][7][gc,heap     ] GC(101) Archive regions: 2->2
[2022-09-29T07:29:28.652+0000][7][gc,heap     ] GC(101) Humongous regions: 5->5
[2022-09-29T07:29:28.652+0000][7][gc,metaspace] GC(101) Metaspace: 112677K(117148K)->112677K(117148K) NonClass: 98146K(101276K)->98146K(101276K) Class: 14531K(15872K)->14531K(15872K)
[2022-09-29T07:29:28.652+0000][7][gc          ] GC(101) Pause Young (Normal) (G1 Evacuation Pause) 206M->122M(256M) 16.453ms
[2022-09-29T07:29:28.653+0000][7][gc,cpu      ] GC(101) User=0.05s Sys=0.00s Real=0.02s
[2022-09-29T07:29:28.653+0000][7][safepoint   ] Safepoint "G1CollectForAllocation", Time since last: 9644690749 ns, Reaching safepoint: 404373 ns, At safepoint: 17065217 ns, Total: 17469590 ns
[2022-09-29T07:29:32.654+0000][7][safepoint   ] Safepoint "Cleanup", Time since last: 4000863018 ns, Reaching safepoint: 544558 ns, At safepoint: 58842 ns, Total: 603400 ns
[2022-09-29T07:29:52.659+0000][7][safepoint   ] Safepoint "Cleanup", Time since last: 20004145526 ns, Reaching safepoint: 400964 ns, At safepoint: 18826 ns, Total: 419790 ns
[2022-09-29T07:29:53.661+0000][7][safepoint   ] Safepoint "Cleanup", Time since last: 1001079032 ns, Reaching safepoint: 991509 ns, At safepoint: 93659 ns, Total: 1085168 ns
[2022-09-29T07:29:56.664+0000][7][safepoint   ] Safepoint "Cleanup", Time since last: 3001250970 ns, Reaching safepoint: 1132789 ns, At safepoint: 111162 ns, Total: 1243951 ns
[2022-09-29T07:29:59.665+0000][7][safepoint   ] Safepoint "Cleanup", Time since last: 3000815572 ns, Reaching safepoint: 300798 ns, At safepoint: 34235 ns, Total: 335033 ns
[2022-09-29T07:30:00.666+0000][7][safepoint   ] Safepoint "Cleanup", Time since last: 1000677905 ns, Reaching safepoint: 474507 ns, At safepoint: 53752 ns, Total: 528259 ns
[2022-09-29T07:30:01.667+0000][7][safepoint   ] Safepoint "Cleanup", Time since last: 1000697643 ns, Reaching safepoint: 431930 ns, At safepoint: 35969 ns, Total: 467899 ns
[2022-09-29T07:30:02.668+0000][7][safepoint   ] Safepoint "Cleanup", Time since last: 1000860508 ns, Reaching safepoint: 291956 ns, At safepoint: 49745 ns, Total: 341701 ns
[2022-09-29T07:30:03.669+0000][7][safepoint   ] Safepoint "Cleanup", Time since last: 1000657228 ns, Reaching safepoint: 261045 ns, At safepoint: 28635 ns, Total: 289680 ns
[2022-09-29T07:30:05.671+0000][7][safepoint   ] Safepoint "Cleanup", Time since last: 2000861525 ns, Reaching safepoint: 260497 ns, At safepoint: 26811 ns, Total: 287308 ns
[2022-09-29T07:30:14.673+0000][7][safepoint   ] Safepoint "Cleanup", Time since last: 9001926246 ns, Reaching safepoint: 264299 ns, At safepoint: 57469 ns, Total: 321768 ns
[2022-09-29T07:30:17.674+0000][7][safepoint   ] Safepoint "Cleanup", Time since last: 3000916413 ns, Reaching safepoint: 253774 ns, At safepoint: 23525 ns, Total: 277299 ns
[2022-09-29T07:30:28.677+0000][7][safepoint   ] Safepoint "Cleanup", Time since last: 11002611741 ns, Reaching safepoint: 225068 ns, At safepoint: 23615 ns, Total: 248683 ns
[2022-09-29T07:30:32.195+0000][7][gc,start    ] GC(102) Pause Young (Concurrent Start) (G1 Evacuation Pause)
[2022-09-29T07:30:32.196+0000][7][gc,task     ] GC(102) Using 6 workers of 13 for evacuation
[2022-09-29T07:30:32.196+0000][7][gc,age      ] GC(102) Desired survivor size 6291456 bytes, new threshold 15 (max threshold 15)
[2022-09-29T07:30:32.203+0000][7][gc,age      ] GC(102) Age table with threshold 15 (max threshold 15)
[2022-09-29T07:30:32.203+0000][7][gc,age      ] GC(102) - age   1:     559384 bytes,     559384 total
[2022-09-29T07:30:32.204+0000][7][gc,age      ] GC(102) - age   2:     198208 bytes,     757592 total
[2022-09-29T07:30:32.204+0000][7][gc,age      ] GC(102) - age   3:       9072 bytes,     766664 total
[2022-09-29T07:30:32.204+0000][7][gc,age      ] GC(102) - age   4:     146384 bytes,     913048 total
[2022-09-29T07:30:32.205+0000][7][gc,age      ] GC(102) - age   5:      79128 bytes,     992176 total
[2022-09-29T07:30:32.205+0000][7][gc,age      ] GC(102) - age   6:     256632 bytes,    1248808 total
[2022-09-29T07:30:32.205+0000][7][gc,age      ] GC(102) - age   7:     121664 bytes,    1370472 total
[2022-09-29T07:30:32.205+0000][7][gc,age      ] GC(102) - age   8:     148416 bytes,    1518888 total
[2022-09-29T07:30:32.205+0000][7][gc,age      ] GC(102) - age   9:       5256 bytes,    1524144 total
[2022-09-29T07:30:32.206+0000][7][gc,age      ] GC(102) - age  10:      43968 bytes,    1568112 total
[2022-09-29T07:30:32.206+0000][7][gc,age      ] GC(102) - age  11:     123512 bytes,    1691624 total
[2022-09-29T07:30:32.206+0000][7][gc,age      ] GC(102) - age  12:     123960 bytes,    1815584 total
[2022-09-29T07:30:32.206+0000][7][gc,age      ] GC(102) - age  13:     209776 bytes,    2025360 total
[2022-09-29T07:30:32.207+0000][7][gc,age      ] GC(102) - age  14:      91168 bytes,    2116528 total
[2022-09-29T07:30:32.207+0000][7][gc,age      ] GC(102) - age  15:     416968 bytes,    2533496 total
[2022-09-29T07:30:32.207+0000][7][gc,phases   ] GC(102)   Pre Evacuate Collection Set: 0.4ms
[2022-09-29T07:30:32.208+0000][7][gc,phases   ] GC(102)   Merge Heap Roots: 0.1ms
[2022-09-29T07:30:32.208+0000][7][gc,phases   ] GC(102)   Evacuate Collection Set: 4.1ms
[2022-09-29T07:30:32.208+0000][7][gc,phases   ] GC(102)   Post Evacuate Collection Set: 1.3ms
[2022-09-29T07:30:32.209+0000][7][gc,phases   ] GC(102)   Other: 6.1ms
[2022-09-29T07:30:32.209+0000][7][gc,heap     ] GC(102) Eden regions: 21->0(21)
[2022-09-29T07:30:32.209+0000][7][gc,heap     ] GC(102) Survivor regions: 1->1(3)
[2022-09-29T07:30:32.210+0000][7][gc,heap     ] GC(102) Old regions: 24->24
[2022-09-29T07:30:32.210+0000][7][gc,heap     ] GC(102) Archive regions: 2->2
[2022-09-29T07:30:32.211+0000][7][gc,heap     ] GC(102) Humongous regions: 5->5
[2022-09-29T07:30:32.211+0000][7][gc,metaspace] GC(102) Metaspace: 112720K(117148K)->112720K(117148K) NonClass: 98189K(101276K)->98189K(101276K) Class: 14531K(15872K)->14531K(15872K)
[2022-09-29T07:30:32.212+0000][7][gc          ] GC(102) Pause Young (Concurrent Start) (G1 Evacuation Pause) 206M->121M(256M) 16.172ms
[2022-09-29T07:30:32.212+0000][7][gc,cpu      ] GC(102) User=0.03s Sys=0.00s Real=0.02s
[2022-09-29T07:30:32.212+0000][7][gc          ] GC(103) Concurrent Cycle
[2022-09-29T07:30:32.212+0000][7][safepoint   ] Safepoint "G1CollectForAllocation", Time since last: 3518190745 ns, Reaching safepoint: 364786 ns, At safepoint: 17069186 ns, Total: 17433972 ns
[2022-09-29T07:30:32.213+0000][7][gc,marking  ] GC(103) Concurrent Clear Claimed Marks
[2022-09-29T07:30:32.214+0000][7][gc,marking  ] GC(103) Concurrent Clear Claimed Marks 1.074ms
[2022-09-29T07:30:32.214+0000][7][gc,marking  ] GC(103) Concurrent Scan Root Regions
[2022-09-29T07:30:32.217+0000][7][gc,marking  ] GC(103) Concurrent Scan Root Regions 2.675ms
[2022-09-29T07:30:32.218+0000][7][gc,marking  ] GC(103) Concurrent Mark (5241.310s)
[2022-09-29T07:30:32.218+0000][7][gc,marking  ] GC(103) Concurrent Mark From Roots
[2022-09-29T07:30:32.218+0000][7][gc,task     ] GC(103) Using 3 workers of 3 for marking
[2022-09-29T07:30:32.275+0000][7][gc,marking  ] GC(103) Concurrent Mark From Roots 57.210ms
[2022-09-29T07:30:32.276+0000][7][gc,marking  ] GC(103) Concurrent Preclean
[2022-09-29T07:30:32.277+0000][7][gc,marking  ] GC(103) Concurrent Preclean 1.041ms
[2022-09-29T07:30:32.277+0000][7][gc,marking  ] GC(103) Concurrent Mark (5241.310s, 5241.370s) 59.753ms
[2022-09-29T07:30:32.278+0000][7][gc,start    ] GC(103) Pause Remark
[2022-09-29T07:30:32.289+0000][7][gc          ] GC(103) Pause Remark 121M->121M(256M) 10.570ms
[2022-09-29T07:30:32.289+0000][7][gc,cpu      ] GC(103) User=0.04s Sys=0.00s Real=0.02s
[2022-09-29T07:30:32.290+0000][7][safepoint   ] Safepoint "G1Concurrent", Time since last: 65448825 ns, Reaching safepoint: 360692 ns, At safepoint: 11679357 ns, Total: 12040049 ns
[2022-09-29T07:30:32.290+0000][7][gc,marking  ] GC(103) Concurrent Rebuild Remembered Sets
[2022-09-29T07:30:32.329+0000][7][gc,marking  ] GC(103) Concurrent Rebuild Remembered Sets 38.870ms
[2022-09-29T07:30:32.330+0000][7][gc,start    ] GC(103) Pause Cleanup
[2022-09-29T07:30:32.331+0000][7][gc          ] GC(103) Pause Cleanup 121M->121M(256M) 0.635ms
[2022-09-29T07:30:32.331+0000][7][gc,cpu      ] GC(103) User=0.00s Sys=0.00s Real=0.00s
[2022-09-29T07:30:32.332+0000][7][safepoint   ] Safepoint "G1Concurrent", Time since last: 39852593 ns, Reaching safepoint: 327123 ns, At safepoint: 1496181 ns, Total: 1823304 ns
[2022-09-29T07:30:32.332+0000][7][gc,marking  ] GC(103) Concurrent Cleanup for Next Mark
[2022-09-29T07:30:32.333+0000][7][gc,marking  ] GC(103) Concurrent Cleanup for Next Mark 0.849ms
[2022-09-29T07:30:32.333+0000][7][gc          ] GC(103) Concurrent Cycle 121.073ms
[2022-09-29T07:30:34.333+0000][7][safepoint   ] Safepoint "Cleanup", Time since last: 2000614846 ns, Reaching safepoint: 298419 ns, At safepoint: 26781 ns, Total: 325200 ns
[2022-09-29T07:30:36.334+0000][7][safepoint   ] Safepoint "Cleanup", Time since last: 2000771669 ns, Reaching safepoint: 338185 ns, At safepoint: 34906 ns, Total: 373091 ns
[2022-09-29T07:30:46.336+0000][7][safepoint   ] Safepoint "Cleanup", Time since last: 10002059353 ns, Reaching safepoint: 237332 ns, At safepoint: 26300 ns, Total: 263632 ns
[2022-09-29T07:30:53.339+0000][7][safepoint   ] Safepoint "Cleanup", Time since last: 7002351612 ns, Reaching safepoint: 440429 ns, At safepoint: 29647 ns, Total: 470076 ns
[2022-09-29T07:30:55.340+0000][7][safepoint   ] Safepoint "Cleanup", Time since last: 2000736074 ns, Reaching safepoint: 236721 ns, At safepoint: 51027 ns, Total: 287748 ns
[2022-09-29T07:30:56.341+0000][7][safepoint   ] Safepoint "Cleanup", Time since last: 1000860586 ns, Reaching safepoint: 403188 ns, At safepoint: 32783 ns, Total: 435971 ns
[2022-09-29T07:31:03.343+0000][7][safepoint   ] Safepoint "Cleanup", Time since last: 7001375411 ns, Reaching safepoint: 515315 ns, At safepoint: 37701 ns, Total: 553016 ns
[2022-09-29T07:31:04.344+0000][7][safepoint   ] Safepoint "Cleanup", Time since last: 1000589833 ns, Reaching safepoint: 398159 ns, At safepoint: 64282 ns, Total: 462441 ns
[2022-09-29T07:31:08.346+0000][7][safepoint   ] Safepoint "Cleanup", Time since last: 4000993333 ns, Reaching safepoint: 388799 ns, At safepoint: 31160 ns, Total: 419959 ns
[2022-09-29T07:31:10.347+0000][7][safepoint   ] Safepoint "Cleanup", Time since last: 2000820176 ns, Reaching safepoint: 317706 ns, At safepoint: 32662 ns, Total: 350368 ns
[2022-09-29T07:31:15.348+0000][7][safepoint   ] Safepoint "Cleanup", Time since last: 5001078432 ns, Reaching safepoint: 305171 ns, At safepoint: 49986 ns, Total: 355157 ns
[2022-09-29T07:31:30.352+0000][7][safepoint   ] Safepoint "Cleanup", Time since last: 15003316025 ns, Reaching safepoint: 196575 ns, At safepoint: 25719 ns, Total: 222294 ns
[2022-09-29T07:31:33.353+0000][7][safepoint   ] Safepoint "Cleanup", Time since last: 3000918858 ns, Reaching safepoint: 436653 ns, At safepoint: 76916 ns, Total: 513569 ns
[2022-09-29T07:31:33.790+0000][7][gc,start    ] GC(104) Pause Young (Normal) (G1 Evacuation Pause)
[2022-09-29T07:31:33.790+0000][7][gc,task     ] GC(104) Using 6 workers of 13 for evacuation
[2022-09-29T07:31:33.790+0000][7][gc,age      ] GC(104) Desired survivor size 6291456 bytes, new threshold 15 (max threshold 15)
[2022-09-29T07:31:33.796+0000][7][gc,age      ] GC(104) Age table with threshold 15 (max threshold 15)
[2022-09-29T07:31:33.797+0000][7][gc,age      ] GC(104) - age   1:     930648 bytes,     930648 total
[2022-09-29T07:31:33.797+0000][7][gc,age      ] GC(104) - age   2:     382072 bytes,    1312720 total
[2022-09-29T07:31:33.797+0000][7][gc,age      ] GC(104) - age   3:     196488 bytes,    1509208 total
[2022-09-29T07:31:33.797+0000][7][gc,age      ] GC(104) - age   4:       8184 bytes,    1517392 total
[2022-09-29T07:31:33.797+0000][7][gc,age      ] GC(104) - age   5:     145608 bytes,    1663000 total
[2022-09-29T07:31:33.798+0000][7][gc,age      ] GC(104) - age   6:      78744 bytes,    1741744 total
[2022-09-29T07:31:33.798+0000][7][gc,age      ] GC(104) - age   7:     256432 bytes,    1998176 total
[2022-09-29T07:31:33.798+0000][7][gc,age      ] GC(104) - age   8:     121304 bytes,    2119480 total
[2022-09-29T07:31:33.798+0000][7][gc,age      ] GC(104) - age   9:     148256 bytes,    2267736 total
[2022-09-29T07:31:33.798+0000][7][gc,age      ] GC(104) - age  10:       5216 bytes,    2272952 total
[2022-09-29T07:31:33.799+0000][7][gc,age      ] GC(104) - age  11:      43840 bytes,    2316792 total
[2022-09-29T07:31:33.799+0000][7][gc,age      ] GC(104) - age  12:     123512 bytes,    2440304 total
[2022-09-29T07:31:33.799+0000][7][gc,age      ] GC(104) - age  13:     123960 bytes,    2564264 total
[2022-09-29T07:31:33.799+0000][7][gc,age      ] GC(104) - age  14:     209712 bytes,    2773976 total
[2022-09-29T07:31:33.799+0000][7][gc,age      ] GC(104) - age  15:      91128 bytes,    2865104 total
[2022-09-29T07:31:33.799+0000][7][gc,phases   ] GC(104)   Pre Evacuate Collection Set: 0.2ms
[2022-09-29T07:31:33.800+0000][7][gc,phases   ] GC(104)   Merge Heap Roots: 0.1ms
[2022-09-29T07:31:33.800+0000][7][gc,phases   ] GC(104)   Evacuate Collection Set: 4.2ms
[2022-09-29T07:31:33.800+0000][7][gc,phases   ] GC(104)   Post Evacuate Collection Set: 1.2ms
[2022-09-29T07:31:33.800+0000][7][gc,phases   ] GC(104)   Other: 4.1ms
[2022-09-29T07:31:33.801+0000][7][gc,heap     ] GC(104) Eden regions: 21->0(21)
[2022-09-29T07:31:33.801+0000][7][gc,heap     ] GC(104) Survivor regions: 1->1(3)
[2022-09-29T07:31:33.801+0000][7][gc,heap     ] GC(104) Old regions: 24->24
[2022-09-29T07:31:33.801+0000][7][gc,heap     ] GC(104) Archive regions: 2->2
[2022-09-29T07:31:33.801+0000][7][gc,heap     ] GC(104) Humongous regions: 5->5
[2022-09-29T07:31:33.802+0000][7][gc,metaspace] GC(104) Metaspace: 112731K(117148K)->112731K(117148K) NonClass: 98199K(101276K)->98199K(101276K) Class: 14531K(15872K)->14531K(15872K)
[2022-09-29T07:31:33.802+0000][7][gc          ] GC(104) Pause Young (Normal) (G1 Evacuation Pause) 205M->122M(256M) 12.111ms
[2022-09-29T07:31:33.802+0000][7][gc,cpu      ] GC(104) User=0.02s Sys=0.01s Real=0.01s
[2022-09-29T07:31:33.802+0000][7][safepoint   ] Safepoint "G1CollectForAllocation", Time since last: 436239553 ns, Reaching safepoint: 320741 ns, At safepoint: 12600940 ns, Total: 12921681 ns
[2022-09-29T07:31:48.806+0000][7][safepoint   ] Safepoint "Cleanup", Time since last: 15003306097 ns, Reaching safepoint: 446163 ns, At safepoint: 29546 ns, Total: 475709 ns
[2022-09-29T07:31:54.808+0000][7][safepoint   ] Safepoint "Cleanup", Time since last: 6001249323 ns, Reaching safepoint: 301397 ns, At safepoint: 36289 ns, Total: 337686 ns
[2022-09-29T07:31:58.809+0000][7][safepoint   ] Safepoint "Cleanup", Time since last: 4001137952 ns, Reaching safepoint: 263041 ns, At safepoint: 25398 ns, Total: 288439 ns
[2022-09-29T07:32:02.810+0000][7][safepoint   ] Safepoint "Cleanup", Time since last: 4000955021 ns, Reaching safepoint: 309851 ns, At safepoint: 75173 ns, Total: 385024 ns
[2022-09-29T07:32:03.811+0000][7][safepoint   ] Safepoint "Cleanup", Time since last: 1000516034 ns, Reaching safepoint: 455253 ns, At safepoint: 55155 ns, Total: 510408 ns
[2022-09-29T07:32:30.820+0000][7][safepoint   ] Safepoint "Cleanup", Time since last: 27008292809 ns, Reaching safepoint: 250152 ns, At safepoint: 32221 ns, Total: 282373 ns
[2022-09-29T07:32:43.823+0000][7][safepoint   ] Safepoint "Cleanup", Time since last: 13002871623 ns, Reaching safepoint: 182537 ns, At safepoint: 27613 ns, Total: 210150 ns
[2022-09-29T07:32:44.824+0000][7][safepoint   ] Safepoint "Cleanup", Time since last: 1000501404 ns, Reaching safepoint: 277606 ns, At safepoint: 26240 ns, Total: 303846 ns
[2022-09-29T07:32:45.825+0000][7][safepoint   ] Safepoint "Cleanup", Time since last: 1000599892 ns, Reaching safepoint: 272527 ns, At safepoint: 39665 ns, Total: 312192 ns
[2022-09-29T07:32:48.809+0000][7][gc,start    ] GC(105) Pause Young (Concurrent Start) (G1 Evacuation Pause)
[2022-09-29T07:32:48.809+0000][7][gc,task     ] GC(105) Using 6 workers of 13 for evacuation
[2022-09-29T07:32:48.810+0000][7][gc,age      ] GC(105) Desired survivor size 6291456 bytes, new threshold 15 (max threshold 15)
[2022-09-29T07:32:48.814+0000][7][gc,age      ] GC(105) Age table with threshold 15 (max threshold 15)
[2022-09-29T07:32:48.814+0000][7][gc,age      ] GC(105) - age   1:     587824 bytes,     587824 total
[2022-09-29T07:32:48.815+0000][7][gc,age      ] GC(105) - age   2:     671072 bytes,    1258896 total
[2022-09-29T07:32:48.815+0000][7][gc,age      ] GC(105) - age   3:     380592 bytes,    1639488 total
[2022-09-29T07:32:48.815+0000][7][gc,age      ] GC(105) - age   4:     195872 bytes,    1835360 total
[2022-09-29T07:32:48.815+0000][7][gc,age      ] GC(105) - age   5:       7896 bytes,    1843256 total
[2022-09-29T07:32:48.815+0000][7][gc,age      ] GC(105) - age   6:     145256 bytes,    1988512 total
[2022-09-29T07:32:48.816+0000][7][gc,age      ] GC(105) - age   7:      78680 bytes,    2067192 total
[2022-09-29T07:32:48.816+0000][7][gc,age      ] GC(105) - age   8:     256432 bytes,    2323624 total
[2022-09-29T07:32:48.816+0000][7][gc,age      ] GC(105) - age   9:     121272 bytes,    2444896 total
[2022-09-29T07:32:48.817+0000][7][gc,age      ] GC(105) - age  10:     148192 bytes,    2593088 total
[2022-09-29T07:32:48.817+0000][7][gc,age      ] GC(105) - age  11:       5152 bytes,    2598240 total
[2022-09-29T07:32:48.818+0000][7][gc,age      ] GC(105) - age  12:      43712 bytes,    2641952 total
[2022-09-29T07:32:48.818+0000][7][gc,age      ] GC(105) - age  13:     123512 bytes,    2765464 total
[2022-09-29T07:32:48.818+0000][7][gc,age      ] GC(105) - age  14:     123960 bytes,    2889424 total
[2022-09-29T07:32:48.819+0000][7][gc,age      ] GC(105) - age  15:     209712 bytes,    3099136 total
[2022-09-29T07:32:48.819+0000][7][gc,phases   ] GC(105)   Pre Evacuate Collection Set: 0.4ms
[2022-09-29T07:32:48.819+0000][7][gc,phases   ] GC(105)   Merge Heap Roots: 0.1ms
[2022-09-29T07:32:48.819+0000][7][gc,phases   ] GC(105)   Evacuate Collection Set: 2.3ms
[2022-09-29T07:32:48.819+0000][7][gc,phases   ] GC(105)   Post Evacuate Collection Set: 1.2ms
[2022-09-29T07:32:48.820+0000][7][gc,phases   ] GC(105)   Other: 5.9ms
[2022-09-29T07:32:48.820+0000][7][gc,heap     ] GC(105) Eden regions: 21->0(21)
[2022-09-29T07:32:48.821+0000][7][gc,heap     ] GC(105) Survivor regions: 1->1(3)
[2022-09-29T07:32:48.821+0000][7][gc,heap     ] GC(105) Old regions: 24->24
[2022-09-29T07:32:48.821+0000][7][gc,heap     ] GC(105) Archive regions: 2->2
[2022-09-29T07:32:48.821+0000][7][gc,heap     ] GC(105) Humongous regions: 5->5
[2022-09-29T07:32:48.821+0000][7][gc,metaspace] GC(105) Metaspace: 112739K(117148K)->112739K(117148K) NonClass: 98208K(101276K)->98208K(101276K) Class: 14531K(15872K)->14531K(15872K)
[2022-09-29T07:32:48.821+0000][7][gc          ] GC(105) Pause Young (Concurrent Start) (G1 Evacuation Pause) 206M->122M(256M) 12.494ms
[2022-09-29T07:32:48.822+0000][7][gc,cpu      ] GC(105) User=0.02s Sys=0.00s Real=0.02s
[2022-09-29T07:32:48.822+0000][7][safepoint   ] Safepoint "G1CollectForAllocation", Time since last: 2983764992 ns, Reaching safepoint: 266621 ns, At safepoint: 13051707 ns, Total: 13318328 ns
[2022-09-29T07:32:48.822+0000][7][gc          ] GC(106) Concurrent Cycle
[2022-09-29T07:32:48.823+0000][7][gc,marking  ] GC(106) Concurrent Clear Claimed Marks
[2022-09-29T07:32:48.823+0000][7][gc,marking  ] GC(106) Concurrent Clear Claimed Marks 0.556ms
[2022-09-29T07:32:48.824+0000][7][gc,marking  ] GC(106) Concurrent Scan Root Regions
[2022-09-29T07:32:48.825+0000][7][gc,marking  ] GC(106) Concurrent Scan Root Regions 1.873ms
[2022-09-29T07:32:48.826+0000][7][gc,marking  ] GC(106) Concurrent Mark (5377.918s)
[2022-09-29T07:32:48.826+0000][7][gc,marking  ] GC(106) Concurrent Mark From Roots
[2022-09-29T07:32:48.826+0000][7][gc,task     ] GC(106) Using 3 workers of 3 for marking
[2022-09-29T07:32:48.875+0000][7][gc,marking  ] GC(106) Concurrent Mark From Roots 49.009ms
[2022-09-29T07:32:48.875+0000][7][gc,marking  ] GC(106) Concurrent Preclean
[2022-09-29T07:32:48.876+0000][7][gc,marking  ] GC(106) Concurrent Preclean 0.573ms
[2022-09-29T07:32:48.876+0000][7][gc,marking  ] GC(106) Concurrent Mark (5377.918s, 5377.969s) 50.720ms
[2022-09-29T07:32:48.877+0000][7][gc,start    ] GC(106) Pause Remark
[2022-09-29T07:32:48.887+0000][7][gc          ] GC(106) Pause Remark 123M->123M(256M) 9.855ms
[2022-09-29T07:32:48.888+0000][7][gc,cpu      ] GC(106) User=0.04s Sys=0.00s Real=0.01s
[2022-09-29T07:32:48.888+0000][7][safepoint   ] Safepoint "G1Concurrent", Time since last: 54989300 ns, Reaching safepoint: 345115 ns, At safepoint: 10915603 ns, Total: 11260718 ns
[2022-09-29T07:32:48.889+0000][7][gc,marking  ] GC(106) Concurrent Rebuild Remembered Sets
[2022-09-29T07:32:48.925+0000][7][gc,marking  ] GC(106) Concurrent Rebuild Remembered Sets 36.462ms
[2022-09-29T07:32:48.926+0000][7][gc,start    ] GC(106) Pause Cleanup
[2022-09-29T07:32:48.927+0000][7][gc          ] GC(106) Pause Cleanup 124M->124M(256M) 0.784ms
[2022-09-29T07:32:48.928+0000][7][gc,cpu      ] GC(106) User=0.00s Sys=0.00s Real=0.00s
[2022-09-29T07:32:48.928+0000][7][safepoint   ] Safepoint "G1Concurrent", Time since last: 37786314 ns, Reaching safepoint: 363492 ns, At safepoint: 1702134 ns, Total: 2065626 ns
[2022-09-29T07:32:48.928+0000][7][gc,marking  ] GC(106) Concurrent Cleanup for Next Mark
[2022-09-29T07:32:48.929+0000][7][gc,marking  ] GC(106) Concurrent Cleanup for Next Mark 0.672ms
[2022-09-29T07:32:48.930+0000][7][gc          ] GC(106) Concurrent Cycle 107.659ms
[2022-09-29T07:33:01.931+0000][7][safepoint   ] Safepoint "Cleanup", Time since last: 13002328453 ns, Reaching safepoint: 279257 ns, At safepoint: 41729 ns, Total: 320986 ns
[2022-09-29T07:33:02.932+0000][7][safepoint   ] Safepoint "Cleanup", Time since last: 1000591498 ns, Reaching safepoint: 509591 ns, At safepoint: 43633 ns, Total: 553224 ns
[2022-09-29T07:33:03.933+0000][7][safepoint   ] Safepoint "Cleanup", Time since last: 1000822949 ns, Reaching safepoint: 365684 ns, At safepoint: 44836 ns, Total: 410520 ns
[2022-09-29T07:33:30.940+0000][7][safepoint   ] Safepoint "Cleanup", Time since last: 27007029349 ns, Reaching safepoint: 231632 ns, At safepoint: 30838 ns, Total: 262470 ns
[2022-09-29T07:33:58.641+0000][7][gc,start    ] GC(107) Pause Young (Normal) (G1 Evacuation Pause)
[2022-09-29T07:33:58.641+0000][7][gc,task     ] GC(107) Using 6 workers of 13 for evacuation
[2022-09-29T07:33:58.641+0000][7][gc,age      ] GC(107) Desired survivor size 6291456 bytes, new threshold 15 (max threshold 15)
[2022-09-29T07:33:58.646+0000][7][gc,age      ] GC(107) Age table with threshold 15 (max threshold 15)
[2022-09-29T07:33:58.647+0000][7][gc,age      ] GC(107) - age   1:     260752 bytes,     260752 total
[2022-09-29T07:33:58.647+0000][7][gc,age      ] GC(107) - age   2:       7288 bytes,     268040 total
[2022-09-29T07:33:58.647+0000][7][gc,age      ] GC(107) - age   3:      38136 bytes,     306176 total
[2022-09-29T07:33:58.648+0000][7][gc,age      ] GC(107) - age   4:     243912 bytes,     550088 total
[2022-09-29T07:33:58.648+0000][7][gc,age      ] GC(107) - age   5:     195376 bytes,     745464 total
[2022-09-29T07:33:58.648+0000][7][gc,age      ] GC(107) - age   6:       7568 bytes,     753032 total
[2022-09-29T07:33:58.648+0000][7][gc,age      ] GC(107) - age   7:     144600 bytes,     897632 total
[2022-09-29T07:33:58.649+0000][7][gc,age      ] GC(107) - age   8:      24824 bytes,     922456 total
[2022-09-29T07:33:58.649+0000][7][gc,age      ] GC(107) - age   9:     256352 bytes,    1178808 total
[2022-09-29T07:33:58.649+0000][7][gc,age      ] GC(107) - age  10:     119456 bytes,    1298264 total
[2022-09-29T07:33:58.649+0000][7][gc,age      ] GC(107) - age  11:       4744 bytes,    1303008 total
[2022-09-29T07:33:58.650+0000][7][gc,age      ] GC(107) - age  12:       5152 bytes,    1308160 total
[2022-09-29T07:33:58.650+0000][7][gc,age      ] GC(107) - age  13:      43712 bytes,    1351872 total
[2022-09-29T07:33:58.650+0000][7][gc,age      ] GC(107) - age  14:     123240 bytes,    1475112 total
[2022-09-29T07:33:58.651+0000][7][gc,age      ] GC(107) - age  15:     123960 bytes,    1599072 total
[2022-09-29T07:33:58.651+0000][7][gc,phases   ] GC(107)   Pre Evacuate Collection Set: 0.2ms
[2022-09-29T07:33:58.651+0000][7][gc,phases   ] GC(107)   Merge Heap Roots: 0.1ms
[2022-09-29T07:33:58.651+0000][7][gc,phases   ] GC(107)   Evacuate Collection Set: 2.1ms
[2022-09-29T07:33:58.651+0000][7][gc,phases   ] GC(107)   Post Evacuate Collection Set: 1.7ms
[2022-09-29T07:33:58.652+0000][7][gc,phases   ] GC(107)   Other: 6.1ms
[2022-09-29T07:33:58.652+0000][7][gc,heap     ] GC(107) Eden regions: 21->0(21)
[2022-09-29T07:33:58.652+0000][7][gc,heap     ] GC(107) Survivor regions: 1->1(3)
[2022-09-29T07:33:58.652+0000][7][gc,heap     ] GC(107) Old regions: 24->24
[2022-09-29T07:33:58.652+0000][7][gc,heap     ] GC(107) Archive regions: 2->2
[2022-09-29T07:33:58.652+0000][7][gc,heap     ] GC(107) Humongous regions: 5->5
[2022-09-29T07:33:58.653+0000][7][gc,metaspace] GC(107) Metaspace: 112773K(117148K)->112773K(117148K) NonClass: 98242K(101276K)->98242K(101276K) Class: 14531K(15872K)->14531K(15872K)
[2022-09-29T07:33:58.653+0000][7][gc          ] GC(107) Pause Young (Normal) (G1 Evacuation Pause) 206M->121M(256M) 12.100ms
[2022-09-29T07:33:58.653+0000][7][gc,cpu      ] GC(107) User=0.01s Sys=0.00s Real=0.01s
[2022-09-29T07:33:58.653+0000][7][safepoint   ] Safepoint "G1CollectForAllocation", Time since last: 27700038910 ns, Reaching safepoint: 306659 ns, At safepoint: 12626875 ns, Total: 12933534 ns
[2022-09-29T07:34:04.655+0000][7][safepoint   ] Safepoint "Cleanup", Time since last: 6001571208 ns, Reaching safepoint: 449978 ns, At safepoint: 56918 ns, Total: 506896 ns
[2022-09-29T07:34:11.657+0000][7][safepoint   ] Safepoint "Cleanup", Time since last: 7001323661 ns, Reaching safepoint: 272780 ns, At safepoint: 26891 ns, Total: 299671 ns
[2022-09-29T07:34:12.658+0000][7][safepoint   ] Safepoint "Cleanup", Time since last: 1000429274 ns, Reaching safepoint: 306925 ns, At safepoint: 30728 ns, Total: 337653 ns
[2022-09-29T07:34:13.659+0000][7][safepoint   ] Safepoint "Cleanup", Time since last: 1000747633 ns, Reaching safepoint: 449627 ns, At safepoint: 64974 ns, Total: 514601 ns
[2022-09-29T07:34:20.661+0000][7][safepoint   ] Safepoint "Cleanup", Time since last: 7001527905 ns, Reaching safepoint: 234456 ns, At safepoint: 42081 ns, Total: 276537 ns
[2022-09-29T07:34:28.663+0000][7][safepoint   ] Safepoint "Cleanup", Time since last: 8001618407 ns, Reaching safepoint: 193208 ns, At safepoint: 25609 ns, Total: 218817 ns
[2022-09-29T07:34:33.664+0000][7][safepoint   ] Safepoint "Cleanup", Time since last: 5001283743 ns, Reaching safepoint: 425982 ns, At safepoint: 76035 ns, Total: 502017 ns
[2022-09-29T07:34:34.666+0000][7][safepoint   ] Safepoint "Cleanup", Time since last: 1000724366 ns, Reaching safepoint: 497298 ns, At safepoint: 57589 ns, Total: 554887 ns
[2022-09-29T07:34:44.669+0000][7][safepoint   ] Safepoint "Cleanup", Time since last: 10002445388 ns, Reaching safepoint: 444713 ns, At safepoint: 42260 ns, Total: 486973 ns
[2022-09-29T07:34:50.684+0000][7][safepoint   ] Safepoint "Cleanup", Time since last: 6015073685 ns, Reaching safepoint: 298323 ns, At safepoint: 30067 ns, Total: 328390 ns
[2022-09-29T07:34:57.686+0000][7][safepoint   ] Safepoint "Cleanup", Time since last: 7001785629 ns, Reaching safepoint: 340564 ns, At safepoint: 50806 ns, Total: 391370 ns
[2022-09-29T07:34:58.687+0000][7][safepoint   ] Safepoint "Cleanup", Time since last: 1000245995 ns, Reaching safepoint: 329122 ns, At safepoint: 17383 ns, Total: 346505 ns
[2022-09-29T07:34:58.827+0000][7][gc,start    ] GC(108) Pause Young (Concurrent Start) (G1 Evacuation Pause)
[2022-09-29T07:34:58.827+0000][7][gc,task     ] GC(108) Using 6 workers of 13 for evacuation
[2022-09-29T07:34:58.827+0000][7][gc,age      ] GC(108) Desired survivor size 6291456 bytes, new threshold 15 (max threshold 15)
[2022-09-29T07:34:58.834+0000][7][gc,age      ] GC(108) Age table with threshold 15 (max threshold 15)
[2022-09-29T07:34:58.835+0000][7][gc,age      ] GC(108) - age   1:    3511784 bytes,    3511784 total
[2022-09-29T07:34:58.835+0000][7][gc,age      ] GC(108) - age   2:     189056 bytes,    3700840 total
[2022-09-29T07:34:58.836+0000][7][gc,age      ] GC(108) - age   3:       5744 bytes,    3706584 total
[2022-09-29T07:34:58.836+0000][7][gc,age      ] GC(108) - age   4:      37544 bytes,    3744128 total
[2022-09-29T07:34:58.837+0000][7][gc,age      ] GC(108) - age   5:     171512 bytes,    3915640 total
[2022-09-29T07:34:58.837+0000][7][gc,age      ] GC(108) - age   6:     137352 bytes,    4052992 total
[2022-09-29T07:34:58.838+0000][7][gc,age      ] GC(108) - age   7:       7376 bytes,    4060368 total
[2022-09-29T07:34:58.838+0000][7][gc,age      ] GC(108) - age   8:     143408 bytes,    4203776 total
[2022-09-29T07:34:58.839+0000][7][gc,age      ] GC(108) - age   9:      24576 bytes,    4228352 total
[2022-09-29T07:34:58.839+0000][7][gc,age      ] GC(108) - age  10:     239944 bytes,    4468296 total
[2022-09-29T07:34:58.839+0000][7][gc,age      ] GC(108) - age  11:     119328 bytes,    4587624 total
[2022-09-29T07:34:58.840+0000][7][gc,age      ] GC(108) - age  12:       4688 bytes,    4592312 total
[2022-09-29T07:34:58.840+0000][7][gc,age      ] GC(108) - age  13:       5152 bytes,    4597464 total
[2022-09-29T07:34:58.840+0000][7][gc,age      ] GC(108) - age  14:      43584 bytes,    4641048 total
[2022-09-29T07:34:58.841+0000][7][gc,age      ] GC(108) - age  15:     123176 bytes,    4764224 total
[2022-09-29T07:34:58.841+0000][7][gc,phases   ] GC(108)   Pre Evacuate Collection Set: 0.5ms
[2022-09-29T07:34:58.842+0000][7][gc,phases   ] GC(108)   Merge Heap Roots: 0.2ms
[2022-09-29T07:34:58.842+0000][7][gc,phases   ] GC(108)   Evacuate Collection Set: 3.5ms
[2022-09-29T07:34:58.843+0000][7][gc,phases   ] GC(108)   Post Evacuate Collection Set: 1.9ms
[2022-09-29T07:34:58.843+0000][7][gc,phases   ] GC(108)   Other: 8.9ms
[2022-09-29T07:34:58.844+0000][7][gc,heap     ] GC(108) Eden regions: 21->0(19)
[2022-09-29T07:34:58.844+0000][7][gc,heap     ] GC(108) Survivor regions: 1->2(3)
[2022-09-29T07:34:58.845+0000][7][gc,heap     ] GC(108) Old regions: 24->24
[2022-09-29T07:34:58.845+0000][7][gc,heap     ] GC(108) Archive regions: 2->2
[2022-09-29T07:34:58.845+0000][7][gc,heap     ] GC(108) Humongous regions: 5->5
[2022-09-29T07:34:58.846+0000][7][gc,metaspace] GC(108) Metaspace: 112907K(117404K)->112907K(117404K) NonClass: 98376K(101532K)->98376K(101532K) Class: 14531K(15872K)->14531K(15872K)
[2022-09-29T07:34:58.846+0000][7][gc          ] GC(108) Pause Young (Concurrent Start) (G1 Evacuation Pause) 205M->124M(256M) 19.371ms
[2022-09-29T07:34:58.846+0000][7][gc,cpu      ] GC(108) User=0.03s Sys=0.00s Real=0.02s
[2022-09-29T07:34:58.847+0000][7][gc          ] GC(109) Concurrent Cycle
[2022-09-29T07:34:58.847+0000][7][safepoint   ] Safepoint "G1CollectForAllocation", Time since last: 139252196 ns, Reaching safepoint: 396345 ns, At safepoint: 20535272 ns, Total: 20931617 ns
[2022-09-29T07:34:58.848+0000][7][gc,marking  ] GC(109) Concurrent Clear Claimed Marks
[2022-09-29T07:34:58.849+0000][7][gc,marking  ] GC(109) Concurrent Clear Claimed Marks 1.390ms
[2022-09-29T07:34:58.850+0000][7][gc,marking  ] GC(109) Concurrent Scan Root Regions
[2022-09-29T07:34:58.854+0000][7][gc,marking  ] GC(109) Concurrent Scan Root Regions 3.572ms
[2022-09-29T07:34:58.854+0000][7][gc,marking  ] GC(109) Concurrent Mark (5507.947s)
[2022-09-29T07:34:58.854+0000][7][gc,marking  ] GC(109) Concurrent Mark From Roots
[2022-09-29T07:34:58.855+0000][7][gc,task     ] GC(109) Using 3 workers of 3 for marking
[2022-09-29T07:34:58.941+0000][7][gc,marking  ] GC(109) Concurrent Mark From Roots 86.793ms
[2022-09-29T07:34:58.942+0000][7][gc,marking  ] GC(109) Concurrent Preclean
[2022-09-29T07:34:58.943+0000][7][gc,marking  ] GC(109) Concurrent Preclean 1.462ms
[2022-09-29T07:34:58.944+0000][7][gc,marking  ] GC(109) Concurrent Mark (5507.947s, 5508.037s) 90.046ms
[2022-09-29T07:34:58.946+0000][7][gc,start    ] GC(109) Pause Remark
[2022-09-29T07:34:58.959+0000][7][gc          ] GC(109) Pause Remark 128M->128M(256M) 12.503ms
[2022-09-29T07:34:58.959+0000][7][gc,cpu      ] GC(109) User=0.07s Sys=0.00s Real=0.01s
[2022-09-29T07:34:58.960+0000][7][safepoint   ] Safepoint "G1Concurrent", Time since last: 97904237 ns, Reaching safepoint: 1094225 ns, At safepoint: 13584932 ns, Total: 14679157 ns
[2022-09-29T07:34:58.960+0000][7][gc,marking  ] GC(109) Concurrent Rebuild Remembered Sets
[2022-09-29T07:34:59.018+0000][7][gc,marking  ] GC(109) Concurrent Rebuild Remembered Sets 57.223ms
[2022-09-29T07:34:59.019+0000][7][gc,start    ] GC(109) Pause Cleanup
[2022-09-29T07:34:59.020+0000][7][gc          ] GC(109) Pause Cleanup 129M->129M(256M) 0.864ms
[2022-09-29T07:34:59.020+0000][7][gc,cpu      ] GC(109) User=0.00s Sys=0.01s Real=0.01s
[2022-09-29T07:34:59.021+0000][7][safepoint   ] Safepoint "G1Concurrent", Time since last: 58589729 ns, Reaching safepoint: 470196 ns, At safepoint: 2390275 ns, Total: 2860471 ns
[2022-09-29T07:34:59.022+0000][7][gc,marking  ] GC(109) Concurrent Cleanup for Next Mark
[2022-09-29T07:34:59.023+0000][7][gc,marking  ] GC(109) Concurrent Cleanup for Next Mark 1.395ms
[2022-09-29T07:34:59.024+0000][7][gc          ] GC(109) Concurrent Cycle 177.270ms
[2022-09-29T07:35:00.033+0000][7][safepoint   ] Safepoint "Cleanup", Time since last: 1010282392 ns, Reaching safepoint: 941594 ns, At safepoint: 241949 ns, Total: 1183543 ns
[2022-09-29T07:35:01.033+0000][7][safepoint   ] Safepoint "Cleanup", Time since last: 1000388819 ns, Reaching safepoint: 251299 ns, At safepoint: 11101 ns, Total: 262400 ns
[2022-09-29T07:35:02.037+0000][7][safepoint   ] Safepoint "Cleanup", Time since last: 1003900697 ns, Reaching safepoint: 305853 ns, At safepoint: 45967 ns, Total: 351820 ns
[2022-09-29T07:35:03.038+0000][7][safepoint   ] Safepoint "Cleanup", Time since last: 1000576240 ns, Reaching safepoint: 436472 ns, At safepoint: 47801 ns, Total: 484273 ns
[2022-09-29T07:35:07.040+0000][7][safepoint   ] Safepoint "Cleanup", Time since last: 4000964868 ns, Reaching safepoint: 319652 ns, At safepoint: 43874 ns, Total: 363526 ns
[2022-09-29T07:35:08.041+0000][7][safepoint   ] Safepoint "Cleanup", Time since last: 1000524019 ns, Reaching safepoint: 411366 ns, At safepoint: 51478 ns, Total: 462844 ns
[2022-09-29T07:35:18.043+0000][7][safepoint   ] Safepoint "Cleanup", Time since last: 10001963242 ns, Reaching safepoint: 324005 ns, At safepoint: 40267 ns, Total: 364272 ns
[2022-09-29T07:35:23.045+0000][7][safepoint   ] Safepoint "Cleanup", Time since last: 5001080024 ns, Reaching safepoint: 278774 ns, At safepoint: 30157 ns, Total: 308931 ns
[2022-09-29T07:35:30.046+0000][7][safepoint   ] Safepoint "Cleanup", Time since last: 7001564510 ns, Reaching safepoint: 331935 ns, At safepoint: 64332 ns, Total: 396267 ns
[2022-09-29T07:35:31.555+0000][7][gc,start    ] GC(110) Pause Young (Normal) (G1 Evacuation Pause)
[2022-09-29T07:35:31.556+0000][7][gc,task     ] GC(110) Using 6 workers of 13 for evacuation
[2022-09-29T07:35:31.557+0000][7][gc,age      ] GC(110) Desired survivor size 6291456 bytes, new threshold 15 (max threshold 15)
[2022-09-29T07:35:31.561+0000][7][gc,age      ] GC(110) Age table with threshold 15 (max threshold 15)
[2022-09-29T07:35:31.562+0000][7][gc,age      ] GC(110) - age   1:     998232 bytes,     998232 total
[2022-09-29T07:35:31.562+0000][7][gc,age      ] GC(110) - age   2:     640200 bytes,    1638432 total
[2022-09-29T07:35:31.562+0000][7][gc,age      ] GC(110) - age   3:     188152 bytes,    1826584 total
[2022-09-29T07:35:31.562+0000][7][gc,age      ] GC(110) - age   4:       4928 bytes,    1831512 total
[2022-09-29T07:35:31.563+0000][7][gc,age      ] GC(110) - age   5:      35480 bytes,    1866992 total
[2022-09-29T07:35:31.563+0000][7][gc,age      ] GC(110) - age   6:     166984 bytes,    2033976 total
[2022-09-29T07:35:31.563+0000][7][gc,age      ] GC(110) - age   7:      20176 bytes,    2054152 total
[2022-09-29T07:35:31.564+0000][7][gc,age      ] GC(110) - age   8:       5552 bytes,    2059704 total
[2022-09-29T07:35:31.564+0000][7][gc,age      ] GC(110) - age   9:      22224 bytes,    2081928 total
[2022-09-29T07:35:31.564+0000][7][gc,age      ] GC(110) - age  10:      21872 bytes,    2103800 total
[2022-09-29T07:35:31.564+0000][7][gc,age      ] GC(110) - age  11:      10680 bytes,    2114480 total
[2022-09-29T07:35:31.564+0000][7][gc,age      ] GC(110) - age  12:       4264 bytes,    2118744 total
[2022-09-29T07:35:31.565+0000][7][gc,age      ] GC(110) - age  13:       3888 bytes,    2122632 total
[2022-09-29T07:35:31.565+0000][7][gc,age      ] GC(110) - age  14:       4208 bytes,    2126840 total
[2022-09-29T07:35:31.565+0000][7][gc,age      ] GC(110) - age  15:      42016 bytes,    2168856 total
[2022-09-29T07:35:31.565+0000][7][gc,phases   ] GC(110)   Pre Evacuate Collection Set: 0.2ms
[2022-09-29T07:35:31.566+0000][7][gc,phases   ] GC(110)   Merge Heap Roots: 0.1ms
[2022-09-29T07:35:31.566+0000][7][gc,phases   ] GC(110)   Evacuate Collection Set: 2.5ms
[2022-09-29T07:35:31.566+0000][7][gc,phases   ] GC(110)   Post Evacuate Collection Set: 1.1ms
[2022-09-29T07:35:31.566+0000][7][gc,phases   ] GC(110)   Other: 6.1ms
[2022-09-29T07:35:31.567+0000][7][gc,heap     ] GC(110) Eden regions: 19->0(20)
[2022-09-29T07:35:31.567+0000][7][gc,heap     ] GC(110) Survivor regions: 2->1(3)
[2022-09-29T07:35:31.567+0000][7][gc,heap     ] GC(110) Old regions: 24->24
[2022-09-29T07:35:31.567+0000][7][gc,heap     ] GC(110) Archive regions: 2->2
[2022-09-29T07:35:31.567+0000][7][gc,heap     ] GC(110) Humongous regions: 5->5
[2022-09-29T07:35:31.568+0000][7][gc,metaspace] GC(110) Metaspace: 112931K(117404K)->112931K(117404K) NonClass: 98400K(101532K)->98400K(101532K) Class: 14531K(15872K)->14531K(15872K)
[2022-09-29T07:35:31.568+0000][7][gc          ] GC(110) Pause Young (Normal) (G1 Evacuation Pause) 200M->121M(256M) 12.547ms
[2022-09-29T07:35:31.568+0000][7][gc,cpu      ] GC(110) User=0.02s Sys=0.00s Real=0.01s
[2022-09-29T07:35:31.568+0000][7][safepoint   ] Safepoint "G1CollectForAllocation", Time since last: 1508502521 ns, Reaching safepoint: 305756 ns, At safepoint: 13176566 ns, Total: 13482322 ns
[2022-09-29T07:35:33.569+0000][7][safepoint   ] Safepoint "Cleanup", Time since last: 2000575116 ns, Reaching safepoint: 352372 ns, At safepoint: 49684 ns, Total: 402056 ns
[2022-09-29T07:35:40.572+0000][7][safepoint   ] Safepoint "Cleanup", Time since last: 7002185230 ns, Reaching safepoint: 416639 ns, At safepoint: 40978 ns, Total: 457617 ns
[2022-09-29T07:35:49.575+0000][7][safepoint   ] Safepoint "Cleanup", Time since last: 9002093764 ns, Reaching safepoint: 508582 ns, At safepoint: 33945 ns, Total: 542527 ns
[2022-09-29T07:35:50.577+0000][7][safepoint   ] Safepoint "Cleanup", Time since last: 1000986456 ns, Reaching safepoint: 740806 ns, At safepoint: 69973 ns, Total: 810779 ns
[2022-09-29T07:35:51.578+0000][7][safepoint   ] Safepoint "Cleanup", Time since last: 1000542961 ns, Reaching safepoint: 428496 ns, At safepoint: 48743 ns, Total: 477239 ns
[2022-09-29T07:35:55.579+0000][7][safepoint   ] Safepoint "Cleanup", Time since last: 4001108798 ns, Reaching safepoint: 332482 ns, At safepoint: 58822 ns, Total: 391304 ns
[2022-09-29T07:36:03.581+0000][7][safepoint   ] Safepoint "Cleanup", Time since last: 8001794388 ns, Reaching safepoint: 253423 ns, At safepoint: 21631 ns, Total: 275054 ns
[2022-09-29T07:36:10.583+0000][7][safepoint   ] Safepoint "Cleanup", Time since last: 7001489567 ns, Reaching safepoint: 478612 ns, At safepoint: 82477 ns, Total: 561089 ns
[2022-09-29T07:36:11.585+0000][7][safepoint   ] Safepoint "Cleanup", Time since last: 1001078601 ns, Reaching safepoint: 330410 ns, At safepoint: 31330 ns, Total: 361740 ns
[2022-09-29T07:36:12.586+0000][7][safepoint   ] Safepoint "Cleanup", Time since last: 1000582986 ns, Reaching safepoint: 517316 ns, At safepoint: 49384 ns, Total: 566700 ns
[2022-09-29T07:36:13.587+0000][7][safepoint   ] Safepoint "Cleanup", Time since last: 1000682517 ns, Reaching safepoint: 315563 ns, At safepoint: 35788 ns, Total: 351351 ns
[2022-09-29T07:36:13.590+0000][7][gc,start    ] GC(111) Pause Young (Concurrent Start) (G1 Evacuation Pause)
[2022-09-29T07:36:13.590+0000][7][gc,task     ] GC(111) Using 6 workers of 13 for evacuation
[2022-09-29T07:36:13.591+0000][7][gc,age      ] GC(111) Desired survivor size 6291456 bytes, new threshold 15 (max threshold 15)
[2022-09-29T07:36:13.596+0000][7][gc,age      ] GC(111) Age table with threshold 15 (max threshold 15)
[2022-09-29T07:36:13.597+0000][7][gc,age      ] GC(111) - age   1:     457912 bytes,     457912 total
[2022-09-29T07:36:13.597+0000][7][gc,age      ] GC(111) - age   2:     512392 bytes,     970304 total
[2022-09-29T07:36:13.597+0000][7][gc,age      ] GC(111) - age   3:     187464 bytes,    1157768 total
[2022-09-29T07:36:13.597+0000][7][gc,age      ] GC(111) - age   4:     163512 bytes,    1321280 total
[2022-09-29T07:36:13.598+0000][7][gc,age      ] GC(111) - age   5:       3408 bytes,    1324688 total
[2022-09-29T07:36:13.598+0000][7][gc,age      ] GC(111) - age   6:       8184 bytes,    1332872 total
[2022-09-29T07:36:13.598+0000][7][gc,age      ] GC(111) - age   7:      23376 bytes,    1356248 total
[2022-09-29T07:36:13.598+0000][7][gc,age      ] GC(111) - age   8:      19888 bytes,    1376136 total
[2022-09-29T07:36:13.599+0000][7][gc,age      ] GC(111) - age   9:       5392 bytes,    1381528 total
[2022-09-29T07:36:13.599+0000][7][gc,age      ] GC(111) - age  10:      22224 bytes,    1403752 total
[2022-09-29T07:36:13.599+0000][7][gc,age      ] GC(111) - age  11:      21520 bytes,    1425272 total
[2022-09-29T07:36:13.599+0000][7][gc,age      ] GC(111) - age  12:      10480 bytes,    1435752 total
[2022-09-29T07:36:13.600+0000][7][gc,age      ] GC(111) - age  13:       4264 bytes,    1440016 total
[2022-09-29T07:36:13.600+0000][7][gc,age      ] GC(111) - age  14:       3792 bytes,    1443808 total
[2022-09-29T07:36:13.600+0000][7][gc,age      ] GC(111) - age  15:       4144 bytes,    1447952 total
[2022-09-29T07:36:13.600+0000][7][gc,phases   ] GC(111)   Pre Evacuate Collection Set: 0.5ms
[2022-09-29T07:36:13.601+0000][7][gc,phases   ] GC(111)   Merge Heap Roots: 0.2ms
[2022-09-29T07:36:13.601+0000][7][gc,phases   ] GC(111)   Evacuate Collection Set: 2.9ms
[2022-09-29T07:36:13.601+0000][7][gc,phases   ] GC(111)   Post Evacuate Collection Set: 1.4ms
[2022-09-29T07:36:13.601+0000][7][gc,phases   ] GC(111)   Other: 5.6ms
[2022-09-29T07:36:13.602+0000][7][gc,heap     ] GC(111) Eden regions: 20->0(21)
[2022-09-29T07:36:13.602+0000][7][gc,heap     ] GC(111) Survivor regions: 1->1(3)
[2022-09-29T07:36:13.602+0000][7][gc,heap     ] GC(111) Old regions: 24->24
[2022-09-29T07:36:13.602+0000][7][gc,heap     ] GC(111) Archive regions: 2->2
[2022-09-29T07:36:13.602+0000][7][gc,heap     ] GC(111) Humongous regions: 5->5
[2022-09-29T07:36:13.603+0000][7][gc,metaspace] GC(111) Metaspace: 112945K(117404K)->112945K(117404K) NonClass: 98414K(101532K)->98414K(101532K) Class: 14531K(15872K)->14531K(15872K)
[2022-09-29T07:36:13.603+0000][7][gc          ] GC(111) Pause Young (Concurrent Start) (G1 Evacuation Pause) 201M->121M(256M) 13.085ms
[2022-09-29T07:36:13.603+0000][7][gc,cpu      ] GC(111) User=0.02s Sys=0.01s Real=0.01s
[2022-09-29T07:36:13.604+0000][7][gc          ] GC(112) Concurrent Cycle
[2022-09-29T07:36:13.604+0000][7][gc,marking  ] GC(112) Concurrent Clear Claimed Marks
[2022-09-29T07:36:13.604+0000][7][safepoint   ] Safepoint "G1CollectForAllocation", Time since last: 2653099 ns, Reaching safepoint: 368101 ns, At safepoint: 13912562 ns, Total: 14280663 ns
[2022-09-29T07:36:13.605+0000][7][gc,marking  ] GC(112) Concurrent Clear Claimed Marks 0.634ms
[2022-09-29T07:36:13.606+0000][7][gc,marking  ] GC(112) Concurrent Scan Root Regions
[2022-09-29T07:36:13.608+0000][7][gc,marking  ] GC(112) Concurrent Scan Root Regions 2.034ms
[2022-09-29T07:36:13.608+0000][7][gc,marking  ] GC(112) Concurrent Mark (5582.701s)
[2022-09-29T07:36:13.608+0000][7][gc,marking  ] GC(112) Concurrent Mark From Roots
[2022-09-29T07:36:13.609+0000][7][gc,task     ] GC(112) Using 3 workers of 3 for marking
[2022-09-29T07:36:13.669+0000][7][gc,marking  ] GC(112) Concurrent Mark From Roots 61.038ms
[2022-09-29T07:36:13.670+0000][7][gc,marking  ] GC(112) Concurrent Preclean
[2022-09-29T07:36:13.671+0000][7][gc,marking  ] GC(112) Concurrent Preclean 0.858ms
[2022-09-29T07:36:13.671+0000][7][gc,marking  ] GC(112) Concurrent Mark (5582.701s, 5582.764s) 63.022ms
[2022-09-29T07:36:13.672+0000][7][gc,start    ] GC(112) Pause Remark
[2022-09-29T07:36:13.682+0000][7][gc          ] GC(112) Pause Remark 121M->121M(256M) 9.507ms
[2022-09-29T07:36:13.682+0000][7][gc,cpu      ] GC(112) User=0.04s Sys=0.00s Real=0.01s
[2022-09-29T07:36:13.683+0000][7][safepoint   ] Safepoint "G1Concurrent", Time since last: 68042179 ns, Reaching safepoint: 426125 ns, At safepoint: 10486678 ns, Total: 10912803 ns
[2022-09-29T07:36:13.683+0000][7][gc,marking  ] GC(112) Concurrent Rebuild Remembered Sets
[2022-09-29T07:36:13.721+0000][7][gc,marking  ] GC(112) Concurrent Rebuild Remembered Sets 37.467ms
[2022-09-29T07:36:13.722+0000][7][gc,start    ] GC(112) Pause Cleanup
[2022-09-29T07:36:13.722+0000][7][gc          ] GC(112) Pause Cleanup 121M->121M(256M) 0.800ms
[2022-09-29T07:36:13.723+0000][7][gc,cpu      ] GC(112) User=0.00s Sys=0.00s Real=0.00s
[2022-09-29T07:36:13.723+0000][7][safepoint   ] Safepoint "G1Concurrent", Time since last: 38447887 ns, Reaching safepoint: 472911 ns, At safepoint: 1759132 ns, Total: 2232043 ns
[2022-09-29T07:36:13.724+0000][7][gc,marking  ] GC(112) Concurrent Cleanup for Next Mark
[2022-09-29T07:36:13.725+0000][7][gc,marking  ] GC(112) Concurrent Cleanup for Next Mark 0.964ms
[2022-09-29T07:36:13.725+0000][7][gc          ] GC(112) Concurrent Cycle 121.620ms
[2022-09-29T07:36:15.725+0000][7][safepoint   ] Safepoint "Cleanup", Time since last: 2000818602 ns, Reaching safepoint: 300272 ns, At safepoint: 40487 ns, Total: 340759 ns
[2022-09-29T07:36:19.726+0000][7][safepoint   ] Safepoint "Cleanup", Time since last: 4000997800 ns, Reaching safepoint: 402757 ns, At safepoint: 37422 ns, Total: 440179 ns
[2022-09-29T07:36:23.727+0000][7][safepoint   ] Safepoint "Cleanup", Time since last: 4000843575 ns, Reaching safepoint: 277319 ns, At safepoint: 31039 ns, Total: 308358 ns
[2022-09-29T07:36:38.731+0000][7][safepoint   ] Safepoint "Cleanup", Time since last: 15003346709 ns, Reaching safepoint: 467802 ns, At safepoint: 61417 ns, Total: 529219 ns
[2022-09-29T07:37:11.738+0000][7][safepoint   ] Safepoint "Cleanup", Time since last: 33006759487 ns, Reaching safepoint: 353168 ns, At safepoint: 30498 ns, Total: 383666 ns
[2022-09-29T07:37:12.739+0000][7][safepoint   ] Safepoint "Cleanup", Time since last: 1000513965 ns, Reaching safepoint: 263187 ns, At safepoint: 22042 ns, Total: 285229 ns
[2022-09-29T07:37:13.740+0000][7][safepoint   ] Safepoint "Cleanup", Time since last: 1000563299 ns, Reaching safepoint: 300392 ns, At safepoint: 69393 ns, Total: 369785 ns
[2022-09-29T07:37:14.741+0000][7][safepoint   ] Safepoint "Cleanup", Time since last: 1000621309 ns, Reaching safepoint: 512201 ns, At safepoint: 48884 ns, Total: 561085 ns
[2022-09-29T07:37:15.742+0000][7][safepoint   ] Safepoint "Cleanup", Time since last: 1000617031 ns, Reaching safepoint: 284908 ns, At safepoint: 30729 ns, Total: 315637 ns
[2022-09-29T07:37:17.743+0000][7][safepoint   ] Safepoint "Cleanup", Time since last: 2000634796 ns, Reaching safepoint: 248458 ns, At safepoint: 27653 ns, Total: 276111 ns
[2022-09-29T07:37:19.744+0000][7][safepoint   ] Safepoint "Cleanup", Time since last: 2000715991 ns, Reaching safepoint: 595700 ns, At safepoint: 71657 ns, Total: 667357 ns
[2022-09-29T07:37:33.679+0000][7][gc,start    ] GC(113) Pause Young (Normal) (G1 Evacuation Pause)
[2022-09-29T07:37:33.679+0000][7][gc,task     ] GC(113) Using 6 workers of 13 for evacuation
[2022-09-29T07:37:33.680+0000][7][gc,age      ] GC(113) Desired survivor size 6291456 bytes, new threshold 15 (max threshold 15)
[2022-09-29T07:37:33.685+0000][7][gc,age      ] GC(113) Age table with threshold 15 (max threshold 15)
[2022-09-29T07:37:33.685+0000][7][gc,age      ] GC(113) - age   1:     764168 bytes,     764168 total
[2022-09-29T07:37:33.686+0000][7][gc,age      ] GC(113) - age   2:     386672 bytes,    1150840 total
[2022-09-29T07:37:33.686+0000][7][gc,age      ] GC(113) - age   3:     505224 bytes,    1656064 total
[2022-09-29T07:37:33.687+0000][7][gc,age      ] GC(113) - age   4:     183864 bytes,    1839928 total
[2022-09-29T07:37:33.687+0000][7][gc,age      ] GC(113) - age   5:     163512 bytes,    2003440 total
[2022-09-29T07:37:33.687+0000][7][gc,age      ] GC(113) - age   6:       2984 bytes,    2006424 total
[2022-09-29T07:37:33.688+0000][7][gc,age      ] GC(113) - age   7:       7992 bytes,    2014416 total
[2022-09-29T07:37:33.688+0000][7][gc,age      ] GC(113) - age   8:      22664 bytes,    2037080 total
[2022-09-29T07:37:33.688+0000][7][gc,age      ] GC(113) - age   9:      19824 bytes,    2056904 total
[2022-09-29T07:37:33.688+0000][7][gc,age      ] GC(113) - age  10:       5392 bytes,    2062296 total
[2022-09-29T07:37:33.689+0000][7][gc,age      ] GC(113) - age  11:      22192 bytes,    2084488 total
[2022-09-29T07:37:33.689+0000][7][gc,age      ] GC(113) - age  12:      21200 bytes,    2105688 total
[2022-09-29T07:37:33.689+0000][7][gc,age      ] GC(113) - age  13:      10480 bytes,    2116168 total
[2022-09-29T07:37:33.690+0000][7][gc,age      ] GC(113) - age  14:       3784 bytes,    2119952 total
[2022-09-29T07:37:33.690+0000][7][gc,age      ] GC(113) - age  15:       3728 bytes,    2123680 total
[2022-09-29T07:37:33.690+0000][7][gc,phases   ] GC(113)   Pre Evacuate Collection Set: 0.4ms
[2022-09-29T07:37:33.691+0000][7][gc,phases   ] GC(113)   Merge Heap Roots: 0.3ms
[2022-09-29T07:37:33.691+0000][7][gc,phases   ] GC(113)   Evacuate Collection Set: 2.4ms
[2022-09-29T07:37:33.692+0000][7][gc,phases   ] GC(113)   Post Evacuate Collection Set: 1.5ms
[2022-09-29T07:37:33.692+0000][7][gc,phases   ] GC(113)   Other: 6.9ms
[2022-09-29T07:37:33.693+0000][7][gc,heap     ] GC(113) Eden regions: 21->0(21)
[2022-09-29T07:37:33.693+0000][7][gc,heap     ] GC(113) Survivor regions: 1->1(3)
[2022-09-29T07:37:33.693+0000][7][gc,heap     ] GC(113) Old regions: 24->24
[2022-09-29T07:37:33.693+0000][7][gc,heap     ] GC(113) Archive regions: 2->2
[2022-09-29T07:37:33.694+0000][7][gc,heap     ] GC(113) Humongous regions: 5->5
[2022-09-29T07:37:33.694+0000][7][gc,metaspace] GC(113) Metaspace: 112981K(117404K)->112981K(117404K) NonClass: 98450K(101532K)->98450K(101532K) Class: 14531K(15872K)->14531K(15872K)
[2022-09-29T07:37:33.694+0000][7][gc          ] GC(113) Pause Young (Normal) (G1 Evacuation Pause) 205M->121M(256M) 15.060ms
[2022-09-29T07:37:33.694+0000][7][gc,cpu      ] GC(113) User=0.02s Sys=0.01s Real=0.02s
[2022-09-29T07:37:33.695+0000][7][safepoint   ] Safepoint "G1CollectForAllocation", Time since last: 13934232835 ns, Reaching safepoint: 344015 ns, At safepoint: 15843544 ns, Total: 16187559 ns
[2022-09-29T07:37:37.696+0000][7][safepoint   ] Safepoint "Cleanup", Time since last: 4000971953 ns, Reaching safepoint: 441326 ns, At safepoint: 28715 ns, Total: 470041 ns
[2022-09-29T07:37:47.699+0000][7][safepoint   ] Safepoint "Cleanup", Time since last: 10002122738 ns, Reaching safepoint: 398321 ns, At safepoint: 37041 ns, Total: 435362 ns
[2022-09-29T07:38:02.702+0000][7][safepoint   ] Safepoint "Cleanup", Time since last: 15003027654 ns, Reaching safepoint: 346069 ns, At safepoint: 65986 ns, Total: 412055 ns
[2022-09-29T07:38:14.705+0000][7][safepoint   ] Safepoint "Cleanup", Time since last: 12002854000 ns, Reaching safepoint: 288648 ns, At safepoint: 31049 ns, Total: 319697 ns
[2022-09-29T07:38:17.707+0000][7][safepoint   ] Safepoint "Cleanup", Time since last: 3001193104 ns, Reaching safepoint: 348584 ns, At safepoint: 41218 ns, Total: 389802 ns
[2022-09-29T07:38:27.709+0000][7][safepoint   ] Safepoint "Cleanup", Time since last: 10002243912 ns, Reaching safepoint: 299366 ns, At safepoint: 33694 ns, Total: 333060 ns
[2022-09-29T07:38:55.717+0000][7][safepoint   ] Safepoint "Cleanup", Time since last: 28006779757 ns, Reaching safepoint: 462571 ns, At safepoint: 53171 ns, Total: 515742 ns
[2022-09-29T07:38:56.674+0000][7][gc,start    ] GC(114) Pause Young (Concurrent Start) (G1 Evacuation Pause)
[2022-09-29T07:38:56.676+0000][7][gc,task     ] GC(114) Using 6 workers of 13 for evacuation
[2022-09-29T07:38:56.677+0000][7][gc,age      ] GC(114) Desired survivor size 6291456 bytes, new threshold 15 (max threshold 15)
[2022-09-29T07:38:56.682+0000][7][gc,age      ] GC(114) Age table with threshold 15 (max threshold 15)
[2022-09-29T07:38:56.683+0000][7][gc,age      ] GC(114) - age   1:     674640 bytes,     674640 total
[2022-09-29T07:38:56.683+0000][7][gc,age      ] GC(114) - age   2:     659040 bytes,    1333680 total
[2022-09-29T07:38:56.683+0000][7][gc,age      ] GC(114) - age   3:     385440 bytes,    1719120 total
[2022-09-29T07:38:56.683+0000][7][gc,age      ] GC(114) - age   4:     504376 bytes,    2223496 total
[2022-09-29T07:38:56.684+0000][7][gc,age      ] GC(114) - age   5:     183704 bytes,    2407200 total
[2022-09-29T07:38:56.684+0000][7][gc,age      ] GC(114) - age   6:     163512 bytes,    2570712 total
[2022-09-29T07:38:56.684+0000][7][gc,age      ] GC(114) - age   7:       2696 bytes,    2573408 total
[2022-09-29T07:38:56.684+0000][7][gc,age      ] GC(114) - age   8:       7256 bytes,    2580664 total
[2022-09-29T07:38:56.684+0000][7][gc,age      ] GC(114) - age   9:      22568 bytes,    2603232 total
[2022-09-29T07:38:56.685+0000][7][gc,age      ] GC(114) - age  10:      19824 bytes,    2623056 total
[2022-09-29T07:38:56.685+0000][7][gc,age      ] GC(114) - age  11:       5392 bytes,    2628448 total
[2022-09-29T07:38:56.685+0000][7][gc,age      ] GC(114) - age  12:      21840 bytes,    2650288 total
[2022-09-29T07:38:56.685+0000][7][gc,age      ] GC(114) - age  13:      21104 bytes,    2671392 total
[2022-09-29T07:38:56.685+0000][7][gc,age      ] GC(114) - age  14:      10384 bytes,    2681776 total
[2022-09-29T07:38:56.686+0000][7][gc,age      ] GC(114) - age  15:       3560 bytes,    2685336 total
[2022-09-29T07:38:56.686+0000][7][gc,phases   ] GC(114)   Pre Evacuate Collection Set: 0.8ms
[2022-09-29T07:38:56.686+0000][7][gc,phases   ] GC(114)   Merge Heap Roots: 0.2ms
[2022-09-29T07:38:56.686+0000][7][gc,phases   ] GC(114)   Evacuate Collection Set: 2.9ms
[2022-09-29T07:38:56.686+0000][7][gc,phases   ] GC(114)   Post Evacuate Collection Set: 1.0ms
[2022-09-29T07:38:56.687+0000][7][gc,phases   ] GC(114)   Other: 6.8ms
[2022-09-29T07:38:56.687+0000][7][gc,heap     ] GC(114) Eden regions: 21->0(21)
[2022-09-29T07:38:56.687+0000][7][gc,heap     ] GC(114) Survivor regions: 1->1(3)
[2022-09-29T07:38:56.687+0000][7][gc,heap     ] GC(114) Old regions: 24->24
[2022-09-29T07:38:56.687+0000][7][gc,heap     ] GC(114) Archive regions: 2->2
[2022-09-29T07:38:56.688+0000][7][gc,heap     ] GC(114) Humongous regions: 5->5
[2022-09-29T07:38:56.688+0000][7][gc,metaspace] GC(114) Metaspace: 113041K(117404K)->113041K(117404K) NonClass: 98510K(101532K)->98510K(101532K) Class: 14531K(15872K)->14531K(15872K)
[2022-09-29T07:38:56.688+0000][7][gc          ] GC(114) Pause Young (Concurrent Start) (G1 Evacuation Pause) 205M->122M(256M) 13.874ms
[2022-09-29T07:38:56.688+0000][7][gc,cpu      ] GC(114) User=0.02s Sys=0.00s Real=0.01s
[2022-09-29T07:38:56.689+0000][7][safepoint   ] Safepoint "G1CollectForAllocation", Time since last: 956922910 ns, Reaching safepoint: 429562 ns, At safepoint: 14557706 ns, Total: 14987268 ns
[2022-09-29T07:38:56.689+0000][7][gc          ] GC(115) Concurrent Cycle
[2022-09-29T07:38:56.690+0000][7][gc,marking  ] GC(115) Concurrent Clear Claimed Marks
[2022-09-29T07:38:56.690+0000][7][gc,marking  ] GC(115) Concurrent Clear Claimed Marks 0.434ms
[2022-09-29T07:38:56.691+0000][7][gc,marking  ] GC(115) Concurrent Scan Root Regions
[2022-09-29T07:38:56.696+0000][7][gc,marking  ] GC(115) Concurrent Scan Root Regions 5.188ms
[2022-09-29T07:38:56.697+0000][7][gc,marking  ] GC(115) Concurrent Mark (5745.789s)
[2022-09-29T07:38:56.697+0000][7][gc,marking  ] GC(115) Concurrent Mark From Roots
[2022-09-29T07:38:56.697+0000][7][gc,task     ] GC(115) Using 3 workers of 3 for marking
[2022-09-29T07:38:56.763+0000][7][gc,marking  ] GC(115) Concurrent Mark From Roots 65.569ms
[2022-09-29T07:38:56.763+0000][7][gc,marking  ] GC(115) Concurrent Preclean
[2022-09-29T07:38:56.764+0000][7][gc,marking  ] GC(115) Concurrent Preclean 1.277ms
[2022-09-29T07:38:56.765+0000][7][gc,marking  ] GC(115) Concurrent Mark (5745.789s, 5745.857s) 68.073ms
[2022-09-29T07:38:56.766+0000][7][gc,start    ] GC(115) Pause Remark
[2022-09-29T07:38:56.776+0000][7][gc          ] GC(115) Pause Remark 123M->123M(256M) 10.483ms
[2022-09-29T07:38:56.777+0000][7][gc,cpu      ] GC(115) User=0.05s Sys=0.00s Real=0.01s
[2022-09-29T07:38:56.777+0000][7][safepoint   ] Safepoint "G1Concurrent", Time since last: 76672400 ns, Reaching safepoint: 475413 ns, At safepoint: 11643799 ns, Total: 12119212 ns
[2022-09-29T07:38:56.778+0000][7][gc,marking  ] GC(115) Concurrent Rebuild Remembered Sets
[2022-09-29T07:38:56.817+0000][7][gc,marking  ] GC(115) Concurrent Rebuild Remembered Sets 38.852ms
[2022-09-29T07:38:56.818+0000][7][gc,start    ] GC(115) Pause Cleanup
[2022-09-29T07:38:56.819+0000][7][gc          ] GC(115) Pause Cleanup 123M->123M(256M) 0.596ms
[2022-09-29T07:38:56.819+0000][7][gc,cpu      ] GC(115) User=0.00s Sys=0.00s Real=0.00s
[2022-09-29T07:38:56.819+0000][7][safepoint   ] Safepoint "G1Concurrent", Time since last: 40072602 ns, Reaching safepoint: 355368 ns, At safepoint: 1316951 ns, Total: 1672319 ns
[2022-09-29T07:38:56.820+0000][7][gc,marking  ] GC(115) Concurrent Cleanup for Next Mark
[2022-09-29T07:38:56.821+0000][7][gc,marking  ] GC(115) Concurrent Cleanup for Next Mark 0.952ms
[2022-09-29T07:38:56.821+0000][7][gc          ] GC(115) Concurrent Cycle 132.309ms
[2022-09-29T07:39:02.821+0000][7][safepoint   ] Safepoint "Cleanup", Time since last: 6001685056 ns, Reaching safepoint: 558855 ns, At safepoint: 39455 ns, Total: 598310 ns
[2022-09-29T07:39:14.825+0000][7][safepoint   ] Safepoint "Cleanup", Time since last: 12003303814 ns, Reaching safepoint: 418207 ns, At safepoint: 75664 ns, Total: 493871 ns
[2022-09-29T07:39:31.830+0000][7][safepoint   ] Safepoint "Cleanup", Time since last: 17004398770 ns, Reaching safepoint: 298149 ns, At safepoint: 50746 ns, Total: 348895 ns
[2022-09-29T07:39:37.832+0000][7][safepoint   ] Safepoint "Cleanup", Time since last: 6001379434 ns, Reaching safepoint: 262670 ns, At safepoint: 28284 ns, Total: 290954 ns
[2022-09-29T07:40:02.838+0000][7][safepoint   ] Safepoint "Cleanup", Time since last: 25005612350 ns, Reaching safepoint: 360397 ns, At safepoint: 56497 ns, Total: 416894 ns
[2022-09-29T07:40:05.498+0000][7][gc,start    ] GC(116) Pause Young (Normal) (G1 Evacuation Pause)
[2022-09-29T07:40:05.499+0000][7][gc,task     ] GC(116) Using 6 workers of 13 for evacuation
[2022-09-29T07:40:05.499+0000][7][gc,age      ] GC(116) Desired survivor size 6291456 bytes, new threshold 15 (max threshold 15)
[2022-09-29T07:40:05.504+0000][7][gc,age      ] GC(116) Age table with threshold 15 (max threshold 15)
[2022-09-29T07:40:05.504+0000][7][gc,age      ] GC(116) - age   1:     818824 bytes,     818824 total
[2022-09-29T07:40:05.505+0000][7][gc,age      ] GC(116) - age   2:     326408 bytes,    1145232 total
[2022-09-29T07:40:05.505+0000][7][gc,age      ] GC(116) - age   3:     636528 bytes,    1781760 total
[2022-09-29T07:40:05.505+0000][7][gc,age      ] GC(116) - age   4:     385040 bytes,    2166800 total
[2022-09-29T07:40:05.505+0000][7][gc,age      ] GC(116) - age   5:     503824 bytes,    2670624 total
[2022-09-29T07:40:05.505+0000][7][gc,age      ] GC(116) - age   6:     164720 bytes,    2835344 total
[2022-09-29T07:40:05.505+0000][7][gc,age      ] GC(116) - age   7:     163448 bytes,    2998792 total
[2022-09-29T07:40:05.506+0000][7][gc,age      ] GC(116) - age   8:       2632 bytes,    3001424 total
[2022-09-29T07:40:05.506+0000][7][gc,age      ] GC(116) - age   9:       7160 bytes,    3008584 total
[2022-09-29T07:40:05.506+0000][7][gc,age      ] GC(116) - age  10:      21864 bytes,    3030448 total
[2022-09-29T07:40:05.506+0000][7][gc,age      ] GC(116) - age  11:      19760 bytes,    3050208 total
[2022-09-29T07:40:05.506+0000][7][gc,age      ] GC(116) - age  12:       5328 bytes,    3055536 total
[2022-09-29T07:40:05.507+0000][7][gc,age      ] GC(116) - age  13:      21840 bytes,    3077376 total
[2022-09-29T07:40:05.507+0000][7][gc,age      ] GC(116) - age  14:      21040 bytes,    3098416 total
[2022-09-29T07:40:05.507+0000][7][gc,age      ] GC(116) - age  15:      10384 bytes,    3108800 total
[2022-09-29T07:40:05.507+0000][7][gc,phases   ] GC(116)   Pre Evacuate Collection Set: 0.2ms
[2022-09-29T07:40:05.507+0000][7][gc,phases   ] GC(116)   Merge Heap Roots: 0.1ms
[2022-09-29T07:40:05.508+0000][7][gc,phases   ] GC(116)   Evacuate Collection Set: 2.6ms
[2022-09-29T07:40:05.508+0000][7][gc,phases   ] GC(116)   Post Evacuate Collection Set: 1.4ms
[2022-09-29T07:40:05.508+0000][7][gc,phases   ] GC(116)   Other: 4.5ms
[2022-09-29T07:40:05.508+0000][7][gc,heap     ] GC(116) Eden regions: 21->0(21)
[2022-09-29T07:40:05.508+0000][7][gc,heap     ] GC(116) Survivor regions: 1->1(3)
[2022-09-29T07:40:05.508+0000][7][gc,heap     ] GC(116) Old regions: 24->24
[2022-09-29T07:40:05.509+0000][7][gc,heap     ] GC(116) Archive regions: 2->2
[2022-09-29T07:40:05.509+0000][7][gc,heap     ] GC(116) Humongous regions: 5->5
[2022-09-29T07:40:05.509+0000][7][gc,metaspace] GC(116) Metaspace: 113067K(117404K)->113067K(117404K) NonClass: 98536K(101532K)->98536K(101532K) Class: 14531K(15872K)->14531K(15872K)
[2022-09-29T07:40:05.510+0000][7][gc          ] GC(116) Pause Young (Normal) (G1 Evacuation Pause) 206M->122M(256M) 11.165ms
[2022-09-29T07:40:05.510+0000][7][gc,cpu      ] GC(116) User=0.02s Sys=0.00s Real=0.02s
[2022-09-29T07:40:05.510+0000][7][safepoint   ] Safepoint "G1CollectForAllocation", Time since last: 2660325033 ns, Reaching safepoint: 343896 ns, At safepoint: 12104035 ns, Total: 12447931 ns
[2022-09-29T07:40:15.513+0000][7][safepoint   ] Safepoint "Cleanup", Time since last: 10001760891 ns, Reaching safepoint: 325010 ns, At safepoint: 52750 ns, Total: 377760 ns
[2022-09-29T07:40:42.519+0000][7][safepoint   ] Safepoint "Cleanup", Time since last: 27005925501 ns, Reaching safepoint: 434696 ns, At safepoint: 29877 ns, Total: 464573 ns
[2022-09-29T07:40:52.522+0000][7][safepoint   ] Safepoint "Cleanup", Time since last: 10002316883 ns, Reaching safepoint: 365747 ns, At safepoint: 16742 ns, Total: 382489 ns
[2022-09-29T07:40:52.835+0000][7][gc,start    ] GC(117) Pause Young (Concurrent Start) (G1 Evacuation Pause)
[2022-09-29T07:40:52.836+0000][7][gc,task     ] GC(117) Using 6 workers of 13 for evacuation
[2022-09-29T07:40:52.836+0000][7][gc,age      ] GC(117) Desired survivor size 6291456 bytes, new threshold 15 (max threshold 15)
[2022-09-29T07:40:52.840+0000][7][gc,age      ] GC(117) Age table with threshold 15 (max threshold 15)
[2022-09-29T07:40:52.841+0000][7][gc,age      ] GC(117) - age   1:    1357456 bytes,    1357456 total
[2022-09-29T07:40:52.841+0000][7][gc,age      ] GC(117) - age   2:     417128 bytes,    1774584 total
[2022-09-29T07:40:52.841+0000][7][gc,age      ] GC(117) - age   3:     297120 bytes,    2071704 total
[2022-09-29T07:40:52.841+0000][7][gc,age      ] GC(117) - age   4:     607136 bytes,    2678840 total
[2022-09-29T07:40:52.842+0000][7][gc,age      ] GC(117) - age   5:     371416 bytes,    3050256 total
[2022-09-29T07:40:52.842+0000][7][gc,age      ] GC(117) - age   6:     503280 bytes,    3553536 total
[2022-09-29T07:40:52.842+0000][7][gc,age      ] GC(117) - age   7:     163368 bytes,    3716904 total
[2022-09-29T07:40:52.842+0000][7][gc,age      ] GC(117) - age   8:     163096 bytes,    3880000 total
[2022-09-29T07:40:52.843+0000][7][gc,age      ] GC(117) - age   9:       2568 bytes,    3882568 total
[2022-09-29T07:40:52.843+0000][7][gc,age      ] GC(117) - age  10:       7120 bytes,    3889688 total
[2022-09-29T07:40:52.843+0000][7][gc,age      ] GC(117) - age  11:      20904 bytes,    3910592 total
[2022-09-29T07:40:52.843+0000][7][gc,age      ] GC(117) - age  12:      19760 bytes,    3930352 total
[2022-09-29T07:40:52.843+0000][7][gc,age      ] GC(117) - age  13:       5328 bytes,    3935680 total
[2022-09-29T07:40:52.844+0000][7][gc,age      ] GC(117) - age  14:      21680 bytes,    3957360 total
[2022-09-29T07:40:52.844+0000][7][gc,age      ] GC(117) - age  15:      21040 bytes,    3978400 total
[2022-09-29T07:40:52.844+0000][7][gc,phases   ] GC(117)   Pre Evacuate Collection Set: 0.4ms
[2022-09-29T07:40:52.845+0000][7][gc,phases   ] GC(117)   Merge Heap Roots: 0.1ms
[2022-09-29T07:40:52.845+0000][7][gc,phases   ] GC(117)   Evacuate Collection Set: 2.6ms
[2022-09-29T07:40:52.845+0000][7][gc,phases   ] GC(117)   Post Evacuate Collection Set: 1.2ms
[2022-09-29T07:40:52.846+0000][7][gc,phases   ] GC(117)   Other: 4.7ms
[2022-09-29T07:40:52.846+0000][7][gc,heap     ] GC(117) Eden regions: 21->0(19)
[2022-09-29T07:40:52.846+0000][7][gc,heap     ] GC(117) Survivor regions: 1->2(3)
[2022-09-29T07:40:52.846+0000][7][gc,heap     ] GC(117) Old regions: 24->24
[2022-09-29T07:40:52.846+0000][7][gc,heap     ] GC(117) Archive regions: 2->2
[2022-09-29T07:40:52.846+0000][7][gc,heap     ] GC(117) Humongous regions: 5->5
[2022-09-29T07:40:52.847+0000][7][gc,metaspace] GC(117) Metaspace: 113081K(117404K)->113081K(117404K) NonClass: 98550K(101532K)->98550K(101532K) Class: 14531K(15872K)->14531K(15872K)
[2022-09-29T07:40:52.847+0000][7][gc          ] GC(117) Pause Young (Concurrent Start) (G1 Evacuation Pause) 206M->123M(256M) 11.597ms
[2022-09-29T07:40:52.847+0000][7][gc,cpu      ] GC(117) User=0.02s Sys=0.00s Real=0.01s
[2022-09-29T07:40:52.847+0000][7][gc          ] GC(118) Concurrent Cycle
[2022-09-29T07:40:52.847+0000][7][safepoint   ] Safepoint "G1CollectForAllocation", Time since last: 313264568 ns, Reaching safepoint: 255908 ns, At safepoint: 12121379 ns, Total: 12377287 ns
[2022-09-29T07:40:52.848+0000][7][gc,marking  ] GC(118) Concurrent Clear Claimed Marks
[2022-09-29T07:40:52.848+0000][7][gc,marking  ] GC(118) Concurrent Clear Claimed Marks 0.555ms
[2022-09-29T07:40:52.848+0000][7][gc,marking  ] GC(118) Concurrent Scan Root Regions
[2022-09-29T07:40:52.852+0000][7][gc,marking  ] GC(118) Concurrent Scan Root Regions 3.132ms
[2022-09-29T07:40:52.852+0000][7][gc,marking  ] GC(118) Concurrent Mark (5861.945s)
[2022-09-29T07:40:52.852+0000][7][gc,marking  ] GC(118) Concurrent Mark From Roots
[2022-09-29T07:40:52.853+0000][7][gc,task     ] GC(118) Using 3 workers of 3 for marking
[2022-09-29T07:40:52.913+0000][7][gc,marking  ] GC(118) Concurrent Mark From Roots 61.071ms
[2022-09-29T07:40:52.914+0000][7][gc,marking  ] GC(118) Concurrent Preclean
[2022-09-29T07:40:52.915+0000][7][gc,marking  ] GC(118) Concurrent Preclean 1.267ms
[2022-09-29T07:40:52.916+0000][7][gc,marking  ] GC(118) Concurrent Mark (5861.945s, 5862.008s) 63.605ms
[2022-09-29T07:40:52.917+0000][7][gc,start    ] GC(118) Pause Remark
[2022-09-29T07:40:52.926+0000][7][gc          ] GC(118) Pause Remark 126M->126M(256M) 9.471ms
[2022-09-29T07:40:52.927+0000][7][gc,cpu      ] GC(118) User=0.05s Sys=0.00s Real=0.01s
[2022-09-29T07:40:52.927+0000][7][safepoint   ] Safepoint "G1Concurrent", Time since last: 68782282 ns, Reaching safepoint: 402877 ns, At safepoint: 10425638 ns, Total: 10828515 ns
[2022-09-29T07:40:52.927+0000][7][gc,marking  ] GC(118) Concurrent Rebuild Remembered Sets
[2022-09-29T07:40:52.975+0000][7][gc,marking  ] GC(118) Concurrent Rebuild Remembered Sets 47.473ms
[2022-09-29T07:40:52.976+0000][7][gc,start    ] GC(118) Pause Cleanup
[2022-09-29T07:40:52.977+0000][7][gc          ] GC(118) Pause Cleanup 126M->126M(256M) 0.537ms
[2022-09-29T07:40:52.977+0000][7][gc,cpu      ] GC(118) User=0.00s Sys=0.00s Real=0.00s
[2022-09-29T07:40:52.978+0000][7][safepoint   ] Safepoint "G1Concurrent", Time since last: 48772851 ns, Reaching safepoint: 425732 ns, At safepoint: 1338580 ns, Total: 1764312 ns
[2022-09-29T07:40:52.978+0000][7][gc,marking  ] GC(118) Concurrent Cleanup for Next Mark
[2022-09-29T07:40:52.979+0000][7][gc,marking  ] GC(118) Concurrent Cleanup for Next Mark 1.268ms
[2022-09-29T07:40:52.980+0000][7][gc          ] GC(118) Concurrent Cycle 132.414ms
[2022-09-29T07:40:53.978+0000][7][safepoint   ] Safepoint "Cleanup", Time since last: 1000576266 ns, Reaching safepoint: 318555 ns, At safepoint: 37071 ns, Total: 355626 ns
[2022-09-29T07:41:02.981+0000][7][safepoint   ] Safepoint "Cleanup", Time since last: 9002006516 ns, Reaching safepoint: 250076 ns, At safepoint: 39455 ns, Total: 289531 ns
[2022-09-29T07:41:24.986+0000][7][safepoint   ] Safepoint "Cleanup", Time since last: 22004722929 ns, Reaching safepoint: 288089 ns, At safepoint: 19296 ns, Total: 307385 ns
[2022-09-29T07:41:25.987+0000][7][safepoint   ] Safepoint "Cleanup", Time since last: 1000555684 ns, Reaching safepoint: 284395 ns, At safepoint: 33163 ns, Total: 317558 ns
[2022-09-29T07:41:32.989+0000][7][safepoint   ] Safepoint "Cleanup", Time since last: 7001556985 ns, Reaching safepoint: 302306 ns, At safepoint: 43463 ns, Total: 345769 ns
[2022-09-29T07:41:54.995+0000][7][safepoint   ] Safepoint "Cleanup", Time since last: 22005310658 ns, Reaching safepoint: 988603 ns, At safepoint: 52110 ns, Total: 1040713 ns
[2022-09-29T07:42:02.627+0000][7][gc,start    ] GC(119) Pause Young (Normal) (G1 Evacuation Pause)
[2022-09-29T07:42:02.628+0000][7][gc,task     ] GC(119) Using 6 workers of 13 for evacuation
[2022-09-29T07:42:02.628+0000][7][gc,age      ] GC(119) Desired survivor size 6291456 bytes, new threshold 15 (max threshold 15)
[2022-09-29T07:42:02.631+0000][7][gc,age      ] GC(119) Age table with threshold 15 (max threshold 15)
[2022-09-29T07:42:02.632+0000][7][gc,age      ] GC(119) - age   1:     756424 bytes,     756424 total
[2022-09-29T07:42:02.632+0000][7][gc,age      ] GC(119) - age   2:     278488 bytes,    1034912 total
[2022-09-29T07:42:02.632+0000][7][gc,age      ] GC(119) - age   3:     134920 bytes,    1169832 total
[2022-09-29T07:42:02.633+0000][7][gc,age      ] GC(119) - age   4:      12784 bytes,    1182616 total
[2022-09-29T07:42:02.633+0000][7][gc,age      ] GC(119) - age   5:     331464 bytes,    1514080 total
[2022-09-29T07:42:02.634+0000][7][gc,age      ] GC(119) - age   6:     368584 bytes,    1882664 total
[2022-09-29T07:42:02.634+0000][7][gc,age      ] GC(119) - age   7:     467416 bytes,    2350080 total
[2022-09-29T07:42:02.635+0000][7][gc,age      ] GC(119) - age   8:     151976 bytes,    2502056 total
[2022-09-29T07:42:02.635+0000][7][gc,age      ] GC(119) - age   9:      20488 bytes,    2522544 total
[2022-09-29T07:42:02.635+0000][7][gc,age      ] GC(119) - age  10:       2248 bytes,    2524792 total
[2022-09-29T07:42:02.635+0000][7][gc,age      ] GC(119) - age  11:       6896 bytes,    2531688 total
[2022-09-29T07:42:02.636+0000][7][gc,age      ] GC(119) - age  12:      20664 bytes,    2552352 total
[2022-09-29T07:42:02.636+0000][7][gc,age      ] GC(119) - age  13:      19664 bytes,    2572016 total
[2022-09-29T07:42:02.636+0000][7][gc,age      ] GC(119) - age  14:       5232 bytes,    2577248 total
[2022-09-29T07:42:02.636+0000][7][gc,age      ] GC(119) - age  15:      21424 bytes,    2598672 total
[2022-09-29T07:42:02.636+0000][7][gc,phases   ] GC(119)   Pre Evacuate Collection Set: 0.2ms
[2022-09-29T07:42:02.637+0000][7][gc,phases   ] GC(119)   Merge Heap Roots: 0.1ms
[2022-09-29T07:42:02.637+0000][7][gc,phases   ] GC(119)   Evacuate Collection Set: 1.8ms
[2022-09-29T07:42:02.637+0000][7][gc,phases   ] GC(119)   Post Evacuate Collection Set: 0.9ms
[2022-09-29T07:42:02.637+0000][7][gc,phases   ] GC(119)   Other: 6.1ms
[2022-09-29T07:42:02.637+0000][7][gc,heap     ] GC(119) Eden regions: 19->0(21)
[2022-09-29T07:42:02.637+0000][7][gc,heap     ] GC(119) Survivor regions: 2->1(3)
[2022-09-29T07:42:02.638+0000][7][gc,heap     ] GC(119) Old regions: 24->24
[2022-09-29T07:42:02.638+0000][7][gc,heap     ] GC(119) Archive regions: 2->2
[2022-09-29T07:42:02.638+0000][7][gc,heap     ] GC(119) Humongous regions: 5->5
[2022-09-29T07:42:02.638+0000][7][gc,metaspace] GC(119) Metaspace: 113097K(117404K)->113097K(117404K) NonClass: 98565K(101532K)->98565K(101532K) Class: 14531K(15872K)->14531K(15872K)
[2022-09-29T07:42:02.638+0000][7][gc          ] GC(119) Pause Young (Normal) (G1 Evacuation Pause) 199M->122M(256M) 11.186ms
[2022-09-29T07:42:02.638+0000][7][gc,cpu      ] GC(119) User=0.01s Sys=0.00s Real=0.01s
[2022-09-29T07:42:02.639+0000][7][safepoint   ] Safepoint "G1CollectForAllocation", Time since last: 7631818046 ns, Reaching safepoint: 297119 ns, At safepoint: 11677020 ns, Total: 11974139 ns
[2022-09-29T07:42:03.639+0000][7][safepoint   ] Safepoint "Cleanup", Time since last: 1000386444 ns, Reaching safepoint: 324107 ns, At safepoint: 26711 ns, Total: 350818 ns
[2022-09-29T07:42:10.641+0000][7][safepoint   ] Safepoint "Cleanup", Time since last: 7001626210 ns, Reaching safepoint: 178570 ns, At safepoint: 21401 ns, Total: 199971 ns
[2022-09-29T07:42:15.643+0000][7][safepoint   ] Safepoint "Cleanup", Time since last: 5001439861 ns, Reaching safepoint: 274833 ns, At safepoint: 32302 ns, Total: 307135 ns
[2022-09-29T07:42:27.646+0000][7][safepoint   ] Safepoint "Cleanup", Time since last: 12002848087 ns, Reaching safepoint: 404641 ns, At safepoint: 8987 ns, Total: 413628 ns
[2022-09-29T07:42:28.647+0000][7][safepoint   ] Safepoint "Cleanup", Time since last: 1000582698 ns, Reaching safepoint: 455516 ns, At safepoint: 60305 ns, Total: 515821 ns
[2022-09-29T07:42:29.648+0000][7][safepoint   ] Safepoint "Cleanup", Time since last: 1000461486 ns, Reaching safepoint: 373000 ns, At safepoint: 40347 ns, Total: 413347 ns
[2022-09-29T07:42:30.649+0000][7][safepoint   ] Safepoint "Cleanup", Time since last: 1000676941 ns, Reaching safepoint: 300642 ns, At safepoint: 30018 ns, Total: 330660 ns
[2022-09-29T07:42:45.653+0000][7][safepoint   ] Safepoint "Cleanup", Time since last: 15003005519 ns, Reaching safepoint: 433026 ns, At safepoint: 79571 ns, Total: 512597 ns
[2022-09-29T07:42:52.655+0000][7][safepoint   ] Safepoint "Cleanup", Time since last: 7001516861 ns, Reaching safepoint: 368778 ns, At safepoint: 45957 ns, Total: 414735 ns
[2022-09-29T07:42:54.656+0000][7][safepoint   ] Safepoint "Cleanup", Time since last: 2000936672 ns, Reaching safepoint: 305013 ns, At safepoint: 31801 ns, Total: 336814 ns
[2022-09-29T07:42:55.657+0000][7][safepoint   ] Safepoint "Cleanup", Time since last: 1000786915 ns, Reaching safepoint: 478925 ns, At safepoint: 28896 ns, Total: 507821 ns
[2022-09-29T07:42:59.659+0000][7][safepoint   ] Safepoint "Cleanup", Time since last: 4000943496 ns, Reaching safepoint: 293710 ns, At safepoint: 46138 ns, Total: 339848 ns
[2022-09-29T07:43:01.660+0000][7][safepoint   ] Safepoint "Cleanup", Time since last: 2000917370 ns, Reaching safepoint: 307796 ns, At safepoint: 43763 ns, Total: 351559 ns
[2022-09-29T07:43:02.661+0000][7][safepoint   ] Safepoint "Cleanup", Time since last: 1000907738 ns, Reaching safepoint: 307345 ns, At safepoint: 42752 ns, Total: 350097 ns
[2022-09-29T07:43:03.662+0000][7][safepoint   ] Safepoint "Cleanup", Time since last: 1000723955 ns, Reaching safepoint: 320364 ns, At safepoint: 46749 ns, Total: 367113 ns
[2022-09-29T07:43:05.663+0000][7][safepoint   ] Safepoint "Cleanup", Time since last: 2000779452 ns, Reaching safepoint: 268913 ns, At safepoint: 23214 ns, Total: 292127 ns
[2022-09-29T07:43:07.664+0000][7][safepoint   ] Safepoint "Cleanup", Time since last: 2000613450 ns, Reaching safepoint: 301927 ns, At safepoint: 30959 ns, Total: 332886 ns
[2022-09-29T07:43:09.898+0000][7][gc,start    ] GC(120) Pause Young (Concurrent Start) (G1 Evacuation Pause)
[2022-09-29T07:43:09.899+0000][7][gc,task     ] GC(120) Using 6 workers of 13 for evacuation
[2022-09-29T07:43:09.900+0000][7][gc,age      ] GC(120) Desired survivor size 6291456 bytes, new threshold 15 (max threshold 15)
[2022-09-29T07:43:09.908+0000][7][gc,age      ] GC(120) Age table with threshold 15 (max threshold 15)
[2022-09-29T07:43:09.909+0000][7][gc,age      ] GC(120) - age   1:     635712 bytes,     635712 total
[2022-09-29T07:43:09.909+0000][7][gc,age      ] GC(120) - age   2:     595104 bytes,    1230816 total
[2022-09-29T07:43:09.910+0000][7][gc,age      ] GC(120) - age   3:     277096 bytes,    1507912 total
[2022-09-29T07:43:09.910+0000][7][gc,age      ] GC(120) - age   4:     134352 bytes,    1642264 total
[2022-09-29T07:43:09.911+0000][7][gc,age      ] GC(120) - age   5:      12104 bytes,    1654368 total
[2022-09-29T07:43:09.911+0000][7][gc,age      ] GC(120) - age   6:     331400 bytes,    1985768 total
[2022-09-29T07:43:09.912+0000][7][gc,age      ] GC(120) - age   7:     368520 bytes,    2354288 total
[2022-09-29T07:43:09.912+0000][7][gc,age      ] GC(120) - age   8:     467320 bytes,    2821608 total
[2022-09-29T07:43:09.912+0000][7][gc,age      ] GC(120) - age   9:     151872 bytes,    2973480 total
[2022-09-29T07:43:09.913+0000][7][gc,age      ] GC(120) - age  10:      20424 bytes,    2993904 total
[2022-09-29T07:43:09.913+0000][7][gc,age      ] GC(120) - age  11:       2184 bytes,    2996088 total
[2022-09-29T07:43:09.914+0000][7][gc,age      ] GC(120) - age  12:       6896 bytes,    3002984 total
[2022-09-29T07:43:09.914+0000][7][gc,age      ] GC(120) - age  13:      20504 bytes,    3023488 total
[2022-09-29T07:43:09.914+0000][7][gc,age      ] GC(120) - age  14:      19664 bytes,    3043152 total
[2022-09-29T07:43:09.915+0000][7][gc,age      ] GC(120) - age  15:       5136 bytes,    3048288 total
[2022-09-29T07:43:09.916+0000][7][gc,phases   ] GC(120)   Pre Evacuate Collection Set: 0.9ms
[2022-09-29T07:43:09.916+0000][7][gc,phases   ] GC(120)   Merge Heap Roots: 0.3ms
[2022-09-29T07:43:09.917+0000][7][gc,phases   ] GC(120)   Evacuate Collection Set: 3.1ms
[2022-09-29T07:43:09.917+0000][7][gc,phases   ] GC(120)   Post Evacuate Collection Set: 2.6ms
[2022-09-29T07:43:09.917+0000][7][gc,phases   ] GC(120)   Other: 10.4ms
[2022-09-29T07:43:09.918+0000][7][gc,heap     ] GC(120) Eden regions: 21->0(21)
[2022-09-29T07:43:09.918+0000][7][gc,heap     ] GC(120) Survivor regions: 1->1(3)
[2022-09-29T07:43:09.918+0000][7][gc,heap     ] GC(120) Old regions: 24->24
[2022-09-29T07:43:09.919+0000][7][gc,heap     ] GC(120) Archive regions: 2->2
[2022-09-29T07:43:09.919+0000][7][gc,heap     ] GC(120) Humongous regions: 5->5
[2022-09-29T07:43:09.920+0000][7][gc,metaspace] GC(120) Metaspace: 113148K(117660K)->113148K(117660K) NonClass: 98616K(101788K)->98616K(101788K) Class: 14531K(15872K)->14531K(15872K)
[2022-09-29T07:43:09.920+0000][7][gc          ] GC(120) Pause Young (Concurrent Start) (G1 Evacuation Pause) 206M->122M(256M) 21.538ms
[2022-09-29T07:43:09.920+0000][7][gc,cpu      ] GC(120) User=0.02s Sys=0.01s Real=0.03s
[2022-09-29T07:43:09.921+0000][7][gc          ] GC(121) Concurrent Cycle
[2022-09-29T07:43:09.921+0000][7][safepoint   ] Safepoint "G1CollectForAllocation", Time since last: 2233355363 ns, Reaching safepoint: 738818 ns, At safepoint: 22470340 ns, Total: 23209158 ns
[2022-09-29T07:43:09.921+0000][7][gc,marking  ] GC(121) Concurrent Clear Claimed Marks
[2022-09-29T07:43:09.922+0000][7][gc,marking  ] GC(121) Concurrent Clear Claimed Marks 0.913ms
[2022-09-29T07:43:09.922+0000][7][gc,marking  ] GC(121) Concurrent Scan Root Regions
[2022-09-29T07:43:09.926+0000][7][gc,marking  ] GC(121) Concurrent Scan Root Regions 3.517ms
[2022-09-29T07:43:09.926+0000][7][gc,marking  ] GC(121) Concurrent Mark (5999.019s)
[2022-09-29T07:43:09.927+0000][7][gc,marking  ] GC(121) Concurrent Mark From Roots
[2022-09-29T07:43:09.927+0000][7][gc,task     ] GC(121) Using 3 workers of 3 for marking
[2022-09-29T07:43:09.988+0000][7][gc,marking  ] GC(121) Concurrent Mark From Roots 61.554ms
[2022-09-29T07:43:09.989+0000][7][gc,marking  ] GC(121) Concurrent Preclean
[2022-09-29T07:43:09.990+0000][7][gc,marking  ] GC(121) Concurrent Preclean 1.316ms
[2022-09-29T07:43:09.991+0000][7][gc,marking  ] GC(121) Concurrent Mark (5999.019s, 5999.083s) 64.127ms
[2022-09-29T07:43:09.991+0000][7][gc,start    ] GC(121) Pause Remark
[2022-09-29T07:43:10.002+0000][7][gc          ] GC(121) Pause Remark 124M->124M(256M) 10.013ms
[2022-09-29T07:43:10.002+0000][7][gc,cpu      ] GC(121) User=0.05s Sys=0.00s Real=0.01s
[2022-09-29T07:43:10.002+0000][7][safepoint   ] Safepoint "G1Concurrent", Time since last: 70291377 ns, Reaching safepoint: 406756 ns, At safepoint: 11020992 ns, Total: 11427748 ns
[2022-09-29T07:43:10.003+0000][7][gc,marking  ] GC(121) Concurrent Rebuild Remembered Sets
[2022-09-29T07:43:10.044+0000][7][gc,marking  ] GC(121) Concurrent Rebuild Remembered Sets 41.374ms
[2022-09-29T07:43:10.045+0000][7][gc,start    ] GC(121) Pause Cleanup
[2022-09-29T07:43:10.046+0000][7][gc          ] GC(121) Pause Cleanup 124M->124M(256M) 0.844ms
[2022-09-29T07:43:10.046+0000][7][gc,cpu      ] GC(121) User=0.00s Sys=0.00s Real=0.00s
[2022-09-29T07:43:10.047+0000][7][safepoint   ] Safepoint "G1Concurrent", Time since last: 42365391 ns, Reaching safepoint: 337703 ns, At safepoint: 1785964 ns, Total: 2123667 ns
[2022-09-29T07:43:10.047+0000][7][gc,marking  ] GC(121) Concurrent Cleanup for Next Mark
[2022-09-29T07:43:10.048+0000][7][gc,marking  ] GC(121) Concurrent Cleanup for Next Mark 0.664ms
[2022-09-29T07:43:10.048+0000][7][gc          ] GC(121) Concurrent Cycle 127.614ms
[2022-09-29T07:43:28.051+0000][7][safepoint   ] Safepoint "Cleanup", Time since last: 18003330932 ns, Reaching safepoint: 222774 ns, At safepoint: 27593 ns, Total: 250367 ns
[2022-09-29T07:43:30.051+0000][7][safepoint   ] Safepoint "Cleanup", Time since last: 2000514732 ns, Reaching safepoint: 256789 ns, At safepoint: 5421 ns, Total: 262210 ns
[2022-09-29T07:43:31.052+0000][7][safepoint   ] Safepoint "Cleanup", Time since last: 1000843754 ns, Reaching safepoint: 279983 ns, At safepoint: 12234 ns, Total: 292217 ns
[2022-09-29T07:43:32.054+0000][7][safepoint   ] Safepoint "Cleanup", Time since last: 1000822202 ns, Reaching safepoint: 318216 ns, At safepoint: 14247 ns, Total: 332463 ns
[2022-09-29T07:43:33.055+0000][7][safepoint   ] Safepoint "Cleanup", Time since last: 1000613426 ns, Reaching safepoint: 378441 ns, At safepoint: 53141 ns, Total: 431582 ns
[2022-09-29T07:43:36.910+0000][7][safepoint   ] Safepoint "Cleanup", Time since last: 3854461506 ns, Reaching safepoint: 431981 ns, At safepoint: 26460 ns, Total: 458441 ns
[2022-09-29T07:43:37.911+0000][7][safepoint   ] Safepoint "Cleanup", Time since last: 1000785866 ns, Reaching safepoint: 360965 ns, At safepoint: 40888 ns, Total: 401853 ns
[2022-09-29T07:43:39.912+0000][7][safepoint   ] Safepoint "Cleanup", Time since last: 2000748310 ns, Reaching safepoint: 295561 ns, At safepoint: 50847 ns, Total: 346408 ns
[2022-09-29T07:43:42.913+0000][7][safepoint   ] Safepoint "Cleanup", Time since last: 3000895263 ns, Reaching safepoint: 352364 ns, At safepoint: 43032 ns, Total: 395396 ns
[2022-09-29T07:43:45.914+0000][7][safepoint   ] Safepoint "Cleanup", Time since last: 3000869925 ns, Reaching safepoint: 220871 ns, At safepoint: 26681 ns, Total: 247552 ns
[2022-09-29T07:43:48.915+0000][7][safepoint   ] Safepoint "Cleanup", Time since last: 3000827722 ns, Reaching safepoint: 319189 ns, At safepoint: 60866 ns, Total: 380055 ns
[2022-09-29T07:43:50.917+0000][7][safepoint   ] Safepoint "Cleanup", Time since last: 2001029736 ns, Reaching safepoint: 437857 ns, At safepoint: 30949 ns, Total: 468806 ns
[2022-09-29T07:43:51.918+0000][7][safepoint   ] Safepoint "Cleanup", Time since last: 1000501478 ns, Reaching safepoint: 441061 ns, At safepoint: 30358 ns, Total: 471419 ns
[2022-09-29T07:44:02.921+0000][7][safepoint   ] Safepoint "Cleanup", Time since last: 11002766886 ns, Reaching safepoint: 433326 ns, At safepoint: 121021 ns, Total: 554347 ns
[2022-09-29T07:44:08.923+0000][7][safepoint   ] Safepoint "Cleanup", Time since last: 6001320198 ns, Reaching safepoint: 384924 ns, At safepoint: 17423 ns, Total: 402347 ns
[2022-09-29T07:44:15.926+0000][7][safepoint   ] Safepoint "Cleanup", Time since last: 7002287251 ns, Reaching safepoint: 318888 ns, At safepoint: 27863 ns, Total: 346751 ns
[2022-09-29T07:44:26.823+0000][7][gc,start    ] GC(122) Pause Young (Normal) (G1 Evacuation Pause)
[2022-09-29T07:44:26.824+0000][7][gc,task     ] GC(122) Using 6 workers of 13 for evacuation
[2022-09-29T07:44:26.825+0000][7][gc,age      ] GC(122) Desired survivor size 6291456 bytes, new threshold 15 (max threshold 15)
[2022-09-29T07:44:26.830+0000][7][gc,age      ] GC(122) Age table with threshold 15 (max threshold 15)
[2022-09-29T07:44:26.831+0000][7][gc,age      ] GC(122) - age   1:    1062736 bytes,    1062736 total
[2022-09-29T07:44:26.831+0000][7][gc,age      ] GC(122) - age   2:     358056 bytes,    1420792 total
[2022-09-29T07:44:26.832+0000][7][gc,age      ] GC(122) - age   3:     575544 bytes,    1996336 total
[2022-09-29T07:44:26.832+0000][7][gc,age      ] GC(122) - age   4:     216864 bytes,    2213200 total
[2022-09-29T07:44:26.832+0000][7][gc,age      ] GC(122) - age   5:     133808 bytes,    2347008 total
[2022-09-29T07:44:26.833+0000][7][gc,age      ] GC(122) - age   6:      11888 bytes,    2358896 total
[2022-09-29T07:44:26.833+0000][7][gc,age      ] GC(122) - age   7:     331008 bytes,    2689904 total
[2022-09-29T07:44:26.833+0000][7][gc,age      ] GC(122) - age   8:     368488 bytes,    3058392 total
[2022-09-29T07:44:26.833+0000][7][gc,age      ] GC(122) - age   9:     462360 bytes,    3520752 total
[2022-09-29T07:44:26.833+0000][7][gc,age      ] GC(122) - age  10:     151512 bytes,    3672264 total
[2022-09-29T07:44:26.833+0000][7][gc,age      ] GC(122) - age  11:      19992 bytes,    3692256 total
[2022-09-29T07:44:26.834+0000][7][gc,age      ] GC(122) - age  12:       2184 bytes,    3694440 total
[2022-09-29T07:44:26.834+0000][7][gc,age      ] GC(122) - age  13:       6832 bytes,    3701272 total
[2022-09-29T07:44:26.834+0000][7][gc,age      ] GC(122) - age  14:      20504 bytes,    3721776 total
[2022-09-29T07:44:26.834+0000][7][gc,age      ] GC(122) - age  15:      19600 bytes,    3741376 total
[2022-09-29T07:44:26.834+0000][7][gc,phases   ] GC(122)   Pre Evacuate Collection Set: 0.5ms
[2022-09-29T07:44:26.834+0000][7][gc,phases   ] GC(122)   Merge Heap Roots: 0.2ms
[2022-09-29T07:44:26.835+0000][7][gc,phases   ] GC(122)   Evacuate Collection Set: 2.8ms
[2022-09-29T07:44:26.835+0000][7][gc,phases   ] GC(122)   Post Evacuate Collection Set: 1.7ms
[2022-09-29T07:44:26.835+0000][7][gc,phases   ] GC(122)   Other: 5.8ms
[2022-09-29T07:44:26.835+0000][7][gc,heap     ] GC(122) Eden regions: 21->0(21)
[2022-09-29T07:44:26.835+0000][7][gc,heap     ] GC(122) Survivor regions: 1->1(3)
[2022-09-29T07:44:26.836+0000][7][gc,heap     ] GC(122) Old regions: 24->24
[2022-09-29T07:44:26.836+0000][7][gc,heap     ] GC(122) Archive regions: 2->2
[2022-09-29T07:44:26.836+0000][7][gc,heap     ] GC(122) Humongous regions: 5->5
[2022-09-29T07:44:26.836+0000][7][gc,metaspace] GC(122) Metaspace: 113185K(117660K)->113185K(117660K) NonClass: 98651K(101788K)->98651K(101788K) Class: 14533K(15872K)->14533K(15872K)
[2022-09-29T07:44:26.836+0000][7][gc          ] GC(122) Pause Young (Normal) (G1 Evacuation Pause) 206M->123M(256M) 12.935ms
[2022-09-29T07:44:26.837+0000][7][gc,cpu      ] GC(122) User=0.01s Sys=0.01s Real=0.01s
[2022-09-29T07:44:26.837+0000][7][safepoint   ] Safepoint "G1CollectForAllocation", Time since last: 10897519714 ns, Reaching safepoint: 249746 ns, At safepoint: 13404063 ns, Total: 13653809 ns
[2022-09-29T07:44:34.840+0000][7][safepoint   ] Safepoint "Cleanup", Time since last: 8002316110 ns, Reaching safepoint: 420281 ns, At safepoint: 47090 ns, Total: 467371 ns
[2022-09-29T07:44:35.841+0000][7][safepoint   ] Safepoint "Cleanup", Time since last: 1001246350 ns, Reaching safepoint: 478775 ns, At safepoint: 139065 ns, Total: 617840 ns
[2022-09-29T07:44:43.843+0000][7][safepoint   ] Safepoint "Cleanup", Time since last: 8001786639 ns, Reaching safepoint: 181546 ns, At safepoint: 25859 ns, Total: 207405 ns
[2022-09-29T07:44:58.848+0000][7][safepoint   ] Safepoint "Cleanup", Time since last: 15003709135 ns, Reaching safepoint: 550399 ns, At safepoint: 68310 ns, Total: 618709 ns
[2022-09-29T07:45:00.849+0000][7][safepoint   ] Safepoint "Cleanup", Time since last: 2000821179 ns, Reaching safepoint: 377797 ns, At safepoint: 41700 ns, Total: 419497 ns
[2022-09-29T07:45:01.850+0000][7][safepoint   ] Safepoint "Cleanup", Time since last: 1000759385 ns, Reaching safepoint: 402620 ns, At safepoint: 25208 ns, Total: 427828 ns
[2022-09-29T07:45:02.851+0000][7][safepoint   ] Safepoint "Cleanup", Time since last: 1000535702 ns, Reaching safepoint: 434097 ns, At safepoint: 82016 ns, Total: 516113 ns
[2022-09-29T07:45:03.852+0000][7][safepoint   ] Safepoint "Cleanup", Time since last: 1000777931 ns, Reaching safepoint: 248020 ns, At safepoint: 26591 ns, Total: 274611 ns
[2022-09-29T07:45:04.853+0000][7][safepoint   ] Safepoint "Cleanup", Time since last: 1000515668 ns, Reaching safepoint: 467371 ns, At safepoint: 109819 ns, Total: 577190 ns
[2022-09-29T07:45:17.483+0000][7][gc,start    ] GC(123) Pause Young (Concurrent Start) (G1 Evacuation Pause)
[2022-09-29T07:45:17.483+0000][7][gc,task     ] GC(123) Using 6 workers of 13 for evacuation
[2022-09-29T07:45:17.484+0000][7][gc,age      ] GC(123) Desired survivor size 6291456 bytes, new threshold 15 (max threshold 15)
[2022-09-29T07:45:17.488+0000][7][gc,age      ] GC(123) Age table with threshold 15 (max threshold 15)
[2022-09-29T07:45:17.488+0000][7][gc,age      ] GC(123) - age   1:     639176 bytes,     639176 total
[2022-09-29T07:45:17.488+0000][7][gc,age      ] GC(123) - age   2:     241536 bytes,     880712 total
[2022-09-29T07:45:17.489+0000][7][gc,age      ] GC(123) - age   3:      41960 bytes,     922672 total
[2022-09-29T07:45:17.489+0000][7][gc,age      ] GC(123) - age   4:     129504 bytes,    1052176 total
[2022-09-29T07:45:17.489+0000][7][gc,age      ] GC(123) - age   5:      81144 bytes,    1133320 total
[2022-09-29T07:45:17.490+0000][7][gc,age      ] GC(123) - age   6:      16064 bytes,    1149384 total
[2022-09-29T07:45:17.490+0000][7][gc,age      ] GC(123) - age   7:       4240 bytes,    1153624 total
[2022-09-29T07:45:17.490+0000][7][gc,age      ] GC(123) - age   8:      83880 bytes,    1237504 total
[2022-09-29T07:45:17.490+0000][7][gc,age      ] GC(123) - age   9:     110304 bytes,    1347808 total
[2022-09-29T07:45:17.491+0000][7][gc,age      ] GC(123) - age  10:     462168 bytes,    1809976 total
[2022-09-29T07:45:17.491+0000][7][gc,age      ] GC(123) - age  11:     151512 bytes,    1961488 total
[2022-09-29T07:45:17.491+0000][7][gc,age      ] GC(123) - age  12:      19928 bytes,    1981416 total
[2022-09-29T07:45:17.491+0000][7][gc,age      ] GC(123) - age  13:       2184 bytes,    1983600 total
[2022-09-29T07:45:17.491+0000][7][gc,age      ] GC(123) - age  14:       6704 bytes,    1990304 total
[2022-09-29T07:45:17.492+0000][7][gc,age      ] GC(123) - age  15:      20504 bytes,    2010808 total
[2022-09-29T07:45:17.492+0000][7][gc,phases   ] GC(123)   Pre Evacuate Collection Set: 0.6ms
[2022-09-29T07:45:17.492+0000][7][gc,phases   ] GC(123)   Merge Heap Roots: 0.2ms
[2022-09-29T07:45:17.492+0000][7][gc,phases   ] GC(123)   Evacuate Collection Set: 2.0ms
[2022-09-29T07:45:17.492+0000][7][gc,phases   ] GC(123)   Post Evacuate Collection Set: 1.2ms
[2022-09-29T07:45:17.493+0000][7][gc,phases   ] GC(123)   Other: 4.9ms
[2022-09-29T07:45:17.493+0000][7][gc,heap     ] GC(123) Eden regions: 21->0(21)
[2022-09-29T07:45:17.493+0000][7][gc,heap     ] GC(123) Survivor regions: 1->1(3)
[2022-09-29T07:45:17.493+0000][7][gc,heap     ] GC(123) Old regions: 24->24
[2022-09-29T07:45:17.493+0000][7][gc,heap     ] GC(123) Archive regions: 2->2
[2022-09-29T07:45:17.493+0000][7][gc,heap     ] GC(123) Humongous regions: 5->5
[2022-09-29T07:45:17.494+0000][7][gc,metaspace] GC(123) Metaspace: 113232K(117660K)->113232K(117660K) NonClass: 98698K(101788K)->98698K(101788K) Class: 14533K(15872K)->14533K(15872K)
[2022-09-29T07:45:17.494+0000][7][gc          ] GC(123) Pause Young (Concurrent Start) (G1 Evacuation Pause) 207M->122M(256M) 10.731ms
[2022-09-29T07:45:17.494+0000][7][gc,cpu      ] GC(123) User=0.02s Sys=0.00s Real=0.01s
[2022-09-29T07:45:17.494+0000][7][gc          ] GC(124) Concurrent Cycle
[2022-09-29T07:45:17.494+0000][7][safepoint   ] Safepoint "G1CollectForAllocation", Time since last: 12629139106 ns, Reaching safepoint: 488235 ns, At safepoint: 11232307 ns, Total: 11720542 ns
[2022-09-29T07:45:17.494+0000][7][gc,marking  ] GC(124) Concurrent Clear Claimed Marks
[2022-09-29T07:45:17.495+0000][7][gc,marking  ] GC(124) Concurrent Clear Claimed Marks 0.540ms
[2022-09-29T07:45:17.495+0000][7][gc,marking  ] GC(124) Concurrent Scan Root Regions
[2022-09-29T07:45:17.497+0000][7][gc,marking  ] GC(124) Concurrent Scan Root Regions 1.675ms
[2022-09-29T07:45:17.498+0000][7][gc,marking  ] GC(124) Concurrent Mark (6126.590s)
[2022-09-29T07:45:17.498+0000][7][gc,marking  ] GC(124) Concurrent Mark From Roots
[2022-09-29T07:45:17.498+0000][7][gc,task     ] GC(124) Using 3 workers of 3 for marking
[2022-09-29T07:45:17.541+0000][7][gc,marking  ] GC(124) Concurrent Mark From Roots 42.970ms
[2022-09-29T07:45:17.541+0000][7][gc,marking  ] GC(124) Concurrent Preclean
[2022-09-29T07:45:17.542+0000][7][gc,marking  ] GC(124) Concurrent Preclean 0.699ms
[2022-09-29T07:45:17.542+0000][7][gc,marking  ] GC(124) Concurrent Mark (6126.590s, 6126.635s) 44.690ms
[2022-09-29T07:45:17.543+0000][7][gc,start    ] GC(124) Pause Remark
[2022-09-29T07:45:17.553+0000][7][gc          ] GC(124) Pause Remark 122M->122M(256M) 9.709ms
[2022-09-29T07:45:17.553+0000][7][gc,cpu      ] GC(124) User=0.05s Sys=0.00s Real=0.01s
[2022-09-29T07:45:17.553+0000][7][safepoint   ] Safepoint "G1Concurrent", Time since last: 48474831 ns, Reaching safepoint: 298730 ns, At safepoint: 10412985 ns, Total: 10711715 ns
[2022-09-29T07:45:17.554+0000][7][gc,marking  ] GC(124) Concurrent Rebuild Remembered Sets
[2022-09-29T07:45:17.579+0000][7][gc,marking  ] GC(124) Concurrent Rebuild Remembered Sets 25.419ms
[2022-09-29T07:45:17.580+0000][7][gc,start    ] GC(124) Pause Cleanup
[2022-09-29T07:45:17.581+0000][7][gc          ] GC(124) Pause Cleanup 122M->122M(256M) 0.620ms
[2022-09-29T07:45:17.581+0000][7][gc,cpu      ] GC(124) User=0.00s Sys=0.00s Real=0.00s
[2022-09-29T07:45:17.581+0000][7][safepoint   ] Safepoint "G1Concurrent", Time since last: 26314503 ns, Reaching safepoint: 268291 ns, At safepoint: 1457547 ns, Total: 1725838 ns
[2022-09-29T07:45:17.582+0000][7][gc,marking  ] GC(124) Concurrent Cleanup for Next Mark
[2022-09-29T07:45:17.582+0000][7][gc,marking  ] GC(124) Concurrent Cleanup for Next Mark 0.688ms
[2022-09-29T07:45:17.583+0000][7][gc          ] GC(124) Concurrent Cycle 88.753ms
[2022-09-29T07:45:37.586+0000][7][safepoint   ] Safepoint "Cleanup", Time since last: 20003917544 ns, Reaching safepoint: 657633 ns, At safepoint: 55335 ns, Total: 712968 ns
[2022-09-29T07:45:38.588+0000][7][safepoint   ] Safepoint "Cleanup", Time since last: 1000909059 ns, Reaching safepoint: 420180 ns, At safepoint: 118777 ns, Total: 538957 ns
[2022-09-29T07:45:40.589+0000][7][safepoint   ] Safepoint "Cleanup", Time since last: 2001203673 ns, Reaching safepoint: 458824 ns, At safepoint: 44605 ns, Total: 503429 ns
[2022-09-29T07:45:47.591+0000][7][safepoint   ] Safepoint "Cleanup", Time since last: 7001723936 ns, Reaching safepoint: 351239 ns, At safepoint: 52560 ns, Total: 403799 ns
[2022-09-29T07:45:49.592+0000][7][safepoint   ] Safepoint "Cleanup", Time since last: 2000771755 ns, Reaching safepoint: 259552 ns, At safepoint: 24637 ns, Total: 284189 ns
[2022-09-29T07:45:50.593+0000][7][safepoint   ] Safepoint "Cleanup", Time since last: 1000638495 ns, Reaching safepoint: 298231 ns, At safepoint: 30298 ns, Total: 328529 ns
[2022-09-29T07:45:51.594+0000][7][safepoint   ] Safepoint "Cleanup", Time since last: 1000640303 ns, Reaching safepoint: 308791 ns, At safepoint: 38363 ns, Total: 347154 ns
[2022-09-29T07:45:52.595+0000][7][safepoint   ] Safepoint "Cleanup", Time since last: 1000682323 ns, Reaching safepoint: 332231 ns, At safepoint: 46369 ns, Total: 378600 ns
[2022-09-29T07:45:54.596+0000][7][safepoint   ] Safepoint "Cleanup", Time since last: 2000678777 ns, Reaching safepoint: 299002 ns, At safepoint: 35538 ns, Total: 334540 ns
[2022-09-29T07:45:55.597+0000][7][safepoint   ] Safepoint "Cleanup", Time since last: 1000538547 ns, Reaching safepoint: 366328 ns, At safepoint: 48583 ns, Total: 414911 ns
[2022-09-29T07:46:27.606+0000][7][safepoint   ] Safepoint "Cleanup", Time since last: 32008620342 ns, Reaching safepoint: 315562 ns, At safepoint: 30347 ns, Total: 345909 ns
[2022-09-29T07:46:28.650+0000][7][gc,start    ] GC(125) Pause Young (Normal) (G1 Evacuation Pause)
[2022-09-29T07:46:28.651+0000][7][gc,task     ] GC(125) Using 6 workers of 13 for evacuation
[2022-09-29T07:46:28.652+0000][7][gc,age      ] GC(125) Desired survivor size 6291456 bytes, new threshold 15 (max threshold 15)
[2022-09-29T07:46:28.656+0000][7][gc,age      ] GC(125) Age table with threshold 15 (max threshold 15)
[2022-09-29T07:46:28.657+0000][7][gc,age      ] GC(125) - age   1:     901792 bytes,     901792 total
[2022-09-29T07:46:28.657+0000][7][gc,age      ] GC(125) - age   2:     493568 bytes,    1395360 total
[2022-09-29T07:46:28.657+0000][7][gc,age      ] GC(125) - age   3:     240744 bytes,    1636104 total
[2022-09-29T07:46:28.658+0000][7][gc,age      ] GC(125) - age   4:      41568 bytes,    1677672 total
[2022-09-29T07:46:28.658+0000][7][gc,age      ] GC(125) - age   5:     129104 bytes,    1806776 total
[2022-09-29T07:46:28.658+0000][7][gc,age      ] GC(125) - age   6:      81048 bytes,    1887824 total
[2022-09-29T07:46:28.658+0000][7][gc,age      ] GC(125) - age   7:      16064 bytes,    1903888 total
[2022-09-29T07:46:28.659+0000][7][gc,age      ] GC(125) - age   8:       4208 bytes,    1908096 total
[2022-09-29T07:46:28.659+0000][7][gc,age      ] GC(125) - age   9:      83656 bytes,    1991752 total
[2022-09-29T07:46:28.659+0000][7][gc,age      ] GC(125) - age  10:     110304 bytes,    2102056 total
[2022-09-29T07:46:28.660+0000][7][gc,age      ] GC(125) - age  11:     462096 bytes,    2564152 total
[2022-09-29T07:46:28.660+0000][7][gc,age      ] GC(125) - age  12:     151448 bytes,    2715600 total
[2022-09-29T07:46:28.660+0000][7][gc,age      ] GC(125) - age  13:      19928 bytes,    2735528 total
[2022-09-29T07:46:28.661+0000][7][gc,age      ] GC(125) - age  14:       2184 bytes,    2737712 total
[2022-09-29T07:46:28.661+0000][7][gc,age      ] GC(125) - age  15:       6704 bytes,    2744416 total
[2022-09-29T07:46:28.662+0000][7][gc,phases   ] GC(125)   Pre Evacuate Collection Set: 0.3ms
[2022-09-29T07:46:28.662+0000][7][gc,phases   ] GC(125)   Merge Heap Roots: 0.1ms
[2022-09-29T07:46:28.662+0000][7][gc,phases   ] GC(125)   Evacuate Collection Set: 2.8ms
[2022-09-29T07:46:28.663+0000][7][gc,phases   ] GC(125)   Post Evacuate Collection Set: 1.0ms
[2022-09-29T07:46:28.663+0000][7][gc,phases   ] GC(125)   Other: 6.9ms
[2022-09-29T07:46:28.664+0000][7][gc,heap     ] GC(125) Eden regions: 21->0(20)
[2022-09-29T07:46:28.664+0000][7][gc,heap     ] GC(125) Survivor regions: 1->1(3)
[2022-09-29T07:46:28.664+0000][7][gc,heap     ] GC(125) Old regions: 24->25
[2022-09-29T07:46:28.664+0000][7][gc,heap     ] GC(125) Archive regions: 2->2
[2022-09-29T07:46:28.665+0000][7][gc,heap     ] GC(125) Humongous regions: 5->5
[2022-09-29T07:46:28.665+0000][7][gc,metaspace] GC(125) Metaspace: 113261K(117660K)->113261K(117660K) NonClass: 98727K(101788K)->98727K(101788K) Class: 14534K(15872K)->14534K(15872K)
[2022-09-29T07:46:28.665+0000][7][gc          ] GC(125) Pause Young (Normal) (G1 Evacuation Pause) 206M->122M(256M) 14.641ms
[2022-09-29T07:46:28.665+0000][7][gc,cpu      ] GC(125) User=0.01s Sys=0.00s Real=0.01s
[2022-09-29T07:46:28.666+0000][7][safepoint   ] Safepoint "G1CollectForAllocation", Time since last: 1043545797 ns, Reaching safepoint: 470577 ns, At safepoint: 15326847 ns, Total: 15797424 ns
[2022-09-29T07:46:31.667+0000][7][safepoint   ] Safepoint "Cleanup", Time since last: 3000663862 ns, Reaching safepoint: 263473 ns, At safepoint: 8997 ns, Total: 272470 ns
[2022-09-29T07:46:34.668+0000][7][safepoint   ] Safepoint "Cleanup", Time since last: 3001263596 ns, Reaching safepoint: 355256 ns, At safepoint: 57580 ns, Total: 412836 ns
[2022-09-29T07:46:40.671+0000][7][safepoint   ] Safepoint "Cleanup", Time since last: 6001724781 ns, Reaching safepoint: 381257 ns, At safepoint: 64503 ns, Total: 445760 ns
[2022-09-29T07:46:41.672+0000][7][safepoint   ] Safepoint "Cleanup", Time since last: 1001238846 ns, Reaching safepoint: 479364 ns, At safepoint: 127633 ns, Total: 606997 ns
[2022-09-29T07:46:45.674+0000][7][safepoint   ] Safepoint "Cleanup", Time since last: 4001348112 ns, Reaching safepoint: 422927 ns, At safepoint: 42941 ns, Total: 465868 ns
[2022-09-29T07:46:47.676+0000][7][safepoint   ] Safepoint "Cleanup", Time since last: 2001001630 ns, Reaching safepoint: 550589 ns, At safepoint: 54905 ns, Total: 605494 ns
[2022-09-29T07:47:00.686+0000][7][safepoint   ] Safepoint "Cleanup", Time since last: 13009953392 ns, Reaching safepoint: 412797 ns, At safepoint: 43653 ns, Total: 456450 ns
[2022-09-29T07:47:01.687+0000][7][safepoint   ] Safepoint "Cleanup", Time since last: 1000693007 ns, Reaching safepoint: 318482 ns, At safepoint: 34175 ns, Total: 352657 ns
[2022-09-29T07:47:02.688+0000][7][safepoint   ] Safepoint "Cleanup", Time since last: 1000343025 ns, Reaching safepoint: 327794 ns, At safepoint: 15971 ns, Total: 343765 ns
[2022-09-29T07:47:03.690+0000][7][safepoint   ] Safepoint "Cleanup", Time since last: 1001074803 ns, Reaching safepoint: 492809 ns, At safepoint: 40618 ns, Total: 533427 ns
[2022-09-29T07:47:12.925+0000][7][gc,start    ] GC(126) Pause Young (Concurrent Start) (G1 Evacuation Pause)
[2022-09-29T07:47:12.925+0000][7][gc,task     ] GC(126) Using 6 workers of 13 for evacuation
[2022-09-29T07:47:12.925+0000][7][gc,age      ] GC(126) Desired survivor size 6291456 bytes, new threshold 15 (max threshold 15)
[2022-09-29T07:47:12.933+0000][7][gc,age      ] GC(126) Age table with threshold 15 (max threshold 15)
[2022-09-29T07:47:12.934+0000][7][gc,age      ] GC(126) - age   1:    1152928 bytes,    1152928 total
[2022-09-29T07:47:12.934+0000][7][gc,age      ] GC(126) - age   2:     691152 bytes,    1844080 total
[2022-09-29T07:47:12.934+0000][7][gc,age      ] GC(126) - age   3:     436784 bytes,    2280864 total
[2022-09-29T07:47:12.934+0000][7][gc,age      ] GC(126) - age   4:     210752 bytes,    2491616 total
[2022-09-29T07:47:12.935+0000][7][gc,age      ] GC(126) - age   5:      41152 bytes,    2532768 total
[2022-09-29T07:47:12.935+0000][7][gc,age      ] GC(126) - age   6:     128592 bytes,    2661360 total
[2022-09-29T07:47:12.935+0000][7][gc,age      ] GC(126) - age   7:      80888 bytes,    2742248 total
[2022-09-29T07:47:12.935+0000][7][gc,age      ] GC(126) - age   8:      15680 bytes,    2757928 total
[2022-09-29T07:47:12.936+0000][7][gc,age      ] GC(126) - age   9:       3984 bytes,    2761912 total
[2022-09-29T07:47:12.936+0000][7][gc,age      ] GC(126) - age  10:      83400 bytes,    2845312 total
[2022-09-29T07:47:12.936+0000][7][gc,age      ] GC(126) - age  11:     110008 bytes,    2955320 total
[2022-09-29T07:47:12.936+0000][7][gc,age      ] GC(126) - age  12:     462096 bytes,    3417416 total
[2022-09-29T07:47:12.937+0000][7][gc,age      ] GC(126) - age  13:     151384 bytes,    3568800 total
[2022-09-29T07:47:12.937+0000][7][gc,age      ] GC(126) - age  14:      19896 bytes,    3588696 total
[2022-09-29T07:47:12.937+0000][7][gc,age      ] GC(126) - age  15:       2120 bytes,    3590816 total
[2022-09-29T07:47:12.937+0000][7][gc,phases   ] GC(126)   Pre Evacuate Collection Set: 0.4ms
[2022-09-29T07:47:12.938+0000][7][gc,phases   ] GC(126)   Merge Heap Roots: 0.2ms
[2022-09-29T07:47:12.938+0000][7][gc,phases   ] GC(126)   Evacuate Collection Set: 4.4ms
[2022-09-29T07:47:12.938+0000][7][gc,phases   ] GC(126)   Post Evacuate Collection Set: 2.3ms
[2022-09-29T07:47:12.938+0000][7][gc,phases   ] GC(126)   Other: 5.5ms
[2022-09-29T07:47:12.938+0000][7][gc,heap     ] GC(126) Eden regions: 20->0(20)
[2022-09-29T07:47:12.939+0000][7][gc,heap     ] GC(126) Survivor regions: 1->1(3)
[2022-09-29T07:47:12.939+0000][7][gc,heap     ] GC(126) Old regions: 25->25
[2022-09-29T07:47:12.939+0000][7][gc,heap     ] GC(126) Archive regions: 2->2
[2022-09-29T07:47:12.939+0000][7][gc,heap     ] GC(126) Humongous regions: 5->5
[2022-09-29T07:47:12.940+0000][7][gc,metaspace] GC(126) Metaspace: 113292K(117660K)->113292K(117660K) NonClass: 98757K(101788K)->98757K(101788K) Class: 14534K(15872K)->14534K(15872K)
[2022-09-29T07:47:12.940+0000][7][gc          ] GC(126) Pause Young (Concurrent Start) (G1 Evacuation Pause) 202M->123M(256M) 15.229ms
[2022-09-29T07:47:12.940+0000][7][gc,cpu      ] GC(126) User=0.03s Sys=0.00s Real=0.02s
[2022-09-29T07:47:12.940+0000][7][gc          ] GC(127) Concurrent Cycle
[2022-09-29T07:47:12.940+0000][7][safepoint   ] Safepoint "G1CollectForAllocation", Time since last: 9234479598 ns, Reaching safepoint: 500365 ns, At safepoint: 15911770 ns, Total: 16412135 ns
[2022-09-29T07:47:12.941+0000][7][gc,marking  ] GC(127) Concurrent Clear Claimed Marks
[2022-09-29T07:47:12.942+0000][7][gc,marking  ] GC(127) Concurrent Clear Claimed Marks 0.910ms
[2022-09-29T07:47:12.942+0000][7][gc,marking  ] GC(127) Concurrent Scan Root Regions
[2022-09-29T07:47:12.947+0000][7][gc,marking  ] GC(127) Concurrent Scan Root Regions 5.180ms
[2022-09-29T07:47:12.948+0000][7][gc,marking  ] GC(127) Concurrent Mark (6242.040s)
[2022-09-29T07:47:12.948+0000][7][gc,marking  ] GC(127) Concurrent Mark From Roots
[2022-09-29T07:47:12.948+0000][7][gc,task     ] GC(127) Using 3 workers of 3 for marking
[2022-09-29T07:47:13.023+0000][7][gc,marking  ] GC(127) Concurrent Mark From Roots 74.816ms
[2022-09-29T07:47:13.023+0000][7][gc,marking  ] GC(127) Concurrent Preclean
[2022-09-29T07:47:13.024+0000][7][gc,marking  ] GC(127) Concurrent Preclean 0.792ms
[2022-09-29T07:47:13.025+0000][7][gc,marking  ] GC(127) Concurrent Mark (6242.040s, 6242.117s) 77.005ms
[2022-09-29T07:47:13.026+0000][7][gc,start    ] GC(127) Pause Remark
[2022-09-29T07:47:13.036+0000][7][gc          ] GC(127) Pause Remark 124M->124M(256M) 10.524ms
[2022-09-29T07:47:13.037+0000][7][gc,cpu      ] GC(127) User=0.05s Sys=0.00s Real=0.01s
[2022-09-29T07:47:13.037+0000][7][safepoint   ] Safepoint "G1Concurrent", Time since last: 84862614 ns, Reaching safepoint: 373813 ns, At safepoint: 11545210 ns, Total: 11919023 ns
[2022-09-29T07:47:13.038+0000][7][gc,marking  ] GC(127) Concurrent Rebuild Remembered Sets
[2022-09-29T07:47:13.084+0000][7][gc,marking  ] GC(127) Concurrent Rebuild Remembered Sets 45.862ms
[2022-09-29T07:47:13.085+0000][7][gc,start    ] GC(127) Pause Cleanup
[2022-09-29T07:47:13.085+0000][7][gc          ] GC(127) Pause Cleanup 124M->124M(256M) 0.760ms
[2022-09-29T07:47:13.086+0000][7][gc,cpu      ] GC(127) User=0.00s Sys=0.00s Real=0.00s
[2022-09-29T07:47:13.086+0000][7][safepoint   ] Safepoint "G1Concurrent", Time since last: 47026504 ns, Reaching safepoint: 376748 ns, At safepoint: 1717092 ns, Total: 2093840 ns
[2022-09-29T07:47:13.087+0000][7][gc,marking  ] GC(127) Concurrent Cleanup for Next Mark
[2022-09-29T07:47:13.088+0000][7][gc,marking  ] GC(127) Concurrent Cleanup for Next Mark 0.997ms
[2022-09-29T07:47:13.088+0000][7][gc          ] GC(127) Concurrent Cycle 147.960ms
[2022-09-29T07:47:37.092+0000][7][safepoint   ] Safepoint "Cleanup", Time since last: 24005034273 ns, Reaching safepoint: 365546 ns, At safepoint: 58792 ns, Total: 424338 ns
[2022-09-29T07:47:43.094+0000][7][safepoint   ] Safepoint "Cleanup", Time since last: 6001444748 ns, Reaching safepoint: 305545 ns, At safepoint: 54664 ns, Total: 360209 ns
[2022-09-29T07:47:44.205+0000][7][safepoint   ] Safepoint "Cleanup", Time since last: 1111378767 ns, Reaching safepoint: 427916 ns, At safepoint: 49004 ns, Total: 476920 ns
[2022-09-29T07:47:45.207+0000][7][safepoint   ] Safepoint "Cleanup", Time since last: 1000771908 ns, Reaching safepoint: 273682 ns, At safepoint: 45687 ns, Total: 319369 ns
[2022-09-29T07:47:46.208+0000][7][safepoint   ] Safepoint "Cleanup", Time since last: 1000769389 ns, Reaching safepoint: 512808 ns, At safepoint: 68671 ns, Total: 581479 ns
[2022-09-29T07:48:03.212+0000][7][safepoint   ] Safepoint "Cleanup", Time since last: 17003708435 ns, Reaching safepoint: 229237 ns, At safepoint: 34546 ns, Total: 263783 ns
[2022-09-29T07:48:04.213+0000][7][safepoint   ] Safepoint "Cleanup", Time since last: 1000574991 ns, Reaching safepoint: 270796 ns, At safepoint: 27382 ns, Total: 298178 ns
[2022-09-29T07:48:16.217+0000][7][safepoint   ] Safepoint "Cleanup", Time since last: 12002819645 ns, Reaching safepoint: 1161243 ns, At safepoint: 104619 ns, Total: 1265862 ns
[2022-09-29T07:48:28.646+0000][7][gc,start    ] GC(128) Pause Young (Normal) (G1 Evacuation Pause)
[2022-09-29T07:48:28.647+0000][7][gc,task     ] GC(128) Using 6 workers of 13 for evacuation
[2022-09-29T07:48:28.648+0000][7][gc,age      ] GC(128) Desired survivor size 6291456 bytes, new threshold 15 (max threshold 15)
[2022-09-29T07:48:28.654+0000][7][gc,age      ] GC(128) Age table with threshold 15 (max threshold 15)
[2022-09-29T07:48:28.655+0000][7][gc,age      ] GC(128) - age   1:     324920 bytes,     324920 total
[2022-09-29T07:48:28.658+0000][7][gc,age      ] GC(128) - age   2:     595752 bytes,     920672 total
[2022-09-29T07:48:28.658+0000][7][gc,age      ] GC(128) - age   3:      82624 bytes,    1003296 total
[2022-09-29T07:48:28.659+0000][7][gc,age      ] GC(128) - age   4:     265128 bytes,    1268424 total
[2022-09-29T07:48:28.659+0000][7][gc,age      ] GC(128) - age   5:     204512 bytes,    1472936 total
[2022-09-29T07:48:28.659+0000][7][gc,age      ] GC(128) - age   6:      39856 bytes,    1512792 total
[2022-09-29T07:48:28.660+0000][7][gc,age      ] GC(128) - age   7:       3696 bytes,    1516488 total
[2022-09-29T07:48:28.660+0000][7][gc,age      ] GC(128) - age   8:      35632 bytes,    1552120 total
[2022-09-29T07:48:28.660+0000][7][gc,age      ] GC(128) - age   9:      15456 bytes,    1567576 total
[2022-09-29T07:48:28.660+0000][7][gc,age      ] GC(128) - age  10:       3984 bytes,    1571560 total
[2022-09-29T07:48:28.660+0000][7][gc,age      ] GC(128) - age  11:      83368 bytes,    1654928 total
[2022-09-29T07:48:28.661+0000][7][gc,age      ] GC(128) - age  12:     109976 bytes,    1764904 total
[2022-09-29T07:48:28.661+0000][7][gc,age      ] GC(128) - age  13:     454928 bytes,    2219832 total
[2022-09-29T07:48:28.661+0000][7][gc,age      ] GC(128) - age  14:     151384 bytes,    2371216 total
[2022-09-29T07:48:28.661+0000][7][gc,age      ] GC(128) - age  15:      19896 bytes,    2391112 total
[2022-09-29T07:48:28.661+0000][7][gc,phases   ] GC(128)   Pre Evacuate Collection Set: 0.3ms
[2022-09-29T07:48:28.662+0000][7][gc,phases   ] GC(128)   Merge Heap Roots: 0.2ms
[2022-09-29T07:48:28.662+0000][7][gc,phases   ] GC(128)   Evacuate Collection Set: 3.3ms
[2022-09-29T07:48:28.662+0000][7][gc,phases   ] GC(128)   Post Evacuate Collection Set: 2.3ms
[2022-09-29T07:48:28.662+0000][7][gc,phases   ] GC(128)   Other: 9.1ms
[2022-09-29T07:48:28.662+0000][7][gc,heap     ] GC(128) Eden regions: 20->0(20)
[2022-09-29T07:48:28.663+0000][7][gc,heap     ] GC(128) Survivor regions: 1->1(3)
[2022-09-29T07:48:28.663+0000][7][gc,heap     ] GC(128) Old regions: 25->25
[2022-09-29T07:48:28.663+0000][7][gc,heap     ] GC(128) Archive regions: 2->2
[2022-09-29T07:48:28.663+0000][7][gc,heap     ] GC(128) Humongous regions: 5->5
[2022-09-29T07:48:28.663+0000][7][gc,metaspace] GC(128) Metaspace: 113307K(117660K)->113307K(117660K) NonClass: 98772K(101788K)->98772K(101788K) Class: 14534K(15872K)->14534K(15872K)
[2022-09-29T07:48:28.663+0000][7][gc          ] GC(128) Pause Young (Normal) (G1 Evacuation Pause) 203M->122M(256M) 17.121ms
[2022-09-29T07:48:28.664+0000][7][gc,cpu      ] GC(128) User=0.03s Sys=0.00s Real=0.02s
[2022-09-29T07:48:28.664+0000][7][safepoint   ] Safepoint "G1CollectForAllocation", Time since last: 12429085976 ns, Reaching safepoint: 378853 ns, At safepoint: 17675732 ns, Total: 18054585 ns
[2022-09-29T07:48:46.670+0000][7][safepoint   ] Safepoint "Cleanup", Time since last: 18005438761 ns, Reaching safepoint: 301402 ns, At safepoint: 8005 ns, Total: 309407 ns
[2022-09-29T07:48:47.671+0000][7][safepoint   ] Safepoint "Cleanup", Time since last: 1000613227 ns, Reaching safepoint: 422132 ns, At safepoint: 33614 ns, Total: 455746 ns
[2022-09-29T07:49:02.674+0000][7][safepoint   ] Safepoint "Cleanup", Time since last: 15003317289 ns, Reaching safepoint: 324298 ns, At safepoint: 58601 ns, Total: 382899 ns
[2022-09-29T07:49:17.678+0000][7][safepoint   ] Safepoint "Cleanup", Time since last: 15003067004 ns, Reaching safepoint: 263199 ns, At safepoint: 32141 ns, Total: 295340 ns
[2022-09-29T07:49:30.681+0000][7][safepoint   ] Safepoint "Cleanup", Time since last: 13002602407 ns, Reaching safepoint: 288129 ns, At safepoint: 33995 ns, Total: 322124 ns
[2022-09-29T07:49:49.148+0000][7][gc,start    ] GC(129) Pause Young (Concurrent Start) (G1 Evacuation Pause)
[2022-09-29T07:49:49.149+0000][7][gc,task     ] GC(129) Using 6 workers of 13 for evacuation
[2022-09-29T07:49:49.149+0000][7][gc,age      ] GC(129) Desired survivor size 6291456 bytes, new threshold 15 (max threshold 15)
[2022-09-29T07:49:49.155+0000][7][gc,age      ] GC(129) Age table with threshold 15 (max threshold 15)
[2022-09-29T07:49:49.155+0000][7][gc,age      ] GC(129) - age   1:     774384 bytes,     774384 total
[2022-09-29T07:49:49.156+0000][7][gc,age      ] GC(129) - age   2:     145936 bytes,     920320 total
[2022-09-29T07:49:49.156+0000][7][gc,age      ] GC(129) - age   3:     559192 bytes,    1479512 total
[2022-09-29T07:49:49.157+0000][7][gc,age      ] GC(129) - age   4:      79144 bytes,    1558656 total
[2022-09-29T07:49:49.157+0000][7][gc,age      ] GC(129) - age   5:     264968 bytes,    1823624 total
[2022-09-29T07:49:49.158+0000][7][gc,age      ] GC(129) - age   6:     204104 bytes,    2027728 total
[2022-09-29T07:49:49.159+0000][7][gc,age      ] GC(129) - age   7:      39856 bytes,    2067584 total
[2022-09-29T07:49:49.159+0000][7][gc,age      ] GC(129) - age   8:       3536 bytes,    2071120 total
[2022-09-29T07:49:49.160+0000][7][gc,age      ] GC(129) - age   9:      35632 bytes,    2106752 total
[2022-09-29T07:49:49.160+0000][7][gc,age      ] GC(129) - age  10:      15392 bytes,    2122144 total
[2022-09-29T07:49:49.161+0000][7][gc,age      ] GC(129) - age  11:       3984 bytes,    2126128 total
[2022-09-29T07:49:49.161+0000][7][gc,age      ] GC(129) - age  12:      83368 bytes,    2209496 total
[2022-09-29T07:49:49.161+0000][7][gc,age      ] GC(129) - age  13:     109872 bytes,    2319368 total
[2022-09-29T07:49:49.162+0000][7][gc,age      ] GC(129) - age  14:     454928 bytes,    2774296 total
[2022-09-29T07:49:49.162+0000][7][gc,age      ] GC(129) - age  15:     151384 bytes,    2925680 total
[2022-09-29T07:49:49.162+0000][7][gc,phases   ] GC(129)   Pre Evacuate Collection Set: 0.5ms
[2022-09-29T07:49:49.162+0000][7][gc,phases   ] GC(129)   Merge Heap Roots: 0.2ms
[2022-09-29T07:49:49.163+0000][7][gc,phases   ] GC(129)   Evacuate Collection Set: 2.5ms
[2022-09-29T07:49:49.163+0000][7][gc,phases   ] GC(129)   Post Evacuate Collection Set: 1.9ms
[2022-09-29T07:49:49.163+0000][7][gc,phases   ] GC(129)   Other: 9.2ms
[2022-09-29T07:49:49.164+0000][7][gc,heap     ] GC(129) Eden regions: 20->0(20)
[2022-09-29T07:49:49.164+0000][7][gc,heap     ] GC(129) Survivor regions: 1->1(3)
[2022-09-29T07:49:49.164+0000][7][gc,heap     ] GC(129) Old regions: 25->25
[2022-09-29T07:49:49.165+0000][7][gc,heap     ] GC(129) Archive regions: 2->2
[2022-09-29T07:49:49.165+0000][7][gc,heap     ] GC(129) Humongous regions: 5->5
[2022-09-29T07:49:49.165+0000][7][gc,metaspace] GC(129) Metaspace: 113324K(117660K)->113324K(117660K) NonClass: 98790K(101788K)->98790K(101788K) Class: 14534K(15872K)->14534K(15872K)
[2022-09-29T07:49:49.166+0000][7][gc          ] GC(129) Pause Young (Concurrent Start) (G1 Evacuation Pause) 202M->122M(256M) 17.615ms
[2022-09-29T07:49:49.166+0000][7][gc,cpu      ] GC(129) User=0.01s Sys=0.01s Real=0.02s
[2022-09-29T07:49:49.166+0000][7][safepoint   ] Safepoint "G1CollectForAllocation", Time since last: 18466746978 ns, Reaching safepoint: 432975 ns, At safepoint: 18548997 ns, Total: 18981972 ns
[2022-09-29T07:49:49.166+0000][7][gc          ] GC(130) Concurrent Cycle
[2022-09-29T07:49:49.167+0000][7][gc,marking  ] GC(130) Concurrent Clear Claimed Marks
[2022-09-29T07:49:49.168+0000][7][gc,marking  ] GC(130) Concurrent Clear Claimed Marks 0.508ms
[2022-09-29T07:49:49.168+0000][7][gc,marking  ] GC(130) Concurrent Scan Root Regions
[2022-09-29T07:49:49.171+0000][7][gc,marking  ] GC(130) Concurrent Scan Root Regions 3.086ms
[2022-09-29T07:49:49.172+0000][7][gc,marking  ] GC(130) Concurrent Mark (6398.264s)
[2022-09-29T07:49:49.172+0000][7][gc,marking  ] GC(130) Concurrent Mark From Roots
[2022-09-29T07:49:49.172+0000][7][gc,task     ] GC(130) Using 3 workers of 3 for marking
[2022-09-29T07:49:49.250+0000][7][gc,marking  ] GC(130) Concurrent Mark From Roots 77.517ms
[2022-09-29T07:49:49.250+0000][7][gc,marking  ] GC(130) Concurrent Preclean
[2022-09-29T07:49:49.251+0000][7][gc,marking  ] GC(130) Concurrent Preclean 1.231ms
[2022-09-29T07:49:49.252+0000][7][gc,marking  ] GC(130) Concurrent Mark (6398.264s, 6398.344s) 80.049ms
[2022-09-29T07:49:49.253+0000][7][gc,start    ] GC(130) Pause Remark
[2022-09-29T07:49:49.262+0000][7][gc          ] GC(130) Pause Remark 124M->124M(256M) 9.803ms
[2022-09-29T07:49:49.263+0000][7][gc,cpu      ] GC(130) User=0.05s Sys=0.00s Real=0.01s
[2022-09-29T07:49:49.263+0000][7][safepoint   ] Safepoint "G1Concurrent", Time since last: 85758664 ns, Reaching safepoint: 331101 ns, At safepoint: 10842009 ns, Total: 11173110 ns
[2022-09-29T07:49:49.264+0000][7][gc,marking  ] GC(130) Concurrent Rebuild Remembered Sets
[2022-09-29T07:49:49.306+0000][7][gc,marking  ] GC(130) Concurrent Rebuild Remembered Sets 41.700ms
[2022-09-29T07:49:49.307+0000][7][gc,start    ] GC(130) Pause Cleanup
[2022-09-29T07:49:49.308+0000][7][gc          ] GC(130) Pause Cleanup 124M->124M(256M) 0.747ms
[2022-09-29T07:49:49.308+0000][7][gc,cpu      ] GC(130) User=0.00s Sys=0.00s Real=0.00s
[2022-09-29T07:49:49.309+0000][7][safepoint   ] Safepoint "G1Concurrent", Time since last: 42733152 ns, Reaching safepoint: 709374 ns, At safepoint: 1718373 ns, Total: 2427747 ns
[2022-09-29T07:49:49.309+0000][7][gc,marking  ] GC(130) Concurrent Cleanup for Next Mark
[2022-09-29T07:49:49.310+0000][7][gc,marking  ] GC(130) Concurrent Cleanup for Next Mark 0.986ms
[2022-09-29T07:49:49.311+0000][7][gc          ] GC(130) Concurrent Cycle 144.116ms
[2022-09-29T07:49:50.310+0000][7][safepoint   ] Safepoint "Cleanup", Time since last: 1000627952 ns, Reaching safepoint: 585626 ns, At safepoint: 92206 ns, Total: 677832 ns
[2022-09-29T07:49:52.070+0000][7][safepoint   ] Safepoint "ICBufferFull", Time since last: 1759253576 ns, Reaching safepoint: 499702 ns, At safepoint: 52700 ns, Total: 552402 ns
[2022-09-29T07:49:53.071+0000][7][safepoint   ] Safepoint "Cleanup", Time since last: 1000294705 ns, Reaching safepoint: 1180821 ns, At safepoint: 85883 ns, Total: 1266704 ns
[2022-09-29T07:49:54.073+0000][7][safepoint   ] Safepoint "Cleanup", Time since last: 1001112636 ns, Reaching safepoint: 551025 ns, At safepoint: 68872 ns, Total: 619897 ns
[2022-09-29T07:49:55.074+0000][7][safepoint   ] Safepoint "Cleanup", Time since last: 1000786680 ns, Reaching safepoint: 492809 ns, At safepoint: 37030 ns, Total: 529839 ns
[2022-09-29T07:50:03.076+0000][7][safepoint   ] Safepoint "Cleanup", Time since last: 8001858240 ns, Reaching safepoint: 277398 ns, At safepoint: 37312 ns, Total: 314710 ns
[2022-09-29T07:50:05.077+0000][7][safepoint   ] Safepoint "Cleanup", Time since last: 2000488735 ns, Reaching safepoint: 315246 ns, At safepoint: 10740 ns, Total: 325986 ns
[2022-09-29T07:50:13.080+0000][7][safepoint   ] Safepoint "Cleanup", Time since last: 8002625821 ns, Reaching safepoint: 420461 ns, At safepoint: 70224 ns, Total: 490685 ns
[2022-09-29T07:50:16.081+0000][7][safepoint   ] Safepoint "Cleanup", Time since last: 3000772592 ns, Reaching safepoint: 247842 ns, At safepoint: 23945 ns, Total: 271787 ns
[2022-09-29T07:50:17.082+0000][7][safepoint   ] Safepoint "Cleanup", Time since last: 1000521137 ns, Reaching safepoint: 346170 ns, At safepoint: 43863 ns, Total: 390033 ns
[2022-09-29T07:50:18.084+0000][7][safepoint   ] Safepoint "Cleanup", Time since last: 1000863983 ns, Reaching safepoint: 1007695 ns, At safepoint: 119638 ns, Total: 1127333 ns
[2022-09-29T07:50:21.085+0000][7][safepoint   ] Safepoint "Cleanup", Time since last: 3000714676 ns, Reaching safepoint: 183750 ns, At safepoint: 8376 ns, Total: 192126 ns
[2022-09-29T07:50:23.087+0000][7][safepoint   ] Safepoint "Cleanup", Time since last: 2000897861 ns, Reaching safepoint: 431121 ns, At safepoint: 12013 ns, Total: 443134 ns
[2022-09-29T07:50:33.004+0000][7][gc,start    ] GC(131) Pause Young (Normal) (G1 Evacuation Pause)
[2022-09-29T07:50:33.004+0000][7][gc,task     ] GC(131) Using 6 workers of 13 for evacuation
[2022-09-29T07:50:33.005+0000][7][gc,age      ] GC(131) Desired survivor size 6291456 bytes, new threshold 15 (max threshold 15)
[2022-09-29T07:50:33.013+0000][7][gc,age      ] GC(131) Age table with threshold 15 (max threshold 15)
[2022-09-29T07:50:33.013+0000][7][gc,age      ] GC(131) - age   1:    1658520 bytes,    1658520 total
[2022-09-29T07:50:33.014+0000][7][gc,age      ] GC(131) - age   2:     447520 bytes,    2106040 total
[2022-09-29T07:50:33.014+0000][7][gc,age      ] GC(131) - age   3:     143904 bytes,    2249944 total
[2022-09-29T07:50:33.015+0000][7][gc,age      ] GC(131) - age   4:     558024 bytes,    2807968 total
[2022-09-29T07:50:33.015+0000][7][gc,age      ] GC(131) - age   5:      78984 bytes,    2886952 total
[2022-09-29T07:50:33.015+0000][7][gc,age      ] GC(131) - age   6:     264624 bytes,    3151576 total
[2022-09-29T07:50:33.016+0000][7][gc,age      ] GC(131) - age   7:     203680 bytes,    3355256 total
[2022-09-29T07:50:33.016+0000][7][gc,age      ] GC(131) - age   8:      39856 bytes,    3395112 total
[2022-09-29T07:50:33.016+0000][7][gc,age      ] GC(131) - age   9:       3232 bytes,    3398344 total
[2022-09-29T07:50:33.017+0000][7][gc,age      ] GC(131) - age  10:      18456 bytes,    3416800 total
[2022-09-29T07:50:33.017+0000][7][gc,age      ] GC(131) - age  11:      14768 bytes,    3431568 total
[2022-09-29T07:50:33.017+0000][7][gc,age      ] GC(131) - age  12:       3984 bytes,    3435552 total
[2022-09-29T07:50:33.018+0000][7][gc,age      ] GC(131) - age  13:      83304 bytes,    3518856 total
[2022-09-29T07:50:33.018+0000][7][gc,age      ] GC(131) - age  14:      93720 bytes,    3612576 total
[2022-09-29T07:50:33.018+0000][7][gc,age      ] GC(131) - age  15:     454864 bytes,    4067440 total
[2022-09-29T07:50:33.019+0000][7][gc,phases   ] GC(131)   Pre Evacuate Collection Set: 0.4ms
[2022-09-29T07:50:33.019+0000][7][gc,phases   ] GC(131)   Merge Heap Roots: 0.2ms
[2022-09-29T07:50:33.019+0000][7][gc,phases   ] GC(131)   Evacuate Collection Set: 5.4ms
[2022-09-29T07:50:33.020+0000][7][gc,phases   ] GC(131)   Post Evacuate Collection Set: 1.8ms
[2022-09-29T07:50:33.020+0000][7][gc,phases   ] GC(131)   Other: 7.3ms
[2022-09-29T07:50:33.021+0000][7][gc,heap     ] GC(131) Eden regions: 20->0(18)
[2022-09-29T07:50:33.021+0000][7][gc,heap     ] GC(131) Survivor regions: 1->2(3)
[2022-09-29T07:50:33.022+0000][7][gc,heap     ] GC(131) Old regions: 25->25
[2022-09-29T07:50:33.022+0000][7][gc,heap     ] GC(131) Archive regions: 2->2
[2022-09-29T07:50:33.022+0000][7][gc,heap     ] GC(131) Humongous regions: 5->5
[2022-09-29T07:50:33.023+0000][7][gc,metaspace] GC(131) Metaspace: 113463K(117916K)->113463K(117916K) NonClass: 98926K(102044K)->98926K(102044K) Class: 14537K(15872K)->14537K(15872K)
[2022-09-29T07:50:33.023+0000][7][gc          ] GC(131) Pause Young (Normal) (G1 Evacuation Pause) 202M->124M(256M) 19.378ms
[2022-09-29T07:50:33.024+0000][7][gc,cpu      ] GC(131) User=0.04s Sys=0.00s Real=0.02s
[2022-09-29T07:50:33.024+0000][7][safepoint   ] Safepoint "G1CollectForAllocation", Time since last: 9916804059 ns, Reaching safepoint: 304703 ns, At safepoint: 20648807 ns, Total: 20953510 ns
[2022-09-29T07:50:37.026+0000][7][safepoint   ] Safepoint "Cleanup", Time since last: 4001082576 ns, Reaching safepoint: 370952 ns, At safepoint: 62368 ns, Total: 433320 ns
[2022-09-29T07:50:40.027+0000][7][safepoint   ] Safepoint "Cleanup", Time since last: 3001055935 ns, Reaching safepoint: 350819 ns, At safepoint: 56587 ns, Total: 407406 ns
[2022-09-29T07:50:43.029+0000][7][safepoint   ] Safepoint "Cleanup", Time since last: 3000983023 ns, Reaching safepoint: 622484 ns, At safepoint: 41409 ns, Total: 663893 ns
[2022-09-29T07:50:53.031+0000][7][safepoint   ] Safepoint "Cleanup", Time since last: 10001912753 ns, Reaching safepoint: 218947 ns, At safepoint: 27533 ns, Total: 246480 ns
[2022-09-29T07:50:59.033+0000][7][safepoint   ] Safepoint "Cleanup", Time since last: 6001624660 ns, Reaching safepoint: 270668 ns, At safepoint: 30318 ns, Total: 300986 ns
[2022-09-29T07:51:03.034+0000][7][safepoint   ] Safepoint "Cleanup", Time since last: 4000959389 ns, Reaching safepoint: 328456 ns, At safepoint: 80474 ns, Total: 408930 ns
[2022-09-29T07:51:10.644+0000][7][gc,start    ] GC(132) Pause Young (Concurrent Start) (G1 Evacuation Pause)
[2022-09-29T07:51:10.645+0000][7][gc,task     ] GC(132) Using 6 workers of 13 for evacuation
[2022-09-29T07:51:10.646+0000][7][gc,age      ] GC(132) Desired survivor size 6291456 bytes, new threshold 15 (max threshold 15)
[2022-09-29T07:51:10.654+0000][7][gc,age      ] GC(132) Age table with threshold 15 (max threshold 15)
[2022-09-29T07:51:10.655+0000][7][gc,age      ] GC(132) - age   1:    1168408 bytes,    1168408 total
[2022-09-29T07:51:10.655+0000][7][gc,age      ] GC(132) - age   2:    1411928 bytes,    2580336 total
[2022-09-29T07:51:10.655+0000][7][gc,age      ] GC(132) - age   3:     432016 bytes,    3012352 total
[2022-09-29T07:51:10.655+0000][7][gc,age      ] GC(132) - age   4:     143904 bytes,    3156256 total
[2022-09-29T07:51:10.656+0000][7][gc,age      ] GC(132) - age   5:     557960 bytes,    3714216 total
[2022-09-29T07:51:10.656+0000][7][gc,age      ] GC(132) - age   6:      78984 bytes,    3793200 total
[2022-09-29T07:51:10.656+0000][7][gc,age      ] GC(132) - age   7:     264560 bytes,    4057760 total
[2022-09-29T07:51:10.656+0000][7][gc,age      ] GC(132) - age   8:     203680 bytes,    4261440 total
[2022-09-29T07:51:10.657+0000][7][gc,age      ] GC(132) - age   9:      39248 bytes,    4300688 total
[2022-09-29T07:51:10.657+0000][7][gc,age      ] GC(132) - age  10:       3232 bytes,    4303920 total
[2022-09-29T07:51:10.657+0000][7][gc,age      ] GC(132) - age  11:      18168 bytes,    4322088 total
[2022-09-29T07:51:10.658+0000][7][gc,age      ] GC(132) - age  12:      14768 bytes,    4336856 total
[2022-09-29T07:51:10.658+0000][7][gc,age      ] GC(132) - age  13:       3664 bytes,    4340520 total
[2022-09-29T07:51:10.658+0000][7][gc,age      ] GC(132) - age  14:      83304 bytes,    4423824 total
[2022-09-29T07:51:10.659+0000][7][gc,age      ] GC(132) - age  15:      93720 bytes,    4517544 total
[2022-09-29T07:51:10.659+0000][7][gc,phases   ] GC(132)   Pre Evacuate Collection Set: 0.6ms
[2022-09-29T07:51:10.660+0000][7][gc,phases   ] GC(132)   Merge Heap Roots: 0.2ms
[2022-09-29T07:51:10.661+0000][7][gc,phases   ] GC(132)   Evacuate Collection Set: 5.9ms
[2022-09-29T07:51:10.661+0000][7][gc,phases   ] GC(132)   Post Evacuate Collection Set: 1.1ms
[2022-09-29T07:51:10.662+0000][7][gc,phases   ] GC(132)   Other: 6.8ms
[2022-09-29T07:51:10.662+0000][7][gc,heap     ] GC(132) Eden regions: 18->0(18)
[2022-09-29T07:51:10.663+0000][7][gc,heap     ] GC(132) Survivor regions: 2->2(3)
[2022-09-29T07:51:10.663+0000][7][gc,heap     ] GC(132) Old regions: 25->25
[2022-09-29T07:51:10.664+0000][7][gc,heap     ] GC(132) Archive regions: 2->2
[2022-09-29T07:51:10.664+0000][7][gc,heap     ] GC(132) Humongous regions: 5->5
[2022-09-29T07:51:10.665+0000][7][gc,metaspace] GC(132) Metaspace: 113475K(117916K)->113475K(117916K) NonClass: 98937K(102044K)->98937K(102044K) Class: 14537K(15872K)->14537K(15872K)
[2022-09-29T07:51:10.665+0000][7][gc          ] GC(132) Pause Young (Concurrent Start) (G1 Evacuation Pause) 196M->124M(256M) 20.923ms
[2022-09-29T07:51:10.666+0000][7][gc,cpu      ] GC(132) User=0.05s Sys=0.00s Real=0.02s
[2022-09-29T07:51:10.666+0000][7][gc          ] GC(133) Concurrent Cycle
[2022-09-29T07:51:10.666+0000][7][safepoint   ] Safepoint "G1CollectForAllocation", Time since last: 7608572199 ns, Reaching safepoint: 1329113 ns, At safepoint: 22095796 ns, Total: 23424909 ns
[2022-09-29T07:51:10.667+0000][7][gc,marking  ] GC(133) Concurrent Clear Claimed Marks
[2022-09-29T07:51:10.668+0000][7][gc,marking  ] GC(133) Concurrent Clear Claimed Marks 1.077ms
[2022-09-29T07:51:10.668+0000][7][gc,marking  ] GC(133) Concurrent Scan Root Regions
[2022-09-29T07:51:10.672+0000][7][gc,marking  ] GC(133) Concurrent Scan Root Regions 3.490ms
[2022-09-29T07:51:10.672+0000][7][gc,marking  ] GC(133) Concurrent Mark (6479.765s)
[2022-09-29T07:51:10.673+0000][7][gc,marking  ] GC(133) Concurrent Mark From Roots
[2022-09-29T07:51:10.673+0000][7][gc,task     ] GC(133) Using 3 workers of 3 for marking
[2022-09-29T07:51:10.745+0000][7][gc,marking  ] GC(133) Concurrent Mark From Roots 72.042ms
[2022-09-29T07:51:10.745+0000][7][gc,marking  ] GC(133) Concurrent Preclean
[2022-09-29T07:51:10.746+0000][7][gc,marking  ] GC(133) Concurrent Preclean 0.812ms
[2022-09-29T07:51:10.746+0000][7][gc,marking  ] GC(133) Concurrent Mark (6479.765s, 6479.839s) 74.011ms
[2022-09-29T07:51:10.747+0000][7][gc,start    ] GC(133) Pause Remark
[2022-09-29T07:51:10.757+0000][7][gc          ] GC(133) Pause Remark 125M->125M(256M) 9.375ms
[2022-09-29T07:51:10.757+0000][7][gc,cpu      ] GC(133) User=0.05s Sys=0.00s Real=0.01s
[2022-09-29T07:51:10.757+0000][7][safepoint   ] Safepoint "G1Concurrent", Time since last: 80277677 ns, Reaching safepoint: 363413 ns, At safepoint: 10250956 ns, Total: 10614369 ns
[2022-09-29T07:51:10.758+0000][7][gc,marking  ] GC(133) Concurrent Rebuild Remembered Sets
[2022-09-29T07:51:10.802+0000][7][gc,marking  ] GC(133) Concurrent Rebuild Remembered Sets 43.855ms
[2022-09-29T07:51:10.802+0000][7][gc,start    ] GC(133) Pause Cleanup
[2022-09-29T07:51:10.803+0000][7][gc          ] GC(133) Pause Cleanup 125M->125M(256M) 0.493ms
[2022-09-29T07:51:10.803+0000][7][gc,cpu      ] GC(133) User=0.00s Sys=0.00s Real=0.00s
[2022-09-29T07:51:10.804+0000][7][safepoint   ] Safepoint "G1Concurrent", Time since last: 44774260 ns, Reaching safepoint: 335930 ns, At safepoint: 1072374 ns, Total: 1408304 ns
[2022-09-29T07:51:10.804+0000][7][gc,marking  ] GC(133) Concurrent Cleanup for Next Mark
[2022-09-29T07:51:10.805+0000][7][gc,marking  ] GC(133) Concurrent Cleanup for Next Mark 0.749ms
[2022-09-29T07:51:10.805+0000][7][gc          ] GC(133) Concurrent Cycle 138.642ms
[2022-09-29T07:51:11.804+0000][7][safepoint   ] Safepoint "Cleanup", Time since last: 1000405037 ns, Reaching safepoint: 425702 ns, At safepoint: 58912 ns, Total: 484614 ns
[2022-09-29T07:51:12.806+0000][7][safepoint   ] Safepoint "Cleanup", Time since last: 1000752953 ns, Reaching safepoint: 771410 ns, At safepoint: 256669 ns, Total: 1028079 ns
[2022-09-29T07:51:43.814+0000][7][safepoint   ] Safepoint "Cleanup", Time since last: 31007473769 ns, Reaching safepoint: 306084 ns, At safepoint: 33844 ns, Total: 339928 ns
[2022-09-29T07:51:52.816+0000][7][safepoint   ] Safepoint "Cleanup", Time since last: 9001923287 ns, Reaching safepoint: 272562 ns, At safepoint: 17633 ns, Total: 290195 ns
[2022-09-29T07:51:55.818+0000][7][safepoint   ] Safepoint "Cleanup", Time since last: 3001328079 ns, Reaching safepoint: 425661 ns, At safepoint: 83489 ns, Total: 509150 ns
[2022-09-29T07:51:56.112+0000][7][gc,start    ] GC(134) Pause Young (Normal) (G1 Evacuation Pause)
[2022-09-29T07:51:56.113+0000][7][gc,task     ] GC(134) Using 6 workers of 13 for evacuation
[2022-09-29T07:51:56.114+0000][7][gc,age      ] GC(134) Desired survivor size 6291456 bytes, new threshold 15 (max threshold 15)
[2022-09-29T07:51:56.122+0000][7][gc,age      ] GC(134) Age table with threshold 15 (max threshold 15)
[2022-09-29T07:51:56.124+0000][7][gc,age      ] GC(134) - age   1:    1315128 bytes,    1315128 total
[2022-09-29T07:51:56.125+0000][7][gc,age      ] GC(134) - age   2:     656576 bytes,    1971704 total
[2022-09-29T07:51:56.125+0000][7][gc,age      ] GC(134) - age   3:     939928 bytes,    2911632 total
[2022-09-29T07:51:56.126+0000][7][gc,age      ] GC(134) - age   4:     301600 bytes,    3213232 total
[2022-09-29T07:51:56.126+0000][7][gc,age      ] GC(134) - age   5:     143840 bytes,    3357072 total
[2022-09-29T07:51:56.127+0000][7][gc,age      ] GC(134) - age   6:      76696 bytes,    3433768 total
[2022-09-29T07:51:56.127+0000][7][gc,age      ] GC(134) - age   7:      65392 bytes,    3499160 total
[2022-09-29T07:51:56.127+0000][7][gc,age      ] GC(134) - age   8:     146848 bytes,    3646008 total
[2022-09-29T07:51:56.128+0000][7][gc,age      ] GC(134) - age   9:     203648 bytes,    3849656 total
[2022-09-29T07:51:56.128+0000][7][gc,age      ] GC(134) - age  10:      39184 bytes,    3888840 total
[2022-09-29T07:51:56.129+0000][7][gc,age      ] GC(134) - age  11:       3072 bytes,    3891912 total
[2022-09-29T07:51:56.129+0000][7][gc,age      ] GC(134) - age  12:      18136 bytes,    3910048 total
[2022-09-29T07:51:56.130+0000][7][gc,age      ] GC(134) - age  13:      14736 bytes,    3924784 total
[2022-09-29T07:51:56.130+0000][7][gc,age      ] GC(134) - age  14:       3664 bytes,    3928448 total
[2022-09-29T07:51:56.130+0000][7][gc,age      ] GC(134) - age  15:      83016 bytes,    4011464 total
[2022-09-29T07:51:56.131+0000][7][gc,phases   ] GC(134)   Pre Evacuate Collection Set: 0.3ms
[2022-09-29T07:51:56.131+0000][7][gc,phases   ] GC(134)   Merge Heap Roots: 0.2ms
[2022-09-29T07:51:56.131+0000][7][gc,phases   ] GC(134)   Evacuate Collection Set: 5.0ms
[2022-09-29T07:51:56.132+0000][7][gc,phases   ] GC(134)   Post Evacuate Collection Set: 2.6ms
[2022-09-29T07:51:56.132+0000][7][gc,phases   ] GC(134)   Other: 10.1ms
[2022-09-29T07:51:56.133+0000][7][gc,heap     ] GC(134) Eden regions: 18->0(18)
[2022-09-29T07:51:56.133+0000][7][gc,heap     ] GC(134) Survivor regions: 2->2(3)
[2022-09-29T07:51:56.134+0000][7][gc,heap     ] GC(134) Old regions: 25->25
[2022-09-29T07:51:56.134+0000][7][gc,heap     ] GC(134) Archive regions: 2->2
[2022-09-29T07:51:56.134+0000][7][gc,heap     ] GC(134) Humongous regions: 5->5
[2022-09-29T07:51:56.135+0000][7][gc,metaspace] GC(134) Metaspace: 113539K(117916K)->113539K(117916K) NonClass: 99000K(102044K)->99000K(102044K) Class: 14539K(15872K)->14539K(15872K)
[2022-09-29T07:51:56.135+0000][7][gc          ] GC(134) Pause Young (Normal) (G1 Evacuation Pause) 196M->124M(256M) 22.624ms
[2022-09-29T07:51:56.135+0000][7][gc,cpu      ] GC(134) User=0.03s Sys=0.01s Real=0.02s
[2022-09-29T07:51:56.136+0000][7][safepoint   ] Safepoint "G1CollectForAllocation", Time since last: 293881420 ns, Reaching safepoint: 446002 ns, At safepoint: 23333843 ns, Total: 23779845 ns
[2022-09-29T07:51:57.950+0000][7][safepoint   ] Safepoint "Cleanup", Time since last: 1814217533 ns, Reaching safepoint: 307376 ns, At safepoint: 13265 ns, Total: 320641 ns
[2022-09-29T07:51:58.951+0000][7][safepoint   ] Safepoint "Cleanup", Time since last: 1000924300 ns, Reaching safepoint: 282957 ns, At safepoint: 34145 ns, Total: 317102 ns
[2022-09-29T07:52:01.953+0000][7][safepoint   ] Safepoint "Cleanup", Time since last: 3000887428 ns, Reaching safepoint: 335474 ns, At safepoint: 41239 ns, Total: 376713 ns
[2022-09-29T07:52:02.954+0000][7][safepoint   ] Safepoint "Cleanup", Time since last: 1000804824 ns, Reaching safepoint: 405203 ns, At safepoint: 58411 ns, Total: 463614 ns
[2022-09-29T07:52:12.957+0000][7][safepoint   ] Safepoint "Cleanup", Time since last: 10002366197 ns, Reaching safepoint: 423299 ns, At safepoint: 73390 ns, Total: 496689 ns
[2022-09-29T07:52:32.961+0000][7][safepoint   ] Safepoint "Cleanup", Time since last: 20003891885 ns, Reaching safepoint: 416058 ns, At safepoint: 58521 ns, Total: 474579 ns
[2022-09-29T07:52:58.967+0000][7][safepoint   ] Safepoint "Cleanup", Time since last: 26004886833 ns, Reaching safepoint: 367807 ns, At safepoint: 79842 ns, Total: 447649 ns
[2022-09-29T07:53:00.961+0000][7][gc,start    ] GC(135) Pause Young (Concurrent Start) (G1 Evacuation Pause)
[2022-09-29T07:53:00.962+0000][7][gc,task     ] GC(135) Using 6 workers of 13 for evacuation
[2022-09-29T07:53:00.962+0000][7][gc,age      ] GC(135) Desired survivor size 6291456 bytes, new threshold 15 (max threshold 15)
[2022-09-29T07:53:00.968+0000][7][gc,age      ] GC(135) Age table with threshold 15 (max threshold 15)
[2022-09-29T07:53:00.968+0000][7][gc,age      ] GC(135) - age   1:    1083656 bytes,    1083656 total
[2022-09-29T07:53:00.968+0000][7][gc,age      ] GC(135) - age   2:     537448 bytes,    1621104 total
[2022-09-29T07:53:00.968+0000][7][gc,age      ] GC(135) - age   3:      94608 bytes,    1715712 total
[2022-09-29T07:53:00.969+0000][7][gc,age      ] GC(135) - age   4:     665760 bytes,    2381472 total
[2022-09-29T07:53:00.969+0000][7][gc,age      ] GC(135) - age   5:      23416 bytes,    2404888 total
[2022-09-29T07:53:00.969+0000][7][gc,age      ] GC(135) - age   6:     143840 bytes,    2548728 total
[2022-09-29T07:53:00.969+0000][7][gc,age      ] GC(135) - age   7:      75400 bytes,    2624128 total
[2022-09-29T07:53:00.971+0000][7][gc,age      ] GC(135) - age   8:      50464 bytes,    2674592 total
[2022-09-29T07:53:00.971+0000][7][gc,age      ] GC(135) - age   9:       3936 bytes,    2678528 total
[2022-09-29T07:53:00.972+0000][7][gc,age      ] GC(135) - age  10:     203584 bytes,    2882112 total
[2022-09-29T07:53:00.972+0000][7][gc,age      ] GC(135) - age  11:      39184 bytes,    2921296 total
[2022-09-29T07:53:00.972+0000][7][gc,age      ] GC(135) - age  12:       3072 bytes,    2924368 total
[2022-09-29T07:53:00.973+0000][7][gc,age      ] GC(135) - age  13:      18072 bytes,    2942440 total
[2022-09-29T07:53:00.973+0000][7][gc,age      ] GC(135) - age  14:      14736 bytes,    2957176 total
[2022-09-29T07:53:00.973+0000][7][gc,age      ] GC(135) - age  15:       3664 bytes,    2960840 total
[2022-09-29T07:53:00.974+0000][7][gc,phases   ] GC(135)   Pre Evacuate Collection Set: 0.5ms
[2022-09-29T07:53:00.974+0000][7][gc,phases   ] GC(135)   Merge Heap Roots: 0.1ms
[2022-09-29T07:53:00.974+0000][7][gc,phases   ] GC(135)   Evacuate Collection Set: 3.5ms
[2022-09-29T07:53:00.975+0000][7][gc,phases   ] GC(135)   Post Evacuate Collection Set: 1.1ms
[2022-09-29T07:53:00.975+0000][7][gc,phases   ] GC(135)   Other: 7.3ms
[2022-09-29T07:53:00.975+0000][7][gc,heap     ] GC(135) Eden regions: 18->0(19)
[2022-09-29T07:53:00.976+0000][7][gc,heap     ] GC(135) Survivor regions: 2->1(3)
[2022-09-29T07:53:00.976+0000][7][gc,heap     ] GC(135) Old regions: 25->25
[2022-09-29T07:53:00.976+0000][7][gc,heap     ] GC(135) Archive regions: 2->2
[2022-09-29T07:53:00.976+0000][7][gc,heap     ] GC(135) Humongous regions: 5->5
[2022-09-29T07:53:00.977+0000][7][gc,metaspace] GC(135) Metaspace: 113569K(117916K)->113569K(117916K) NonClass: 99025K(102044K)->99025K(102044K) Class: 14543K(15872K)->14543K(15872K)
[2022-09-29T07:53:00.977+0000][7][gc          ] GC(135) Pause Young (Concurrent Start) (G1 Evacuation Pause) 196M->123M(256M) 15.426ms
[2022-09-29T07:53:00.977+0000][7][gc,cpu      ] GC(135) User=0.02s Sys=0.00s Real=0.01s
[2022-09-29T07:53:00.977+0000][7][gc          ] GC(136) Concurrent Cycle
[2022-09-29T07:53:00.978+0000][7][gc,marking  ] GC(136) Concurrent Clear Claimed Marks
[2022-09-29T07:53:00.977+0000][7][safepoint   ] Safepoint "G1CollectForAllocation", Time since last: 1994314637 ns, Reaching safepoint: 405814 ns, At safepoint: 16055049 ns, Total: 16460863 ns
[2022-09-29T07:53:00.978+0000][7][gc,marking  ] GC(136) Concurrent Clear Claimed Marks 0.475ms
[2022-09-29T07:53:00.979+0000][7][gc,marking  ] GC(136) Concurrent Scan Root Regions
[2022-09-29T07:53:00.981+0000][7][gc,marking  ] GC(136) Concurrent Scan Root Regions 2.811ms
[2022-09-29T07:53:00.982+0000][7][gc,marking  ] GC(136) Concurrent Mark (6590.074s)
[2022-09-29T07:53:00.982+0000][7][gc,marking  ] GC(136) Concurrent Mark From Roots
[2022-09-29T07:53:00.982+0000][7][gc,task     ] GC(136) Using 3 workers of 3 for marking
[2022-09-29T07:53:01.053+0000][7][gc,marking  ] GC(136) Concurrent Mark From Roots 70.486ms
[2022-09-29T07:53:01.053+0000][7][gc,marking  ] GC(136) Concurrent Preclean
[2022-09-29T07:53:01.054+0000][7][gc,marking  ] GC(136) Concurrent Preclean 0.897ms
[2022-09-29T07:53:01.055+0000][7][gc,marking  ] GC(136) Concurrent Mark (6590.074s, 6590.147s) 72.700ms
[2022-09-29T07:53:01.056+0000][7][gc,start    ] GC(136) Pause Remark
[2022-09-29T07:53:01.067+0000][7][gc          ] GC(136) Pause Remark 124M->124M(256M) 11.561ms
[2022-09-29T07:53:01.068+0000][7][gc,cpu      ] GC(136) User=0.06s Sys=0.00s Real=0.01s
[2022-09-29T07:53:01.068+0000][7][safepoint   ] Safepoint "G1Concurrent", Time since last: 77767213 ns, Reaching safepoint: 376530 ns, At safepoint: 12641850 ns, Total: 13018380 ns
[2022-09-29T07:53:01.069+0000][7][gc,marking  ] GC(136) Concurrent Rebuild Remembered Sets
[2022-09-29T07:53:01.113+0000][7][gc,marking  ] GC(136) Concurrent Rebuild Remembered Sets 44.103ms
[2022-09-29T07:53:01.114+0000][7][gc,start    ] GC(136) Pause Cleanup
[2022-09-29T07:53:01.114+0000][7][gc          ] GC(136) Pause Cleanup 124M->124M(256M) 0.688ms
[2022-09-29T07:53:01.115+0000][7][gc,cpu      ] GC(136) User=0.00s Sys=0.00s Real=0.00s
[2022-09-29T07:53:01.115+0000][7][safepoint   ] Safepoint "G1Concurrent", Time since last: 45144959 ns, Reaching safepoint: 356419 ns, At safepoint: 1680272 ns, Total: 2036691 ns
[2022-09-29T07:53:01.116+0000][7][gc,marking  ] GC(136) Concurrent Cleanup for Next Mark
[2022-09-29T07:53:01.117+0000][7][gc,marking  ] GC(136) Concurrent Cleanup for Next Mark 0.871ms
[2022-09-29T07:53:01.117+0000][7][gc          ] GC(136) Concurrent Cycle 139.888ms
[2022-09-29T07:53:03.117+0000][7][safepoint   ] Safepoint "Cleanup", Time since last: 2000809578 ns, Reaching safepoint: 718980 ns, At safepoint: 71716 ns, Total: 790696 ns
[2022-09-29T07:53:29.122+0000][7][safepoint   ] Safepoint "Cleanup", Time since last: 26004552082 ns, Reaching safepoint: 364535 ns, At safepoint: 41689 ns, Total: 406224 ns
[2022-09-29T07:53:55.128+0000][7][safepoint   ] Safepoint "Cleanup", Time since last: 26005760165 ns, Reaching safepoint: 379774 ns, At safepoint: 138414 ns, Total: 518188 ns
[2022-09-29T07:53:58.130+0000][7][safepoint   ] Safepoint "Cleanup", Time since last: 3001063720 ns, Reaching safepoint: 453458 ns, At safepoint: 93909 ns, Total: 547367 ns
[2022-09-29T07:53:59.131+0000][7][safepoint   ] Safepoint "Cleanup", Time since last: 1000912360 ns, Reaching safepoint: 437113 ns, At safepoint: 212004 ns, Total: 649117 ns
[2022-09-29T07:54:00.133+0000][7][safepoint   ] Safepoint "Cleanup", Time since last: 1000704864 ns, Reaching safepoint: 558950 ns, At safepoint: 93378 ns, Total: 652328 ns
[2022-09-29T07:54:02.134+0000][7][safepoint   ] Safepoint "Cleanup", Time since last: 2001085116 ns, Reaching safepoint: 309483 ns, At safepoint: 64352 ns, Total: 373835 ns
[2022-09-29T07:54:05.136+0000][7][safepoint   ] Safepoint "Cleanup", Time since last: 3000949124 ns, Reaching safepoint: 522135 ns, At safepoint: 56177 ns, Total: 578312 ns
[2022-09-29T07:54:12.109+0000][7][gc,start    ] GC(137) Pause Young (Normal) (G1 Evacuation Pause)
[2022-09-29T07:54:12.110+0000][7][gc,task     ] GC(137) Using 6 workers of 13 for evacuation
[2022-09-29T07:54:12.110+0000][7][gc,age      ] GC(137) Desired survivor size 6291456 bytes, new threshold 15 (max threshold 15)
[2022-09-29T07:54:12.115+0000][7][gc,age      ] GC(137) Age table with threshold 15 (max threshold 15)
[2022-09-29T07:54:12.115+0000][7][gc,age      ] GC(137) - age   1:     617912 bytes,     617912 total
[2022-09-29T07:54:12.116+0000][7][gc,age      ] GC(137) - age   2:     800024 bytes,    1417936 total
[2022-09-29T07:54:12.117+0000][7][gc,age      ] GC(137) - age   3:     536728 bytes,    1954664 total
[2022-09-29T07:54:12.118+0000][7][gc,age      ] GC(137) - age   4:      78264 bytes,    2032928 total
[2022-09-29T07:54:12.118+0000][7][gc,age      ] GC(137) - age   5:     537216 bytes,    2570144 total
[2022-09-29T07:54:12.119+0000][7][gc,age      ] GC(137) - age   6:      23352 bytes,    2593496 total
[2022-09-29T07:54:12.119+0000][7][gc,age      ] GC(137) - age   7:     143840 bytes,    2737336 total
[2022-09-29T07:54:12.120+0000][7][gc,age      ] GC(137) - age   8:      75336 bytes,    2812672 total
[2022-09-29T07:54:12.120+0000][7][gc,age      ] GC(137) - age   9:      50464 bytes,    2863136 total
[2022-09-29T07:54:12.121+0000][7][gc,age      ] GC(137) - age  10:       3640 bytes,    2866776 total
[2022-09-29T07:54:12.121+0000][7][gc,age      ] GC(137) - age  11:     203320 bytes,    3070096 total
[2022-09-29T07:54:12.121+0000][7][gc,age      ] GC(137) - age  12:      38888 bytes,    3108984 total
[2022-09-29T07:54:12.122+0000][7][gc,age      ] GC(137) - age  13:       3072 bytes,    3112056 total
[2022-09-29T07:54:12.122+0000][7][gc,age      ] GC(137) - age  14:      18072 bytes,    3130128 total
[2022-09-29T07:54:12.122+0000][7][gc,age      ] GC(137) - age  15:      14736 bytes,    3144864 total
[2022-09-29T07:54:12.122+0000][7][gc,phases   ] GC(137)   Pre Evacuate Collection Set: 0.2ms
[2022-09-29T07:54:12.123+0000][7][gc,phases   ] GC(137)   Merge Heap Roots: 0.2ms
[2022-09-29T07:54:12.123+0000][7][gc,phases   ] GC(137)   Evacuate Collection Set: 2.6ms
[2022-09-29T07:54:12.123+0000][7][gc,phases   ] GC(137)   Post Evacuate Collection Set: 1.4ms
[2022-09-29T07:54:12.124+0000][7][gc,phases   ] GC(137)   Other: 8.6ms
[2022-09-29T07:54:12.124+0000][7][gc,heap     ] GC(137) Eden regions: 19->0(20)
[2022-09-29T07:54:12.125+0000][7][gc,heap     ] GC(137) Survivor regions: 1->1(3)
[2022-09-29T07:54:12.125+0000][7][gc,heap     ] GC(137) Old regions: 25->25
[2022-09-29T07:54:12.125+0000][7][gc,heap     ] GC(137) Archive regions: 2->2
[2022-09-29T07:54:12.125+0000][7][gc,heap     ] GC(137) Humongous regions: 5->5
[2022-09-29T07:54:12.126+0000][7][gc,metaspace] GC(137) Metaspace: 113584K(117916K)->113584K(117916K) NonClass: 99041K(102044K)->99041K(102044K) Class: 14543K(15872K)->14543K(15872K)
[2022-09-29T07:54:12.126+0000][7][gc          ] GC(137) Pause Young (Normal) (G1 Evacuation Pause) 199M->123M(256M) 16.651ms
[2022-09-29T07:54:12.127+0000][7][gc,cpu      ] GC(137) User=0.02s Sys=0.00s Real=0.01s
[2022-09-29T07:54:12.127+0000][7][safepoint   ] Safepoint "G1CollectForAllocation", Time since last: 6973313454 ns, Reaching safepoint: 274583 ns, At safepoint: 17868393 ns, Total: 18142976 ns
[2022-09-29T07:54:16.129+0000][7][safepoint   ] Safepoint "Cleanup", Time since last: 4001076797 ns, Reaching safepoint: 352953 ns, At safepoint: 42090 ns, Total: 395043 ns
[2022-09-29T07:54:46.135+0000][7][safepoint   ] Safepoint "Cleanup", Time since last: 30006202915 ns, Reaching safepoint: 367821 ns, At safepoint: 32161 ns, Total: 399982 ns
[2022-09-29T07:54:49.137+0000][7][safepoint   ] Safepoint "Cleanup", Time since last: 3001024119 ns, Reaching safepoint: 599752 ns, At safepoint: 83429 ns, Total: 683181 ns
[2022-09-29T07:55:13.142+0000][7][safepoint   ] Safepoint "Cleanup", Time since last: 24004757422 ns, Reaching safepoint: 314329 ns, At safepoint: 28264 ns, Total: 342593 ns
[2022-09-29T07:55:20.313+0000][7][gc,start    ] GC(138) Pause Young (Concurrent Start) (G1 Evacuation Pause)
[2022-09-29T07:55:20.313+0000][7][gc,task     ] GC(138) Using 6 workers of 13 for evacuation
[2022-09-29T07:55:20.314+0000][7][gc,age      ] GC(138) Desired survivor size 6291456 bytes, new threshold 15 (max threshold 15)
[2022-09-29T07:55:20.322+0000][7][gc,age      ] GC(138) Age table with threshold 15 (max threshold 15)
[2022-09-29T07:55:20.323+0000][7][gc,age      ] GC(138) - age   1:     798048 bytes,     798048 total
[2022-09-29T07:55:20.323+0000][7][gc,age      ] GC(138) - age   2:     463280 bytes,    1261328 total
[2022-09-29T07:55:20.324+0000][7][gc,age      ] GC(138) - age   3:     790032 bytes,    2051360 total
[2022-09-29T07:55:20.324+0000][7][gc,age      ] GC(138) - age   4:     536024 bytes,    2587384 total
[2022-09-29T07:55:20.325+0000][7][gc,age      ] GC(138) - age   5:      77120 bytes,    2664504 total
[2022-09-29T07:55:20.325+0000][7][gc,age      ] GC(138) - age   6:     529008 bytes,    3193512 total
[2022-09-29T07:55:20.326+0000][7][gc,age      ] GC(138) - age   7:      23192 bytes,    3216704 total
[2022-09-29T07:55:20.326+0000][7][gc,age      ] GC(138) - age   8:     143840 bytes,    3360544 total
[2022-09-29T07:55:20.326+0000][7][gc,age      ] GC(138) - age   9:      75208 bytes,    3435752 total
[2022-09-29T07:55:20.327+0000][7][gc,age      ] GC(138) - age  10:      50072 bytes,    3485824 total
[2022-09-29T07:55:20.327+0000][7][gc,age      ] GC(138) - age  11:       3504 bytes,    3489328 total
[2022-09-29T07:55:20.328+0000][7][gc,age      ] GC(138) - age  12:     203000 bytes,    3692328 total
[2022-09-29T07:55:20.329+0000][7][gc,age      ] GC(138) - age  13:      38888 bytes,    3731216 total
[2022-09-29T07:55:20.330+0000][7][gc,age      ] GC(138) - age  14:       3040 bytes,    3734256 total
[2022-09-29T07:55:20.330+0000][7][gc,age      ] GC(138) - age  15:      18072 bytes,    3752328 total
[2022-09-29T07:55:20.331+0000][7][gc,phases   ] GC(138)   Pre Evacuate Collection Set: 0.8ms
[2022-09-29T07:55:20.332+0000][7][gc,phases   ] GC(138)   Merge Heap Roots: 0.2ms
[2022-09-29T07:55:20.332+0000][7][gc,phases   ] GC(138)   Evacuate Collection Set: 3.8ms
[2022-09-29T07:55:20.332+0000][7][gc,phases   ] GC(138)   Post Evacuate Collection Set: 2.9ms
[2022-09-29T07:55:20.333+0000][7][gc,phases   ] GC(138)   Other: 10.8ms
[2022-09-29T07:55:20.335+0000][7][gc,heap     ] GC(138) Eden regions: 20->0(20)
[2022-09-29T07:55:20.336+0000][7][gc,heap     ] GC(138) Survivor regions: 1->1(3)
[2022-09-29T07:55:20.337+0000][7][gc,heap     ] GC(138) Old regions: 25->25
[2022-09-29T07:55:20.338+0000][7][gc,heap     ] GC(138) Archive regions: 2->2
[2022-09-29T07:55:20.339+0000][7][gc,heap     ] GC(138) Humongous regions: 5->5
[2022-09-29T07:55:20.340+0000][7][gc,metaspace] GC(138) Metaspace: 113597K(117916K)->113597K(117916K) NonClass: 99053K(102044K)->99053K(102044K) Class: 14543K(15872K)->14543K(15872K)
[2022-09-29T07:55:20.341+0000][7][gc          ] GC(138) Pause Young (Concurrent Start) (G1 Evacuation Pause) 203M->124M(256M) 28.562ms
[2022-09-29T07:55:20.342+0000][7][gc,cpu      ] GC(138) User=0.03s Sys=0.02s Real=0.03s
[2022-09-29T07:55:20.343+0000][7][gc          ] GC(139) Concurrent Cycle
[2022-09-29T07:55:20.344+0000][7][safepoint   ] Safepoint "G1CollectForAllocation", Time since last: 7169977364 ns, Reaching safepoint: 492358 ns, At safepoint: 31143893 ns, Total: 31636251 ns
[2022-09-29T07:55:20.345+0000][7][gc,marking  ] GC(139) Concurrent Clear Claimed Marks
[2022-09-29T07:55:20.348+0000][7][gc,marking  ] GC(139) Concurrent Clear Claimed Marks 2.593ms
[2022-09-29T07:55:20.349+0000][7][gc,marking  ] GC(139) Concurrent Scan Root Regions
[2022-09-29T07:55:20.360+0000][7][gc,marking  ] GC(139) Concurrent Scan Root Regions 11.018ms
[2022-09-29T07:55:20.361+0000][7][gc,marking  ] GC(139) Concurrent Mark (6729.453s)
[2022-09-29T07:55:20.362+0000][7][gc,marking  ] GC(139) Concurrent Mark From Roots
[2022-09-29T07:55:20.362+0000][7][gc,task     ] GC(139) Using 3 workers of 3 for marking
[2022-09-29T07:55:20.517+0000][7][gc,marking  ] GC(139) Concurrent Mark From Roots 155.295ms
[2022-09-29T07:55:20.517+0000][7][gc,marking  ] GC(139) Concurrent Preclean
[2022-09-29T07:55:20.519+0000][7][gc,marking  ] GC(139) Concurrent Preclean 1.103ms
[2022-09-29T07:55:20.519+0000][7][gc,marking  ] GC(139) Concurrent Mark (6729.453s, 6729.612s) 158.456ms
[2022-09-29T07:55:20.521+0000][7][gc,start    ] GC(139) Pause Remark
[2022-09-29T07:55:20.548+0000][7][gc          ] GC(139) Pause Remark 125M->125M(256M) 26.798ms
[2022-09-29T07:55:20.549+0000][7][gc,cpu      ] GC(139) User=0.14s Sys=0.00s Real=0.02s
[2022-09-29T07:55:20.550+0000][7][safepoint   ] Safepoint "G1Concurrent", Time since last: 176386002 ns, Reaching safepoint: 740607 ns, At safepoint: 28956223 ns, Total: 29696830 ns
[2022-09-29T07:55:20.551+0000][7][gc,marking  ] GC(139) Concurrent Rebuild Remembered Sets
[2022-09-29T07:55:20.637+0000][7][gc,marking  ] GC(139) Concurrent Rebuild Remembered Sets 86.400ms
[2022-09-29T07:55:20.639+0000][7][gc,start    ] GC(139) Pause Cleanup
[2022-09-29T07:55:20.640+0000][7][gc          ] GC(139) Pause Cleanup 125M->125M(256M) 1.223ms
[2022-09-29T07:55:20.640+0000][7][gc,cpu      ] GC(139) User=0.00s Sys=0.00s Real=0.01s
[2022-09-29T07:55:20.641+0000][7][safepoint   ] Safepoint "G1Concurrent", Time since last: 88373872 ns, Reaching safepoint: 504140 ns, At safepoint: 2856158 ns, Total: 3360298 ns
[2022-09-29T07:55:20.642+0000][7][gc,marking  ] GC(139) Concurrent Cleanup for Next Mark
[2022-09-29T07:55:20.644+0000][7][gc,marking  ] GC(139) Concurrent Cleanup for Next Mark 1.431ms
[2022-09-29T07:55:20.645+0000][7][gc          ] GC(139) Concurrent Cycle 301.353ms
[2022-09-29T07:56:01.650+0000][7][safepoint   ] Safepoint "Cleanup", Time since last: 41008645963 ns, Reaching safepoint: 288810 ns, At safepoint: 35528 ns, Total: 324338 ns
[2022-09-29T07:56:02.652+0000][7][safepoint   ] Safepoint "Cleanup", Time since last: 1000810490 ns, Reaching safepoint: 319088 ns, At safepoint: 20880 ns, Total: 339968 ns
[2022-09-29T07:56:07.082+0000][7][gc,start    ] GC(140) Pause Young (Normal) (G1 Evacuation Pause)
[2022-09-29T07:56:07.082+0000][7][gc,task     ] GC(140) Using 6 workers of 13 for evacuation
[2022-09-29T07:56:07.082+0000][7][gc,age      ] GC(140) Desired survivor size 6291456 bytes, new threshold 15 (max threshold 15)
[2022-09-29T07:56:07.088+0000][7][gc,age      ] GC(140) Age table with threshold 15 (max threshold 15)
[2022-09-29T07:56:07.088+0000][7][gc,age      ] GC(140) - age   1:    1290496 bytes,    1290496 total
[2022-09-29T07:56:07.088+0000][7][gc,age      ] GC(140) - age   2:      16720 bytes,    1307216 total
[2022-09-29T07:56:07.089+0000][7][gc,age      ] GC(140) - age   3:     119016 bytes,    1426232 total
[2022-09-29T07:56:07.089+0000][7][gc,age      ] GC(140) - age   4:     333848 bytes,    1760080 total
[2022-09-29T07:56:07.089+0000][7][gc,age      ] GC(140) - age   5:     535592 bytes,    2295672 total
[2022-09-29T07:56:07.089+0000][7][gc,age      ] GC(140) - age   6:      59680 bytes,    2355352 total
[2022-09-29T07:56:07.089+0000][7][gc,age      ] GC(140) - age   7:     447752 bytes,    2803104 total
[2022-09-29T07:56:07.090+0000][7][gc,age      ] GC(140) - age   8:      10280 bytes,    2813384 total
[2022-09-29T07:56:07.090+0000][7][gc,age      ] GC(140) - age   9:       1600 bytes,    2814984 total
[2022-09-29T07:56:07.090+0000][7][gc,age      ] GC(140) - age  10:      75144 bytes,    2890128 total
[2022-09-29T07:56:07.091+0000][7][gc,age      ] GC(140) - age  11:      50032 bytes,    2940160 total
[2022-09-29T07:56:07.091+0000][7][gc,age      ] GC(140) - age  12:       3376 bytes,    2943536 total
[2022-09-29T07:56:07.091+0000][7][gc,age      ] GC(140) - age  13:     202936 bytes,    3146472 total
[2022-09-29T07:56:07.092+0000][7][gc,age      ] GC(140) - age  14:      38848 bytes,    3185320 total
[2022-09-29T07:56:07.092+0000][7][gc,age      ] GC(140) - age  15:       3040 bytes,    3188360 total
[2022-09-29T07:56:07.093+0000][7][gc,phases   ] GC(140)   Pre Evacuate Collection Set: 0.2ms
[2022-09-29T07:56:07.093+0000][7][gc,phases   ] GC(140)   Merge Heap Roots: 0.2ms
[2022-09-29T07:56:07.093+0000][7][gc,phases   ] GC(140)   Evacuate Collection Set: 3.4ms
[2022-09-29T07:56:07.094+0000][7][gc,phases   ] GC(140)   Post Evacuate Collection Set: 1.5ms
[2022-09-29T07:56:07.094+0000][7][gc,phases   ] GC(140)   Other: 5.9ms
[2022-09-29T07:56:07.094+0000][7][gc,heap     ] GC(140) Eden regions: 20->0(20)
[2022-09-29T07:56:07.094+0000][7][gc,heap     ] GC(140) Survivor regions: 1->1(3)
[2022-09-29T07:56:07.094+0000][7][gc,heap     ] GC(140) Old regions: 25->25
[2022-09-29T07:56:07.095+0000][7][gc,heap     ] GC(140) Archive regions: 2->2
[2022-09-29T07:56:07.095+0000][7][gc,heap     ] GC(140) Humongous regions: 5->5
[2022-09-29T07:56:07.095+0000][7][gc,metaspace] GC(140) Metaspace: 113614K(117916K)->113614K(117916K) NonClass: 99070K(102044K)->99070K(102044K) Class: 14543K(15872K)->14543K(15872K)
[2022-09-29T07:56:07.095+0000][7][gc          ] GC(140) Pause Young (Normal) (G1 Evacuation Pause) 204M->123M(256M) 13.650ms
[2022-09-29T07:56:07.096+0000][7][gc,cpu      ] GC(140) User=0.03s Sys=0.01s Real=0.01s
[2022-09-29T07:56:07.096+0000][7][safepoint   ] Safepoint "G1CollectForAllocation", Time since last: 4429611325 ns, Reaching safepoint: 354997 ns, At safepoint: 14308324 ns, Total: 14663321 ns
[2022-09-29T07:56:08.097+0000][7][safepoint   ] Safepoint "Cleanup", Time since last: 1000487875 ns, Reaching safepoint: 774707 ns, At safepoint: 87917 ns, Total: 862624 ns
[2022-09-29T07:56:09.100+0000][7][safepoint   ] Safepoint "Cleanup", Time since last: 1002053331 ns, Reaching safepoint: 369442 ns, At safepoint: 29396 ns, Total: 398838 ns
[2022-09-29T07:56:27.104+0000][7][safepoint   ] Safepoint "Cleanup", Time since last: 18003727101 ns, Reaching safepoint: 252336 ns, At safepoint: 26511 ns, Total: 278847 ns
[2022-09-29T07:56:52.110+0000][7][safepoint   ] Safepoint "Cleanup", Time since last: 25005795531 ns, Reaching safepoint: 269764 ns, At safepoint: 33814 ns, Total: 303578 ns
[2022-09-29T07:56:58.112+0000][7][safepoint   ] Safepoint "Cleanup", Time since last: 6001379203 ns, Reaching safepoint: 404381 ns, At safepoint: 41769 ns, Total: 446150 ns
[2022-09-29T07:57:04.115+0000][7][safepoint   ] Safepoint "Cleanup", Time since last: 6001490814 ns, Reaching safepoint: 1908577 ns, At safepoint: 92226 ns, Total: 2000803 ns
[2022-09-29T07:57:05.117+0000][7][safepoint   ] Safepoint "Cleanup", Time since last: 1000760390 ns, Reaching safepoint: 875122 ns, At safepoint: 54744 ns, Total: 929866 ns
[2022-09-29T07:57:06.048+0000][7][gc,start    ] GC(141) Pause Young (Concurrent Start) (G1 Evacuation Pause)
[2022-09-29T07:57:06.049+0000][7][gc,task     ] GC(141) Using 6 workers of 13 for evacuation
[2022-09-29T07:57:06.049+0000][7][gc,age      ] GC(141) Desired survivor size 6291456 bytes, new threshold 15 (max threshold 15)
[2022-09-29T07:57:06.054+0000][7][gc,age      ] GC(141) Age table with threshold 15 (max threshold 15)
[2022-09-29T07:57:06.055+0000][7][gc,age      ] GC(141) - age   1:    2185040 bytes,    2185040 total
[2022-09-29T07:57:06.055+0000][7][gc,age      ] GC(141) - age   2:     540456 bytes,    2725496 total
[2022-09-29T07:57:06.055+0000][7][gc,age      ] GC(141) - age   3:      15040 bytes,    2740536 total
[2022-09-29T07:57:06.056+0000][7][gc,age      ] GC(141) - age   4:       2136 bytes,    2742672 total
[2022-09-29T07:57:06.056+0000][7][gc,age      ] GC(141) - age   5:     102232 bytes,    2844904 total
[2022-09-29T07:57:06.057+0000][7][gc,age      ] GC(141) - age   6:      69904 bytes,    2914808 total
[2022-09-29T07:57:06.057+0000][7][gc,age      ] GC(141) - age   7:      59488 bytes,    2974296 total
[2022-09-29T07:57:06.057+0000][7][gc,age      ] GC(141) - age   8:     447104 bytes,    3421400 total
[2022-09-29T07:57:06.057+0000][7][gc,age      ] GC(141) - age   9:      10280 bytes,    3431680 total
[2022-09-29T07:57:06.058+0000][7][gc,age      ] GC(141) - age  10:       1536 bytes,    3433216 total
[2022-09-29T07:57:06.058+0000][7][gc,age      ] GC(141) - age  11:      73288 bytes,    3506504 total
[2022-09-29T07:57:06.058+0000][7][gc,age      ] GC(141) - age  12:      49968 bytes,    3556472 total
[2022-09-29T07:57:06.059+0000][7][gc,age      ] GC(141) - age  13:       3376 bytes,    3559848 total
[2022-09-29T07:57:06.059+0000][7][gc,age      ] GC(141) - age  14:     202936 bytes,    3762784 total
[2022-09-29T07:57:06.059+0000][7][gc,age      ] GC(141) - age  15:      38720 bytes,    3801504 total
[2022-09-29T07:57:06.060+0000][7][gc,phases   ] GC(141)   Pre Evacuate Collection Set: 0.6ms
[2022-09-29T07:57:06.060+0000][7][gc,phases   ] GC(141)   Merge Heap Roots: 0.2ms
[2022-09-29T07:57:06.061+0000][7][gc,phases   ] GC(141)   Evacuate Collection Set: 2.4ms
[2022-09-29T07:57:06.061+0000][7][gc,phases   ] GC(141)   Post Evacuate Collection Set: 1.2ms
[2022-09-29T07:57:06.062+0000][7][gc,phases   ] GC(141)   Other: 7.6ms
[2022-09-29T07:57:06.063+0000][7][gc,heap     ] GC(141) Eden regions: 20->0(19)
[2022-09-29T07:57:06.063+0000][7][gc,heap     ] GC(141) Survivor regions: 1->1(3)
[2022-09-29T07:57:06.064+0000][7][gc,heap     ] GC(141) Old regions: 25->25
[2022-09-29T07:57:06.065+0000][7][gc,heap     ] GC(141) Archive regions: 2->2
[2022-09-29T07:57:06.065+0000][7][gc,heap     ] GC(141) Humongous regions: 5->5
[2022-09-29T07:57:06.065+0000][7][gc,metaspace] GC(141) Metaspace: 113674K(118172K)->113674K(118172K) NonClass: 99130K(102300K)->99130K(102300K) Class: 14544K(15872K)->14544K(15872K)
[2022-09-29T07:57:06.066+0000][7][gc          ] GC(141) Pause Young (Concurrent Start) (G1 Evacuation Pause) 203M->124M(256M) 17.761ms
[2022-09-29T07:57:06.066+0000][7][gc,cpu      ] GC(141) User=0.02s Sys=0.01s Real=0.02s
[2022-09-29T07:57:06.067+0000][7][gc          ] GC(142) Concurrent Cycle
[2022-09-29T07:57:06.067+0000][7][safepoint   ] Safepoint "G1CollectForAllocation", Time since last: 930631096 ns, Reaching safepoint: 414052 ns, At safepoint: 18996770 ns, Total: 19410822 ns
[2022-09-29T07:57:06.067+0000][7][gc,marking  ] GC(142) Concurrent Clear Claimed Marks
[2022-09-29T07:57:06.068+0000][7][gc,marking  ] GC(142) Concurrent Clear Claimed Marks 0.992ms
[2022-09-29T07:57:06.069+0000][7][gc,marking  ] GC(142) Concurrent Scan Root Regions
[2022-09-29T07:57:06.073+0000][7][gc,marking  ] GC(142) Concurrent Scan Root Regions 4.334ms
[2022-09-29T07:57:06.073+0000][7][gc,marking  ] GC(142) Concurrent Mark (6835.166s)
[2022-09-29T07:57:06.074+0000][7][gc,marking  ] GC(142) Concurrent Mark From Roots
[2022-09-29T07:57:06.074+0000][7][gc,task     ] GC(142) Using 3 workers of 3 for marking
[2022-09-29T07:57:06.175+0000][7][gc,marking  ] GC(142) Concurrent Mark From Roots 100.839ms
[2022-09-29T07:57:06.175+0000][7][gc,marking  ] GC(142) Concurrent Preclean
[2022-09-29T07:57:06.177+0000][7][gc,marking  ] GC(142) Concurrent Preclean 1.226ms
[2022-09-29T07:57:06.177+0000][7][gc,marking  ] GC(142) Concurrent Mark (6835.166s, 6835.270s) 103.879ms
[2022-09-29T07:57:06.178+0000][7][gc,start    ] GC(142) Pause Remark
[2022-09-29T07:57:06.192+0000][7][gc          ] GC(142) Pause Remark 125M->125M(256M) 13.783ms
[2022-09-29T07:57:06.193+0000][7][gc,cpu      ] GC(142) User=0.07s Sys=0.00s Real=0.02s
[2022-09-29T07:57:06.193+0000][7][safepoint   ] Safepoint "G1Concurrent", Time since last: 111078385 ns, Reaching safepoint: 503700 ns, At safepoint: 15088357 ns, Total: 15592057 ns
[2022-09-29T07:57:06.194+0000][7][gc,marking  ] GC(142) Concurrent Rebuild Remembered Sets
[2022-09-29T07:57:06.247+0000][7][gc,marking  ] GC(142) Concurrent Rebuild Remembered Sets 52.615ms
[2022-09-29T07:57:06.248+0000][7][gc,start    ] GC(142) Pause Cleanup
[2022-09-29T07:57:06.249+0000][7][gc          ] GC(142) Pause Cleanup 125M->125M(256M) 0.699ms
[2022-09-29T07:57:06.249+0000][7][gc,cpu      ] GC(142) User=0.00s Sys=0.00s Real=0.00s
[2022-09-29T07:57:06.250+0000][7][safepoint   ] Safepoint "G1Concurrent", Time since last: 53970957 ns, Reaching safepoint: 405866 ns, At safepoint: 1695468 ns, Total: 2101334 ns
[2022-09-29T07:57:06.250+0000][7][gc,marking  ] GC(142) Concurrent Cleanup for Next Mark
[2022-09-29T07:57:06.251+0000][7][gc,marking  ] GC(142) Concurrent Cleanup for Next Mark 0.955ms
[2022-09-29T07:57:06.252+0000][7][gc          ] GC(142) Concurrent Cycle 184.904ms
[2022-09-29T07:57:07.250+0000][7][safepoint   ] Safepoint "Cleanup", Time since last: 1000318318 ns, Reaching safepoint: 391106 ns, At safepoint: 11672 ns, Total: 402778 ns
[2022-09-29T07:57:08.252+0000][7][safepoint   ] Safepoint "Cleanup", Time since last: 1001039203 ns, Reaching safepoint: 333876 ns, At safepoint: 44996 ns, Total: 378872 ns
[2022-09-29T07:57:10.253+0000][7][safepoint   ] Safepoint "Cleanup", Time since last: 2000757444 ns, Reaching safepoint: 361369 ns, At safepoint: 70044 ns, Total: 431413 ns
[2022-09-29T07:57:11.254+0000][7][safepoint   ] Safepoint "Cleanup", Time since last: 1000658921 ns, Reaching safepoint: 326442 ns, At safepoint: 59223 ns, Total: 385665 ns
[2022-09-29T07:57:13.255+0000][7][safepoint   ] Safepoint "Cleanup", Time since last: 2000620464 ns, Reaching safepoint: 339918 ns, At safepoint: 16271 ns, Total: 356189 ns
[2022-09-29T07:57:43.264+0000][7][safepoint   ] Safepoint "Cleanup", Time since last: 30008500640 ns, Reaching safepoint: 694964 ns, At safepoint: 85373 ns, Total: 780337 ns
[2022-09-29T07:58:03.269+0000][7][safepoint   ] Safepoint "Cleanup", Time since last: 20004360277 ns, Reaching safepoint: 606235 ns, At safepoint: 47912 ns, Total: 654147 ns
[2022-09-29T07:58:10.112+0000][7][gc,start    ] GC(143) Pause Young (Normal) (G1 Evacuation Pause)
[2022-09-29T07:58:10.113+0000][7][gc,task     ] GC(143) Using 6 workers of 13 for evacuation
[2022-09-29T07:58:10.113+0000][7][gc,age      ] GC(143) Desired survivor size 6291456 bytes, new threshold 15 (max threshold 15)
[2022-09-29T07:58:10.119+0000][7][gc,age      ] GC(143) Age table with threshold 15 (max threshold 15)
[2022-09-29T07:58:10.120+0000][7][gc,age      ] GC(143) - age   1:    1315528 bytes,    1315528 total
[2022-09-29T07:58:10.120+0000][7][gc,age      ] GC(143) - age   2:     513840 bytes,    1829368 total
[2022-09-29T07:58:10.120+0000][7][gc,age      ] GC(143) - age   3:     540248 bytes,    2369616 total
[2022-09-29T07:58:10.121+0000][7][gc,age      ] GC(143) - age   4:      14456 bytes,    2384072 total
[2022-09-29T07:58:10.121+0000][7][gc,age      ] GC(143) - age   5:       2072 bytes,    2386144 total
[2022-09-29T07:58:10.121+0000][7][gc,age      ] GC(143) - age   6:     102232 bytes,    2488376 total
[2022-09-29T07:58:10.122+0000][7][gc,age      ] GC(143) - age   7:      69840 bytes,    2558216 total
[2022-09-29T07:58:10.122+0000][7][gc,age      ] GC(143) - age   8:      59488 bytes,    2617704 total
[2022-09-29T07:58:10.122+0000][7][gc,age      ] GC(143) - age   9:     446776 bytes,    3064480 total
[2022-09-29T07:58:10.122+0000][7][gc,age      ] GC(143) - age  10:       9944 bytes,    3074424 total
[2022-09-29T07:58:10.123+0000][7][gc,age      ] GC(143) - age  11:       1472 bytes,    3075896 total
[2022-09-29T07:58:10.123+0000][7][gc,age      ] GC(143) - age  12:      73288 bytes,    3149184 total
[2022-09-29T07:58:10.123+0000][7][gc,age      ] GC(143) - age  13:      49904 bytes,    3199088 total
[2022-09-29T07:58:10.123+0000][7][gc,age      ] GC(143) - age  14:       3376 bytes,    3202464 total
[2022-09-29T07:58:10.124+0000][7][gc,age      ] GC(143) - age  15:     202896 bytes,    3405360 total
[2022-09-29T07:58:10.124+0000][7][gc,phases   ] GC(143)   Pre Evacuate Collection Set: 0.3ms
[2022-09-29T07:58:10.124+0000][7][gc,phases   ] GC(143)   Merge Heap Roots: 0.2ms
[2022-09-29T07:58:10.125+0000][7][gc,phases   ] GC(143)   Evacuate Collection Set: 3.3ms
[2022-09-29T07:58:10.125+0000][7][gc,phases   ] GC(143)   Post Evacuate Collection Set: 1.6ms
[2022-09-29T07:58:10.126+0000][7][gc,phases   ] GC(143)   Other: 6.4ms
[2022-09-29T07:58:10.128+0000][7][gc,heap     ] GC(143) Eden regions: 19->0(19)
[2022-09-29T07:58:10.129+0000][7][gc,heap     ] GC(143) Survivor regions: 1->1(3)
[2022-09-29T07:58:10.130+0000][7][gc,heap     ] GC(143) Old regions: 25->25
[2022-09-29T07:58:10.130+0000][7][gc,heap     ] GC(143) Archive regions: 2->2
[2022-09-29T07:58:10.130+0000][7][gc,heap     ] GC(143) Humongous regions: 5->5
[2022-09-29T07:58:10.131+0000][7][gc,metaspace] GC(143) Metaspace: 113683K(118172K)->113683K(118172K) NonClass: 99138K(102300K)->99138K(102300K) Class: 14544K(15872K)->14544K(15872K)
[2022-09-29T07:58:10.131+0000][7][gc          ] GC(143) Pause Young (Normal) (G1 Evacuation Pause) 200M->124M(256M) 18.854ms
[2022-09-29T07:58:10.131+0000][7][gc,cpu      ] GC(143) User=0.03s Sys=0.01s Real=0.02s
[2022-09-29T07:58:10.132+0000][7][safepoint   ] Safepoint "G1CollectForAllocation", Time since last: 6842617494 ns, Reaching safepoint: 336291 ns, At safepoint: 19687882 ns, Total: 20024173 ns
[2022-09-29T07:58:13.133+0000][7][safepoint   ] Safepoint "Cleanup", Time since last: 3000792598 ns, Reaching safepoint: 433847 ns, At safepoint: 70845 ns, Total: 504692 ns
[2022-09-29T07:58:38.138+0000][7][safepoint   ] Safepoint "Cleanup", Time since last: 25005035465 ns, Reaching safepoint: 284633 ns, At safepoint: 21651 ns, Total: 306284 ns
[2022-09-29T07:58:48.141+0000][7][safepoint   ] Safepoint "Cleanup", Time since last: 10002158997 ns, Reaching safepoint: 476270 ns, At safepoint: 74181 ns, Total: 550451 ns
[2022-09-29T07:59:00.144+0000][7][safepoint   ] Safepoint "Cleanup", Time since last: 12002357400 ns, Reaching safepoint: 236250 ns, At safepoint: 38413 ns, Total: 274663 ns
[2022-09-29T07:59:03.145+0000][7][safepoint   ] Safepoint "Cleanup", Time since last: 3000814635 ns, Reaching safepoint: 444803 ns, At safepoint: 82988 ns, Total: 527791 ns
[2022-09-29T07:59:13.148+0000][7][safepoint   ] Safepoint "Cleanup", Time since last: 10002250421 ns, Reaching safepoint: 176025 ns, At safepoint: 26010 ns, Total: 202035 ns
[2022-09-29T07:59:16.011+0000][7][gc,start    ] GC(144) Pause Young (Concurrent Start) (G1 Evacuation Pause)
[2022-09-29T07:59:16.012+0000][7][gc,task     ] GC(144) Using 6 workers of 13 for evacuation
[2022-09-29T07:59:16.012+0000][7][gc,age      ] GC(144) Desired survivor size 6291456 bytes, new threshold 15 (max threshold 15)
[2022-09-29T07:59:16.019+0000][7][gc,age      ] GC(144) Age table with threshold 15 (max threshold 15)
[2022-09-29T07:59:16.020+0000][7][gc,age      ] GC(144) - age   1:    1035808 bytes,    1035808 total
[2022-09-29T07:59:16.020+0000][7][gc,age      ] GC(144) - age   2:    1034840 bytes,    2070648 total
[2022-09-29T07:59:16.020+0000][7][gc,age      ] GC(144) - age   3:     512968 bytes,    2583616 total
[2022-09-29T07:59:16.020+0000][7][gc,age      ] GC(144) - age   4:     523272 bytes,    3106888 total
[2022-09-29T07:59:16.021+0000][7][gc,age      ] GC(144) - age   5:      13864 bytes,    3120752 total
[2022-09-29T07:59:16.021+0000][7][gc,age      ] GC(144) - age   6:       1976 bytes,    3122728 total
[2022-09-29T07:59:16.021+0000][7][gc,age      ] GC(144) - age   7:     102168 bytes,    3224896 total
[2022-09-29T07:59:16.021+0000][7][gc,age      ] GC(144) - age   8:      69808 bytes,    3294704 total
[2022-09-29T07:59:16.021+0000][7][gc,age      ] GC(144) - age   9:      59488 bytes,    3354192 total
[2022-09-29T07:59:16.022+0000][7][gc,age      ] GC(144) - age  10:     446776 bytes,    3800968 total
[2022-09-29T07:59:16.022+0000][7][gc,age      ] GC(144) - age  11:       9880 bytes,    3810848 total
[2022-09-29T07:59:16.022+0000][7][gc,age      ] GC(144) - age  12:       1408 bytes,    3812256 total
[2022-09-29T07:59:16.022+0000][7][gc,age      ] GC(144) - age  13:      73288 bytes,    3885544 total
[2022-09-29T07:59:16.022+0000][7][gc,age      ] GC(144) - age  14:      49904 bytes,    3935448 total
[2022-09-29T07:59:16.023+0000][7][gc,age      ] GC(144) - age  15:       3376 bytes,    3938824 total
[2022-09-29T07:59:16.023+0000][7][gc,phases   ] GC(144)   Pre Evacuate Collection Set: 0.4ms
[2022-09-29T07:59:16.023+0000][7][gc,phases   ] GC(144)   Merge Heap Roots: 0.2ms
[2022-09-29T07:59:16.023+0000][7][gc,phases   ] GC(144)   Evacuate Collection Set: 5.1ms
[2022-09-29T07:59:16.024+0000][7][gc,phases   ] GC(144)   Post Evacuate Collection Set: 1.2ms
[2022-09-29T07:59:16.024+0000][7][gc,phases   ] GC(144)   Other: 4.6ms
[2022-09-29T07:59:16.025+0000][7][gc,heap     ] GC(144) Eden regions: 19->0(18)
[2022-09-29T07:59:16.025+0000][7][gc,heap     ] GC(144) Survivor regions: 1->2(3)
[2022-09-29T07:59:16.026+0000][7][gc,heap     ] GC(144) Old regions: 25->25
[2022-09-29T07:59:16.026+0000][7][gc,heap     ] GC(144) Archive regions: 2->2
[2022-09-29T07:59:16.026+0000][7][gc,heap     ] GC(144) Humongous regions: 5->5
[2022-09-29T07:59:16.027+0000][7][gc,metaspace] GC(144) Metaspace: 113705K(118172K)->113705K(118172K) NonClass: 99161K(102300K)->99161K(102300K) Class: 14544K(15872K)->14544K(15872K)
[2022-09-29T07:59:16.027+0000][7][gc          ] GC(144) Pause Young (Concurrent Start) (G1 Evacuation Pause) 200M->124M(256M) 15.957ms
[2022-09-29T07:59:16.028+0000][7][gc,cpu      ] GC(144) User=0.03s Sys=0.00s Real=0.01s
[2022-09-29T07:59:16.028+0000][7][gc          ] GC(145) Concurrent Cycle
[2022-09-29T07:59:16.028+0000][7][safepoint   ] Safepoint "G1CollectForAllocation", Time since last: 2863354750 ns, Reaching safepoint: 294186 ns, At safepoint: 16635285 ns, Total: 16929471 ns
[2022-09-29T07:59:16.028+0000][7][gc,marking  ] GC(145) Concurrent Clear Claimed Marks
[2022-09-29T07:59:16.029+0000][7][gc,marking  ] GC(145) Concurrent Clear Claimed Marks 0.604ms
[2022-09-29T07:59:16.029+0000][7][gc,marking  ] GC(145) Concurrent Scan Root Regions
[2022-09-29T07:59:16.032+0000][7][gc,marking  ] GC(145) Concurrent Scan Root Regions 3.228ms
[2022-09-29T07:59:16.033+0000][7][gc,marking  ] GC(145) Concurrent Mark (6965.125s)
[2022-09-29T07:59:16.033+0000][7][gc,marking  ] GC(145) Concurrent Mark From Roots
[2022-09-29T07:59:16.033+0000][7][gc,task     ] GC(145) Using 3 workers of 3 for marking
[2022-09-29T07:59:16.092+0000][7][gc,marking  ] GC(145) Concurrent Mark From Roots 58.758ms
[2022-09-29T07:59:16.092+0000][7][gc,marking  ] GC(145) Concurrent Preclean
[2022-09-29T07:59:16.093+0000][7][gc,marking  ] GC(145) Concurrent Preclean 0.951ms
[2022-09-29T07:59:16.094+0000][7][gc,marking  ] GC(145) Concurrent Mark (6965.125s, 6965.186s) 61.235ms
[2022-09-29T07:59:16.095+0000][7][gc,start    ] GC(145) Pause Remark
[2022-09-29T07:59:16.105+0000][7][gc          ] GC(145) Pause Remark 127M->127M(256M) 9.840ms
[2022-09-29T07:59:16.105+0000][7][gc,cpu      ] GC(145) User=0.05s Sys=0.00s Real=0.01s
[2022-09-29T07:59:16.106+0000][7][safepoint   ] Safepoint "G1Concurrent", Time since last: 66676970 ns, Reaching safepoint: 368863 ns, At safepoint: 10815951 ns, Total: 11184814 ns
[2022-09-29T07:59:16.106+0000][7][gc,marking  ] GC(145) Concurrent Rebuild Remembered Sets
[2022-09-29T07:59:16.143+0000][7][gc,marking  ] GC(145) Concurrent Rebuild Remembered Sets 36.922ms
[2022-09-29T07:59:16.144+0000][7][gc,start    ] GC(145) Pause Cleanup
[2022-09-29T07:59:16.144+0000][7][gc          ] GC(145) Pause Cleanup 130M->130M(256M) 0.527ms
[2022-09-29T07:59:16.145+0000][7][gc,cpu      ] GC(145) User=0.00s Sys=0.00s Real=0.00s
[2022-09-29T07:59:16.145+0000][7][safepoint   ] Safepoint "G1Concurrent", Time since last: 37875766 ns, Reaching safepoint: 300188 ns, At safepoint: 1237783 ns, Total: 1537971 ns
[2022-09-29T07:59:16.146+0000][7][gc,marking  ] GC(145) Concurrent Cleanup for Next Mark
[2022-09-29T07:59:16.147+0000][7][gc,marking  ] GC(145) Concurrent Cleanup for Next Mark 1.089ms
[2022-09-29T07:59:16.147+0000][7][gc          ] GC(145) Concurrent Cycle 119.271ms
[2022-09-29T07:59:17.146+0000][7][safepoint   ] Safepoint "Cleanup", Time since last: 1000476740 ns, Reaching safepoint: 394231 ns, At safepoint: 37100 ns, Total: 431331 ns
[2022-09-29T07:59:18.148+0000][7][safepoint   ] Safepoint "Cleanup", Time since last: 1001110069 ns, Reaching safepoint: 334490 ns, At safepoint: 42281 ns, Total: 376771 ns
[2022-09-29T07:59:35.151+0000][7][safepoint   ] Safepoint "Cleanup", Time since last: 17002966651 ns, Reaching safepoint: 275150 ns, At safepoint: 32702 ns, Total: 307852 ns
[2022-09-29T07:59:43.153+0000][7][safepoint   ] Safepoint "Cleanup", Time since last: 8001789466 ns, Reaching safepoint: 338606 ns, At safepoint: 40136 ns, Total: 378742 ns
[2022-09-29T08:00:01.157+0000][7][safepoint   ] Safepoint "Cleanup", Time since last: 18003695141 ns, Reaching safepoint: 571356 ns, At safepoint: 159674 ns, Total: 731030 ns
[2022-09-29T08:00:03.159+0000][7][safepoint   ] Safepoint "Cleanup", Time since last: 2000969803 ns, Reaching safepoint: 363482 ns, At safepoint: 50547 ns, Total: 414029 ns
[2022-09-29T08:00:06.160+0000][7][safepoint   ] Safepoint "Cleanup", Time since last: 3001103375 ns, Reaching safepoint: 459425 ns, At safepoint: 79071 ns, Total: 538496 ns
[2022-09-29T08:00:06.195+0000][7][gc,start    ] GC(146) Pause Young (Normal) (G1 Evacuation Pause)
[2022-09-29T08:00:06.195+0000][7][gc,task     ] GC(146) Using 6 workers of 13 for evacuation
[2022-09-29T08:00:06.196+0000][7][gc,age      ] GC(146) Desired survivor size 6291456 bytes, new threshold 15 (max threshold 15)
[2022-09-29T08:00:06.203+0000][7][gc,age      ] GC(146) Age table with threshold 15 (max threshold 15)
[2022-09-29T08:00:06.203+0000][7][gc,age      ] GC(146) - age   1:     828272 bytes,     828272 total
[2022-09-29T08:00:06.204+0000][7][gc,age      ] GC(146) - age   2:     571632 bytes,    1399904 total
[2022-09-29T08:00:06.204+0000][7][gc,age      ] GC(146) - age   3:    1033776 bytes,    2433680 total
[2022-09-29T08:00:06.204+0000][7][gc,age      ] GC(146) - age   4:     511608 bytes,    2945288 total
[2022-09-29T08:00:06.205+0000][7][gc,age      ] GC(146) - age   5:     521856 bytes,    3467144 total
[2022-09-29T08:00:06.205+0000][7][gc,age      ] GC(146) - age   6:      13736 bytes,    3480880 total
[2022-09-29T08:00:06.205+0000][7][gc,age      ] GC(146) - age   7:       1824 bytes,    3482704 total
[2022-09-29T08:00:06.206+0000][7][gc,age      ] GC(146) - age   8:     102168 bytes,    3584872 total
[2022-09-29T08:00:06.206+0000][7][gc,age      ] GC(146) - age   9:      69808 bytes,    3654680 total
[2022-09-29T08:00:06.207+0000][7][gc,age      ] GC(146) - age  10:      59328 bytes,    3714008 total
[2022-09-29T08:00:06.207+0000][7][gc,age      ] GC(146) - age  11:     445880 bytes,    4159888 total
[2022-09-29T08:00:06.207+0000][7][gc,age      ] GC(146) - age  12:       9816 bytes,    4169704 total
[2022-09-29T08:00:06.208+0000][7][gc,age      ] GC(146) - age  13:       1408 bytes,    4171112 total
[2022-09-29T08:00:06.208+0000][7][gc,age      ] GC(146) - age  14:      73288 bytes,    4244400 total
[2022-09-29T08:00:06.209+0000][7][gc,age      ] GC(146) - age  15:      49904 bytes,    4294304 total
[2022-09-29T08:00:06.209+0000][7][gc,phases   ] GC(146)   Pre Evacuate Collection Set: 0.3ms
[2022-09-29T08:00:06.209+0000][7][gc,phases   ] GC(146)   Merge Heap Roots: 0.2ms
[2022-09-29T08:00:06.210+0000][7][gc,phases   ] GC(146)   Evacuate Collection Set: 3.4ms
[2022-09-29T08:00:06.210+0000][7][gc,phases   ] GC(146)   Post Evacuate Collection Set: 2.5ms
[2022-09-29T08:00:06.211+0000][7][gc,phases   ] GC(146)   Other: 7.8ms
[2022-09-29T08:00:06.211+0000][7][gc,heap     ] GC(146) Eden regions: 18->0(18)
[2022-09-29T08:00:06.211+0000][7][gc,heap     ] GC(146) Survivor regions: 2->2(3)
[2022-09-29T08:00:06.212+0000][7][gc,heap     ] GC(146) Old regions: 25->25
[2022-09-29T08:00:06.212+0000][7][gc,heap     ] GC(146) Archive regions: 2->2
[2022-09-29T08:00:06.213+0000][7][gc,heap     ] GC(146) Humongous regions: 5->5
[2022-09-29T08:00:06.213+0000][7][gc,metaspace] GC(146) Metaspace: 113756K(118172K)->113756K(118172K) NonClass: 99203K(102300K)->99203K(102300K) Class: 14552K(15872K)->14552K(15872K)
[2022-09-29T08:00:06.213+0000][7][gc          ] GC(146) Pause Young (Normal) (G1 Evacuation Pause) 196M->125M(256M) 18.431ms
[2022-09-29T08:00:06.214+0000][7][gc,cpu      ] GC(146) User=0.03s Sys=0.00s Real=0.02s
[2022-09-29T08:00:06.214+0000][7][safepoint   ] Safepoint "G1CollectForAllocation", Time since last: 33970183 ns, Reaching safepoint: 405062 ns, At safepoint: 19435256 ns, Total: 19840318 ns
[2022-09-29T08:00:07.215+0000][7][safepoint   ] Safepoint "Cleanup", Time since last: 1000335366 ns, Reaching safepoint: 202666 ns, At safepoint: 8526 ns, Total: 211192 ns
[2022-09-29T08:00:09.216+0000][7][safepoint   ] Safepoint "Cleanup", Time since last: 2000966494 ns, Reaching safepoint: 426632 ns, At safepoint: 53432 ns, Total: 480064 ns
[2022-09-29T08:00:10.217+0000][7][safepoint   ] Safepoint "Cleanup", Time since last: 1000593186 ns, Reaching safepoint: 399241 ns, At safepoint: 38844 ns, Total: 438085 ns
[2022-09-29T08:00:20.220+0000][7][safepoint   ] Safepoint "Cleanup", Time since last: 10002378771 ns, Reaching safepoint: 287037 ns, At safepoint: 30167 ns, Total: 317204 ns
[2022-09-29T08:00:22.221+0000][7][safepoint   ] Safepoint "Cleanup", Time since last: 2000754580 ns, Reaching safepoint: 545204 ns, At safepoint: 71055 ns, Total: 616259 ns
[2022-09-29T08:00:31.135+0000][7][safepoint   ] Safepoint "Cleanup", Time since last: 8912664029 ns, Reaching safepoint: 552713 ns, At safepoint: 71747 ns, Total: 624460 ns
[2022-09-29T08:00:32.129+0000][7][gc,start    ] GC(147) Pause Young (Concurrent Start) (G1 Evacuation Pause)
[2022-09-29T08:00:32.130+0000][7][gc,task     ] GC(147) Using 6 workers of 13 for evacuation
[2022-09-29T08:00:32.130+0000][7][gc,age      ] GC(147) Desired survivor size 6291456 bytes, new threshold 15 (max threshold 15)
[2022-09-29T08:00:32.134+0000][7][gc,age      ] GC(147) Age table with threshold 15 (max threshold 15)
[2022-09-29T08:00:32.134+0000][7][gc,age      ] GC(147) - age   1:    1509624 bytes,    1509624 total
[2022-09-29T08:00:32.135+0000][7][gc,age      ] GC(147) - age   2:     139344 bytes,    1648968 total
[2022-09-29T08:00:32.135+0000][7][gc,age      ] GC(147) - age   3:       2448 bytes,    1651416 total
[2022-09-29T08:00:32.135+0000][7][gc,age      ] GC(147) - age   4:       2976 bytes,    1654392 total
[2022-09-29T08:00:32.135+0000][7][gc,age      ] GC(147) - age   5:      78632 bytes,    1733024 total
[2022-09-29T08:00:32.135+0000][7][gc,age      ] GC(147) - age   6:     491232 bytes,    2224256 total
[2022-09-29T08:00:32.136+0000][7][gc,age      ] GC(147) - age   7:      13184 bytes,    2237440 total
[2022-09-29T08:00:32.136+0000][7][gc,age      ] GC(147) - age   8:       1824 bytes,    2239264 total
[2022-09-29T08:00:32.136+0000][7][gc,age      ] GC(147) - age   9:       4480 bytes,    2243744 total
[2022-09-29T08:00:32.136+0000][7][gc,age      ] GC(147) - age  10:      23624 bytes,    2267368 total
[2022-09-29T08:00:32.136+0000][7][gc,age      ] GC(147) - age  11:      59200 bytes,    2326568 total
[2022-09-29T08:00:32.136+0000][7][gc,age      ] GC(147) - age  12:     337760 bytes,    2664328 total
[2022-09-29T08:00:32.137+0000][7][gc,age      ] GC(147) - age  13:       9816 bytes,    2674144 total
[2022-09-29T08:00:32.137+0000][7][gc,age      ] GC(147) - age  14:       1408 bytes,    2675552 total
[2022-09-29T08:00:32.137+0000][7][gc,age      ] GC(147) - age  15:      73288 bytes,    2748840 total
[2022-09-29T08:00:32.137+0000][7][gc,phases   ] GC(147)   Pre Evacuate Collection Set: 0.4ms
[2022-09-29T08:00:32.138+0000][7][gc,phases   ] GC(147)   Merge Heap Roots: 0.1ms
[2022-09-29T08:00:32.138+0000][7][gc,phases   ] GC(147)   Evacuate Collection Set: 2.1ms
[2022-09-29T08:00:32.139+0000][7][gc,phases   ] GC(147)   Post Evacuate Collection Set: 1.2ms
[2022-09-29T08:00:32.139+0000][7][gc,phases   ] GC(147)   Other: 4.4ms
[2022-09-29T08:00:32.140+0000][7][gc,heap     ] GC(147) Eden regions: 18->0(19)
[2022-09-29T08:00:32.140+0000][7][gc,heap     ] GC(147) Survivor regions: 2->1(3)
[2022-09-29T08:00:32.140+0000][7][gc,heap     ] GC(147) Old regions: 25->25
[2022-09-29T08:00:32.141+0000][7][gc,heap     ] GC(147) Archive regions: 2->2
[2022-09-29T08:00:32.141+0000][7][gc,heap     ] GC(147) Humongous regions: 5->5
[2022-09-29T08:00:32.141+0000][7][gc,metaspace] GC(147) Metaspace: 113804K(118172K)->113804K(118172K) NonClass: 99246K(102300K)->99246K(102300K) Class: 14557K(15872K)->14557K(15872K)
[2022-09-29T08:00:32.141+0000][7][gc          ] GC(147) Pause Young (Concurrent Start) (G1 Evacuation Pause) 197M->124M(256M) 12.138ms
[2022-09-29T08:00:32.142+0000][7][gc,cpu      ] GC(147) User=0.01s Sys=0.02s Real=0.02s
[2022-09-29T08:00:32.142+0000][7][gc          ] GC(148) Concurrent Cycle
[2022-09-29T08:00:32.142+0000][7][safepoint   ] Safepoint "G1CollectForAllocation", Time since last: 994227789 ns, Reaching safepoint: 276204 ns, At safepoint: 12739196 ns, Total: 13015400 ns
[2022-09-29T08:00:32.142+0000][7][gc,marking  ] GC(148) Concurrent Clear Claimed Marks
[2022-09-29T08:00:32.143+0000][7][gc,marking  ] GC(148) Concurrent Clear Claimed Marks 0.620ms
[2022-09-29T08:00:32.143+0000][7][gc,marking  ] GC(148) Concurrent Scan Root Regions
[2022-09-29T08:00:32.146+0000][7][gc,marking  ] GC(148) Concurrent Scan Root Regions 3.116ms
[2022-09-29T08:00:32.147+0000][7][gc,marking  ] GC(148) Concurrent Mark (7041.239s)
[2022-09-29T08:00:32.147+0000][7][gc,marking  ] GC(148) Concurrent Mark From Roots
[2022-09-29T08:00:32.147+0000][7][gc,task     ] GC(148) Using 3 workers of 3 for marking
[2022-09-29T08:00:32.209+0000][7][gc,marking  ] GC(148) Concurrent Mark From Roots 61.753ms
[2022-09-29T08:00:32.209+0000][7][gc,marking  ] GC(148) Concurrent Preclean
[2022-09-29T08:00:32.210+0000][7][gc,marking  ] GC(148) Concurrent Preclean 0.751ms
[2022-09-29T08:00:32.210+0000][7][gc,marking  ] GC(148) Concurrent Mark (7041.239s, 7041.303s) 63.755ms
[2022-09-29T08:00:32.211+0000][7][gc,start    ] GC(148) Pause Remark
[2022-09-29T08:00:32.221+0000][7][gc          ] GC(148) Pause Remark 124M->124M(256M) 9.434ms
[2022-09-29T08:00:32.221+0000][7][gc,cpu      ] GC(148) User=0.05s Sys=0.00s Real=0.01s
[2022-09-29T08:00:32.221+0000][7][safepoint   ] Safepoint "G1Concurrent", Time since last: 68834150 ns, Reaching safepoint: 328278 ns, At safepoint: 10435033 ns, Total: 10763311 ns
[2022-09-29T08:00:32.222+0000][7][gc,marking  ] GC(148) Concurrent Rebuild Remembered Sets
[2022-09-29T08:00:32.260+0000][7][gc,marking  ] GC(148) Concurrent Rebuild Remembered Sets 38.008ms
[2022-09-29T08:00:32.261+0000][7][gc,start    ] GC(148) Pause Cleanup
[2022-09-29T08:00:32.261+0000][7][gc          ] GC(148) Pause Cleanup 124M->124M(256M) 0.586ms
[2022-09-29T08:00:32.262+0000][7][gc,cpu      ] GC(148) User=0.00s Sys=0.00s Real=0.00s
[2022-09-29T08:00:32.262+0000][7][safepoint   ] Safepoint "G1Concurrent", Time since last: 38855974 ns, Reaching safepoint: 338696 ns, At safepoint: 1249090 ns, Total: 1587786 ns
[2022-09-29T08:00:32.262+0000][7][gc,marking  ] GC(148) Concurrent Cleanup for Next Mark
[2022-09-29T08:00:32.263+0000][7][gc,marking  ] GC(148) Concurrent Cleanup for Next Mark 0.910ms
[2022-09-29T08:00:32.264+0000][7][gc          ] GC(148) Concurrent Cycle 121.844ms
[2022-09-29T08:00:40.264+0000][7][safepoint   ] Safepoint "Cleanup", Time since last: 8002264081 ns, Reaching safepoint: 252393 ns, At safepoint: 30638 ns, Total: 283031 ns
[2022-09-29T08:00:50.267+0000][7][safepoint   ] Safepoint "Cleanup", Time since last: 10002355817 ns, Reaching safepoint: 262070 ns, At safepoint: 41028 ns, Total: 303098 ns
[2022-09-29T08:00:51.268+0000][7][safepoint   ] Safepoint "Cleanup", Time since last: 1000819307 ns, Reaching safepoint: 265797 ns, At safepoint: 24216 ns, Total: 290013 ns
[2022-09-29T08:00:54.020+0000][7][safepoint   ] Safepoint "Cleanup", Time since last: 2750695068 ns, Reaching safepoint: 860061 ns, At safepoint: 26601 ns, Total: 886662 ns
[2022-09-29T08:00:55.021+0000][7][safepoint   ] Safepoint "Cleanup", Time since last: 1000520636 ns, Reaching safepoint: 352393 ns, At safepoint: 43453 ns, Total: 395846 ns
[2022-09-29T08:01:03.023+0000][7][safepoint   ] Safepoint "Cleanup", Time since last: 8001623318 ns, Reaching safepoint: 272108 ns, At safepoint: 55666 ns, Total: 327774 ns
[2022-09-29T08:01:05.024+0000][7][safepoint   ] Safepoint "Cleanup", Time since last: 2000833931 ns, Reaching safepoint: 325330 ns, At safepoint: 28865 ns, Total: 354195 ns
[2022-09-29T08:01:06.025+0000][7][safepoint   ] Safepoint "Cleanup", Time since last: 1000549773 ns, Reaching safepoint: 329380 ns, At safepoint: 37512 ns, Total: 366892 ns
[2022-09-29T08:01:08.026+0000][7][safepoint   ] Safepoint "Cleanup", Time since last: 2000509823 ns, Reaching safepoint: 290401 ns, At safepoint: 37552 ns, Total: 327953 ns
[2022-09-29T08:01:10.027+0000][7][safepoint   ] Safepoint "Cleanup", Time since last: 2000925745 ns, Reaching safepoint: 255126 ns, At safepoint: 43664 ns, Total: 298790 ns
[2022-09-29T08:01:10.137+0000][7][gc,start    ] GC(149) Pause Young (Normal) (G1 Evacuation Pause)
[2022-09-29T08:01:10.138+0000][7][gc,task     ] GC(149) Using 6 workers of 13 for evacuation
[2022-09-29T08:01:10.138+0000][7][gc,age      ] GC(149) Desired survivor size 6291456 bytes, new threshold 15 (max threshold 15)
[2022-09-29T08:01:10.143+0000][7][gc,age      ] GC(149) Age table with threshold 15 (max threshold 15)
[2022-09-29T08:01:10.143+0000][7][gc,age      ] GC(149) - age   1:    1155704 bytes,    1155704 total
[2022-09-29T08:01:10.144+0000][7][gc,age      ] GC(149) - age   2:     751448 bytes,    1907152 total
[2022-09-29T08:01:10.144+0000][7][gc,age      ] GC(149) - age   3:     137392 bytes,    2044544 total
[2022-09-29T08:01:10.144+0000][7][gc,age      ] GC(149) - age   4:       1536 bytes,    2046080 total
[2022-09-29T08:01:10.144+0000][7][gc,age      ] GC(149) - age   5:       2880 bytes,    2048960 total
[2022-09-29T08:01:10.144+0000][7][gc,age      ] GC(149) - age   6:      77888 bytes,    2126848 total
[2022-09-29T08:01:10.145+0000][7][gc,age      ] GC(149) - age   7:     192024 bytes,    2318872 total
[2022-09-29T08:01:10.145+0000][7][gc,age      ] GC(149) - age   8:       1680 bytes,    2320552 total
[2022-09-29T08:01:10.145+0000][7][gc,age      ] GC(149) - age   9:       1824 bytes,    2322376 total
[2022-09-29T08:01:10.145+0000][7][gc,age      ] GC(149) - age  10:       4224 bytes,    2326600 total
[2022-09-29T08:01:10.146+0000][7][gc,age      ] GC(149) - age  11:      23464 bytes,    2350064 total
[2022-09-29T08:01:10.146+0000][7][gc,age      ] GC(149) - age  12:      59136 bytes,    2409200 total
[2022-09-29T08:01:10.146+0000][7][gc,age      ] GC(149) - age  13:     337656 bytes,    2746856 total
[2022-09-29T08:01:10.147+0000][7][gc,age      ] GC(149) - age  14:       9656 bytes,    2756512 total
[2022-09-29T08:01:10.147+0000][7][gc,age      ] GC(149) - age  15:       1312 bytes,    2757824 total
[2022-09-29T08:01:10.147+0000][7][gc,phases   ] GC(149)   Pre Evacuate Collection Set: 0.2ms
[2022-09-29T08:01:10.148+0000][7][gc,phases   ] GC(149)   Merge Heap Roots: 0.1ms
[2022-09-29T08:01:10.148+0000][7][gc,phases   ] GC(149)   Evacuate Collection Set: 2.9ms
[2022-09-29T08:01:10.148+0000][7][gc,phases   ] GC(149)   Post Evacuate Collection Set: 1.0ms
[2022-09-29T08:01:10.149+0000][7][gc,phases   ] GC(149)   Other: 5.7ms
[2022-09-29T08:01:10.149+0000][7][gc,heap     ] GC(149) Eden regions: 19->0(19)
[2022-09-29T08:01:10.150+0000][7][gc,heap     ] GC(149) Survivor regions: 1->1(3)
[2022-09-29T08:01:10.150+0000][7][gc,heap     ] GC(149) Old regions: 25->25
[2022-09-29T08:01:10.151+0000][7][gc,heap     ] GC(149) Archive regions: 2->2
[2022-09-29T08:01:10.152+0000][7][gc,heap     ] GC(149) Humongous regions: 5->5
[2022-09-29T08:01:10.152+0000][7][gc,metaspace] GC(149) Metaspace: 113849K(118172K)->113849K(118172K) NonClass: 99291K(102300K)->99291K(102300K) Class: 14557K(15872K)->14557K(15872K)
[2022-09-29T08:01:10.153+0000][7][gc          ] GC(149) Pause Young (Normal) (G1 Evacuation Pause) 200M->123M(256M) 15.279ms
[2022-09-29T08:01:10.153+0000][7][gc,cpu      ] GC(149) User=0.03s Sys=0.00s Real=0.02s
[2022-09-29T08:01:10.154+0000][7][safepoint   ] Safepoint "G1CollectForAllocation", Time since last: 110154250 ns, Reaching safepoint: 275500 ns, At safepoint: 16454110 ns, Total: 16729610 ns
[2022-09-29T08:01:22.157+0000][7][safepoint   ] Safepoint "Cleanup", Time since last: 12002814183 ns, Reaching safepoint: 375235 ns, At safepoint: 45266 ns, Total: 420501 ns
[2022-09-29T08:01:23.158+0000][7][safepoint   ] Safepoint "Cleanup", Time since last: 1000374775 ns, Reaching safepoint: 413738 ns, At safepoint: 23675 ns, Total: 437413 ns
[2022-09-29T08:01:24.159+0000][7][safepoint   ] Safepoint "Cleanup", Time since last: 1001402736 ns, Reaching safepoint: 269484 ns, At safepoint: 6442 ns, Total: 275926 ns
[2022-09-29T08:01:59.168+0000][7][safepoint   ] Safepoint "Cleanup", Time since last: 35008438857 ns, Reaching safepoint: 245738 ns, At safepoint: 40027 ns, Total: 285765 ns
[2022-09-29T08:02:03.170+0000][7][safepoint   ] Safepoint "Cleanup", Time since last: 4001141375 ns, Reaching safepoint: 413726 ns, At safepoint: 68010 ns, Total: 481736 ns
[2022-09-29T08:02:07.535+0000][7][gc,start    ] GC(150) Pause Young (Concurrent Start) (G1 Evacuation Pause)
[2022-09-29T08:02:07.535+0000][7][gc,task     ] GC(150) Using 6 workers of 13 for evacuation
[2022-09-29T08:02:07.535+0000][7][gc,age      ] GC(150) Desired survivor size 6291456 bytes, new threshold 15 (max threshold 15)
[2022-09-29T08:02:07.540+0000][7][gc,age      ] GC(150) Age table with threshold 15 (max threshold 15)
[2022-09-29T08:02:07.541+0000][7][gc,age      ] GC(150) - age   1:    1196896 bytes,    1196896 total
[2022-09-29T08:02:07.542+0000][7][gc,age      ] GC(150) - age   2:     955176 bytes,    2152072 total
[2022-09-29T08:02:07.543+0000][7][gc,age      ] GC(150) - age   3:     713168 bytes,    2865240 total
[2022-09-29T08:02:07.543+0000][7][gc,age      ] GC(150) - age   4:     137088 bytes,    3002328 total
[2022-09-29T08:02:07.543+0000][7][gc,age      ] GC(150) - age   5:       1088 bytes,    3003416 total
[2022-09-29T08:02:07.543+0000][7][gc,age      ] GC(150) - age   6:       2520 bytes,    3005936 total
[2022-09-29T08:02:07.544+0000][7][gc,age      ] GC(150) - age   7:      77688 bytes,    3083624 total
[2022-09-29T08:02:07.544+0000][7][gc,age      ] GC(150) - age   8:     191920 bytes,    3275544 total
[2022-09-29T08:02:07.544+0000][7][gc,age      ] GC(150) - age   9:       1552 bytes,    3277096 total
[2022-09-29T08:02:07.544+0000][7][gc,age      ] GC(150) - age  10:       1624 bytes,    3278720 total
[2022-09-29T08:02:07.545+0000][7][gc,age      ] GC(150) - age  11:       3960 bytes,    3282680 total
[2022-09-29T08:02:07.545+0000][7][gc,age      ] GC(150) - age  12:      23464 bytes,    3306144 total
[2022-09-29T08:02:07.545+0000][7][gc,age      ] GC(150) - age  13:      59136 bytes,    3365280 total
[2022-09-29T08:02:07.545+0000][7][gc,age      ] GC(150) - age  14:     337616 bytes,    3702896 total
[2022-09-29T08:02:07.546+0000][7][gc,age      ] GC(150) - age  15:       9656 bytes,    3712552 total
[2022-09-29T08:02:07.546+0000][7][gc,phases   ] GC(150)   Pre Evacuate Collection Set: 0.5ms
[2022-09-29T08:02:07.546+0000][7][gc,phases   ] GC(150)   Merge Heap Roots: 0.1ms
[2022-09-29T08:02:07.546+0000][7][gc,phases   ] GC(150)   Evacuate Collection Set: 2.6ms
[2022-09-29T08:02:07.547+0000][7][gc,phases   ] GC(150)   Post Evacuate Collection Set: 1.2ms
[2022-09-29T08:02:07.547+0000][7][gc,phases   ] GC(150)   Other: 6.9ms
[2022-09-29T08:02:07.547+0000][7][gc,heap     ] GC(150) Eden regions: 19->0(19)
[2022-09-29T08:02:07.547+0000][7][gc,heap     ] GC(150) Survivor regions: 1->1(3)
[2022-09-29T08:02:07.547+0000][7][gc,heap     ] GC(150) Old regions: 25->25
[2022-09-29T08:02:07.548+0000][7][gc,heap     ] GC(150) Archive regions: 2->2
[2022-09-29T08:02:07.548+0000][7][gc,heap     ] GC(150) Humongous regions: 5->5
[2022-09-29T08:02:07.548+0000][7][gc,metaspace] GC(150) Metaspace: 113904K(118172K)->113904K(118172K) NonClass: 99346K(102300K)->99346K(102300K) Class: 14557K(15872K)->14557K(15872K)
[2022-09-29T08:02:07.548+0000][7][gc          ] GC(150) Pause Young (Concurrent Start) (G1 Evacuation Pause) 199M->124M(256M) 13.751ms
[2022-09-29T08:02:07.549+0000][7][gc,cpu      ] GC(150) User=0.02s Sys=0.01s Real=0.01s
[2022-09-29T08:02:07.549+0000][7][gc          ] GC(151) Concurrent Cycle
[2022-09-29T08:02:07.549+0000][7][safepoint   ] Safepoint "G1CollectForAllocation", Time since last: 4364530174 ns, Reaching safepoint: 290175 ns, At safepoint: 14480592 ns, Total: 14770767 ns
[2022-09-29T08:02:07.549+0000][7][gc,marking  ] GC(151) Concurrent Clear Claimed Marks
[2022-09-29T08:02:07.550+0000][7][gc,marking  ] GC(151) Concurrent Clear Claimed Marks 0.782ms
[2022-09-29T08:02:07.551+0000][7][gc,marking  ] GC(151) Concurrent Scan Root Regions
[2022-09-29T08:02:07.555+0000][7][gc,marking  ] GC(151) Concurrent Scan Root Regions 4.122ms
[2022-09-29T08:02:07.555+0000][7][gc,marking  ] GC(151) Concurrent Mark (7136.648s)
[2022-09-29T08:02:07.555+0000][7][gc,marking  ] GC(151) Concurrent Mark From Roots
[2022-09-29T08:02:07.556+0000][7][gc,task     ] GC(151) Using 3 workers of 3 for marking
[2022-09-29T08:02:07.608+0000][7][gc,marking  ] GC(151) Concurrent Mark From Roots 52.350ms
[2022-09-29T08:02:07.608+0000][7][gc,marking  ] GC(151) Concurrent Preclean
[2022-09-29T08:02:07.609+0000][7][gc,marking  ] GC(151) Concurrent Preclean 0.668ms
[2022-09-29T08:02:07.609+0000][7][gc,marking  ] GC(151) Concurrent Mark (7136.648s, 7136.702s) 54.191ms
[2022-09-29T08:02:07.610+0000][7][gc,start    ] GC(151) Pause Remark
[2022-09-29T08:02:07.619+0000][7][gc          ] GC(151) Pause Remark 125M->125M(256M) 9.089ms
[2022-09-29T08:02:07.620+0000][7][gc,cpu      ] GC(151) User=0.04s Sys=0.01s Real=0.01s
[2022-09-29T08:02:07.620+0000][7][safepoint   ] Safepoint "G1Concurrent", Time since last: 60587789 ns, Reaching safepoint: 320999 ns, At safepoint: 10129703 ns, Total: 10450702 ns
[2022-09-29T08:02:07.621+0000][7][gc,marking  ] GC(151) Concurrent Rebuild Remembered Sets
[2022-09-29T08:02:07.656+0000][7][gc,marking  ] GC(151) Concurrent Rebuild Remembered Sets 35.820ms
[2022-09-29T08:02:07.657+0000][7][gc,start    ] GC(151) Pause Cleanup
[2022-09-29T08:02:07.658+0000][7][gc          ] GC(151) Pause Cleanup 125M->125M(256M) 0.767ms
[2022-09-29T08:02:07.659+0000][7][gc,cpu      ] GC(151) User=0.00s Sys=0.00s Real=0.00s
[2022-09-29T08:02:07.660+0000][7][safepoint   ] Safepoint "G1Concurrent", Time since last: 36837638 ns, Reaching safepoint: 359500 ns, At safepoint: 2145654 ns, Total: 2505154 ns
[2022-09-29T08:02:07.660+0000][7][gc,marking  ] GC(151) Concurrent Cleanup for Next Mark
[2022-09-29T08:02:07.661+0000][7][gc,marking  ] GC(151) Concurrent Cleanup for Next Mark 1.052ms
[2022-09-29T08:02:07.662+0000][7][gc          ] GC(151) Concurrent Cycle 112.806ms
[2022-09-29T08:02:12.661+0000][7][safepoint   ] Safepoint "Cleanup", Time since last: 5001090267 ns, Reaching safepoint: 619801 ns, At safepoint: 17313 ns, Total: 637114 ns
[2022-09-29T08:02:26.462+0000][7][safepoint   ] Safepoint "Cleanup", Time since last: 13799700795 ns, Reaching safepoint: 510393 ns, At safepoint: 116692 ns, Total: 627085 ns
[2022-09-29T08:02:27.463+0000][7][safepoint   ] Safepoint "Cleanup", Time since last: 1001313594 ns, Reaching safepoint: 283903 ns, At safepoint: 46569 ns, Total: 330472 ns
[2022-09-29T08:02:38.466+0000][7][safepoint   ] Safepoint "Cleanup", Time since last: 11002226326 ns, Reaching safepoint: 233385 ns, At safepoint: 28995 ns, Total: 262380 ns
[2022-09-29T08:02:51.469+0000][7][safepoint   ] Safepoint "Cleanup", Time since last: 13002295347 ns, Reaching safepoint: 621981 ns, At safepoint: 93157 ns, Total: 715138 ns
[2022-09-29T08:02:52.470+0000][7][safepoint   ] Safepoint "Cleanup", Time since last: 1000566031 ns, Reaching safepoint: 292365 ns, At safepoint: 30969 ns, Total: 323334 ns
[2022-09-29T08:02:55.042+0000][7][gc,start    ] GC(152) Pause Young (Normal) (G1 Evacuation Pause)
[2022-09-29T08:02:55.042+0000][7][gc,task     ] GC(152) Using 6 workers of 13 for evacuation
[2022-09-29T08:02:55.043+0000][7][gc,age      ] GC(152) Desired survivor size 6291456 bytes, new threshold 15 (max threshold 15)
[2022-09-29T08:02:55.050+0000][7][gc,age      ] GC(152) Age table with threshold 15 (max threshold 15)
[2022-09-29T08:02:55.050+0000][7][gc,age      ] GC(152) - age   1:     796736 bytes,     796736 total
[2022-09-29T08:02:55.051+0000][7][gc,age      ] GC(152) - age   2:     575224 bytes,    1371960 total
[2022-09-29T08:02:55.051+0000][7][gc,age      ] GC(152) - age   3:     471144 bytes,    1843104 total
[2022-09-29T08:02:55.052+0000][7][gc,age      ] GC(152) - age   4:     279896 bytes,    2123000 total
[2022-09-29T08:02:55.052+0000][7][gc,age      ] GC(152) - age   5:     130736 bytes,    2253736 total
[2022-09-29T08:02:55.052+0000][7][gc,age      ] GC(152) - age   6:        960 bytes,    2254696 total
[2022-09-29T08:02:55.052+0000][7][gc,age      ] GC(152) - age   7:       2392 bytes,    2257088 total
[2022-09-29T08:02:55.053+0000][7][gc,age      ] GC(152) - age   8:      77528 bytes,    2334616 total
[2022-09-29T08:02:55.053+0000][7][gc,age      ] GC(152) - age   9:     191792 bytes,    2526408 total
[2022-09-29T08:02:55.053+0000][7][gc,age      ] GC(152) - age  10:       1552 bytes,    2527960 total
[2022-09-29T08:02:55.053+0000][7][gc,age      ] GC(152) - age  11:       1560 bytes,    2529520 total
[2022-09-29T08:02:55.054+0000][7][gc,age      ] GC(152) - age  12:       3960 bytes,    2533480 total
[2022-09-29T08:02:55.054+0000][7][gc,age      ] GC(152) - age  13:      23464 bytes,    2556944 total
[2022-09-29T08:02:55.054+0000][7][gc,age      ] GC(152) - age  14:      59104 bytes,    2616048 total
[2022-09-29T08:02:55.054+0000][7][gc,age      ] GC(152) - age  15:     337552 bytes,    2953600 total
[2022-09-29T08:02:55.054+0000][7][gc,phases   ] GC(152)   Pre Evacuate Collection Set: 0.3ms
[2022-09-29T08:02:55.055+0000][7][gc,phases   ] GC(152)   Merge Heap Roots: 0.2ms
[2022-09-29T08:02:55.055+0000][7][gc,phases   ] GC(152)   Evacuate Collection Set: 4.2ms
[2022-09-29T08:02:55.055+0000][7][gc,phases   ] GC(152)   Post Evacuate Collection Set: 1.7ms
[2022-09-29T08:02:55.055+0000][7][gc,phases   ] GC(152)   Other: 6.4ms
[2022-09-29T08:02:55.055+0000][7][gc,heap     ] GC(152) Eden regions: 19->0(20)
[2022-09-29T08:02:55.056+0000][7][gc,heap     ] GC(152) Survivor regions: 1->1(3)
[2022-09-29T08:02:55.056+0000][7][gc,heap     ] GC(152) Old regions: 25->25
[2022-09-29T08:02:55.056+0000][7][gc,heap     ] GC(152) Archive regions: 2->2
[2022-09-29T08:02:55.056+0000][7][gc,heap     ] GC(152) Humongous regions: 5->5
[2022-09-29T08:02:55.056+0000][7][gc,metaspace] GC(152) Metaspace: 114071K(118428K)->114071K(118428K) NonClass: 99495K(102556K)->99495K(102556K) Class: 14575K(15872K)->14575K(15872K)
[2022-09-29T08:02:55.057+0000][7][gc          ] GC(152) Pause Young (Normal) (G1 Evacuation Pause) 200M->124M(256M) 14.831ms
[2022-09-29T08:02:55.057+0000][7][gc,cpu      ] GC(152) User=0.02s Sys=0.02s Real=0.01s
[2022-09-29T08:02:55.057+0000][7][safepoint   ] Safepoint "G1CollectForAllocation", Time since last: 2571823793 ns, Reaching safepoint: 343579 ns, At safepoint: 15380304 ns, Total: 15723883 ns
[2022-09-29T08:02:59.059+0000][7][safepoint   ] Safepoint "Cleanup", Time since last: 4000768099 ns, Reaching safepoint: 509722 ns, At safepoint: 78018 ns, Total: 587740 ns
[2022-09-29T08:03:00.885+0000][7][safepoint   ] Safepoint "ICBufferFull", Time since last: 1825283298 ns, Reaching safepoint: 628488 ns, At safepoint: 110511 ns, Total: 738999 ns
[2022-09-29T08:03:01.886+0000][7][safepoint   ] Safepoint "Cleanup", Time since last: 1000645147 ns, Reaching safepoint: 370975 ns, At safepoint: 74422 ns, Total: 445397 ns
[2022-09-29T08:03:02.886+0000][7][safepoint   ] Safepoint "Cleanup", Time since last: 1000369039 ns, Reaching safepoint: 374353 ns, At safepoint: 8546 ns, Total: 382899 ns
[2022-09-29T08:03:03.888+0000][7][safepoint   ] Safepoint "Cleanup", Time since last: 1000991686 ns, Reaching safepoint: 294802 ns, At safepoint: 43112 ns, Total: 337914 ns
[2022-09-29T08:03:17.378+0000][7][gc,start    ] GC(153) Pause Young (Concurrent Start) (G1 Evacuation Pause)
[2022-09-29T08:03:17.379+0000][7][gc,task     ] GC(153) Using 6 workers of 13 for evacuation
[2022-09-29T08:03:17.380+0000][7][gc,age      ] GC(153) Desired survivor size 6291456 bytes, new threshold 15 (max threshold 15)
[2022-09-29T08:03:17.388+0000][7][gc,age      ] GC(153) Age table with threshold 15 (max threshold 15)
[2022-09-29T08:03:17.388+0000][7][gc,age      ] GC(153) - age   1:    1650144 bytes,    1650144 total
[2022-09-29T08:03:17.389+0000][7][gc,age      ] GC(153) - age   2:     215960 bytes,    1866104 total
[2022-09-29T08:03:17.389+0000][7][gc,age      ] GC(153) - age   3:     304792 bytes,    2170896 total
[2022-09-29T08:03:17.389+0000][7][gc,age      ] GC(153) - age   4:      68296 bytes,    2239192 total
[2022-09-29T08:03:17.389+0000][7][gc,age      ] GC(153) - age   5:      51680 bytes,    2290872 total
[2022-09-29T08:03:17.390+0000][7][gc,age      ] GC(153) - age   6:     130464 bytes,    2421336 total
[2022-09-29T08:03:17.390+0000][7][gc,age      ] GC(153) - age   7:        960 bytes,    2422296 total
[2022-09-29T08:03:17.390+0000][7][gc,age      ] GC(153) - age   8:       2200 bytes,    2424496 total
[2022-09-29T08:03:17.390+0000][7][gc,age      ] GC(153) - age   9:      77400 bytes,    2501896 total
[2022-09-29T08:03:17.390+0000][7][gc,age      ] GC(153) - age  10:     191792 bytes,    2693688 total
[2022-09-29T08:03:17.391+0000][7][gc,age      ] GC(153) - age  11:       1552 bytes,    2695240 total
[2022-09-29T08:03:17.391+0000][7][gc,age      ] GC(153) - age  12:       1432 bytes,    2696672 total
[2022-09-29T08:03:17.391+0000][7][gc,age      ] GC(153) - age  13:       3896 bytes,    2700568 total
[2022-09-29T08:03:17.392+0000][7][gc,age      ] GC(153) - age  14:      23464 bytes,    2724032 total
[2022-09-29T08:03:17.393+0000][7][gc,age      ] GC(153) - age  15:      59104 bytes,    2783136 total
[2022-09-29T08:03:17.394+0000][7][gc,phases   ] GC(153)   Pre Evacuate Collection Set: 0.5ms
[2022-09-29T08:03:17.394+0000][7][gc,phases   ] GC(153)   Merge Heap Roots: 0.1ms
[2022-09-29T08:03:17.394+0000][7][gc,phases   ] GC(153)   Evacuate Collection Set: 6.2ms
[2022-09-29T08:03:17.395+0000][7][gc,phases   ] GC(153)   Post Evacuate Collection Set: 1.3ms
[2022-09-29T08:03:17.395+0000][7][gc,phases   ] GC(153)   Other: 7.3ms
[2022-09-29T08:03:17.396+0000][7][gc,heap     ] GC(153) Eden regions: 20->0(19)
[2022-09-29T08:03:17.396+0000][7][gc,heap     ] GC(153) Survivor regions: 1->1(3)
[2022-09-29T08:03:17.396+0000][7][gc,heap     ] GC(153) Old regions: 25->25
[2022-09-29T08:03:17.396+0000][7][gc,heap     ] GC(153) Archive regions: 2->2
[2022-09-29T08:03:17.397+0000][7][gc,heap     ] GC(153) Humongous regions: 5->5
[2022-09-29T08:03:17.397+0000][7][gc,metaspace] GC(153) Metaspace: 114127K(118684K)->114127K(118684K) NonClass: 99552K(102812K)->99552K(102812K) Class: 14575K(15872K)->14575K(15872K)
[2022-09-29T08:03:17.397+0000][7][gc          ] GC(153) Pause Young (Concurrent Start) (G1 Evacuation Pause) 204M->124M(256M) 18.889ms
[2022-09-29T08:03:17.398+0000][7][gc,cpu      ] GC(153) User=0.04s Sys=0.01s Real=0.02s
[2022-09-29T08:03:17.398+0000][7][gc          ] GC(154) Concurrent Cycle
[2022-09-29T08:03:17.398+0000][7][safepoint   ] Safepoint "G1CollectForAllocation", Time since last: 13490229339 ns, Reaching safepoint: 440084 ns, At safepoint: 19750131 ns, Total: 20190215 ns
[2022-09-29T08:03:17.399+0000][7][gc,marking  ] GC(154) Concurrent Clear Claimed Marks
[2022-09-29T08:03:17.400+0000][7][gc,marking  ] GC(154) Concurrent Clear Claimed Marks 0.993ms
[2022-09-29T08:03:17.400+0000][7][gc,marking  ] GC(154) Concurrent Scan Root Regions
[2022-09-29T08:03:17.403+0000][7][gc,marking  ] GC(154) Concurrent Scan Root Regions 2.850ms
[2022-09-29T08:03:17.403+0000][7][gc,marking  ] GC(154) Concurrent Mark (7206.496s)
[2022-09-29T08:03:17.404+0000][7][gc,marking  ] GC(154) Concurrent Mark From Roots
[2022-09-29T08:03:17.404+0000][7][gc,task     ] GC(154) Using 3 workers of 3 for marking
[2022-09-29T08:03:17.474+0000][7][gc,marking  ] GC(154) Concurrent Mark From Roots 69.929ms
[2022-09-29T08:03:17.474+0000][7][gc,marking  ] GC(154) Concurrent Preclean
[2022-09-29T08:03:17.475+0000][7][gc,marking  ] GC(154) Concurrent Preclean 0.903ms
[2022-09-29T08:03:17.476+0000][7][gc,marking  ] GC(154) Concurrent Mark (7206.496s, 7206.568s) 72.335ms
[2022-09-29T08:03:17.477+0000][7][gc,start    ] GC(154) Pause Remark
[2022-09-29T08:03:17.489+0000][7][gc          ] GC(154) Pause Remark 125M->125M(256M) 12.442ms
[2022-09-29T08:03:17.490+0000][7][gc,cpu      ] GC(154) User=0.07s Sys=0.00s Real=0.02s
[2022-09-29T08:03:17.490+0000][7][safepoint   ] Safepoint "G1Concurrent", Time since last: 78053990 ns, Reaching safepoint: 376146 ns, At safepoint: 13517161 ns, Total: 13893307 ns
[2022-09-29T08:03:17.490+0000][7][gc,marking  ] GC(154) Concurrent Rebuild Remembered Sets
[2022-09-29T08:03:17.532+0000][7][gc,marking  ] GC(154) Concurrent Rebuild Remembered Sets 41.769ms
[2022-09-29T08:03:17.533+0000][7][gc,start    ] GC(154) Pause Cleanup
[2022-09-29T08:03:17.534+0000][7][gc          ] GC(154) Pause Cleanup 125M->125M(256M) 0.630ms
[2022-09-29T08:03:17.534+0000][7][gc,cpu      ] GC(154) User=0.00s Sys=0.00s Real=0.00s
[2022-09-29T08:03:17.535+0000][7][safepoint   ] Safepoint "G1Concurrent", Time since last: 42862637 ns, Reaching safepoint: 362801 ns, At safepoint: 1641108 ns, Total: 2003909 ns
[2022-09-29T08:03:17.535+0000][7][gc,marking  ] GC(154) Concurrent Cleanup for Next Mark
[2022-09-29T08:03:17.536+0000][7][gc,marking  ] GC(154) Concurrent Cleanup for Next Mark 0.672ms
[2022-09-29T08:03:17.536+0000][7][gc          ] GC(154) Concurrent Cycle 138.243ms
[2022-09-29T08:03:19.537+0000][7][safepoint   ] Safepoint "Cleanup", Time since last: 2000694014 ns, Reaching safepoint: 890813 ns, At safepoint: 95853 ns, Total: 986666 ns
[2022-09-29T08:03:20.537+0000][7][safepoint   ] Safepoint "Cleanup", Time since last: 1000295774 ns, Reaching safepoint: 397036 ns, At safepoint: 23274 ns, Total: 420310 ns
[2022-09-29T08:03:21.539+0000][7][safepoint   ] Safepoint "Cleanup", Time since last: 1001367001 ns, Reaching safepoint: 501406 ns, At safepoint: 173019 ns, Total: 674425 ns
[2022-09-29T08:03:22.541+0000][7][safepoint   ] Safepoint "Cleanup", Time since last: 1000760365 ns, Reaching safepoint: 446477 ns, At safepoint: 90772 ns, Total: 537249 ns
[2022-09-29T08:03:24.542+0000][7][safepoint   ] Safepoint "Cleanup", Time since last: 2000774925 ns, Reaching safepoint: 371145 ns, At safepoint: 43854 ns, Total: 414999 ns
[2022-09-29T08:03:28.544+0000][7][safepoint   ] Safepoint "Cleanup", Time since last: 4001108846 ns, Reaching safepoint: 538086 ns, At safepoint: 140016 ns, Total: 678102 ns
[2022-09-29T08:03:29.545+0000][7][safepoint   ] Safepoint "Cleanup", Time since last: 1000720061 ns, Reaching safepoint: 256799 ns, At safepoint: 54193 ns, Total: 310992 ns
[2022-09-29T08:03:31.546+0000][7][safepoint   ] Safepoint "Cleanup", Time since last: 2000711536 ns, Reaching safepoint: 412105 ns, At safepoint: 43423 ns, Total: 455528 ns
[2022-09-29T08:03:40.548+0000][7][safepoint   ] Safepoint "Cleanup", Time since last: 9002240331 ns, Reaching safepoint: 374669 ns, At safepoint: 29967 ns, Total: 404636 ns
[2022-09-29T08:03:52.035+0000][7][gc,start    ] GC(155) Pause Young (Normal) (G1 Evacuation Pause)
[2022-09-29T08:03:52.035+0000][7][gc,task     ] GC(155) Using 6 workers of 13 for evacuation
[2022-09-29T08:03:52.036+0000][7][gc,age      ] GC(155) Desired survivor size 6291456 bytes, new threshold 15 (max threshold 15)
[2022-09-29T08:03:52.042+0000][7][gc,age      ] GC(155) Age table with threshold 15 (max threshold 15)
[2022-09-29T08:03:52.042+0000][7][gc,age      ] GC(155) - age   1:    1927440 bytes,    1927440 total
[2022-09-29T08:03:52.042+0000][7][gc,age      ] GC(155) - age   2:    1427192 bytes,    3354632 total
[2022-09-29T08:03:52.043+0000][7][gc,age      ] GC(155) - age   3:     189520 bytes,    3544152 total
[2022-09-29T08:03:52.043+0000][7][gc,age      ] GC(155) - age   4:     139416 bytes,    3683568 total
[2022-09-29T08:03:52.043+0000][7][gc,age      ] GC(155) - age   5:      66352 bytes,    3749920 total
[2022-09-29T08:03:52.043+0000][7][gc,age      ] GC(155) - age   6:      45728 bytes,    3795648 total
[2022-09-29T08:03:52.043+0000][7][gc,age      ] GC(155) - age   7:     127152 bytes,    3922800 total
[2022-09-29T08:03:52.044+0000][7][gc,age      ] GC(155) - age   8:        960 bytes,    3923760 total
[2022-09-29T08:03:52.044+0000][7][gc,age      ] GC(155) - age   9:       1784 bytes,    3925544 total
[2022-09-29T08:03:52.044+0000][7][gc,age      ] GC(155) - age  10:      77400 bytes,    4002944 total
[2022-09-29T08:03:52.044+0000][7][gc,age      ] GC(155) - age  11:     191048 bytes,    4193992 total
[2022-09-29T08:03:52.045+0000][7][gc,age      ] GC(155) - age  12:       1552 bytes,    4195544 total
[2022-09-29T08:03:52.045+0000][7][gc,age      ] GC(155) - age  13:       1232 bytes,    4196776 total
[2022-09-29T08:03:52.045+0000][7][gc,age      ] GC(155) - age  14:       3624 bytes,    4200400 total
[2022-09-29T08:03:52.046+0000][7][gc,age      ] GC(155) - age  15:      23224 bytes,    4223624 total
[2022-09-29T08:03:52.046+0000][7][gc,phases   ] GC(155)   Pre Evacuate Collection Set: 0.2ms
[2022-09-29T08:03:52.046+0000][7][gc,phases   ] GC(155)   Merge Heap Roots: 0.1ms
[2022-09-29T08:03:52.046+0000][7][gc,phases   ] GC(155)   Evacuate Collection Set: 3.6ms
[2022-09-29T08:03:52.046+0000][7][gc,phases   ] GC(155)   Post Evacuate Collection Set: 1.1ms
[2022-09-29T08:03:52.046+0000][7][gc,phases   ] GC(155)   Other: 5.9ms
[2022-09-29T08:03:52.047+0000][7][gc,heap     ] GC(155) Eden regions: 19->0(18)
[2022-09-29T08:03:52.047+0000][7][gc,heap     ] GC(155) Survivor regions: 1->2(3)
[2022-09-29T08:03:52.047+0000][7][gc,heap     ] GC(155) Old regions: 25->25
[2022-09-29T08:03:52.047+0000][7][gc,heap     ] GC(155) Archive regions: 2->2
[2022-09-29T08:03:52.047+0000][7][gc,heap     ] GC(155) Humongous regions: 5->5
[2022-09-29T08:03:52.048+0000][7][gc,metaspace] GC(155) Metaspace: 114852K(119452K)->114852K(119452K) NonClass: 100148K(103324K)->100148K(103324K) Class: 14703K(16128K)->14703K(16128K)
[2022-09-29T08:03:52.048+0000][7][gc          ] GC(155) Pause Young (Normal) (G1 Evacuation Pause) 200M->125M(256M) 12.797ms
[2022-09-29T08:03:52.048+0000][7][gc,cpu      ] GC(155) User=0.03s Sys=0.00s Real=0.01s
[2022-09-29T08:03:52.048+0000][7][safepoint   ] Safepoint "G1CollectForAllocation", Time since last: 11485993383 ns, Reaching safepoint: 362581 ns, At safepoint: 13299411 ns, Total: 13661992 ns
[2022-09-29T08:04:03.051+0000][7][safepoint   ] Safepoint "Cleanup", Time since last: 11002266405 ns, Reaching safepoint: 281787 ns, At safepoint: 32502 ns, Total: 314289 ns
[2022-09-29T08:04:07.052+0000][7][safepoint   ] Safepoint "Cleanup", Time since last: 4000867165 ns, Reaching safepoint: 250095 ns, At safepoint: 26620 ns, Total: 276715 ns
[2022-09-29T08:04:20.055+0000][7][safepoint   ] Safepoint "Cleanup", Time since last: 13002926394 ns, Reaching safepoint: 366692 ns, At safepoint: 69723 ns, Total: 436415 ns
[2022-09-29T08:04:22.056+0000][7][safepoint   ] Safepoint "Cleanup", Time since last: 2000772050 ns, Reaching safepoint: 346290 ns, At safepoint: 66156 ns, Total: 412446 ns
[2022-09-29T08:04:24.058+0000][7][safepoint   ] Safepoint "Cleanup", Time since last: 2000815543 ns, Reaching safepoint: 501366 ns, At safepoint: 53191 ns, Total: 554557 ns
[2022-09-29T08:04:25.059+0000][7][safepoint   ] Safepoint "Cleanup", Time since last: 1000639555 ns, Reaching safepoint: 432063 ns, At safepoint: 46559 ns, Total: 478622 ns
[2022-09-29T08:04:26.060+0000][7][safepoint   ] Safepoint "Cleanup", Time since last: 1000673110 ns, Reaching safepoint: 348127 ns, At safepoint: 39114 ns, Total: 387241 ns
[2022-09-29T08:04:29.062+0000][7][safepoint   ] Safepoint "Cleanup", Time since last: 3001458193 ns, Reaching safepoint: 388020 ns, At safepoint: 77147 ns, Total: 465167 ns
[2022-09-29T08:04:31.063+0000][7][safepoint   ] Safepoint "Cleanup", Time since last: 2000969168 ns, Reaching safepoint: 249085 ns, At safepoint: 28214 ns, Total: 277299 ns
[2022-09-29T08:04:32.064+0000][7][safepoint   ] Safepoint "Cleanup", Time since last: 1000475610 ns, Reaching safepoint: 371433 ns, At safepoint: 54314 ns, Total: 425747 ns
[2022-09-29T08:04:33.065+0000][7][safepoint   ] Safepoint "Cleanup", Time since last: 1000542674 ns, Reaching safepoint: 387440 ns, At safepoint: 42231 ns, Total: 429671 ns
[2022-09-29T08:04:34.066+0000][7][safepoint   ] Safepoint "Cleanup", Time since last: 1000902323 ns, Reaching safepoint: 350317 ns, At safepoint: 31511 ns, Total: 381828 ns
[2022-09-29T08:04:35.067+0000][7][safepoint   ] Safepoint "Cleanup", Time since last: 1000667648 ns, Reaching safepoint: 454967 ns, At safepoint: 53552 ns, Total: 508519 ns
[2022-09-29T08:04:36.068+0000][7][safepoint   ] Safepoint "Cleanup", Time since last: 1000714116 ns, Reaching safepoint: 272650 ns, At safepoint: 25749 ns, Total: 298399 ns
[2022-09-29T08:04:37.069+0000][7][safepoint   ] Safepoint "Cleanup", Time since last: 1000526248 ns, Reaching safepoint: 405929 ns, At safepoint: 58562 ns, Total: 464491 ns
[2022-09-29T08:04:39.070+0000][7][safepoint   ] Safepoint "Cleanup", Time since last: 2000511771 ns, Reaching safepoint: 274584 ns, At safepoint: 9217 ns, Total: 283801 ns
[2022-09-29T08:04:40.071+0000][7][safepoint   ] Safepoint "Cleanup", Time since last: 1000709969 ns, Reaching safepoint: 317745 ns, At safepoint: 9589 ns, Total: 327334 ns
[2022-09-29T08:04:40.760+0000][7][gc,start    ] GC(156) Pause Young (Concurrent Start) (G1 Evacuation Pause)
[2022-09-29T08:04:40.760+0000][7][gc,task     ] GC(156) Using 6 workers of 13 for evacuation
[2022-09-29T08:04:40.761+0000][7][gc,age      ] GC(156) Desired survivor size 6291456 bytes, new threshold 15 (max threshold 15)
[2022-09-29T08:04:40.766+0000][7][gc,age      ] GC(156) Age table with threshold 15 (max threshold 15)
[2022-09-29T08:04:40.767+0000][7][gc,age      ] GC(156) - age   1:     796632 bytes,     796632 total
[2022-09-29T08:04:40.767+0000][7][gc,age      ] GC(156) - age   2:    1358072 bytes,    2154704 total
[2022-09-29T08:04:40.767+0000][7][gc,age      ] GC(156) - age   3:    1221784 bytes,    3376488 total
[2022-09-29T08:04:40.768+0000][7][gc,age      ] GC(156) - age   4:     180480 bytes,    3556968 total
[2022-09-29T08:04:40.768+0000][7][gc,age      ] GC(156) - age   5:      36992 bytes,    3593960 total
[2022-09-29T08:04:40.768+0000][7][gc,age      ] GC(156) - age   6:      58448 bytes,    3652408 total
[2022-09-29T08:04:40.768+0000][7][gc,age      ] GC(156) - age   7:      45600 bytes,    3698008 total
[2022-09-29T08:04:40.769+0000][7][gc,age      ] GC(156) - age   8:     127152 bytes,    3825160 total
[2022-09-29T08:04:40.769+0000][7][gc,age      ] GC(156) - age   9:        960 bytes,    3826120 total
[2022-09-29T08:04:40.769+0000][7][gc,age      ] GC(156) - age  10:       1784 bytes,    3827904 total
[2022-09-29T08:04:40.769+0000][7][gc,age      ] GC(156) - age  11:      53232 bytes,    3881136 total
[2022-09-29T08:04:40.770+0000][7][gc,age      ] GC(156) - age  12:     191048 bytes,    4072184 total
[2022-09-29T08:04:40.770+0000][7][gc,age      ] GC(156) - age  13:       1432 bytes,    4073616 total
[2022-09-29T08:04:40.770+0000][7][gc,age      ] GC(156) - age  14:       1232 bytes,    4074848 total
[2022-09-29T08:04:40.770+0000][7][gc,age      ] GC(156) - age  15:       3624 bytes,    4078472 total
[2022-09-29T08:04:40.771+0000][7][gc,phases   ] GC(156)   Pre Evacuate Collection Set: 0.3ms
[2022-09-29T08:04:40.771+0000][7][gc,phases   ] GC(156)   Merge Heap Roots: 0.1ms
[2022-09-29T08:04:40.771+0000][7][gc,phases   ] GC(156)   Evacuate Collection Set: 2.6ms
[2022-09-29T08:04:40.771+0000][7][gc,phases   ] GC(156)   Post Evacuate Collection Set: 2.0ms
[2022-09-29T08:04:40.772+0000][7][gc,phases   ] GC(156)   Other: 5.5ms
[2022-09-29T08:04:40.772+0000][7][gc,heap     ] GC(156) Eden regions: 18->0(18)
[2022-09-29T08:04:40.772+0000][7][gc,heap     ] GC(156) Survivor regions: 2->2(3)
[2022-09-29T08:04:40.772+0000][7][gc,heap     ] GC(156) Old regions: 25->25
[2022-09-29T08:04:40.772+0000][7][gc,heap     ] GC(156) Archive regions: 2->2
[2022-09-29T08:04:40.773+0000][7][gc,heap     ] GC(156) Humongous regions: 5->5
[2022-09-29T08:04:40.773+0000][7][gc,metaspace] GC(156) Metaspace: 114881K(119452K)->114881K(119452K) NonClass: 100178K(103324K)->100178K(103324K) Class: 14703K(16128K)->14703K(16128K)
[2022-09-29T08:04:40.773+0000][7][gc          ] GC(156) Pause Young (Concurrent Start) (G1 Evacuation Pause) 197M->125M(256M) 13.046ms
[2022-09-29T08:04:40.773+0000][7][gc,cpu      ] GC(156) User=0.02s Sys=0.00s Real=0.01s
[2022-09-29T08:04:40.774+0000][7][gc          ] GC(157) Concurrent Cycle
[2022-09-29T08:04:40.774+0000][7][safepoint   ] Safepoint "G1CollectForAllocation", Time since last: 688418820 ns, Reaching safepoint: 280990 ns, At safepoint: 13843721 ns, Total: 14124711 ns
[2022-09-29T08:04:40.774+0000][7][gc,marking  ] GC(157) Concurrent Clear Claimed Marks
[2022-09-29T08:04:40.775+0000][7][gc,marking  ] GC(157) Concurrent Clear Claimed Marks 1.144ms
[2022-09-29T08:04:40.776+0000][7][gc,marking  ] GC(157) Concurrent Scan Root Regions
[2022-09-29T08:04:40.780+0000][7][gc,marking  ] GC(157) Concurrent Scan Root Regions 4.285ms
[2022-09-29T08:04:40.781+0000][7][gc,marking  ] GC(157) Concurrent Mark (7289.873s)
[2022-09-29T08:04:40.781+0000][7][gc,marking  ] GC(157) Concurrent Mark From Roots
[2022-09-29T08:04:40.782+0000][7][gc,task     ] GC(157) Using 3 workers of 3 for marking
[2022-09-29T08:04:40.852+0000][7][gc,marking  ] GC(157) Concurrent Mark From Roots 71.196ms
[2022-09-29T08:04:40.853+0000][7][gc,marking  ] GC(157) Concurrent Preclean
[2022-09-29T08:04:40.854+0000][7][gc,marking  ] GC(157) Concurrent Preclean 0.672ms
[2022-09-29T08:04:40.854+0000][7][gc,marking  ] GC(157) Concurrent Mark (7289.873s, 7289.947s) 73.327ms
[2022-09-29T08:04:40.855+0000][7][gc,start    ] GC(157) Pause Remark
[2022-09-29T08:04:40.866+0000][7][gc          ] GC(157) Pause Remark 126M->126M(256M) 10.938ms
[2022-09-29T08:04:40.866+0000][7][gc,cpu      ] GC(157) User=0.06s Sys=0.00s Real=0.01s
[2022-09-29T08:04:40.867+0000][7][safepoint   ] Safepoint "G1Concurrent", Time since last: 80554775 ns, Reaching safepoint: 427455 ns, At safepoint: 12267768 ns, Total: 12695223 ns
[2022-09-29T08:04:40.868+0000][7][gc,marking  ] GC(157) Concurrent Rebuild Remembered Sets
[2022-09-29T08:04:40.909+0000][7][gc,marking  ] GC(157) Concurrent Rebuild Remembered Sets 41.367ms
[2022-09-29T08:04:40.910+0000][7][gc,start    ] GC(157) Pause Cleanup
[2022-09-29T08:04:40.911+0000][7][gc          ] GC(157) Pause Cleanup 126M->126M(256M) 0.631ms
[2022-09-29T08:04:40.911+0000][7][gc,cpu      ] GC(157) User=0.00s Sys=0.00s Real=0.00s
[2022-09-29T08:04:40.912+0000][7][safepoint   ] Safepoint "G1Concurrent", Time since last: 42470982 ns, Reaching safepoint: 782351 ns, At safepoint: 1413484 ns, Total: 2195835 ns
[2022-09-29T08:04:40.912+0000][7][gc,marking  ] GC(157) Concurrent Cleanup for Next Mark
[2022-09-29T08:04:40.913+0000][7][gc,marking  ] GC(157) Concurrent Cleanup for Next Mark 0.968ms
[2022-09-29T08:04:40.914+0000][7][gc          ] GC(157) Concurrent Cycle 139.875ms
[2022-09-29T08:04:53.915+0000][7][safepoint   ] Safepoint "Cleanup", Time since last: 13003269556 ns, Reaching safepoint: 259033 ns, At safepoint: 35278 ns, Total: 294311 ns
[2022-09-29T08:04:57.917+0000][7][safepoint   ] Safepoint "Cleanup", Time since last: 4001525450 ns, Reaching safepoint: 359435 ns, At safepoint: 49223 ns, Total: 408658 ns
[2022-09-29T08:04:58.918+0000][7][safepoint   ] Safepoint "Cleanup", Time since last: 1000352257 ns, Reaching safepoint: 393155 ns, At safepoint: 23224 ns, Total: 416379 ns
[2022-09-29T08:04:59.919+0000][7][safepoint   ] Safepoint "Cleanup", Time since last: 1001011047 ns, Reaching safepoint: 296054 ns, At safepoint: 42321 ns, Total: 338375 ns
[2022-09-29T08:05:00.920+0000][7][safepoint   ] Safepoint "Cleanup", Time since last: 1000395269 ns, Reaching safepoint: 305192 ns, At safepoint: 18505 ns, Total: 323697 ns
[2022-09-29T08:05:01.921+0000][7][safepoint   ] Safepoint "Cleanup", Time since last: 1001034026 ns, Reaching safepoint: 195823 ns, At safepoint: 30148 ns, Total: 225971 ns
[2022-09-29T08:05:04.923+0000][7][safepoint   ] Safepoint "Cleanup", Time since last: 3001108159 ns, Reaching safepoint: 412216 ns, At safepoint: 109298 ns, Total: 521514 ns
[2022-09-29T08:05:05.924+0000][7][safepoint   ] Safepoint "Cleanup", Time since last: 1000680562 ns, Reaching safepoint: 336161 ns, At safepoint: 36880 ns, Total: 373041 ns
[2022-09-29T08:05:07.925+0000][7][safepoint   ] Safepoint "Cleanup", Time since last: 2000791811 ns, Reaching safepoint: 465271 ns, At safepoint: 53372 ns, Total: 518643 ns
[2022-09-29T08:05:16.929+0000][7][safepoint   ] Safepoint "Cleanup", Time since last: 9002134525 ns, Reaching safepoint: 1213254 ns, At safepoint: 77648 ns, Total: 1290902 ns
[2022-09-29T08:05:17.930+0000][7][safepoint   ] Safepoint "Cleanup", Time since last: 1000846406 ns, Reaching safepoint: 366912 ns, At safepoint: 65174 ns, Total: 432086 ns
[2022-09-29T08:05:18.352+0000][7][gc,start    ] GC(158) Pause Young (Normal) (G1 Evacuation Pause)
[2022-09-29T08:05:18.352+0000][7][gc,task     ] GC(158) Using 6 workers of 13 for evacuation
[2022-09-29T08:05:18.353+0000][7][gc,age      ] GC(158) Desired survivor size 6291456 bytes, new threshold 15 (max threshold 15)
[2022-09-29T08:05:18.360+0000][7][gc,age      ] GC(158) Age table with threshold 15 (max threshold 15)
[2022-09-29T08:05:18.361+0000][7][gc,age      ] GC(158) - age   1:    1969392 bytes,    1969392 total
[2022-09-29T08:05:18.361+0000][7][gc,age      ] GC(158) - age   2:     603208 bytes,    2572600 total
[2022-09-29T08:05:18.362+0000][7][gc,age      ] GC(158) - age   3:    1298040 bytes,    3870640 total
[2022-09-29T08:05:18.362+0000][7][gc,age      ] GC(158) - age   4:    1186936 bytes,    5057576 total
[2022-09-29T08:05:18.363+0000][7][gc,age      ] GC(158) - age   5:     175464 bytes,    5233040 total
[2022-09-29T08:05:18.363+0000][7][gc,age      ] GC(158) - age   6:      22440 bytes,    5255480 total
[2022-09-29T08:05:18.363+0000][7][gc,age      ] GC(158) - age   7:      58208 bytes,    5313688 total
[2022-09-29T08:05:18.364+0000][7][gc,age      ] GC(158) - age   8:      45600 bytes,    5359288 total
[2022-09-29T08:05:18.364+0000][7][gc,age      ] GC(158) - age   9:     126672 bytes,    5485960 total
[2022-09-29T08:05:18.364+0000][7][gc,age      ] GC(158) - age  10:        896 bytes,    5486856 total
[2022-09-29T08:05:18.364+0000][7][gc,age      ] GC(158) - age  11:       1784 bytes,    5488640 total
[2022-09-29T08:05:18.365+0000][7][gc,age      ] GC(158) - age  12:      53040 bytes,    5541680 total
[2022-09-29T08:05:18.365+0000][7][gc,age      ] GC(158) - age  13:     190920 bytes,    5732600 total
[2022-09-29T08:05:18.365+0000][7][gc,age      ] GC(158) - age  14:       1296 bytes,    5733896 total
[2022-09-29T08:05:18.366+0000][7][gc,age      ] GC(158) - age  15:       1232 bytes,    5735128 total
[2022-09-29T08:05:18.366+0000][7][gc,phases   ] GC(158)   Pre Evacuate Collection Set: 0.3ms
[2022-09-29T08:05:18.366+0000][7][gc,phases   ] GC(158)   Merge Heap Roots: 0.2ms
[2022-09-29T08:05:18.367+0000][7][gc,phases   ] GC(158)   Evacuate Collection Set: 4.2ms
[2022-09-29T08:05:18.367+0000][7][gc,phases   ] GC(158)   Post Evacuate Collection Set: 2.1ms
[2022-09-29T08:05:18.368+0000][7][gc,phases   ] GC(158)   Other: 7.8ms
[2022-09-29T08:05:18.368+0000][7][gc,heap     ] GC(158) Eden regions: 18->0(18)
[2022-09-29T08:05:18.368+0000][7][gc,heap     ] GC(158) Survivor regions: 2->2(3)
[2022-09-29T08:05:18.368+0000][7][gc,heap     ] GC(158) Old regions: 25->25
[2022-09-29T08:05:18.369+0000][7][gc,heap     ] GC(158) Archive regions: 2->2
[2022-09-29T08:05:18.369+0000][7][gc,heap     ] GC(158) Humongous regions: 5->5
[2022-09-29T08:05:18.370+0000][7][gc,metaspace] GC(158) Metaspace: 114926K(119452K)->114926K(119452K) NonClass: 100222K(103324K)->100222K(103324K) Class: 14703K(16128K)->14703K(16128K)
[2022-09-29T08:05:18.370+0000][7][gc          ] GC(158) Pause Young (Normal) (G1 Evacuation Pause) 197M->127M(256M) 18.352ms
[2022-09-29T08:05:18.370+0000][7][gc,cpu      ] GC(158) User=0.01s Sys=0.02s Real=0.02s
[2022-09-29T08:05:18.371+0000][7][safepoint   ] Safepoint "G1CollectForAllocation", Time since last: 421082545 ns, Reaching safepoint: 364705 ns, At safepoint: 19644916 ns, Total: 20009621 ns
[2022-09-29T08:05:19.372+0000][7][safepoint   ] Safepoint "Cleanup", Time since last: 1000775949 ns, Reaching safepoint: 377565 ns, At safepoint: 67338 ns, Total: 444903 ns
[2022-09-29T08:05:23.374+0000][7][safepoint   ] Safepoint "Cleanup", Time since last: 4001394210 ns, Reaching safepoint: 254244 ns, At safepoint: 37251 ns, Total: 291495 ns
[2022-09-29T08:05:29.376+0000][7][safepoint   ] Safepoint "Cleanup", Time since last: 6001250538 ns, Reaching safepoint: 198829 ns, At safepoint: 31490 ns, Total: 230319 ns
[2022-09-29T08:05:30.377+0000][7][safepoint   ] Safepoint "Cleanup", Time since last: 1000542149 ns, Reaching safepoint: 376447 ns, At safepoint: 56538 ns, Total: 432985 ns
[2022-09-29T08:05:32.378+0000][7][safepoint   ] Safepoint "Cleanup", Time since last: 2000935655 ns, Reaching safepoint: 444527 ns, At safepoint: 22302 ns, Total: 466829 ns
[2022-09-29T08:05:34.379+0000][7][safepoint   ] Safepoint "Cleanup", Time since last: 2001104597 ns, Reaching safepoint: 419559 ns, At safepoint: 48943 ns, Total: 468502 ns
[2022-09-29T08:05:35.380+0000][7][safepoint   ] Safepoint "Cleanup", Time since last: 1000327315 ns, Reaching safepoint: 351560 ns, At safepoint: 22743 ns, Total: 374303 ns
[2022-09-29T08:06:00.388+0000][7][safepoint   ] Safepoint "Cleanup", Time since last: 25007502728 ns, Reaching safepoint: 275735 ns, At safepoint: 37031 ns, Total: 312766 ns
[2022-09-29T08:06:03.389+0000][7][safepoint   ] Safepoint "Cleanup", Time since last: 3000951320 ns, Reaching safepoint: 264554 ns, At safepoint: 14067 ns, Total: 278621 ns
[2022-09-29T08:06:07.162+0000][7][gc,start    ] GC(159) Pause Young (Concurrent Start) (G1 Evacuation Pause)
[2022-09-29T08:06:07.163+0000][7][gc,task     ] GC(159) Using 6 workers of 13 for evacuation
[2022-09-29T08:06:07.163+0000][7][gc,age      ] GC(159) Desired survivor size 6291456 bytes, new threshold 15 (max threshold 15)
[2022-09-29T08:06:07.171+0000][7][gc,age      ] GC(159) Age table with threshold 15 (max threshold 15)
[2022-09-29T08:06:07.172+0000][7][gc,age      ] GC(159) - age   1:    1399264 bytes,    1399264 total
[2022-09-29T08:06:07.172+0000][7][gc,age      ] GC(159) - age   2:     210232 bytes,    1609496 total
[2022-09-29T08:06:07.172+0000][7][gc,age      ] GC(159) - age   3:     367800 bytes,    1977296 total
[2022-09-29T08:06:07.173+0000][7][gc,age      ] GC(159) - age   4:    1297240 bytes,    3274536 total
[2022-09-29T08:06:07.173+0000][7][gc,age      ] GC(159) - age   5:    1186416 bytes,    4460952 total
[2022-09-29T08:06:07.173+0000][7][gc,age      ] GC(159) - age   6:     175208 bytes,    4636160 total
[2022-09-29T08:06:07.173+0000][7][gc,age      ] GC(159) - age   7:      21784 bytes,    4657944 total
[2022-09-29T08:06:07.174+0000][7][gc,age      ] GC(159) - age   8:      57152 bytes,    4715096 total
[2022-09-29T08:06:07.174+0000][7][gc,age      ] GC(159) - age   9:      45472 bytes,    4760568 total
[2022-09-29T08:06:07.174+0000][7][gc,age      ] GC(159) - age  10:     126672 bytes,    4887240 total
[2022-09-29T08:06:07.174+0000][7][gc,age      ] GC(159) - age  11:        896 bytes,    4888136 total
[2022-09-29T08:06:07.175+0000][7][gc,age      ] GC(159) - age  12:       1784 bytes,    4889920 total
[2022-09-29T08:06:07.175+0000][7][gc,age      ] GC(159) - age  13:      52880 bytes,    4942800 total
[2022-09-29T08:06:07.175+0000][7][gc,age      ] GC(159) - age  14:     190920 bytes,    5133720 total
[2022-09-29T08:06:07.175+0000][7][gc,age      ] GC(159) - age  15:       1296 bytes,    5135016 total
[2022-09-29T08:06:07.176+0000][7][gc,phases   ] GC(159)   Pre Evacuate Collection Set: 0.6ms
[2022-09-29T08:06:07.176+0000][7][gc,phases   ] GC(159)   Merge Heap Roots: 0.2ms
[2022-09-29T08:06:07.176+0000][7][gc,phases   ] GC(159)   Evacuate Collection Set: 5.3ms
[2022-09-29T08:06:07.176+0000][7][gc,phases   ] GC(159)   Post Evacuate Collection Set: 1.7ms
[2022-09-29T08:06:07.177+0000][7][gc,phases   ] GC(159)   Other: 5.8ms
[2022-09-29T08:06:07.177+0000][7][gc,heap     ] GC(159) Eden regions: 18->0(18)
[2022-09-29T08:06:07.177+0000][7][gc,heap     ] GC(159) Survivor regions: 2->2(3)
[2022-09-29T08:06:07.178+0000][7][gc,heap     ] GC(159) Old regions: 25->25
[2022-09-29T08:06:07.178+0000][7][gc,heap     ] GC(159) Archive regions: 2->2
[2022-09-29T08:06:07.178+0000][7][gc,heap     ] GC(159) Humongous regions: 5->5
[2022-09-29T08:06:07.179+0000][7][gc,metaspace] GC(159) Metaspace: 114951K(119452K)->114951K(119452K) NonClass: 100247K(103324K)->100247K(103324K) Class: 14703K(16128K)->14703K(16128K)
[2022-09-29T08:06:07.179+0000][7][gc          ] GC(159) Pause Young (Concurrent Start) (G1 Evacuation Pause) 199M->126M(256M) 17.068ms
[2022-09-29T08:06:07.180+0000][7][gc,cpu      ] GC(159) User=0.01s Sys=0.02s Real=0.02s
[2022-09-29T08:06:07.180+0000][7][gc          ] GC(160) Concurrent Cycle
[2022-09-29T08:06:07.180+0000][7][safepoint   ] Safepoint "G1CollectForAllocation", Time since last: 3772575010 ns, Reaching safepoint: 311574 ns, At safepoint: 17977739 ns, Total: 18289313 ns
[2022-09-29T08:06:07.181+0000][7][gc,marking  ] GC(160) Concurrent Clear Claimed Marks
[2022-09-29T08:06:07.182+0000][7][gc,marking  ] GC(160) Concurrent Clear Claimed Marks 0.961ms
[2022-09-29T08:06:07.182+0000][7][gc,marking  ] GC(160) Concurrent Scan Root Regions
[2022-09-29T08:06:07.186+0000][7][gc,marking  ] GC(160) Concurrent Scan Root Regions 4.066ms
[2022-09-29T08:06:07.186+0000][7][gc,marking  ] GC(160) Concurrent Mark (7376.279s)
[2022-09-29T08:06:07.187+0000][7][gc,marking  ] GC(160) Concurrent Mark From Roots
[2022-09-29T08:06:07.187+0000][7][gc,task     ] GC(160) Using 3 workers of 3 for marking
[2022-09-29T08:06:07.256+0000][7][gc,marking  ] GC(160) Concurrent Mark From Roots 69.518ms
[2022-09-29T08:06:07.257+0000][7][gc,marking  ] GC(160) Concurrent Preclean
[2022-09-29T08:06:07.258+0000][7][gc,marking  ] GC(160) Concurrent Preclean 0.866ms
[2022-09-29T08:06:07.258+0000][7][gc,marking  ] GC(160) Concurrent Mark (7376.279s, 7376.351s) 71.475ms
[2022-09-29T08:06:07.259+0000][7][gc,start    ] GC(160) Pause Remark
[2022-09-29T08:06:07.271+0000][7][gc          ] GC(160) Pause Remark 130M->130M(256M) 11.863ms
[2022-09-29T08:06:07.271+0000][7][gc,cpu      ] GC(160) User=0.04s Sys=0.02s Real=0.02s
[2022-09-29T08:06:07.272+0000][7][safepoint   ] Safepoint "G1Concurrent", Time since last: 78239163 ns, Reaching safepoint: 427026 ns, At safepoint: 12772106 ns, Total: 13199132 ns
[2022-09-29T08:06:07.272+0000][7][gc,marking  ] GC(160) Concurrent Rebuild Remembered Sets
[2022-09-29T08:06:07.317+0000][7][gc,marking  ] GC(160) Concurrent Rebuild Remembered Sets 44.646ms
[2022-09-29T08:06:07.318+0000][7][gc,start    ] GC(160) Pause Cleanup
[2022-09-29T08:06:07.318+0000][7][gc          ] GC(160) Pause Cleanup 130M->130M(256M) 0.818ms
[2022-09-29T08:06:07.319+0000][7][gc,cpu      ] GC(160) User=0.00s Sys=0.00s Real=0.00s
[2022-09-29T08:06:07.320+0000][7][safepoint   ] Safepoint "G1Concurrent", Time since last: 45639270 ns, Reaching safepoint: 382710 ns, At safepoint: 1984251 ns, Total: 2366961 ns
[2022-09-29T08:06:07.320+0000][7][gc,marking  ] GC(160) Concurrent Cleanup for Next Mark
[2022-09-29T08:06:07.321+0000][7][gc,marking  ] GC(160) Concurrent Cleanup for Next Mark 0.795ms
[2022-09-29T08:06:07.321+0000][7][gc          ] GC(160) Concurrent Cycle 141.357ms
[2022-09-29T08:06:08.320+0000][7][safepoint   ] Safepoint "Cleanup", Time since last: 1000639805 ns, Reaching safepoint: 259675 ns, At safepoint: 40287 ns, Total: 299962 ns
[2022-09-29T08:06:11.322+0000][7][safepoint   ] Safepoint "Cleanup", Time since last: 3001083672 ns, Reaching safepoint: 377820 ns, At safepoint: 55446 ns, Total: 433266 ns
[2022-09-29T08:06:13.323+0000][7][safepoint   ] Safepoint "Cleanup", Time since last: 2000788604 ns, Reaching safepoint: 628197 ns, At safepoint: 78510 ns, Total: 706707 ns
[2022-09-29T08:06:25.327+0000][7][safepoint   ] Safepoint "Cleanup", Time since last: 12003196362 ns, Reaching safepoint: 235710 ns, At safepoint: 33543 ns, Total: 269253 ns
[2022-09-29T08:06:30.329+0000][7][safepoint   ] Safepoint "Cleanup", Time since last: 5001259900 ns, Reaching safepoint: 355959 ns, At safepoint: 40096 ns, Total: 396055 ns
[2022-09-29T08:06:38.331+0000][7][safepoint   ] Safepoint "Cleanup", Time since last: 8001681058 ns, Reaching safepoint: 424138 ns, At safepoint: 56809 ns, Total: 480947 ns
[2022-09-29T08:06:40.332+0000][7][safepoint   ] Safepoint "Cleanup", Time since last: 2000904640 ns, Reaching safepoint: 489613 ns, At safepoint: 74983 ns, Total: 564596 ns
[2022-09-29T08:06:42.675+0000][7][gc,start    ] GC(161) Pause Young (Normal) (G1 Evacuation Pause)
[2022-09-29T08:06:42.675+0000][7][gc,task     ] GC(161) Using 6 workers of 13 for evacuation
[2022-09-29T08:06:42.676+0000][7][gc,age      ] GC(161) Desired survivor size 6291456 bytes, new threshold 15 (max threshold 15)
[2022-09-29T08:06:42.682+0000][7][gc,age      ] GC(161) Age table with threshold 15 (max threshold 15)
[2022-09-29T08:06:42.683+0000][7][gc,age      ] GC(161) - age   1:     620440 bytes,     620440 total
[2022-09-29T08:06:42.683+0000][7][gc,age      ] GC(161) - age   2:     543440 bytes,    1163880 total
[2022-09-29T08:06:42.684+0000][7][gc,age      ] GC(161) - age   3:     197816 bytes,    1361696 total
[2022-09-29T08:06:42.684+0000][7][gc,age      ] GC(161) - age   4:      60192 bytes,    1421888 total
[2022-09-29T08:06:42.685+0000][7][gc,age      ] GC(161) - age   5:     919600 bytes,    2341488 total
[2022-09-29T08:06:42.685+0000][7][gc,age      ] GC(161) - age   6:    1079784 bytes,    3421272 total
[2022-09-29T08:06:42.685+0000][7][gc,age      ] GC(161) - age   7:     174904 bytes,    3596176 total
[2022-09-29T08:06:42.686+0000][7][gc,age      ] GC(161) - age   8:      21624 bytes,    3617800 total
[2022-09-29T08:06:42.686+0000][7][gc,age      ] GC(161) - age   9:      41656 bytes,    3659456 total
[2022-09-29T08:06:42.687+0000][7][gc,age      ] GC(161) - age  10:      45048 bytes,    3704504 total
[2022-09-29T08:06:42.687+0000][7][gc,age      ] GC(161) - age  11:      72960 bytes,    3777464 total
[2022-09-29T08:06:42.688+0000][7][gc,age      ] GC(161) - age  12:        896 bytes,    3778360 total
[2022-09-29T08:06:42.688+0000][7][gc,age      ] GC(161) - age  13:       1784 bytes,    3780144 total
[2022-09-29T08:06:42.688+0000][7][gc,age      ] GC(161) - age  14:      50232 bytes,    3830376 total
[2022-09-29T08:06:42.689+0000][7][gc,age      ] GC(161) - age  15:      34112 bytes,    3864488 total
[2022-09-29T08:06:42.689+0000][7][gc,phases   ] GC(161)   Pre Evacuate Collection Set: 0.2ms
[2022-09-29T08:06:42.690+0000][7][gc,phases   ] GC(161)   Merge Heap Roots: 0.3ms
[2022-09-29T08:06:42.690+0000][7][gc,phases   ] GC(161)   Evacuate Collection Set: 3.4ms
[2022-09-29T08:06:42.691+0000][7][gc,phases   ] GC(161)   Post Evacuate Collection Set: 1.8ms
[2022-09-29T08:06:42.691+0000][7][gc,phases   ] GC(161)   Other: 8.8ms
[2022-09-29T08:06:42.692+0000][7][gc,heap     ] GC(161) Eden regions: 18->0(18)
[2022-09-29T08:06:42.692+0000][7][gc,heap     ] GC(161) Survivor regions: 2->2(3)
[2022-09-29T08:06:42.692+0000][7][gc,heap     ] GC(161) Old regions: 25->25
[2022-09-29T08:06:42.693+0000][7][gc,heap     ] GC(161) Archive regions: 2->2
[2022-09-29T08:06:42.693+0000][7][gc,heap     ] GC(161) Humongous regions: 5->5
[2022-09-29T08:06:42.693+0000][7][gc,metaspace] GC(161) Metaspace: 114959K(119452K)->114959K(119452K) NonClass: 100255K(103324K)->100255K(103324K) Class: 14703K(16128K)->14703K(16128K)
[2022-09-29T08:06:42.694+0000][7][gc          ] GC(161) Pause Young (Normal) (G1 Evacuation Pause) 198M->125M(256M) 18.889ms
[2022-09-29T08:06:42.694+0000][7][gc,cpu      ] GC(161) User=0.03s Sys=0.00s Real=0.02s
[2022-09-29T08:06:42.695+0000][7][safepoint   ] Safepoint "G1CollectForAllocation", Time since last: 2342035210 ns, Reaching safepoint: 550079 ns, At safepoint: 19773172 ns, Total: 20323251 ns
[2022-09-29T08:06:43.695+0000][7][safepoint   ] Safepoint "Cleanup", Time since last: 1000562776 ns, Reaching safepoint: 256599 ns, At safepoint: 23144 ns, Total: 279743 ns
[2022-09-29T08:07:00.700+0000][7][safepoint   ] Safepoint "Cleanup", Time since last: 17003958272 ns, Reaching safepoint: 366999 ns, At safepoint: 61968 ns, Total: 428967 ns
[2022-09-29T08:07:02.701+0000][7][safepoint   ] Safepoint "Cleanup", Time since last: 2000962706 ns, Reaching safepoint: 285353 ns, At safepoint: 31100 ns, Total: 316453 ns
[2022-09-29T08:07:40.709+0000][7][safepoint   ] Safepoint "Cleanup", Time since last: 38007376957 ns, Reaching safepoint: 187378 ns, At safepoint: 24957 ns, Total: 212335 ns
[2022-09-29T08:07:58.672+0000][7][gc,start    ] GC(162) Pause Young (Concurrent Start) (G1 Evacuation Pause)
[2022-09-29T08:07:58.673+0000][7][gc,task     ] GC(162) Using 6 workers of 13 for evacuation
[2022-09-29T08:07:58.673+0000][7][gc,age      ] GC(162) Desired survivor size 6291456 bytes, new threshold 15 (max threshold 15)
[2022-09-29T08:07:58.681+0000][7][gc,age      ] GC(162) Age table with threshold 15 (max threshold 15)
[2022-09-29T08:07:58.681+0000][7][gc,age      ] GC(162) - age   1:     450632 bytes,     450632 total
[2022-09-29T08:07:58.681+0000][7][gc,age      ] GC(162) - age   2:     530952 bytes,     981584 total
[2022-09-29T08:07:58.682+0000][7][gc,age      ] GC(162) - age   3:     542072 bytes,    1523656 total
[2022-09-29T08:07:58.682+0000][7][gc,age      ] GC(162) - age   4:     197008 bytes,    1720664 total
[2022-09-29T08:07:58.682+0000][7][gc,age      ] GC(162) - age   5:      59904 bytes,    1780568 total
[2022-09-29T08:07:58.683+0000][7][gc,age      ] GC(162) - age   6:     919224 bytes,    2699792 total
[2022-09-29T08:07:58.683+0000][7][gc,age      ] GC(162) - age   7:    1079784 bytes,    3779576 total
[2022-09-29T08:07:58.683+0000][7][gc,age      ] GC(162) - age   8:     174904 bytes,    3954480 total
[2022-09-29T08:07:58.683+0000][7][gc,age      ] GC(162) - age   9:      21624 bytes,    3976104 total
[2022-09-29T08:07:58.683+0000][7][gc,age      ] GC(162) - age  10:      41592 bytes,    4017696 total
[2022-09-29T08:07:58.684+0000][7][gc,age      ] GC(162) - age  11:      45048 bytes,    4062744 total
[2022-09-29T08:07:58.684+0000][7][gc,age      ] GC(162) - age  12:      72896 bytes,    4135640 total
[2022-09-29T08:07:58.684+0000][7][gc,age      ] GC(162) - age  13:        896 bytes,    4136536 total
[2022-09-29T08:07:58.684+0000][7][gc,age      ] GC(162) - age  14:       1784 bytes,    4138320 total
[2022-09-29T08:07:58.684+0000][7][gc,age      ] GC(162) - age  15:      50232 bytes,    4188552 total
[2022-09-29T08:07:58.685+0000][7][gc,phases   ] GC(162)   Pre Evacuate Collection Set: 0.4ms
[2022-09-29T08:07:58.685+0000][7][gc,phases   ] GC(162)   Merge Heap Roots: 0.1ms
[2022-09-29T08:07:58.685+0000][7][gc,phases   ] GC(162)   Evacuate Collection Set: 5.4ms
[2022-09-29T08:07:58.685+0000][7][gc,phases   ] GC(162)   Post Evacuate Collection Set: 1.3ms
[2022-09-29T08:07:58.685+0000][7][gc,phases   ] GC(162)   Other: 5.1ms
[2022-09-29T08:07:58.686+0000][7][gc,heap     ] GC(162) Eden regions: 18->0(18)
[2022-09-29T08:07:58.686+0000][7][gc,heap     ] GC(162) Survivor regions: 2->2(3)
[2022-09-29T08:07:58.686+0000][7][gc,heap     ] GC(162) Old regions: 25->25
[2022-09-29T08:07:58.686+0000][7][gc,heap     ] GC(162) Archive regions: 2->2
[2022-09-29T08:07:58.686+0000][7][gc,heap     ] GC(162) Humongous regions: 5->5
[2022-09-29T08:07:58.687+0000][7][gc,metaspace] GC(162) Metaspace: 114989K(119452K)->114989K(119452K) NonClass: 100286K(103324K)->100286K(103324K) Class: 14703K(16128K)->14703K(16128K)
[2022-09-29T08:07:58.687+0000][7][gc          ] GC(162) Pause Young (Concurrent Start) (G1 Evacuation Pause) 197M->126M(256M) 14.718ms
[2022-09-29T08:07:58.687+0000][7][gc,cpu      ] GC(162) User=0.02s Sys=0.01s Real=0.01s
[2022-09-29T08:07:58.688+0000][7][gc          ] GC(163) Concurrent Cycle
[2022-09-29T08:07:58.688+0000][7][safepoint   ] Safepoint "G1CollectForAllocation", Time since last: 17963189859 ns, Reaching safepoint: 347875 ns, At safepoint: 15412523 ns, Total: 15760398 ns
[2022-09-29T08:07:58.688+0000][7][gc,marking  ] GC(163) Concurrent Clear Claimed Marks
[2022-09-29T08:07:58.689+0000][7][gc,marking  ] GC(163) Concurrent Clear Claimed Marks 0.867ms
[2022-09-29T08:07:58.689+0000][7][gc,marking  ] GC(163) Concurrent Scan Root Regions
[2022-09-29T08:07:58.695+0000][7][gc,marking  ] GC(163) Concurrent Scan Root Regions 5.560ms
[2022-09-29T08:07:58.695+0000][7][gc,marking  ] GC(163) Concurrent Mark (7487.788s)
[2022-09-29T08:07:58.696+0000][7][gc,marking  ] GC(163) Concurrent Mark From Roots
[2022-09-29T08:07:58.696+0000][7][gc,task     ] GC(163) Using 3 workers of 3 for marking
[2022-09-29T08:07:58.743+0000][7][gc,marking  ] GC(163) Concurrent Mark From Roots 47.301ms
[2022-09-29T08:07:58.743+0000][7][gc,marking  ] GC(163) Concurrent Preclean
[2022-09-29T08:07:58.744+0000][7][gc,marking  ] GC(163) Concurrent Preclean 0.539ms
[2022-09-29T08:07:58.744+0000][7][gc,marking  ] GC(163) Concurrent Mark (7487.788s, 7487.837s) 48.944ms
[2022-09-29T08:07:58.745+0000][7][gc,start    ] GC(163) Pause Remark
[2022-09-29T08:07:58.755+0000][7][gc          ] GC(163) Pause Remark 127M->127M(256M) 10.220ms
[2022-09-29T08:07:58.755+0000][7][gc,cpu      ] GC(163) User=0.06s Sys=0.00s Real=0.01s
[2022-09-29T08:07:58.755+0000][7][safepoint   ] Safepoint "G1Concurrent", Time since last: 56598121 ns, Reaching safepoint: 271085 ns, At safepoint: 10977590 ns, Total: 11248675 ns
[2022-09-29T08:07:58.756+0000][7][gc,marking  ] GC(163) Concurrent Rebuild Remembered Sets
[2022-09-29T08:07:58.782+0000][7][gc,marking  ] GC(163) Concurrent Rebuild Remembered Sets 25.859ms
[2022-09-29T08:07:58.783+0000][7][gc,start    ] GC(163) Pause Cleanup
[2022-09-29T08:07:58.783+0000][7][gc          ] GC(163) Pause Cleanup 127M->127M(256M) 0.549ms
[2022-09-29T08:07:58.784+0000][7][gc,cpu      ] GC(163) User=0.00s Sys=0.00s Real=0.00s
[2022-09-29T08:07:58.784+0000][7][safepoint   ] Safepoint "G1Concurrent", Time since last: 26697215 ns, Reaching safepoint: 406533 ns, At safepoint: 1249381 ns, Total: 1655914 ns
[2022-09-29T08:07:58.784+0000][7][gc,marking  ] GC(163) Concurrent Cleanup for Next Mark
[2022-09-29T08:07:58.785+0000][7][gc,marking  ] GC(163) Concurrent Cleanup for Next Mark 0.852ms
[2022-09-29T08:07:58.786+0000][7][gc          ] GC(163) Concurrent Cycle 98.065ms
[2022-09-29T08:08:08.787+0000][7][safepoint   ] Safepoint "Cleanup", Time since last: 10002321571 ns, Reaching safepoint: 553860 ns, At safepoint: 86926 ns, Total: 640786 ns
[2022-09-29T08:08:22.791+0000][7][safepoint   ] Safepoint "Cleanup", Time since last: 14003659410 ns, Reaching safepoint: 301425 ns, At safepoint: 44003 ns, Total: 345428 ns
[2022-09-29T08:08:25.793+0000][7][safepoint   ] Safepoint "Cleanup", Time since last: 3001148548 ns, Reaching safepoint: 596915 ns, At safepoint: 83600 ns, Total: 680515 ns
[2022-09-29T08:08:43.796+0000][7][safepoint   ] Safepoint "Cleanup", Time since last: 18003440953 ns, Reaching safepoint: 328085 ns, At safepoint: 49705 ns, Total: 377790 ns
[2022-09-29T08:08:44.798+0000][7][safepoint   ] Safepoint "Cleanup", Time since last: 1000737740 ns, Reaching safepoint: 291768 ns, At safepoint: 33484 ns, Total: 325252 ns
[2022-09-29T08:08:46.799+0000][7][safepoint   ] Safepoint "Cleanup", Time since last: 2000760949 ns, Reaching safepoint: 475997 ns, At safepoint: 71807 ns, Total: 547804 ns
[2022-09-29T08:09:00.804+0000][7][safepoint   ] Safepoint "Cleanup", Time since last: 14004028949 ns, Reaching safepoint: 599332 ns, At safepoint: 84270 ns, Total: 683602 ns
[2022-09-29T08:09:04.080+0000][7][gc,start    ] GC(164) Pause Young (Normal) (G1 Evacuation Pause)
[2022-09-29T08:09:04.081+0000][7][gc,task     ] GC(164) Using 6 workers of 13 for evacuation
[2022-09-29T08:09:04.081+0000][7][gc,age      ] GC(164) Desired survivor size 6291456 bytes, new threshold 15 (max threshold 15)
[2022-09-29T08:09:04.088+0000][7][gc,age      ] GC(164) Age table with threshold 15 (max threshold 15)
[2022-09-29T08:09:04.089+0000][7][gc,age      ] GC(164) - age   1:     578472 bytes,     578472 total
[2022-09-29T08:09:04.089+0000][7][gc,age      ] GC(164) - age   2:     310648 bytes,     889120 total
[2022-09-29T08:09:04.089+0000][7][gc,age      ] GC(164) - age   3:     529480 bytes,    1418600 total
[2022-09-29T08:09:04.090+0000][7][gc,age      ] GC(164) - age   4:     539768 bytes,    1958368 total
[2022-09-29T08:09:04.090+0000][7][gc,age      ] GC(164) - age   5:     165152 bytes,    2123520 total
[2022-09-29T08:09:04.090+0000][7][gc,age      ] GC(164) - age   6:      57960 bytes,    2181480 total
[2022-09-29T08:09:04.090+0000][7][gc,age      ] GC(164) - age   7:     859128 bytes,    3040608 total
[2022-09-29T08:09:04.090+0000][7][gc,age      ] GC(164) - age   8:    1079784 bytes,    4120392 total
[2022-09-29T08:09:04.091+0000][7][gc,age      ] GC(164) - age   9:     174904 bytes,    4295296 total
[2022-09-29T08:09:04.091+0000][7][gc,age      ] GC(164) - age  10:      21624 bytes,    4316920 total
[2022-09-29T08:09:04.091+0000][7][gc,age      ] GC(164) - age  11:      41008 bytes,    4357928 total
[2022-09-29T08:09:04.091+0000][7][gc,age      ] GC(164) - age  12:      45048 bytes,    4402976 total
[2022-09-29T08:09:04.091+0000][7][gc,age      ] GC(164) - age  13:      72832 bytes,    4475808 total
[2022-09-29T08:09:04.091+0000][7][gc,age      ] GC(164) - age  14:        896 bytes,    4476704 total
[2022-09-29T08:09:04.091+0000][7][gc,age      ] GC(164) - age  15:       1784 bytes,    4478488 total
[2022-09-29T08:09:04.092+0000][7][gc,phases   ] GC(164)   Pre Evacuate Collection Set: 0.2ms
[2022-09-29T08:09:04.092+0000][7][gc,phases   ] GC(164)   Merge Heap Roots: 0.4ms
[2022-09-29T08:09:04.092+0000][7][gc,phases   ] GC(164)   Evacuate Collection Set: 4.8ms
[2022-09-29T08:09:04.092+0000][7][gc,phases   ] GC(164)   Post Evacuate Collection Set: 1.5ms
[2022-09-29T08:09:04.092+0000][7][gc,phases   ] GC(164)   Other: 4.7ms
[2022-09-29T08:09:04.093+0000][7][gc,heap     ] GC(164) Eden regions: 18->0(18)
[2022-09-29T08:09:04.093+0000][7][gc,heap     ] GC(164) Survivor regions: 2->2(3)
[2022-09-29T08:09:04.093+0000][7][gc,heap     ] GC(164) Old regions: 25->25
[2022-09-29T08:09:04.093+0000][7][gc,heap     ] GC(164) Archive regions: 2->2
[2022-09-29T08:09:04.093+0000][7][gc,heap     ] GC(164) Humongous regions: 5->5
[2022-09-29T08:09:04.094+0000][7][gc,metaspace] GC(164) Metaspace: 115001K(119452K)->115001K(119452K) NonClass: 100297K(103324K)->100297K(103324K) Class: 14704K(16128K)->14704K(16128K)
[2022-09-29T08:09:04.094+0000][7][gc          ] GC(164) Pause Young (Normal) (G1 Evacuation Pause) 198M->126M(256M) 13.799ms
[2022-09-29T08:09:04.094+0000][7][gc,cpu      ] GC(164) User=0.03s Sys=0.01s Real=0.01s
[2022-09-29T08:09:04.094+0000][7][safepoint   ] Safepoint "G1CollectForAllocation", Time since last: 3276172804 ns, Reaching safepoint: 306214 ns, At safepoint: 14311983 ns, Total: 14618197 ns
[2022-09-29T08:09:09.096+0000][7][safepoint   ] Safepoint "Cleanup", Time since last: 5000919132 ns, Reaching safepoint: 410042 ns, At safepoint: 56538 ns, Total: 466580 ns
[2022-09-29T08:09:43.103+0000][7][safepoint   ] Safepoint "Cleanup", Time since last: 34007101567 ns, Reaching safepoint: 380427 ns, At safepoint: 75174 ns, Total: 455601 ns
[2022-09-29T08:09:47.105+0000][7][safepoint   ] Safepoint "Cleanup", Time since last: 4001081574 ns, Reaching safepoint: 660278 ns, At safepoint: 71536 ns, Total: 731814 ns
[2022-09-29T08:10:01.109+0000][7][safepoint   ] Safepoint "Cleanup", Time since last: 14002933599 ns, Reaching safepoint: 557874 ns, At safepoint: 124767 ns, Total: 682641 ns
[2022-09-29T08:10:02.638+0000][7][gc,start    ] GC(165) Pause Young (Concurrent Start) (G1 Evacuation Pause)
[2022-09-29T08:10:02.638+0000][7][gc,task     ] GC(165) Using 6 workers of 13 for evacuation
[2022-09-29T08:10:02.639+0000][7][gc,age      ] GC(165) Desired survivor size 6291456 bytes, new threshold 15 (max threshold 15)
[2022-09-29T08:10:02.643+0000][7][gc,age      ] GC(165) Age table with threshold 15 (max threshold 15)
[2022-09-29T08:10:02.644+0000][7][gc,age      ] GC(165) - age   1:     950432 bytes,     950432 total
[2022-09-29T08:10:02.644+0000][7][gc,age      ] GC(165) - age   2:     334008 bytes,    1284440 total
[2022-09-29T08:10:02.644+0000][7][gc,age      ] GC(165) - age   3:     308176 bytes,    1592616 total
[2022-09-29T08:10:02.644+0000][7][gc,age      ] GC(165) - age   4:     437360 bytes,    2029976 total
[2022-09-29T08:10:02.645+0000][7][gc,age      ] GC(165) - age   5:     539376 bytes,    2569352 total
[2022-09-29T08:10:02.645+0000][7][gc,age      ] GC(165) - age   6:     164832 bytes,    2734184 total
[2022-09-29T08:10:02.646+0000][7][gc,age      ] GC(165) - age   7:      57736 bytes,    2791920 total
[2022-09-29T08:10:02.646+0000][7][gc,age      ] GC(165) - age   8:     858408 bytes,    3650328 total
[2022-09-29T08:10:02.646+0000][7][gc,age      ] GC(165) - age   9:    1079784 bytes,    4730112 total
[2022-09-29T08:10:02.647+0000][7][gc,age      ] GC(165) - age  10:     174904 bytes,    4905016 total
[2022-09-29T08:10:02.647+0000][7][gc,age      ] GC(165) - age  11:      21624 bytes,    4926640 total
[2022-09-29T08:10:02.647+0000][7][gc,age      ] GC(165) - age  12:      40912 bytes,    4967552 total
[2022-09-29T08:10:02.647+0000][7][gc,age      ] GC(165) - age  13:      44984 bytes,    5012536 total
[2022-09-29T08:10:02.648+0000][7][gc,age      ] GC(165) - age  14:      72192 bytes,    5084728 total
[2022-09-29T08:10:02.648+0000][7][gc,age      ] GC(165) - age  15:        600 bytes,    5085328 total
[2022-09-29T08:10:02.648+0000][7][gc,phases   ] GC(165)   Pre Evacuate Collection Set: 0.4ms
[2022-09-29T08:10:02.648+0000][7][gc,phases   ] GC(165)   Merge Heap Roots: 0.1ms
[2022-09-29T08:10:02.648+0000][7][gc,phases   ] GC(165)   Evacuate Collection Set: 2.5ms
[2022-09-29T08:10:02.648+0000][7][gc,phases   ] GC(165)   Post Evacuate Collection Set: 1.2ms
[2022-09-29T08:10:02.649+0000][7][gc,phases   ] GC(165)   Other: 5.9ms
[2022-09-29T08:10:02.649+0000][7][gc,heap     ] GC(165) Eden regions: 18->0(18)
[2022-09-29T08:10:02.649+0000][7][gc,heap     ] GC(165) Survivor regions: 2->2(3)
[2022-09-29T08:10:02.649+0000][7][gc,heap     ] GC(165) Old regions: 25->25
[2022-09-29T08:10:02.649+0000][7][gc,heap     ] GC(165) Archive regions: 2->2
[2022-09-29T08:10:02.649+0000][7][gc,heap     ] GC(165) Humongous regions: 5->5
[2022-09-29T08:10:02.650+0000][7][gc,metaspace] GC(165) Metaspace: 115035K(119708K)->115035K(119708K) NonClass: 100331K(103580K)->100331K(103580K) Class: 14704K(16128K)->14704K(16128K)
[2022-09-29T08:10:02.650+0000][7][gc          ] GC(165) Pause Young (Concurrent Start) (G1 Evacuation Pause) 198M->126M(256M) 12.505ms
[2022-09-29T08:10:02.651+0000][7][gc,cpu      ] GC(165) User=0.00s Sys=0.02s Real=0.02s
[2022-09-29T08:10:02.651+0000][7][gc          ] GC(166) Concurrent Cycle
[2022-09-29T08:10:02.651+0000][7][safepoint   ] Safepoint "G1CollectForAllocation", Time since last: 1528809821 ns, Reaching safepoint: 263871 ns, At safepoint: 13463927 ns, Total: 13727798 ns
[2022-09-29T08:10:02.652+0000][7][gc,marking  ] GC(166) Concurrent Clear Claimed Marks
[2022-09-29T08:10:02.652+0000][7][gc,marking  ] GC(166) Concurrent Clear Claimed Marks 0.754ms
[2022-09-29T08:10:02.653+0000][7][gc,marking  ] GC(166) Concurrent Scan Root Regions
[2022-09-29T08:10:02.656+0000][7][gc,marking  ] GC(166) Concurrent Scan Root Regions 2.975ms
[2022-09-29T08:10:02.656+0000][7][gc,marking  ] GC(166) Concurrent Mark (7611.749s)
[2022-09-29T08:10:02.656+0000][7][gc,marking  ] GC(166) Concurrent Mark From Roots
[2022-09-29T08:10:02.657+0000][7][gc,task     ] GC(166) Using 3 workers of 3 for marking
[2022-09-29T08:10:02.708+0000][7][gc,marking  ] GC(166) Concurrent Mark From Roots 51.720ms
[2022-09-29T08:10:02.709+0000][7][gc,marking  ] GC(166) Concurrent Preclean
[2022-09-29T08:10:02.709+0000][7][gc,marking  ] GC(166) Concurrent Preclean 0.711ms
[2022-09-29T08:10:02.710+0000][7][gc,marking  ] GC(166) Concurrent Mark (7611.749s, 7611.802s) 53.722ms
[2022-09-29T08:10:02.711+0000][7][gc,start    ] GC(166) Pause Remark
[2022-09-29T08:10:02.721+0000][7][gc          ] GC(166) Pause Remark 129M->129M(256M) 10.462ms
[2022-09-29T08:10:02.722+0000][7][gc,cpu      ] GC(166) User=0.05s Sys=0.00s Real=0.01s
[2022-09-29T08:10:02.722+0000][7][safepoint   ] Safepoint "G1Concurrent", Time since last: 59079748 ns, Reaching safepoint: 421197 ns, At safepoint: 11241745 ns, Total: 11662942 ns
[2022-09-29T08:10:02.722+0000][7][gc,marking  ] GC(166) Concurrent Rebuild Remembered Sets
[2022-09-29T08:10:02.759+0000][7][gc,marking  ] GC(166) Concurrent Rebuild Remembered Sets 36.407ms
[2022-09-29T08:10:02.760+0000][7][gc,start    ] GC(166) Pause Cleanup
[2022-09-29T08:10:02.761+0000][7][gc          ] GC(166) Pause Cleanup 129M->129M(256M) 0.873ms
[2022-09-29T08:10:02.761+0000][7][gc,cpu      ] GC(166) User=0.00s Sys=0.00s Real=0.00s
[2022-09-29T08:10:02.762+0000][7][safepoint   ] Safepoint "G1Concurrent", Time since last: 37382905 ns, Reaching safepoint: 528708 ns, At safepoint: 1961607 ns, Total: 2490315 ns
[2022-09-29T08:10:02.762+0000][7][gc,marking  ] GC(166) Concurrent Cleanup for Next Mark
[2022-09-29T08:10:02.763+0000][7][gc,marking  ] GC(166) Concurrent Cleanup for Next Mark 0.827ms
[2022-09-29T08:10:02.764+0000][7][gc          ] GC(166) Concurrent Cycle 112.792ms
[2022-09-29T08:10:09.764+0000][7][safepoint   ] Safepoint "Cleanup", Time since last: 7002167524 ns, Reaching safepoint: 295673 ns, At safepoint: 25188 ns, Total: 320861 ns
[2022-09-29T08:10:49.772+0000][7][safepoint   ] Safepoint "Cleanup", Time since last: 40007578924 ns, Reaching safepoint: 443368 ns, At safepoint: 69783 ns, Total: 513151 ns
[2022-09-29T08:10:50.066+0000][7][gc,start    ] GC(167) Pause Young (Normal) (G1 Evacuation Pause)
[2022-09-29T08:10:50.066+0000][7][gc,task     ] GC(167) Using 6 workers of 13 for evacuation
[2022-09-29T08:10:50.067+0000][7][gc,age      ] GC(167) Desired survivor size 6291456 bytes, new threshold 15 (max threshold 15)
[2022-09-29T08:10:50.074+0000][7][gc,age      ] GC(167) Age table with threshold 15 (max threshold 15)
[2022-09-29T08:10:50.074+0000][7][gc,age      ] GC(167) - age   1:     885432 bytes,     885432 total
[2022-09-29T08:10:50.074+0000][7][gc,age      ] GC(167) - age   2:     667480 bytes,    1552912 total
[2022-09-29T08:10:50.075+0000][7][gc,age      ] GC(167) - age   3:     333464 bytes,    1886376 total
[2022-09-29T08:10:50.075+0000][7][gc,age      ] GC(167) - age   4:     307880 bytes,    2194256 total
[2022-09-29T08:10:50.075+0000][7][gc,age      ] GC(167) - age   5:     436592 bytes,    2630848 total
[2022-09-29T08:10:50.076+0000][7][gc,age      ] GC(167) - age   6:     539312 bytes,    3170160 total
[2022-09-29T08:10:50.076+0000][7][gc,age      ] GC(167) - age   7:     164512 bytes,    3334672 total
[2022-09-29T08:10:50.076+0000][7][gc,age      ] GC(167) - age   8:      57672 bytes,    3392344 total
[2022-09-29T08:10:50.076+0000][7][gc,age      ] GC(167) - age   9:     858344 bytes,    4250688 total
[2022-09-29T08:10:50.076+0000][7][gc,age      ] GC(167) - age  10:    1079784 bytes,    5330472 total
[2022-09-29T08:10:50.077+0000][7][gc,age      ] GC(167) - age  11:     174904 bytes,    5505376 total
[2022-09-29T08:10:50.077+0000][7][gc,age      ] GC(167) - age  12:      21488 bytes,    5526864 total
[2022-09-29T08:10:50.077+0000][7][gc,age      ] GC(167) - age  13:      40872 bytes,    5567736 total
[2022-09-29T08:10:50.078+0000][7][gc,age      ] GC(167) - age  14:      44024 bytes,    5611760 total
[2022-09-29T08:10:50.078+0000][7][gc,age      ] GC(167) - age  15:      72192 bytes,    5683952 total
[2022-09-29T08:10:50.079+0000][7][gc,phases   ] GC(167)   Pre Evacuate Collection Set: 0.2ms
[2022-09-29T08:10:50.079+0000][7][gc,phases   ] GC(167)   Merge Heap Roots: 0.3ms
[2022-09-29T08:10:50.080+0000][7][gc,phases   ] GC(167)   Evacuate Collection Set: 3.9ms
[2022-09-29T08:10:50.080+0000][7][gc,phases   ] GC(167)   Post Evacuate Collection Set: 1.9ms
[2022-09-29T08:10:50.080+0000][7][gc,phases   ] GC(167)   Other: 6.6ms
[2022-09-29T08:10:50.081+0000][7][gc,heap     ] GC(167) Eden regions: 18->0(18)
[2022-09-29T08:10:50.081+0000][7][gc,heap     ] GC(167) Survivor regions: 2->2(3)
[2022-09-29T08:10:50.081+0000][7][gc,heap     ] GC(167) Old regions: 25->25
[2022-09-29T08:10:50.081+0000][7][gc,heap     ] GC(167) Archive regions: 2->2
[2022-09-29T08:10:50.081+0000][7][gc,heap     ] GC(167) Humongous regions: 5->5
[2022-09-29T08:10:50.082+0000][7][gc,metaspace] GC(167) Metaspace: 115042K(119708K)->115042K(119708K) NonClass: 100338K(103580K)->100338K(103580K) Class: 14704K(16128K)->14704K(16128K)
[2022-09-29T08:10:50.082+0000][7][gc          ] GC(167) Pause Young (Normal) (G1 Evacuation Pause) 198M->127M(256M) 15.815ms
[2022-09-29T08:10:50.082+0000][7][gc,cpu      ] GC(167) User=0.04s Sys=0.00s Real=0.02s
[2022-09-29T08:10:50.082+0000][7][safepoint   ] Safepoint "G1CollectForAllocation", Time since last: 293192925 ns, Reaching safepoint: 354160 ns, At safepoint: 16421367 ns, Total: 16775527 ns
[2022-09-29T08:11:11.087+0000][7][safepoint   ] Safepoint "Cleanup", Time since last: 21004077725 ns, Reaching safepoint: 547213 ns, At safepoint: 65775 ns, Total: 612988 ns
[2022-09-29T08:11:52.423+0000][7][gc,start    ] GC(168) Pause Young (Concurrent Start) (G1 Evacuation Pause)
[2022-09-29T08:11:52.424+0000][7][gc,task     ] GC(168) Using 6 workers of 13 for evacuation
[2022-09-29T08:11:52.424+0000][7][gc,age      ] GC(168) Desired survivor size 6291456 bytes, new threshold 15 (max threshold 15)
[2022-09-29T08:11:52.432+0000][7][gc,age      ] GC(168) Age table with threshold 15 (max threshold 15)
[2022-09-29T08:11:52.432+0000][7][gc,age      ] GC(168) - age   1:     829392 bytes,     829392 total
[2022-09-29T08:11:52.432+0000][7][gc,age      ] GC(168) - age   2:     203896 bytes,    1033288 total
[2022-09-29T08:11:52.433+0000][7][gc,age      ] GC(168) - age   3:     359248 bytes,    1392536 total
[2022-09-29T08:11:52.433+0000][7][gc,age      ] GC(168) - age   4:      22672 bytes,    1415208 total
[2022-09-29T08:11:52.434+0000][7][gc,age      ] GC(168) - age   5:       2792 bytes,    1418000 total
[2022-09-29T08:11:52.434+0000][7][gc,age      ] GC(168) - age   6:     141288 bytes,    1559288 total
[2022-09-29T08:11:52.434+0000][7][gc,age      ] GC(168) - age   7:     539280 bytes,    2098568 total
[2022-09-29T08:11:52.434+0000][7][gc,age      ] GC(168) - age   8:     164296 bytes,    2262864 total
[2022-09-29T08:11:52.435+0000][7][gc,age      ] GC(168) - age   9:      57640 bytes,    2320504 total
[2022-09-29T08:11:52.435+0000][7][gc,age      ] GC(168) - age  10:     858280 bytes,    3178784 total
[2022-09-29T08:11:52.435+0000][7][gc,age      ] GC(168) - age  11:    1079488 bytes,    4258272 total
[2022-09-29T08:11:52.435+0000][7][gc,age      ] GC(168) - age  12:     174904 bytes,    4433176 total
[2022-09-29T08:11:52.435+0000][7][gc,age      ] GC(168) - age  13:      21488 bytes,    4454664 total
[2022-09-29T08:11:52.436+0000][7][gc,age      ] GC(168) - age  14:      40872 bytes,    4495536 total
[2022-09-29T08:11:52.436+0000][7][gc,age      ] GC(168) - age  15:      44024 bytes,    4539560 total
[2022-09-29T08:11:52.436+0000][7][gc,phases   ] GC(168)   Pre Evacuate Collection Set: 0.6ms
[2022-09-29T08:11:52.436+0000][7][gc,phases   ] GC(168)   Merge Heap Roots: 0.2ms
[2022-09-29T08:11:52.436+0000][7][gc,phases   ] GC(168)   Evacuate Collection Set: 4.6ms
[2022-09-29T08:11:52.437+0000][7][gc,phases   ] GC(168)   Post Evacuate Collection Set: 1.3ms
[2022-09-29T08:11:52.437+0000][7][gc,phases   ] GC(168)   Other: 6.2ms
[2022-09-29T08:11:52.437+0000][7][gc,heap     ] GC(168) Eden regions: 18->0(18)
[2022-09-29T08:11:52.437+0000][7][gc,heap     ] GC(168) Survivor regions: 2->2(3)
[2022-09-29T08:11:52.437+0000][7][gc,heap     ] GC(168) Old regions: 25->25
[2022-09-29T08:11:52.438+0000][7][gc,heap     ] GC(168) Archive regions: 2->2
[2022-09-29T08:11:52.438+0000][7][gc,heap     ] GC(168) Humongous regions: 5->5
[2022-09-29T08:11:52.438+0000][7][gc,metaspace] GC(168) Metaspace: 115088K(119708K)->115088K(119708K) NonClass: 100384K(103580K)->100384K(103580K) Class: 14704K(16128K)->14704K(16128K)
[2022-09-29T08:11:52.438+0000][7][gc          ] GC(168) Pause Young (Concurrent Start) (G1 Evacuation Pause) 199M->126M(256M) 15.278ms
[2022-09-29T08:11:52.439+0000][7][gc,cpu      ] GC(168) User=0.04s Sys=0.00s Real=0.01s
[2022-09-29T08:11:52.439+0000][7][safepoint   ] Safepoint "G1CollectForAllocation", Time since last: 41335689021 ns, Reaching safepoint: 355733 ns, At safepoint: 16315616 ns, Total: 16671349 ns
[2022-09-29T08:11:52.440+0000][7][gc          ] GC(169) Concurrent Cycle
[2022-09-29T08:11:52.441+0000][7][gc,marking  ] GC(169) Concurrent Clear Claimed Marks
[2022-09-29T08:11:52.441+0000][7][gc,marking  ] GC(169) Concurrent Clear Claimed Marks 0.709ms
[2022-09-29T08:11:52.442+0000][7][gc,marking  ] GC(169) Concurrent Scan Root Regions
[2022-09-29T08:11:52.445+0000][7][gc,marking  ] GC(169) Concurrent Scan Root Regions 3.240ms
[2022-09-29T08:11:52.446+0000][7][gc,marking  ] GC(169) Concurrent Mark (7721.538s)
[2022-09-29T08:11:52.446+0000][7][gc,marking  ] GC(169) Concurrent Mark From Roots
[2022-09-29T08:11:52.446+0000][7][gc,task     ] GC(169) Using 3 workers of 3 for marking
[2022-09-29T08:11:52.505+0000][7][gc,marking  ] GC(169) Concurrent Mark From Roots 58.665ms
[2022-09-29T08:11:52.505+0000][7][gc,marking  ] GC(169) Concurrent Preclean
[2022-09-29T08:11:52.507+0000][7][gc,marking  ] GC(169) Concurrent Preclean 2.137ms
[2022-09-29T08:11:52.507+0000][7][gc,marking  ] GC(169) Concurrent Mark (7721.538s, 7721.600s) 61.831ms
[2022-09-29T08:11:52.508+0000][7][gc,start    ] GC(169) Pause Remark
[2022-09-29T08:11:52.519+0000][7][gc          ] GC(169) Pause Remark 127M->127M(256M) 11.001ms
[2022-09-29T08:11:52.520+0000][7][gc,cpu      ] GC(169) User=0.08s Sys=0.00s Real=0.02s
[2022-09-29T08:11:52.521+0000][7][safepoint   ] Safepoint "G1Concurrent", Time since last: 68326033 ns, Reaching safepoint: 403606 ns, At safepoint: 12366295 ns, Total: 12769901 ns
[2022-09-29T08:11:52.521+0000][7][gc,marking  ] GC(169) Concurrent Rebuild Remembered Sets
[2022-09-29T08:11:52.563+0000][7][gc,marking  ] GC(169) Concurrent Rebuild Remembered Sets 42.166ms
[2022-09-29T08:11:52.564+0000][7][gc,start    ] GC(169) Pause Cleanup
[2022-09-29T08:11:52.565+0000][7][gc          ] GC(169) Pause Cleanup 128M->128M(256M) 0.609ms
[2022-09-29T08:11:52.565+0000][7][gc,cpu      ] GC(169) User=0.00s Sys=0.00s Real=0.00s
[2022-09-29T08:11:52.565+0000][7][safepoint   ] Safepoint "G1Concurrent", Time since last: 43083941 ns, Reaching safepoint: 489361 ns, At safepoint: 1344825 ns, Total: 1834186 ns
[2022-09-29T08:11:52.566+0000][7][gc,marking  ] GC(169) Concurrent Cleanup for Next Mark
[2022-09-29T08:11:52.567+0000][7][gc,marking  ] GC(169) Concurrent Cleanup for Next Mark 0.672ms
[2022-09-29T08:11:52.567+0000][7][gc          ] GC(169) Concurrent Cycle 127.378ms
[2022-09-29T08:12:09.570+0000][7][safepoint   ] Safepoint "Cleanup", Time since last: 17004441404 ns, Reaching safepoint: 313733 ns, At safepoint: 53853 ns, Total: 367586 ns
[2022-09-29T08:12:31.575+0000][7][safepoint   ] Safepoint "Cleanup", Time since last: 22004261248 ns, Reaching safepoint: 347792 ns, At safepoint: 11041 ns, Total: 358833 ns
[2022-09-29T08:12:32.576+0000][7][safepoint   ] Safepoint "Cleanup", Time since last: 1000730789 ns, Reaching safepoint: 589443 ns, At safepoint: 23254 ns, Total: 612697 ns
[2022-09-29T08:12:41.810+0000][7][safepoint   ] Safepoint "Cleanup", Time since last: 9233442166 ns, Reaching safepoint: 354293 ns, At safepoint: 31099 ns, Total: 385392 ns
[2022-09-29T08:12:55.339+0000][7][gc,start    ] GC(170) Pause Young (Normal) (G1 Evacuation Pause)
[2022-09-29T08:12:55.339+0000][7][gc,task     ] GC(170) Using 6 workers of 13 for evacuation
[2022-09-29T08:12:55.340+0000][7][gc,age      ] GC(170) Desired survivor size 6291456 bytes, new threshold 15 (max threshold 15)
[2022-09-29T08:12:55.346+0000][7][gc,age      ] GC(170) Age table with threshold 15 (max threshold 15)
[2022-09-29T08:12:55.347+0000][7][gc,age      ] GC(170) - age   1:     612928 bytes,     612928 total
[2022-09-29T08:12:55.347+0000][7][gc,age      ] GC(170) - age   2:     709240 bytes,    1322168 total
[2022-09-29T08:12:55.347+0000][7][gc,age      ] GC(170) - age   3:     203504 bytes,    1525672 total
[2022-09-29T08:12:55.348+0000][7][gc,age      ] GC(170) - age   4:     358496 bytes,    1884168 total
[2022-09-29T08:12:55.348+0000][7][gc,age      ] GC(170) - age   5:      22672 bytes,    1906840 total
[2022-09-29T08:12:55.348+0000][7][gc,age      ] GC(170) - age   6:       2792 bytes,    1909632 total
[2022-09-29T08:12:55.348+0000][7][gc,age      ] GC(170) - age   7:     141288 bytes,    2050920 total
[2022-09-29T08:12:55.348+0000][7][gc,age      ] GC(170) - age   8:     539216 bytes,    2590136 total
[2022-09-29T08:12:55.349+0000][7][gc,age      ] GC(170) - age   9:     164296 bytes,    2754432 total
[2022-09-29T08:12:55.349+0000][7][gc,age      ] GC(170) - age  10:      57640 bytes,    2812072 total
[2022-09-29T08:12:55.349+0000][7][gc,age      ] GC(170) - age  11:     842128 bytes,    3654200 total
[2022-09-29T08:12:55.349+0000][7][gc,age      ] GC(170) - age  12:    1079488 bytes,    4733688 total
[2022-09-29T08:12:55.349+0000][7][gc,age      ] GC(170) - age  13:     174904 bytes,    4908592 total
[2022-09-29T08:12:55.350+0000][7][gc,age      ] GC(170) - age  14:      21488 bytes,    4930080 total
[2022-09-29T08:12:55.351+0000][7][gc,age      ] GC(170) - age  15:      40872 bytes,    4970952 total
[2022-09-29T08:12:55.352+0000][7][gc,phases   ] GC(170)   Pre Evacuate Collection Set: 0.3ms
[2022-09-29T08:12:55.352+0000][7][gc,phases   ] GC(170)   Merge Heap Roots: 0.2ms
[2022-09-29T08:12:55.353+0000][7][gc,phases   ] GC(170)   Evacuate Collection Set: 3.6ms
[2022-09-29T08:12:55.353+0000][7][gc,phases   ] GC(170)   Post Evacuate Collection Set: 1.3ms
[2022-09-29T08:12:55.353+0000][7][gc,phases   ] GC(170)   Other: 7.2ms
[2022-09-29T08:12:55.353+0000][7][gc,heap     ] GC(170) Eden regions: 18->0(18)
[2022-09-29T08:12:55.354+0000][7][gc,heap     ] GC(170) Survivor regions: 2->2(3)
[2022-09-29T08:12:55.354+0000][7][gc,heap     ] GC(170) Old regions: 25->25
[2022-09-29T08:12:55.354+0000][7][gc,heap     ] GC(170) Archive regions: 2->2
[2022-09-29T08:12:55.354+0000][7][gc,heap     ] GC(170) Humongous regions: 5->5
[2022-09-29T08:12:55.354+0000][7][gc,metaspace] GC(170) Metaspace: 115092K(119708K)->115092K(119708K) NonClass: 100388K(103580K)->100388K(103580K) Class: 14704K(16128K)->14704K(16128K)
[2022-09-29T08:12:55.355+0000][7][gc          ] GC(170) Pause Young (Normal) (G1 Evacuation Pause) 198M->127M(256M) 15.727ms
[2022-09-29T08:12:55.355+0000][7][gc,cpu      ] GC(170) User=0.02s Sys=0.02s Real=0.02s
[2022-09-29T08:12:55.355+0000][7][safepoint   ] Safepoint "G1CollectForAllocation", Time since last: 13528421629 ns, Reaching safepoint: 325237 ns, At safepoint: 16376237 ns, Total: 16701474 ns
[2022-09-29T08:13:03.357+0000][7][safepoint   ] Safepoint "Cleanup", Time since last: 8001694437 ns, Reaching safepoint: 389442 ns, At safepoint: 58883 ns, Total: 448325 ns
[2022-09-29T08:13:31.364+0000][7][safepoint   ] Safepoint "Cleanup", Time since last: 28006341254 ns, Reaching safepoint: 233805 ns, At safepoint: 37391 ns, Total: 271196 ns
[2022-09-29T08:13:34.365+0000][7][safepoint   ] Safepoint "Cleanup", Time since last: 3000981638 ns, Reaching safepoint: 283841 ns, At safepoint: 24447 ns, Total: 308288 ns
[2022-09-29T08:13:58.371+0000][7][safepoint   ] Safepoint "Cleanup", Time since last: 24005594014 ns, Reaching safepoint: 350285 ns, At safepoint: 32371 ns, Total: 382656 ns
[2022-09-29T08:13:58.406+0000][7][gc,start    ] GC(171) Pause Young (Concurrent Start) (G1 Evacuation Pause)
[2022-09-29T08:13:58.407+0000][7][gc,task     ] GC(171) Using 6 workers of 13 for evacuation
[2022-09-29T08:13:58.407+0000][7][gc,age      ] GC(171) Desired survivor size 6291456 bytes, new threshold 15 (max threshold 15)
[2022-09-29T08:13:58.416+0000][7][gc,age      ] GC(171) Age table with threshold 15 (max threshold 15)
[2022-09-29T08:13:58.416+0000][7][gc,age      ] GC(171) - age   1:     825200 bytes,     825200 total
[2022-09-29T08:13:58.416+0000][7][gc,age      ] GC(171) - age   2:     331256 bytes,    1156456 total
[2022-09-29T08:13:58.417+0000][7][gc,age      ] GC(171) - age   3:     708856 bytes,    1865312 total
[2022-09-29T08:13:58.417+0000][7][gc,age      ] GC(171) - age   4:     202952 bytes,    2068264 total
[2022-09-29T08:13:58.417+0000][7][gc,age      ] GC(171) - age   5:     358368 bytes,    2426632 total
[2022-09-29T08:13:58.418+0000][7][gc,age      ] GC(171) - age   6:      22672 bytes,    2449304 total
[2022-09-29T08:13:58.419+0000][7][gc,age      ] GC(171) - age   7:       2192 bytes,    2451496 total
[2022-09-29T08:13:58.419+0000][7][gc,age      ] GC(171) - age   8:     141288 bytes,    2592784 total
[2022-09-29T08:13:58.419+0000][7][gc,age      ] GC(171) - age   9:     539152 bytes,    3131936 total
[2022-09-29T08:13:58.420+0000][7][gc,age      ] GC(171) - age  10:     164296 bytes,    3296232 total
[2022-09-29T08:13:58.420+0000][7][gc,age      ] GC(171) - age  11:      57544 bytes,    3353776 total
[2022-09-29T08:13:58.420+0000][7][gc,age      ] GC(171) - age  12:     841688 bytes,    4195464 total
[2022-09-29T08:13:58.420+0000][7][gc,age      ] GC(171) - age  13:    1079368 bytes,    5274832 total
[2022-09-29T08:13:58.421+0000][7][gc,age      ] GC(171) - age  14:     174904 bytes,    5449736 total
[2022-09-29T08:13:58.421+0000][7][gc,age      ] GC(171) - age  15:      21488 bytes,    5471224 total
[2022-09-29T08:13:58.421+0000][7][gc,phases   ] GC(171)   Pre Evacuate Collection Set: 0.4ms
[2022-09-29T08:13:58.421+0000][7][gc,phases   ] GC(171)   Merge Heap Roots: 0.2ms
[2022-09-29T08:13:58.422+0000][7][gc,phases   ] GC(171)   Evacuate Collection Set: 5.8ms
[2022-09-29T08:13:58.422+0000][7][gc,phases   ] GC(171)   Post Evacuate Collection Set: 1.5ms
[2022-09-29T08:13:58.422+0000][7][gc,phases   ] GC(171)   Other: 7.3ms
[2022-09-29T08:13:58.423+0000][7][gc,heap     ] GC(171) Eden regions: 18->0(18)
[2022-09-29T08:13:58.423+0000][7][gc,heap     ] GC(171) Survivor regions: 2->2(3)
[2022-09-29T08:13:58.424+0000][7][gc,heap     ] GC(171) Old regions: 25->25
[2022-09-29T08:13:58.424+0000][7][gc,heap     ] GC(171) Archive regions: 2->2
[2022-09-29T08:13:58.424+0000][7][gc,heap     ] GC(171) Humongous regions: 5->5
[2022-09-29T08:13:58.425+0000][7][gc,metaspace] GC(171) Metaspace: 115096K(119708K)->115096K(119708K) NonClass: 100392K(103580K)->100392K(103580K) Class: 14704K(16128K)->14704K(16128K)
[2022-09-29T08:13:58.425+0000][7][gc          ] GC(171) Pause Young (Concurrent Start) (G1 Evacuation Pause) 199M->127M(256M) 19.272ms
[2022-09-29T08:13:58.426+0000][7][gc,cpu      ] GC(171) User=0.03s Sys=0.00s Real=0.02s
[2022-09-29T08:13:58.426+0000][7][gc          ] GC(172) Concurrent Cycle
[2022-09-29T08:13:58.426+0000][7][safepoint   ] Safepoint "G1CollectForAllocation", Time since last: 34466503 ns, Reaching safepoint: 276577 ns, At safepoint: 20249252 ns, Total: 20525829 ns
[2022-09-29T08:13:58.426+0000][7][gc,marking  ] GC(172) Concurrent Clear Claimed Marks
[2022-09-29T08:13:58.427+0000][7][gc,marking  ] GC(172) Concurrent Clear Claimed Marks 0.771ms
[2022-09-29T08:13:58.428+0000][7][gc,marking  ] GC(172) Concurrent Scan Root Regions
[2022-09-29T08:13:58.431+0000][7][gc,marking  ] GC(172) Concurrent Scan Root Regions 3.388ms
[2022-09-29T08:13:58.431+0000][7][gc,marking  ] GC(172) Concurrent Mark (7847.524s)
[2022-09-29T08:13:58.432+0000][7][gc,marking  ] GC(172) Concurrent Mark From Roots
[2022-09-29T08:13:58.432+0000][7][gc,task     ] GC(172) Using 3 workers of 3 for marking
[2022-09-29T08:13:58.489+0000][7][gc,marking  ] GC(172) Concurrent Mark From Roots 56.984ms
[2022-09-29T08:13:58.489+0000][7][gc,marking  ] GC(172) Concurrent Preclean
[2022-09-29T08:13:58.490+0000][7][gc,marking  ] GC(172) Concurrent Preclean 0.718ms
[2022-09-29T08:13:58.490+0000][7][gc,marking  ] GC(172) Concurrent Mark (7847.524s, 7847.583s) 58.910ms
[2022-09-29T08:13:58.491+0000][7][gc,start    ] GC(172) Pause Remark
[2022-09-29T08:13:58.501+0000][7][gc          ] GC(172) Pause Remark 128M->128M(256M) 9.898ms
[2022-09-29T08:13:58.502+0000][7][gc,cpu      ] GC(172) User=0.05s Sys=0.00s Real=0.01s
[2022-09-29T08:13:58.502+0000][7][safepoint   ] Safepoint "G1Concurrent", Time since last: 64539717 ns, Reaching safepoint: 374143 ns, At safepoint: 10744886 ns, Total: 11119029 ns
[2022-09-29T08:13:58.502+0000][7][gc,marking  ] GC(172) Concurrent Rebuild Remembered Sets
[2022-09-29T08:13:58.543+0000][7][gc,marking  ] GC(172) Concurrent Rebuild Remembered Sets 41.186ms
[2022-09-29T08:13:58.544+0000][7][gc,start    ] GC(172) Pause Cleanup
[2022-09-29T08:13:58.545+0000][7][gc          ] GC(172) Pause Cleanup 129M->129M(256M) 0.687ms
[2022-09-29T08:13:58.546+0000][7][gc,cpu      ] GC(172) User=0.00s Sys=0.00s Real=0.00s
[2022-09-29T08:13:58.546+0000][7][safepoint   ] Safepoint "G1Concurrent", Time since last: 42191229 ns, Reaching safepoint: 385395 ns, At safepoint: 1487875 ns, Total: 1873270 ns
[2022-09-29T08:13:58.546+0000][7][gc,marking  ] GC(172) Concurrent Cleanup for Next Mark
[2022-09-29T08:13:58.547+0000][7][gc,marking  ] GC(172) Concurrent Cleanup for Next Mark 0.749ms
[2022-09-29T08:13:58.548+0000][7][gc          ] GC(172) Concurrent Cycle 121.491ms
[2022-09-29T08:13:59.547+0000][7][safepoint   ] Safepoint "Cleanup", Time since last: 1000457237 ns, Reaching safepoint: 315802 ns, At safepoint: 72198 ns, Total: 388000 ns
[2022-09-29T08:14:18.551+0000][7][safepoint   ] Safepoint "Cleanup", Time since last: 19003994962 ns, Reaching safepoint: 279673 ns, At safepoint: 16011 ns, Total: 295684 ns
[2022-09-29T08:14:34.555+0000][7][safepoint   ] Safepoint "Cleanup", Time since last: 16003581407 ns, Reaching safepoint: 384869 ns, At safepoint: 34325 ns, Total: 419194 ns
[2022-09-29T08:14:53.134+0000][7][gc,start    ] GC(173) Pause Young (Normal) (G1 Evacuation Pause)
[2022-09-29T08:14:53.134+0000][7][gc,task     ] GC(173) Using 6 workers of 13 for evacuation
[2022-09-29T08:14:53.135+0000][7][gc,age      ] GC(173) Desired survivor size 6291456 bytes, new threshold 15 (max threshold 15)
[2022-09-29T08:14:53.141+0000][7][gc,age      ] GC(173) Age table with threshold 15 (max threshold 15)
[2022-09-29T08:14:53.141+0000][7][gc,age      ] GC(173) - age   1:     669960 bytes,     669960 total
[2022-09-29T08:14:53.142+0000][7][gc,age      ] GC(173) - age   2:      27128 bytes,     697088 total
[2022-09-29T08:14:53.142+0000][7][gc,age      ] GC(173) - age   3:       1976 bytes,     699064 total
[2022-09-29T08:14:53.142+0000][7][gc,age      ] GC(173) - age   4:       6640 bytes,     705704 total
[2022-09-29T08:14:53.143+0000][7][gc,age      ] GC(173) - age   5:      19168 bytes,     724872 total
[2022-09-29T08:14:53.143+0000][7][gc,age      ] GC(173) - age   6:       2168 bytes,     727040 total
[2022-09-29T08:14:53.143+0000][7][gc,age      ] GC(173) - age   7:      22576 bytes,     749616 total
[2022-09-29T08:14:53.143+0000][7][gc,age      ] GC(173) - age   8:       2048 bytes,     751664 total
[2022-09-29T08:14:53.144+0000][7][gc,age      ] GC(173) - age   9:      16544 bytes,     768208 total
[2022-09-29T08:14:53.144+0000][7][gc,age      ] GC(173) - age  10:       7328 bytes,     775536 total
[2022-09-29T08:14:53.144+0000][7][gc,age      ] GC(173) - age  11:     162936 bytes,     938472 total
[2022-09-29T08:14:53.145+0000][7][gc,age      ] GC(173) - age  12:      57352 bytes,     995824 total
[2022-09-29T08:14:53.145+0000][7][gc,age      ] GC(173) - age  13:     841352 bytes,    1837176 total
[2022-09-29T08:14:53.145+0000][7][gc,age      ] GC(173) - age  14:    1079368 bytes,    2916544 total
[2022-09-29T08:14:53.145+0000][7][gc,age      ] GC(173) - age  15:     174840 bytes,    3091384 total
[2022-09-29T08:14:53.146+0000][7][gc,phases   ] GC(173)   Pre Evacuate Collection Set: 0.3ms
[2022-09-29T08:14:53.146+0000][7][gc,phases   ] GC(173)   Merge Heap Roots: 0.1ms
[2022-09-29T08:14:53.146+0000][7][gc,phases   ] GC(173)   Evacuate Collection Set: 3.7ms
[2022-09-29T08:14:53.147+0000][7][gc,phases   ] GC(173)   Post Evacuate Collection Set: 1.4ms
[2022-09-29T08:14:53.147+0000][7][gc,phases   ] GC(173)   Other: 6.5ms
[2022-09-29T08:14:53.147+0000][7][gc,heap     ] GC(173) Eden regions: 18->0(20)
[2022-09-29T08:14:53.147+0000][7][gc,heap     ] GC(173) Survivor regions: 2->1(3)
[2022-09-29T08:14:53.148+0000][7][gc,heap     ] GC(173) Old regions: 25->25
[2022-09-29T08:14:53.148+0000][7][gc,heap     ] GC(173) Archive regions: 2->2
[2022-09-29T08:14:53.148+0000][7][gc,heap     ] GC(173) Humongous regions: 5->5
[2022-09-29T08:14:53.148+0000][7][gc,metaspace] GC(173) Metaspace: 115111K(119708K)->115111K(119708K) NonClass: 100407K(103580K)->100407K(103580K) Class: 14704K(16128K)->14704K(16128K)
[2022-09-29T08:14:53.148+0000][7][gc          ] GC(173) Pause Young (Normal) (G1 Evacuation Pause) 199M->125M(256M) 14.789ms
[2022-09-29T08:14:53.149+0000][7][gc,cpu      ] GC(173) User=0.03s Sys=0.00s Real=0.01s
[2022-09-29T08:14:53.149+0000][7][safepoint   ] Safepoint "G1CollectForAllocation", Time since last: 18578245558 ns, Reaching safepoint: 306023 ns, At safepoint: 15399054 ns, Total: 15705077 ns
[2022-09-29T08:14:59.151+0000][7][safepoint   ] Safepoint "Cleanup", Time since last: 6001322445 ns, Reaching safepoint: 386276 ns, At safepoint: 72699 ns, Total: 458975 ns
[2022-09-29T08:15:00.152+0000][7][safepoint   ] Safepoint "Cleanup", Time since last: 1000463960 ns, Reaching safepoint: 433696 ns, At safepoint: 19678 ns, Total: 453374 ns
[2022-09-29T08:15:01.154+0000][7][safepoint   ] Safepoint "Cleanup", Time since last: 1001487715 ns, Reaching safepoint: 511320 ns, At safepoint: 75764 ns, Total: 587084 ns
[2022-09-29T08:15:03.155+0000][7][safepoint   ] Safepoint "Cleanup", Time since last: 2000730323 ns, Reaching safepoint: 290103 ns, At safepoint: 32232 ns, Total: 322335 ns
[2022-09-29T08:15:13.157+0000][7][safepoint   ] Safepoint "Cleanup", Time since last: 10002063390 ns, Reaching safepoint: 250517 ns, At safepoint: 22964 ns, Total: 273481 ns
[2022-09-29T08:15:20.160+0000][7][safepoint   ] Safepoint "Cleanup", Time since last: 7002555082 ns, Reaching safepoint: 535528 ns, At safepoint: 94820 ns, Total: 630348 ns
[2022-09-29T08:15:26.163+0000][7][safepoint   ] Safepoint "Cleanup", Time since last: 6002543352 ns, Reaching safepoint: 479045 ns, At safepoint: 81756 ns, Total: 560801 ns
[2022-09-29T08:15:27.641+0000][7][gc,start    ] GC(174) Pause Young (Concurrent Start) (G1 Evacuation Pause)
[2022-09-29T08:15:27.641+0000][7][gc,task     ] GC(174) Using 6 workers of 13 for evacuation
[2022-09-29T08:15:27.642+0000][7][gc,age      ] GC(174) Desired survivor size 6291456 bytes, new threshold 15 (max threshold 15)
[2022-09-29T08:15:27.646+0000][7][gc,age      ] GC(174) Age table with threshold 15 (max threshold 15)
[2022-09-29T08:15:27.647+0000][7][gc,age      ] GC(174) - age   1:    1381616 bytes,    1381616 total
[2022-09-29T08:15:27.647+0000][7][gc,age      ] GC(174) - age   2:     182248 bytes,    1563864 total
[2022-09-29T08:15:27.647+0000][7][gc,age      ] GC(174) - age   3:      26544 bytes,    1590408 total
[2022-09-29T08:15:27.648+0000][7][gc,age      ] GC(174) - age   4:        896 bytes,    1591304 total
[2022-09-29T08:15:27.648+0000][7][gc,age      ] GC(174) - age   5:       5544 bytes,    1596848 total
[2022-09-29T08:15:27.648+0000][7][gc,age      ] GC(174) - age   6:      18688 bytes,    1615536 total
[2022-09-29T08:15:27.648+0000][7][gc,age      ] GC(174) - age   7:       1848 bytes,    1617384 total
[2022-09-29T08:15:27.648+0000][7][gc,age      ] GC(174) - age   8:      21688 bytes,    1639072 total
[2022-09-29T08:15:27.648+0000][7][gc,age      ] GC(174) - age   9:       1856 bytes,    1640928 total
[2022-09-29T08:15:27.649+0000][7][gc,age      ] GC(174) - age  10:      16128 bytes,    1657056 total
[2022-09-29T08:15:27.649+0000][7][gc,age      ] GC(174) - age  11:       6656 bytes,    1663712 total
[2022-09-29T08:15:27.649+0000][7][gc,age      ] GC(174) - age  12:     162520 bytes,    1826232 total
[2022-09-29T08:15:27.649+0000][7][gc,age      ] GC(174) - age  13:      57352 bytes,    1883584 total
[2022-09-29T08:15:27.649+0000][7][gc,age      ] GC(174) - age  14:     835856 bytes,    2719440 total
[2022-09-29T08:15:27.650+0000][7][gc,age      ] GC(174) - age  15:    1079368 bytes,    3798808 total
[2022-09-29T08:15:27.650+0000][7][gc,phases   ] GC(174)   Pre Evacuate Collection Set: 0.3ms
[2022-09-29T08:15:27.650+0000][7][gc,phases   ] GC(174)   Merge Heap Roots: 0.1ms
[2022-09-29T08:15:27.650+0000][7][gc,phases   ] GC(174)   Evacuate Collection Set: 2.8ms
[2022-09-29T08:15:27.650+0000][7][gc,phases   ] GC(174)   Post Evacuate Collection Set: 1.4ms
[2022-09-29T08:15:27.651+0000][7][gc,phases   ] GC(174)   Other: 4.3ms
[2022-09-29T08:15:27.651+0000][7][gc,heap     ] GC(174) Eden regions: 20->0(20)
[2022-09-29T08:15:27.651+0000][7][gc,heap     ] GC(174) Survivor regions: 1->1(3)
[2022-09-29T08:15:27.651+0000][7][gc,heap     ] GC(174) Old regions: 25->25
[2022-09-29T08:15:27.651+0000][7][gc,heap     ] GC(174) Archive regions: 2->2
[2022-09-29T08:15:27.652+0000][7][gc,heap     ] GC(174) Humongous regions: 5->5
[2022-09-29T08:15:27.652+0000][7][gc,metaspace] GC(174) Metaspace: 115171K(119708K)->115171K(119708K) NonClass: 100456K(103580K)->100456K(103580K) Class: 14714K(16128K)->14714K(16128K)
[2022-09-29T08:15:27.652+0000][7][gc          ] GC(174) Pause Young (Concurrent Start) (G1 Evacuation Pause) 205M->125M(256M) 11.029ms
[2022-09-29T08:15:27.652+0000][7][gc,cpu      ] GC(174) User=0.01s Sys=0.00s Real=0.01s
[2022-09-29T08:15:27.653+0000][7][gc          ] GC(175) Concurrent Cycle
[2022-09-29T08:15:27.653+0000][7][safepoint   ] Safepoint "G1CollectForAllocation", Time since last: 1477173738 ns, Reaching safepoint: 260507 ns, At safepoint: 11917841 ns, Total: 12178348 ns
[2022-09-29T08:15:27.653+0000][7][gc,marking  ] GC(175) Concurrent Clear Claimed Marks
[2022-09-29T08:15:27.654+0000][7][gc,marking  ] GC(175) Concurrent Clear Claimed Marks 0.752ms
[2022-09-29T08:15:27.654+0000][7][gc,marking  ] GC(175) Concurrent Scan Root Regions
[2022-09-29T08:15:27.659+0000][7][gc,marking  ] GC(175) Concurrent Scan Root Regions 4.261ms
[2022-09-29T08:15:27.659+0000][7][gc,marking  ] GC(175) Concurrent Mark (7936.752s)
[2022-09-29T08:15:27.659+0000][7][gc,marking  ] GC(175) Concurrent Mark From Roots
[2022-09-29T08:15:27.660+0000][7][gc,task     ] GC(175) Using 3 workers of 3 for marking
[2022-09-29T08:15:27.718+0000][7][gc,marking  ] GC(175) Concurrent Mark From Roots 58.696ms
[2022-09-29T08:15:27.719+0000][7][gc,marking  ] GC(175) Concurrent Preclean
[2022-09-29T08:15:27.720+0000][7][gc,marking  ] GC(175) Concurrent Preclean 0.868ms
[2022-09-29T08:15:27.720+0000][7][gc,marking  ] GC(175) Concurrent Mark (7936.752s, 7936.813s) 61.044ms
[2022-09-29T08:15:27.721+0000][7][gc,start    ] GC(175) Pause Remark
[2022-09-29T08:15:27.732+0000][7][gc          ] GC(175) Pause Remark 127M->127M(256M) 11.218ms
[2022-09-29T08:15:27.733+0000][7][gc,cpu      ] GC(175) User=0.06s Sys=0.00s Real=0.01s
[2022-09-29T08:15:27.733+0000][7][safepoint   ] Safepoint "G1Concurrent", Time since last: 67648924 ns, Reaching safepoint: 316280 ns, At safepoint: 12169431 ns, Total: 12485711 ns
[2022-09-29T08:15:27.733+0000][7][gc,marking  ] GC(175) Concurrent Rebuild Remembered Sets
[2022-09-29T08:15:27.772+0000][7][gc,marking  ] GC(175) Concurrent Rebuild Remembered Sets 38.795ms
[2022-09-29T08:15:27.773+0000][7][gc,start    ] GC(175) Pause Cleanup
[2022-09-29T08:15:27.774+0000][7][gc          ] GC(175) Pause Cleanup 128M->128M(256M) 0.848ms
[2022-09-29T08:15:27.775+0000][7][gc,cpu      ] GC(175) User=0.00s Sys=0.00s Real=0.00s
[2022-09-29T08:15:27.775+0000][7][safepoint   ] Safepoint "G1Concurrent", Time since last: 39941542 ns, Reaching safepoint: 409210 ns, At safepoint: 1810981 ns, Total: 2220191 ns
[2022-09-29T08:15:27.776+0000][7][gc,marking  ] GC(175) Concurrent Cleanup for Next Mark
[2022-09-29T08:15:27.777+0000][7][gc,marking  ] GC(175) Concurrent Cleanup for Next Mark 0.935ms
[2022-09-29T08:15:27.777+0000][7][gc          ] GC(175) Concurrent Cycle 124.302ms
[2022-09-29T08:15:28.776+0000][7][safepoint   ] Safepoint "Cleanup", Time since last: 1000912006 ns, Reaching safepoint: 398567 ns, At safepoint: 21511 ns, Total: 420078 ns
[2022-09-29T08:15:33.778+0000][7][safepoint   ] Safepoint "Cleanup", Time since last: 5001185398 ns, Reaching safepoint: 524069 ns, At safepoint: 54875 ns, Total: 578944 ns
[2022-09-29T08:15:51.783+0000][7][safepoint   ] Safepoint "Cleanup", Time since last: 18003923791 ns, Reaching safepoint: 377269 ns, At safepoint: 61788 ns, Total: 439057 ns
[2022-09-29T08:15:52.784+0000][7][safepoint   ] Safepoint "Cleanup", Time since last: 1000924317 ns, Reaching safepoint: 315541 ns, At safepoint: 37472 ns, Total: 353013 ns
[2022-09-29T08:15:59.786+0000][7][safepoint   ] Safepoint "Cleanup", Time since last: 7001551226 ns, Reaching safepoint: 324178 ns, At safepoint: 30989 ns, Total: 355167 ns
[2022-09-29T08:16:04.788+0000][7][safepoint   ] Safepoint "Cleanup", Time since last: 5001798807 ns, Reaching safepoint: 611931 ns, At safepoint: 41519 ns, Total: 653450 ns
[2022-09-29T08:16:07.790+0000][7][safepoint   ] Safepoint "Cleanup", Time since last: 3000932013 ns, Reaching safepoint: 984422 ns, At safepoint: 194661 ns, Total: 1179083 ns
[2022-09-29T08:16:14.793+0000][7][safepoint   ] Safepoint "Cleanup", Time since last: 7002274684 ns, Reaching safepoint: 555910 ns, At safepoint: 53632 ns, Total: 609542 ns
[2022-09-29T08:16:20.265+0000][7][gc,start    ] GC(176) Pause Young (Normal) (G1 Evacuation Pause)
[2022-09-29T08:16:20.265+0000][7][gc,task     ] GC(176) Using 6 workers of 13 for evacuation
[2022-09-29T08:16:20.266+0000][7][gc,age      ] GC(176) Desired survivor size 6291456 bytes, new threshold 15 (max threshold 15)
[2022-09-29T08:16:20.277+0000][7][gc,age      ] GC(176) Age table with threshold 15 (max threshold 15)
[2022-09-29T08:16:20.278+0000][7][gc,age      ] GC(176) - age   1:    1601240 bytes,    1601240 total
[2022-09-29T08:16:20.278+0000][7][gc,age      ] GC(176) - age   2:    1078928 bytes,    2680168 total
[2022-09-29T08:16:20.279+0000][7][gc,age      ] GC(176) - age   3:     180440 bytes,    2860608 total
[2022-09-29T08:16:20.279+0000][7][gc,age      ] GC(176) - age   4:       1440 bytes,    2862048 total
[2022-09-29T08:16:20.280+0000][7][gc,age      ] GC(176) - age   5:        896 bytes,    2862944 total
[2022-09-29T08:16:20.280+0000][7][gc,age      ] GC(176) - age   6:       5480 bytes,    2868424 total
[2022-09-29T08:16:20.281+0000][7][gc,age      ] GC(176) - age   7:      18688 bytes,    2887112 total
[2022-09-29T08:16:20.281+0000][7][gc,age      ] GC(176) - age   8:       1512 bytes,    2888624 total
[2022-09-29T08:16:20.282+0000][7][gc,age      ] GC(176) - age   9:      21688 bytes,    2910312 total
[2022-09-29T08:16:20.283+0000][7][gc,age      ] GC(176) - age  10:       1728 bytes,    2912040 total
[2022-09-29T08:16:20.283+0000][7][gc,age      ] GC(176) - age  11:      16064 bytes,    2928104 total
[2022-09-29T08:16:20.284+0000][7][gc,age      ] GC(176) - age  12:       5936 bytes,    2934040 total
[2022-09-29T08:16:20.284+0000][7][gc,age      ] GC(176) - age  13:     159176 bytes,    3093216 total
[2022-09-29T08:16:20.285+0000][7][gc,age      ] GC(176) - age  14:      53488 bytes,    3146704 total
[2022-09-29T08:16:20.285+0000][7][gc,age      ] GC(176) - age  15:     644992 bytes,    3791696 total
[2022-09-29T08:16:20.285+0000][7][gc,phases   ] GC(176)   Pre Evacuate Collection Set: 0.3ms
[2022-09-29T08:16:20.286+0000][7][gc,phases   ] GC(176)   Merge Heap Roots: 0.3ms
[2022-09-29T08:16:20.286+0000][7][gc,phases   ] GC(176)   Evacuate Collection Set: 6.8ms
[2022-09-29T08:16:20.287+0000][7][gc,phases   ] GC(176)   Post Evacuate Collection Set: 2.6ms
[2022-09-29T08:16:20.288+0000][7][gc,phases   ] GC(176)   Other: 10.7ms
[2022-09-29T08:16:20.288+0000][7][gc,heap     ] GC(176) Eden regions: 20->0(19)
[2022-09-29T08:16:20.289+0000][7][gc,heap     ] GC(176) Survivor regions: 1->1(3)
[2022-09-29T08:16:20.289+0000][7][gc,heap     ] GC(176) Old regions: 25->25
[2022-09-29T08:16:20.289+0000][7][gc,heap     ] GC(176) Archive regions: 2->2
[2022-09-29T08:16:20.290+0000][7][gc,heap     ] GC(176) Humongous regions: 5->5
[2022-09-29T08:16:20.290+0000][7][gc,metaspace] GC(176) Metaspace: 115212K(119708K)->115212K(119708K) NonClass: 100496K(103580K)->100496K(103580K) Class: 14715K(16128K)->14715K(16128K)
[2022-09-29T08:16:20.291+0000][7][gc          ] GC(176) Pause Young (Normal) (G1 Evacuation Pause) 205M->126M(256M) 26.095ms
[2022-09-29T08:16:20.291+0000][7][gc,cpu      ] GC(176) User=0.05s Sys=0.00s Real=0.03s
[2022-09-29T08:16:20.292+0000][7][safepoint   ] Safepoint "G1CollectForAllocation", Time since last: 5470058445 ns, Reaching safepoint: 1417011 ns, At safepoint: 27227995 ns, Total: 28645006 ns
[2022-09-29T08:16:42.298+0000][7][safepoint   ] Safepoint "Cleanup", Time since last: 22005114134 ns, Reaching safepoint: 511534 ns, At safepoint: 57229 ns, Total: 568763 ns
[2022-09-29T08:16:48.300+0000][7][safepoint   ] Safepoint "Cleanup", Time since last: 6002277380 ns, Reaching safepoint: 482509 ns, At safepoint: 78179 ns, Total: 560688 ns
[2022-09-29T08:16:59.305+0000][7][safepoint   ] Safepoint "Cleanup", Time since last: 11004088410 ns, Reaching safepoint: 250397 ns, At safepoint: 34496 ns, Total: 284893 ns
[2022-09-29T08:17:00.306+0000][7][safepoint   ] Safepoint "Cleanup", Time since last: 1000450925 ns, Reaching safepoint: 465917 ns, At safepoint: 48833 ns, Total: 514750 ns
[2022-09-29T08:17:03.308+0000][7][safepoint   ] Safepoint "Cleanup", Time since last: 3001226004 ns, Reaching safepoint: 598901 ns, At safepoint: 69022 ns, Total: 667923 ns
[2022-09-29T08:17:07.309+0000][7][safepoint   ] Safepoint "Cleanup", Time since last: 4001068730 ns, Reaching safepoint: 368392 ns, At safepoint: 58862 ns, Total: 427254 ns
[2022-09-29T08:17:07.767+0000][7][gc,start    ] GC(177) Pause Young (Concurrent Start) (G1 Evacuation Pause)
[2022-09-29T08:17:07.768+0000][7][gc,task     ] GC(177) Using 6 workers of 13 for evacuation
[2022-09-29T08:17:07.768+0000][7][gc,age      ] GC(177) Desired survivor size 6291456 bytes, new threshold 15 (max threshold 15)
[2022-09-29T08:17:07.774+0000][7][gc,age      ] GC(177) Age table with threshold 15 (max threshold 15)
[2022-09-29T08:17:07.774+0000][7][gc,age      ] GC(177) - age   1:    1848576 bytes,    1848576 total
[2022-09-29T08:17:07.775+0000][7][gc,age      ] GC(177) - age   2:     944392 bytes,    2792968 total
[2022-09-29T08:17:07.775+0000][7][gc,age      ] GC(177) - age   3:     711736 bytes,    3504704 total
[2022-09-29T08:17:07.775+0000][7][gc,age      ] GC(177) - age   4:     180024 bytes,    3684728 total
[2022-09-29T08:17:07.776+0000][7][gc,age      ] GC(177) - age   5:       1440 bytes,    3686168 total
[2022-09-29T08:17:07.776+0000][7][gc,age      ] GC(177) - age   6:        896 bytes,    3687064 total
[2022-09-29T08:17:07.776+0000][7][gc,age      ] GC(177) - age   7:       5416 bytes,    3692480 total
[2022-09-29T08:17:07.776+0000][7][gc,age      ] GC(177) - age   8:      18560 bytes,    3711040 total
[2022-09-29T08:17:07.776+0000][7][gc,age      ] GC(177) - age   9:       1384 bytes,    3712424 total
[2022-09-29T08:17:07.777+0000][7][gc,age      ] GC(177) - age  10:      21624 bytes,    3734048 total
[2022-09-29T08:17:07.777+0000][7][gc,age      ] GC(177) - age  11:       1664 bytes,    3735712 total
[2022-09-29T08:17:07.777+0000][7][gc,age      ] GC(177) - age  12:      15936 bytes,    3751648 total
[2022-09-29T08:17:07.777+0000][7][gc,age      ] GC(177) - age  13:       5872 bytes,    3757520 total
[2022-09-29T08:17:07.777+0000][7][gc,age      ] GC(177) - age  14:     159176 bytes,    3916696 total
[2022-09-29T08:17:07.778+0000][7][gc,age      ] GC(177) - age  15:      53488 bytes,    3970184 total
[2022-09-29T08:17:07.778+0000][7][gc,phases   ] GC(177)   Pre Evacuate Collection Set: 0.4ms
[2022-09-29T08:17:07.778+0000][7][gc,phases   ] GC(177)   Merge Heap Roots: 0.2ms
[2022-09-29T08:17:07.778+0000][7][gc,phases   ] GC(177)   Evacuate Collection Set: 3.2ms
[2022-09-29T08:17:07.778+0000][7][gc,phases   ] GC(177)   Post Evacuate Collection Set: 1.1ms
[2022-09-29T08:17:07.779+0000][7][gc,phases   ] GC(177)   Other: 5.4ms
[2022-09-29T08:17:07.779+0000][7][gc,heap     ] GC(177) Eden regions: 19->0(18)
[2022-09-29T08:17:07.779+0000][7][gc,heap     ] GC(177) Survivor regions: 1->2(3)
[2022-09-29T08:17:07.780+0000][7][gc,heap     ] GC(177) Old regions: 25->25
[2022-09-29T08:17:07.780+0000][7][gc,heap     ] GC(177) Archive regions: 2->2
[2022-09-29T08:17:07.780+0000][7][gc,heap     ] GC(177) Humongous regions: 5->5
[2022-09-29T08:17:07.780+0000][7][gc,metaspace] GC(177) Metaspace: 115220K(119708K)->115220K(119708K) NonClass: 100504K(103580K)->100504K(103580K) Class: 14716K(16128K)->14716K(16128K)
[2022-09-29T08:17:07.780+0000][7][gc          ] GC(177) Pause Young (Concurrent Start) (G1 Evacuation Pause) 202M->127M(256M) 12.742ms
[2022-09-29T08:17:07.780+0000][7][gc,cpu      ] GC(177) User=0.01s Sys=0.01s Real=0.02s
[2022-09-29T08:17:07.781+0000][7][gc          ] GC(178) Concurrent Cycle
[2022-09-29T08:17:07.781+0000][7][safepoint   ] Safepoint "G1CollectForAllocation", Time since last: 457912691 ns, Reaching safepoint: 299380 ns, At safepoint: 13356823 ns, Total: 13656203 ns
[2022-09-29T08:17:07.781+0000][7][gc,marking  ] GC(178) Concurrent Clear Claimed Marks
[2022-09-29T08:17:07.782+0000][7][gc,marking  ] GC(178) Concurrent Clear Claimed Marks 0.624ms
[2022-09-29T08:17:07.782+0000][7][gc,marking  ] GC(178) Concurrent Scan Root Regions
[2022-09-29T08:17:07.784+0000][7][gc,marking  ] GC(178) Concurrent Scan Root Regions 2.102ms
[2022-09-29T08:17:07.784+0000][7][gc,marking  ] GC(178) Concurrent Mark (8036.877s)
[2022-09-29T08:17:07.784+0000][7][gc,marking  ] GC(178) Concurrent Mark From Roots
[2022-09-29T08:17:07.785+0000][7][gc,task     ] GC(178) Using 3 workers of 3 for marking
[2022-09-29T08:17:07.831+0000][7][gc,marking  ] GC(178) Concurrent Mark From Roots 46.934ms
[2022-09-29T08:17:07.832+0000][7][gc,marking  ] GC(178) Concurrent Preclean
[2022-09-29T08:17:07.832+0000][7][gc,marking  ] GC(178) Concurrent Preclean 0.541ms
[2022-09-29T08:17:07.833+0000][7][gc,marking  ] GC(178) Concurrent Mark (8036.877s, 8036.925s) 48.235ms
[2022-09-29T08:17:07.833+0000][7][gc,start    ] GC(178) Pause Remark
[2022-09-29T08:17:07.845+0000][7][gc          ] GC(178) Pause Remark 129M->129M(256M) 11.361ms
[2022-09-29T08:17:07.845+0000][7][gc,cpu      ] GC(178) User=0.06s Sys=0.00s Real=0.01s
[2022-09-29T08:17:07.845+0000][7][safepoint   ] Safepoint "G1Concurrent", Time since last: 52129148 ns, Reaching safepoint: 351259 ns, At safepoint: 12100359 ns, Total: 12451618 ns
[2022-09-29T08:17:07.846+0000][7][gc,marking  ] GC(178) Concurrent Rebuild Remembered Sets
[2022-09-29T08:17:07.880+0000][7][gc,marking  ] GC(178) Concurrent Rebuild Remembered Sets 34.494ms
[2022-09-29T08:17:07.881+0000][7][gc,start    ] GC(178) Pause Cleanup
[2022-09-29T08:17:07.882+0000][7][gc          ] GC(178) Pause Cleanup 129M->129M(256M) 0.516ms
[2022-09-29T08:17:07.882+0000][7][gc,cpu      ] GC(178) User=0.00s Sys=0.00s Real=0.00s
[2022-09-29T08:17:07.882+0000][7][safepoint   ] Safepoint "G1Concurrent", Time since last: 35371634 ns, Reaching safepoint: 332544 ns, At safepoint: 1225585 ns, Total: 1558129 ns
[2022-09-29T08:17:07.883+0000][7][gc,marking  ] GC(178) Concurrent Cleanup for Next Mark
[2022-09-29T08:17:07.883+0000][7][gc,marking  ] GC(178) Concurrent Cleanup for Next Mark 0.657ms
[2022-09-29T08:17:07.884+0000][7][gc          ] GC(178) Concurrent Cycle 103.099ms
[2022-09-29T08:17:08.883+0000][7][safepoint   ] Safepoint "Cleanup", Time since last: 1000512393 ns, Reaching safepoint: 573012 ns, At safepoint: 57168 ns, Total: 630180 ns
[2022-09-29T08:17:13.885+0000][7][safepoint   ] Safepoint "Cleanup", Time since last: 5001511061 ns, Reaching safepoint: 380896 ns, At safepoint: 42130 ns, Total: 423026 ns
[2022-09-29T08:17:20.888+0000][7][safepoint   ] Safepoint "Cleanup", Time since last: 7001761054 ns, Reaching safepoint: 452042 ns, At safepoint: 24346 ns, Total: 476388 ns
[2022-09-29T08:17:22.889+0000][7][safepoint   ] Safepoint "Cleanup", Time since last: 2000763276 ns, Reaching safepoint: 325621 ns, At safepoint: 51879 ns, Total: 377500 ns
[2022-09-29T08:17:23.890+0000][7][safepoint   ] Safepoint "Cleanup", Time since last: 1000622983 ns, Reaching safepoint: 305161 ns, At safepoint: 14508 ns, Total: 319669 ns
[2022-09-29T08:17:28.891+0000][7][safepoint   ] Safepoint "Cleanup", Time since last: 5001329021 ns, Reaching safepoint: 437286 ns, At safepoint: 44004 ns, Total: 481290 ns
[2022-09-29T08:18:10.544+0000][7][gc,start    ] GC(179) Pause Young (Normal) (G1 Evacuation Pause)
[2022-09-29T08:18:10.544+0000][7][gc,task     ] GC(179) Using 6 workers of 13 for evacuation
[2022-09-29T08:18:10.544+0000][7][gc,age      ] GC(179) Desired survivor size 6291456 bytes, new threshold 15 (max threshold 15)
[2022-09-29T08:18:10.548+0000][7][gc,age      ] GC(179) Age table with threshold 15 (max threshold 15)
[2022-09-29T08:18:10.549+0000][7][gc,age      ] GC(179) - age   1:     876928 bytes,     876928 total
[2022-09-29T08:18:10.549+0000][7][gc,age      ] GC(179) - age   2:     672600 bytes,    1549528 total
[2022-09-29T08:18:10.549+0000][7][gc,age      ] GC(179) - age   3:     941072 bytes,    2490600 total
[2022-09-29T08:18:10.550+0000][7][gc,age      ] GC(179) - age   4:     651856 bytes,    3142456 total
[2022-09-29T08:18:10.550+0000][7][gc,age      ] GC(179) - age   5:     179728 bytes,    3322184 total
[2022-09-29T08:18:10.550+0000][7][gc,age      ] GC(179) - age   6:       1440 bytes,    3323624 total
[2022-09-29T08:18:10.551+0000][7][gc,age      ] GC(179) - age   7:        896 bytes,    3324520 total
[2022-09-29T08:18:10.551+0000][7][gc,age      ] GC(179) - age   8:       5184 bytes,    3329704 total
[2022-09-29T08:18:10.551+0000][7][gc,age      ] GC(179) - age   9:      18560 bytes,    3348264 total
[2022-09-29T08:18:10.552+0000][7][gc,age      ] GC(179) - age  10:       1344 bytes,    3349608 total
[2022-09-29T08:18:10.552+0000][7][gc,age      ] GC(179) - age  11:      21624 bytes,    3371232 total
[2022-09-29T08:18:10.552+0000][7][gc,age      ] GC(179) - age  12:       1664 bytes,    3372896 total
[2022-09-29T08:18:10.552+0000][7][gc,age      ] GC(179) - age  13:      15936 bytes,    3388832 total
[2022-09-29T08:18:10.553+0000][7][gc,age      ] GC(179) - age  14:       5872 bytes,    3394704 total
[2022-09-29T08:18:10.553+0000][7][gc,age      ] GC(179) - age  15:     159112 bytes,    3553816 total
[2022-09-29T08:18:10.553+0000][7][gc,phases   ] GC(179)   Pre Evacuate Collection Set: 0.2ms
[2022-09-29T08:18:10.553+0000][7][gc,phases   ] GC(179)   Merge Heap Roots: 0.1ms
[2022-09-29T08:18:10.554+0000][7][gc,phases   ] GC(179)   Evacuate Collection Set: 2.0ms
[2022-09-29T08:18:10.554+0000][7][gc,phases   ] GC(179)   Post Evacuate Collection Set: 1.3ms
[2022-09-29T08:18:10.554+0000][7][gc,phases   ] GC(179)   Other: 5.6ms
[2022-09-29T08:18:10.554+0000][7][gc,heap     ] GC(179) Eden regions: 18->0(18)
[2022-09-29T08:18:10.554+0000][7][gc,heap     ] GC(179) Survivor regions: 2->1(3)
[2022-09-29T08:18:10.555+0000][7][gc,heap     ] GC(179) Old regions: 25->26
[2022-09-29T08:18:10.555+0000][7][gc,heap     ] GC(179) Archive regions: 2->2
[2022-09-29T08:18:10.555+0000][7][gc,heap     ] GC(179) Humongous regions: 5->5
[2022-09-29T08:18:10.555+0000][7][gc,metaspace] GC(179) Metaspace: 115221K(119708K)->115221K(119708K) NonClass: 100504K(103580K)->100504K(103580K) Class: 14716K(16128K)->14716K(16128K)
[2022-09-29T08:18:10.555+0000][7][gc          ] GC(179) Pause Young (Normal) (G1 Evacuation Pause) 199M->127M(256M) 11.476ms
[2022-09-29T08:18:10.556+0000][7][gc,cpu      ] GC(179) User=0.02s Sys=0.00s Real=0.01s
[2022-09-29T08:18:10.556+0000][7][safepoint   ] Safepoint "G1CollectForAllocation", Time since last: 41652109298 ns, Reaching safepoint: 291636 ns, At safepoint: 12263690 ns, Total: 12555326 ns
[2022-09-29T08:18:11.557+0000][7][safepoint   ] Safepoint "Cleanup", Time since last: 1000539714 ns, Reaching safepoint: 514921 ns, At safepoint: 72749 ns, Total: 587670 ns
[2022-09-29T08:18:19.559+0000][7][safepoint   ] Safepoint "Cleanup", Time since last: 8001719503 ns, Reaching safepoint: 292898 ns, At safepoint: 13296 ns, Total: 306194 ns
[2022-09-29T08:18:20.560+0000][7][safepoint   ] Safepoint "Cleanup", Time since last: 1000729515 ns, Reaching safepoint: 383852 ns, At safepoint: 59503 ns, Total: 443355 ns
[2022-09-29T08:18:22.562+0000][7][safepoint   ] Safepoint "Cleanup", Time since last: 2000868297 ns, Reaching safepoint: 414740 ns, At safepoint: 59383 ns, Total: 474123 ns
[2022-09-29T08:18:23.563+0000][7][safepoint   ] Safepoint "Cleanup", Time since last: 1000694341 ns, Reaching safepoint: 463902 ns, At safepoint: 52620 ns, Total: 516522 ns
[2022-09-29T08:19:07.573+0000][7][safepoint   ] Safepoint "Cleanup", Time since last: 44009482896 ns, Reaching safepoint: 298010 ns, At safepoint: 31881 ns, Total: 329891 ns
[2022-09-29T08:19:13.270+0000][7][gc,start    ] GC(180) Pause Young (Concurrent Start) (G1 Evacuation Pause)
[2022-09-29T08:19:13.270+0000][7][gc,task     ] GC(180) Using 6 workers of 13 for evacuation
[2022-09-29T08:19:13.270+0000][7][gc,age      ] GC(180) Desired survivor size 6291456 bytes, new threshold 15 (max threshold 15)
[2022-09-29T08:19:13.276+0000][7][gc,age      ] GC(180) Age table with threshold 15 (max threshold 15)
[2022-09-29T08:19:13.277+0000][7][gc,age      ] GC(180) - age   1:    1098280 bytes,    1098280 total
[2022-09-29T08:19:13.277+0000][7][gc,age      ] GC(180) - age   2:      48320 bytes,    1146600 total
[2022-09-29T08:19:13.277+0000][7][gc,age      ] GC(180) - age   3:     447328 bytes,    1593928 total
[2022-09-29T08:19:13.278+0000][7][gc,age      ] GC(180) - age   4:     296472 bytes,    1890400 total
[2022-09-29T08:19:13.278+0000][7][gc,age      ] GC(180) - age   5:     361512 bytes,    2251912 total
[2022-09-29T08:19:13.278+0000][7][gc,age      ] GC(180) - age   6:     179624 bytes,    2431536 total
[2022-09-29T08:19:13.279+0000][7][gc,age      ] GC(180) - age   7:       1440 bytes,    2432976 total
[2022-09-29T08:19:13.279+0000][7][gc,age      ] GC(180) - age   8:        896 bytes,    2433872 total
[2022-09-29T08:19:13.279+0000][7][gc,age      ] GC(180) - age   9:       4888 bytes,    2438760 total
[2022-09-29T08:19:13.280+0000][7][gc,age      ] GC(180) - age  10:      18560 bytes,    2457320 total
[2022-09-29T08:19:13.280+0000][7][gc,age      ] GC(180) - age  11:       1344 bytes,    2458664 total
[2022-09-29T08:19:13.280+0000][7][gc,age      ] GC(180) - age  12:      21560 bytes,    2480224 total
[2022-09-29T08:19:13.280+0000][7][gc,age      ] GC(180) - age  13:       1664 bytes,    2481888 total
[2022-09-29T08:19:13.281+0000][7][gc,age      ] GC(180) - age  14:        984 bytes,    2482872 total
[2022-09-29T08:19:13.281+0000][7][gc,age      ] GC(180) - age  15:       5872 bytes,    2488744 total
[2022-09-29T08:19:13.281+0000][7][gc,phases   ] GC(180)   Pre Evacuate Collection Set: 0.3ms
[2022-09-29T08:19:13.282+0000][7][gc,phases   ] GC(180)   Merge Heap Roots: 0.1ms
[2022-09-29T08:19:13.282+0000][7][gc,phases   ] GC(180)   Evacuate Collection Set: 3.3ms
[2022-09-29T08:19:13.282+0000][7][gc,phases   ] GC(180)   Post Evacuate Collection Set: 1.8ms
[2022-09-29T08:19:13.283+0000][7][gc,phases   ] GC(180)   Other: 6.2ms
[2022-09-29T08:19:13.283+0000][7][gc,heap     ] GC(180) Eden regions: 18->0(19)
[2022-09-29T08:19:13.283+0000][7][gc,heap     ] GC(180) Survivor regions: 1->1(3)
[2022-09-29T08:19:13.284+0000][7][gc,heap     ] GC(180) Old regions: 26->26
[2022-09-29T08:19:13.284+0000][7][gc,heap     ] GC(180) Archive regions: 2->2
[2022-09-29T08:19:13.284+0000][7][gc,heap     ] GC(180) Humongous regions: 5->5
[2022-09-29T08:19:13.285+0000][7][gc,metaspace] GC(180) Metaspace: 115226K(119708K)->115226K(119708K) NonClass: 100509K(103580K)->100509K(103580K) Class: 14716K(16128K)->14716K(16128K)
[2022-09-29T08:19:13.285+0000][7][gc          ] GC(180) Pause Young (Concurrent Start) (G1 Evacuation Pause) 199M->126M(256M) 15.250ms
[2022-09-29T08:19:13.285+0000][7][gc,cpu      ] GC(180) User=0.03s Sys=0.00s Real=0.01s
[2022-09-29T08:19:13.285+0000][7][gc          ] GC(181) Concurrent Cycle
[2022-09-29T08:19:13.286+0000][7][safepoint   ] Safepoint "G1CollectForAllocation", Time since last: 5696403768 ns, Reaching safepoint: 299841 ns, At safepoint: 16001082 ns, Total: 16300923 ns
[2022-09-29T08:19:13.286+0000][7][gc,marking  ] GC(181) Concurrent Clear Claimed Marks
[2022-09-29T08:19:13.286+0000][7][gc,marking  ] GC(181) Concurrent Clear Claimed Marks 0.737ms
[2022-09-29T08:19:13.287+0000][7][gc,marking  ] GC(181) Concurrent Scan Root Regions
[2022-09-29T08:19:13.290+0000][7][gc,marking  ] GC(181) Concurrent Scan Root Regions 3.219ms
[2022-09-29T08:19:13.290+0000][7][gc,marking  ] GC(181) Concurrent Mark (8162.383s)
[2022-09-29T08:19:13.291+0000][7][gc,marking  ] GC(181) Concurrent Mark From Roots
[2022-09-29T08:19:13.291+0000][7][gc,task     ] GC(181) Using 3 workers of 3 for marking
[2022-09-29T08:19:13.355+0000][7][gc,marking  ] GC(181) Concurrent Mark From Roots 63.965ms
[2022-09-29T08:19:13.355+0000][7][gc,marking  ] GC(181) Concurrent Preclean
[2022-09-29T08:19:13.356+0000][7][gc,marking  ] GC(181) Concurrent Preclean 0.940ms
[2022-09-29T08:19:13.357+0000][7][gc,marking  ] GC(181) Concurrent Mark (8162.383s, 8162.449s) 66.390ms
[2022-09-29T08:19:13.358+0000][7][gc,start    ] GC(181) Pause Remark
[2022-09-29T08:19:13.368+0000][7][gc          ] GC(181) Pause Remark 127M->127M(256M) 9.729ms
[2022-09-29T08:19:13.368+0000][7][gc,cpu      ] GC(181) User=0.04s Sys=0.00s Real=0.01s
[2022-09-29T08:19:13.369+0000][7][safepoint   ] Safepoint "G1Concurrent", Time since last: 71848074 ns, Reaching safepoint: 376086 ns, At safepoint: 10801084 ns, Total: 11177170 ns
[2022-09-29T08:19:13.369+0000][7][gc,marking  ] GC(181) Concurrent Rebuild Remembered Sets
[2022-09-29T08:19:13.410+0000][7][gc,marking  ] GC(181) Concurrent Rebuild Remembered Sets 41.269ms
[2022-09-29T08:19:13.411+0000][7][gc,start    ] GC(181) Pause Cleanup
[2022-09-29T08:19:13.412+0000][7][gc          ] GC(181) Pause Cleanup 127M->127M(256M) 0.776ms
[2022-09-29T08:19:13.412+0000][7][gc,cpu      ] GC(181) User=0.01s Sys=0.00s Real=0.00s
[2022-09-29T08:19:13.413+0000][7][safepoint   ] Safepoint "G1Concurrent", Time since last: 42129973 ns, Reaching safepoint: 414299 ns, At safepoint: 1631849 ns, Total: 2046148 ns
[2022-09-29T08:19:13.413+0000][7][gc,marking  ] GC(181) Concurrent Cleanup for Next Mark
[2022-09-29T08:19:13.414+0000][7][gc,marking  ] GC(181) Concurrent Cleanup for Next Mark 0.815ms
[2022-09-29T08:19:13.414+0000][7][gc          ] GC(181) Concurrent Cycle 129.028ms
[2022-09-29T08:20:01.422+0000][7][safepoint   ] Safepoint "Cleanup", Time since last: 48009469083 ns, Reaching safepoint: 254936 ns, At safepoint: 32211 ns, Total: 287147 ns
[2022-09-29T08:20:03.424+0000][7][safepoint   ] Safepoint "Cleanup", Time since last: 2000662294 ns, Reaching safepoint: 389712 ns, At safepoint: 38464 ns, Total: 428176 ns
[2022-09-29T08:20:06.425+0000][7][safepoint   ] Safepoint "Cleanup", Time since last: 3001069566 ns, Reaching safepoint: 322504 ns, At safepoint: 47921 ns, Total: 370425 ns
[2022-09-29T08:20:17.428+0000][7][safepoint   ] Safepoint "Cleanup", Time since last: 11002265726 ns, Reaching safepoint: 335587 ns, At safepoint: 32472 ns, Total: 368059 ns
[2022-09-29T08:20:17.817+0000][7][gc,start    ] GC(182) Pause Young (Normal) (G1 Evacuation Pause)
[2022-09-29T08:20:17.817+0000][7][gc,task     ] GC(182) Using 6 workers of 13 for evacuation
[2022-09-29T08:20:17.818+0000][7][gc,age      ] GC(182) Desired survivor size 6291456 bytes, new threshold 15 (max threshold 15)
[2022-09-29T08:20:17.822+0000][7][gc,age      ] GC(182) Age table with threshold 15 (max threshold 15)
[2022-09-29T08:20:17.822+0000][7][gc,age      ] GC(182) - age   1:     890376 bytes,     890376 total
[2022-09-29T08:20:17.823+0000][7][gc,age      ] GC(182) - age   2:     695088 bytes,    1585464 total
[2022-09-29T08:20:17.823+0000][7][gc,age      ] GC(182) - age   3:      47552 bytes,    1633016 total
[2022-09-29T08:20:17.823+0000][7][gc,age      ] GC(182) - age   4:     379408 bytes,    2012424 total
[2022-09-29T08:20:17.824+0000][7][gc,age      ] GC(182) - age   5:     257192 bytes,    2269616 total
[2022-09-29T08:20:17.824+0000][7][gc,age      ] GC(182) - age   6:     361160 bytes,    2630776 total
[2022-09-29T08:20:17.824+0000][7][gc,age      ] GC(182) - age   7:     163472 bytes,    2794248 total
[2022-09-29T08:20:17.825+0000][7][gc,age      ] GC(182) - age   8:        904 bytes,    2795152 total
[2022-09-29T08:20:17.825+0000][7][gc,age      ] GC(182) - age   9:        896 bytes,    2796048 total
[2022-09-29T08:20:17.825+0000][7][gc,age      ] GC(182) - age  10:       4888 bytes,    2800936 total
[2022-09-29T08:20:17.826+0000][7][gc,age      ] GC(182) - age  11:      17600 bytes,    2818536 total
[2022-09-29T08:20:17.826+0000][7][gc,age      ] GC(182) - age  12:        768 bytes,    2819304 total
[2022-09-29T08:20:17.826+0000][7][gc,age      ] GC(182) - age  13:      21560 bytes,    2840864 total
[2022-09-29T08:20:17.826+0000][7][gc,age      ] GC(182) - age  14:       1664 bytes,    2842528 total
[2022-09-29T08:20:17.826+0000][7][gc,age      ] GC(182) - age  15:        376 bytes,    2842904 total
[2022-09-29T08:20:17.827+0000][7][gc,phases   ] GC(182)   Pre Evacuate Collection Set: 0.2ms
[2022-09-29T08:20:17.827+0000][7][gc,phases   ] GC(182)   Merge Heap Roots: 0.1ms
[2022-09-29T08:20:17.827+0000][7][gc,phases   ] GC(182)   Evacuate Collection Set: 2.0ms
[2022-09-29T08:20:17.827+0000][7][gc,phases   ] GC(182)   Post Evacuate Collection Set: 1.5ms
[2022-09-29T08:20:17.828+0000][7][gc,phases   ] GC(182)   Other: 6.1ms
[2022-09-29T08:20:17.828+0000][7][gc,heap     ] GC(182) Eden regions: 19->0(19)
[2022-09-29T08:20:17.829+0000][7][gc,heap     ] GC(182) Survivor regions: 1->1(3)
[2022-09-29T08:20:17.829+0000][7][gc,heap     ] GC(182) Old regions: 26->26
[2022-09-29T08:20:17.829+0000][7][gc,heap     ] GC(182) Archive regions: 2->2
[2022-09-29T08:20:17.829+0000][7][gc,heap     ] GC(182) Humongous regions: 5->5
[2022-09-29T08:20:17.829+0000][7][gc,metaspace] GC(182) Metaspace: 115230K(119708K)->115230K(119708K) NonClass: 100513K(103580K)->100513K(103580K) Class: 14716K(16128K)->14716K(16128K)
[2022-09-29T08:20:17.830+0000][7][gc          ] GC(182) Pause Young (Normal) (G1 Evacuation Pause) 202M->127M(256M) 12.831ms
[2022-09-29T08:20:17.830+0000][7][gc,cpu      ] GC(182) User=0.02s Sys=0.00s Real=0.02s
[2022-09-29T08:20:17.830+0000][7][safepoint   ] Safepoint "G1CollectForAllocation", Time since last: 388838801 ns, Reaching safepoint: 304641 ns, At safepoint: 13417709 ns, Total: 13722350 ns
[2022-09-29T08:21:02.840+0000][7][safepoint   ] Safepoint "Cleanup", Time since last: 45009501168 ns, Reaching safepoint: 301592 ns, At safepoint: 59374 ns, Total: 360966 ns
[2022-09-29T08:21:16.844+0000][7][safepoint   ] Safepoint "Cleanup", Time since last: 14003384881 ns, Reaching safepoint: 289232 ns, At safepoint: 48121 ns, Total: 337353 ns
[2022-09-29T08:21:19.679+0000][7][gc,start    ] GC(183) Pause Young (Concurrent Start) (G1 Evacuation Pause)
[2022-09-29T08:21:19.679+0000][7][gc,task     ] GC(183) Using 6 workers of 13 for evacuation
[2022-09-29T08:21:19.680+0000][7][gc,age      ] GC(183) Desired survivor size 6291456 bytes, new threshold 15 (max threshold 15)
[2022-09-29T08:21:19.685+0000][7][gc,age      ] GC(183) Age table with threshold 15 (max threshold 15)
[2022-09-29T08:21:19.685+0000][7][gc,age      ] GC(183) - age   1:    1626608 bytes,    1626608 total
[2022-09-29T08:21:19.686+0000][7][gc,age      ] GC(183) - age   2:     742416 bytes,    2369024 total
[2022-09-29T08:21:19.686+0000][7][gc,age      ] GC(183) - age   3:     679280 bytes,    3048304 total
[2022-09-29T08:21:19.686+0000][7][gc,age      ] GC(183) - age   4:      47456 bytes,    3095760 total
[2022-09-29T08:21:19.687+0000][7][gc,age      ] GC(183) - age   5:     378888 bytes,    3474648 total
[2022-09-29T08:21:19.687+0000][7][gc,age      ] GC(183) - age   6:     257000 bytes,    3731648 total
[2022-09-29T08:21:19.687+0000][7][gc,age      ] GC(183) - age   7:     360936 bytes,    4092584 total
[2022-09-29T08:21:19.688+0000][7][gc,age      ] GC(183) - age   8:     147320 bytes,    4239904 total
[2022-09-29T08:21:19.688+0000][7][gc,age      ] GC(183) - age   9:        904 bytes,    4240808 total
[2022-09-29T08:21:19.688+0000][7][gc,age      ] GC(183) - age  10:        896 bytes,    4241704 total
[2022-09-29T08:21:19.689+0000][7][gc,age      ] GC(183) - age  11:       4824 bytes,    4246528 total
[2022-09-29T08:21:19.689+0000][7][gc,age      ] GC(183) - age  12:      17600 bytes,    4264128 total
[2022-09-29T08:21:19.689+0000][7][gc,age      ] GC(183) - age  13:        768 bytes,    4264896 total
[2022-09-29T08:21:19.690+0000][7][gc,age      ] GC(183) - age  14:      21560 bytes,    4286456 total
[2022-09-29T08:21:19.690+0000][7][gc,age      ] GC(183) - age  15:       1664 bytes,    4288120 total
[2022-09-29T08:21:19.690+0000][7][gc,phases   ] GC(183)   Pre Evacuate Collection Set: 0.4ms
[2022-09-29T08:21:19.691+0000][7][gc,phases   ] GC(183)   Merge Heap Roots: 0.1ms
[2022-09-29T08:21:19.691+0000][7][gc,phases   ] GC(183)   Evacuate Collection Set: 2.4ms
[2022-09-29T08:21:19.691+0000][7][gc,phases   ] GC(183)   Post Evacuate Collection Set: 1.7ms
[2022-09-29T08:21:19.692+0000][7][gc,phases   ] GC(183)   Other: 7.1ms
[2022-09-29T08:21:19.692+0000][7][gc,heap     ] GC(183) Eden regions: 19->0(17)
[2022-09-29T08:21:19.692+0000][7][gc,heap     ] GC(183) Survivor regions: 1->2(3)
[2022-09-29T08:21:19.692+0000][7][gc,heap     ] GC(183) Old regions: 26->26
[2022-09-29T08:21:19.693+0000][7][gc,heap     ] GC(183) Archive regions: 2->2
[2022-09-29T08:21:19.693+0000][7][gc,heap     ] GC(183) Humongous regions: 5->5
[2022-09-29T08:21:19.693+0000][7][gc,metaspace] GC(183) Metaspace: 115237K(119708K)->115237K(119708K) NonClass: 100520K(103580K)->100520K(103580K) Class: 14716K(16128K)->14716K(16128K)
[2022-09-29T08:21:19.693+0000][7][gc          ] GC(183) Pause Young (Concurrent Start) (G1 Evacuation Pause) 203M->128M(256M) 14.502ms
[2022-09-29T08:21:19.694+0000][7][gc,cpu      ] GC(183) User=0.02s Sys=0.00s Real=0.02s
[2022-09-29T08:21:19.694+0000][7][safepoint   ] Safepoint "G1CollectForAllocation", Time since last: 2834534466 ns, Reaching safepoint: 416112 ns, At safepoint: 15171441 ns, Total: 15587553 ns
[2022-09-29T08:21:19.694+0000][7][gc          ] GC(184) Concurrent Cycle
[2022-09-29T08:21:19.695+0000][7][gc,marking  ] GC(184) Concurrent Clear Claimed Marks
[2022-09-29T08:21:19.695+0000][7][gc,marking  ] GC(184) Concurrent Clear Claimed Marks 0.638ms
[2022-09-29T08:21:19.696+0000][7][gc,marking  ] GC(184) Concurrent Scan Root Regions
[2022-09-29T08:21:19.699+0000][7][gc,marking  ] GC(184) Concurrent Scan Root Regions 3.213ms
[2022-09-29T08:21:19.699+0000][7][gc,marking  ] GC(184) Concurrent Mark (8288.792s)
[2022-09-29T08:21:19.700+0000][7][gc,marking  ] GC(184) Concurrent Mark From Roots
[2022-09-29T08:21:19.700+0000][7][gc,task     ] GC(184) Using 3 workers of 3 for marking
[2022-09-29T08:21:19.766+0000][7][gc,marking  ] GC(184) Concurrent Mark From Roots 66.205ms
[2022-09-29T08:21:19.767+0000][7][gc,marking  ] GC(184) Concurrent Preclean
[2022-09-29T08:21:19.768+0000][7][gc,marking  ] GC(184) Concurrent Preclean 1.023ms
[2022-09-29T08:21:19.768+0000][7][gc,marking  ] GC(184) Concurrent Mark (8288.792s, 8288.861s) 68.884ms
[2022-09-29T08:21:19.769+0000][7][gc,start    ] GC(184) Pause Remark
[2022-09-29T08:21:19.782+0000][7][gc          ] GC(184) Pause Remark 128M->128M(256M) 12.186ms
[2022-09-29T08:21:19.782+0000][7][gc,cpu      ] GC(184) User=0.06s Sys=0.00s Real=0.01s
[2022-09-29T08:21:19.783+0000][7][safepoint   ] Safepoint "G1Concurrent", Time since last: 75041169 ns, Reaching safepoint: 500514 ns, At safepoint: 13149327 ns, Total: 13649841 ns
[2022-09-29T08:21:19.783+0000][7][gc,marking  ] GC(184) Concurrent Rebuild Remembered Sets
[2022-09-29T08:21:19.834+0000][7][gc,marking  ] GC(184) Concurrent Rebuild Remembered Sets 50.804ms
[2022-09-29T08:21:19.835+0000][7][gc,start    ] GC(184) Pause Cleanup
[2022-09-29T08:21:19.836+0000][7][gc          ] GC(184) Pause Cleanup 129M->129M(256M) 0.795ms
[2022-09-29T08:21:19.836+0000][7][gc,cpu      ] GC(184) User=0.00s Sys=0.00s Real=0.00s
[2022-09-29T08:21:19.837+0000][7][safepoint   ] Safepoint "G1Concurrent", Time since last: 52028947 ns, Reaching safepoint: 502693 ns, At safepoint: 1582887 ns, Total: 2085580 ns
[2022-09-29T08:21:19.837+0000][7][gc,marking  ] GC(184) Concurrent Cleanup for Next Mark
[2022-09-29T08:21:19.838+0000][7][gc,marking  ] GC(184) Concurrent Cleanup for Next Mark 0.801ms
[2022-09-29T08:21:19.838+0000][7][gc          ] GC(184) Concurrent Cycle 144.540ms
[2022-09-29T08:21:20.838+0000][7][safepoint   ] Safepoint "Cleanup", Time since last: 1000566254 ns, Reaching safepoint: 349466 ns, At safepoint: 59894 ns, Total: 409360 ns
[2022-09-29T08:21:53.845+0000][7][safepoint   ] Safepoint "Cleanup", Time since last: 33006880199 ns, Reaching safepoint: 251993 ns, At safepoint: 33885 ns, Total: 285878 ns
[2022-09-29T08:22:02.848+0000][7][safepoint   ] Safepoint "Cleanup", Time since last: 9002317333 ns, Reaching safepoint: 335940 ns, At safepoint: 49825 ns, Total: 385765 ns
[2022-09-29T08:22:22.538+0000][7][gc,start    ] GC(185) Pause Young (Normal) (G1 Evacuation Pause)
[2022-09-29T08:22:22.538+0000][7][gc,task     ] GC(185) Using 6 workers of 13 for evacuation
[2022-09-29T08:22:22.539+0000][7][gc,age      ] GC(185) Desired survivor size 6291456 bytes, new threshold 15 (max threshold 15)
[2022-09-29T08:22:22.544+0000][7][gc,age      ] GC(185) Age table with threshold 15 (max threshold 15)
[2022-09-29T08:22:22.544+0000][7][gc,age      ] GC(185) - age   1:    1412392 bytes,    1412392 total
[2022-09-29T08:22:22.544+0000][7][gc,age      ] GC(185) - age   2:      27320 bytes,    1439712 total
[2022-09-29T08:22:22.545+0000][7][gc,age      ] GC(185) - age   3:     135344 bytes,    1575056 total
[2022-09-29T08:22:22.545+0000][7][gc,age      ] GC(185) - age   4:     539072 bytes,    2114128 total
[2022-09-29T08:22:22.545+0000][7][gc,age      ] GC(185) - age   5:      46848 bytes,    2160976 total
[2022-09-29T08:22:22.546+0000][7][gc,age      ] GC(185) - age   6:     355576 bytes,    2516552 total
[2022-09-29T08:22:22.546+0000][7][gc,age      ] GC(185) - age   7:     219968 bytes,    2736520 total
[2022-09-29T08:22:22.546+0000][7][gc,age      ] GC(185) - age   8:      40296 bytes,    2776816 total
[2022-09-29T08:22:22.546+0000][7][gc,age      ] GC(185) - age   9:       2784 bytes,    2779600 total
[2022-09-29T08:22:22.547+0000][7][gc,age      ] GC(185) - age  10:        904 bytes,    2780504 total
[2022-09-29T08:22:22.547+0000][7][gc,age      ] GC(185) - age  11:        896 bytes,    2781400 total
[2022-09-29T08:22:22.547+0000][7][gc,age      ] GC(185) - age  12:       4760 bytes,    2786160 total
[2022-09-29T08:22:22.548+0000][7][gc,age      ] GC(185) - age  13:      17600 bytes,    2803760 total
[2022-09-29T08:22:22.548+0000][7][gc,age      ] GC(185) - age  14:        768 bytes,    2804528 total
[2022-09-29T08:22:22.549+0000][7][gc,age      ] GC(185) - age  15:       2208 bytes,    2806736 total
[2022-09-29T08:22:22.549+0000][7][gc,phases   ] GC(185)   Pre Evacuate Collection Set: 0.2ms
[2022-09-29T08:22:22.550+0000][7][gc,phases   ] GC(185)   Merge Heap Roots: 0.1ms
[2022-09-29T08:22:22.550+0000][7][gc,phases   ] GC(185)   Evacuate Collection Set: 2.1ms
[2022-09-29T08:22:22.550+0000][7][gc,phases   ] GC(185)   Post Evacuate Collection Set: 1.6ms
[2022-09-29T08:22:22.551+0000][7][gc,phases   ] GC(185)   Other: 7.1ms
[2022-09-29T08:22:22.551+0000][7][gc,heap     ] GC(185) Eden regions: 17->0(18)
[2022-09-29T08:22:22.551+0000][7][gc,heap     ] GC(185) Survivor regions: 2->1(3)
[2022-09-29T08:22:22.551+0000][7][gc,heap     ] GC(185) Old regions: 26->26
[2022-09-29T08:22:22.552+0000][7][gc,heap     ] GC(185) Archive regions: 2->2
[2022-09-29T08:22:22.552+0000][7][gc,heap     ] GC(185) Humongous regions: 5->5
[2022-09-29T08:22:22.552+0000][7][gc,metaspace] GC(185) Metaspace: 115247K(119708K)->115247K(119708K) NonClass: 100531K(103580K)->100531K(103580K) Class: 14716K(16128K)->14716K(16128K)
[2022-09-29T08:22:22.553+0000][7][gc          ] GC(185) Pause Young (Normal) (G1 Evacuation Pause) 196M->127M(256M) 14.440ms
[2022-09-29T08:22:22.553+0000][7][gc,cpu      ] GC(185) User=0.02s Sys=0.00s Real=0.02s
[2022-09-29T08:22:22.553+0000][7][safepoint   ] Safepoint "G1CollectForAllocation", Time since last: 19690058204 ns, Reaching safepoint: 413799 ns, At safepoint: 15204468 ns, Total: 15618267 ns
[2022-09-29T08:22:23.555+0000][7][safepoint   ] Safepoint "Cleanup", Time since last: 1000577799 ns, Reaching safepoint: 790447 ns, At safepoint: 83018 ns, Total: 873465 ns
[2022-09-29T08:23:03.563+0000][7][safepoint   ] Safepoint "Cleanup", Time since last: 40007809213 ns, Reaching safepoint: 280344 ns, At safepoint: 24066 ns, Total: 304410 ns
[2022-09-29T08:23:30.010+0000][7][gc,start    ] GC(186) Pause Young (Concurrent Start) (G1 Evacuation Pause)
[2022-09-29T08:23:30.013+0000][7][gc,task     ] GC(186) Using 6 workers of 13 for evacuation
[2022-09-29T08:23:30.014+0000][7][gc,age      ] GC(186) Desired survivor size 6291456 bytes, new threshold 15 (max threshold 15)
[2022-09-29T08:23:30.030+0000][7][gc,age      ] GC(186) Age table with threshold 15 (max threshold 15)
[2022-09-29T08:23:30.032+0000][7][gc,age      ] GC(186) - age   1:     717232 bytes,     717232 total
[2022-09-29T08:23:30.033+0000][7][gc,age      ] GC(186) - age   2:     380456 bytes,    1097688 total
[2022-09-29T08:23:30.034+0000][7][gc,age      ] GC(186) - age   3:      18152 bytes,    1115840 total
[2022-09-29T08:23:30.034+0000][7][gc,age      ] GC(186) - age   4:     107672 bytes,    1223512 total
[2022-09-29T08:23:30.035+0000][7][gc,age      ] GC(186) - age   5:     440168 bytes,    1663680 total
[2022-09-29T08:23:30.039+0000][7][gc,age      ] GC(186) - age   6:      46656 bytes,    1710336 total
[2022-09-29T08:23:30.039+0000][7][gc,age      ] GC(186) - age   7:     353280 bytes,    2063616 total
[2022-09-29T08:23:30.040+0000][7][gc,age      ] GC(186) - age   8:     219872 bytes,    2283488 total
[2022-09-29T08:23:30.041+0000][7][gc,age      ] GC(186) - age   9:      40104 bytes,    2323592 total
[2022-09-29T08:23:30.041+0000][7][gc,age      ] GC(186) - age  10:       2744 bytes,    2326336 total
[2022-09-29T08:23:30.042+0000][7][gc,age      ] GC(186) - age  11:        672 bytes,    2327008 total
[2022-09-29T08:23:30.042+0000][7][gc,age      ] GC(186) - age  12:        896 bytes,    2327904 total
[2022-09-29T08:23:30.043+0000][7][gc,age      ] GC(186) - age  13:       4760 bytes,    2332664 total
[2022-09-29T08:23:30.043+0000][7][gc,age      ] GC(186) - age  14:      17600 bytes,    2350264 total
[2022-09-29T08:23:30.044+0000][7][gc,age      ] GC(186) - age  15:        768 bytes,    2351032 total
[2022-09-29T08:23:30.044+0000][7][gc,phases   ] GC(186)   Pre Evacuate Collection Set: 0.5ms
[2022-09-29T08:23:30.045+0000][7][gc,phases   ] GC(186)   Merge Heap Roots: 0.3ms
[2022-09-29T08:23:30.045+0000][7][gc,phases   ] GC(186)   Evacuate Collection Set: 10.9ms
[2022-09-29T08:23:30.046+0000][7][gc,phases   ] GC(186)   Post Evacuate Collection Set: 2.5ms
[2022-09-29T08:23:30.047+0000][7][gc,phases   ] GC(186)   Other: 19.8ms
[2022-09-29T08:23:30.048+0000][7][gc,heap     ] GC(186) Eden regions: 18->0(19)
[2022-09-29T08:23:30.048+0000][7][gc,heap     ] GC(186) Survivor regions: 1->1(3)
[2022-09-29T08:23:30.049+0000][7][gc,heap     ] GC(186) Old regions: 26->26
[2022-09-29T08:23:30.049+0000][7][gc,heap     ] GC(186) Archive regions: 2->2
[2022-09-29T08:23:30.050+0000][7][gc,heap     ] GC(186) Humongous regions: 5->5
[2022-09-29T08:23:30.050+0000][7][gc,metaspace] GC(186) Metaspace: 115252K(119708K)->115252K(119708K) NonClass: 100535K(103580K)->100535K(103580K) Class: 14716K(16128K)->14716K(16128K)
[2022-09-29T08:23:30.051+0000][7][gc          ] GC(186) Pause Young (Concurrent Start) (G1 Evacuation Pause) 199M->126M(256M) 40.639ms
[2022-09-29T08:23:30.052+0000][7][gc,cpu      ] GC(186) User=0.06s Sys=0.00s Real=0.04s
[2022-09-29T08:23:30.052+0000][7][gc          ] GC(187) Concurrent Cycle
[2022-09-29T08:23:30.053+0000][7][safepoint   ] Safepoint "G1CollectForAllocation", Time since last: 26446937617 ns, Reaching safepoint: 467511 ns, At safepoint: 42355120 ns, Total: 42822631 ns
[2022-09-29T08:23:30.053+0000][7][gc,marking  ] GC(187) Concurrent Clear Claimed Marks
[2022-09-29T08:23:30.055+0000][7][gc,marking  ] GC(187) Concurrent Clear Claimed Marks 1.241ms
[2022-09-29T08:23:30.055+0000][7][gc,marking  ] GC(187) Concurrent Scan Root Regions
[2022-09-29T08:23:30.060+0000][7][gc,marking  ] GC(187) Concurrent Scan Root Regions 4.520ms
[2022-09-29T08:23:30.060+0000][7][gc,marking  ] GC(187) Concurrent Mark (8419.153s)
[2022-09-29T08:23:30.061+0000][7][gc,marking  ] GC(187) Concurrent Mark From Roots
[2022-09-29T08:23:30.062+0000][7][gc,task     ] GC(187) Using 3 workers of 3 for marking
[2022-09-29T08:23:30.154+0000][7][gc,marking  ] GC(187) Concurrent Mark From Roots 93.391ms
[2022-09-29T08:23:30.155+0000][7][gc,marking  ] GC(187) Concurrent Preclean
[2022-09-29T08:23:30.156+0000][7][gc,marking  ] GC(187) Concurrent Preclean 1.471ms
[2022-09-29T08:23:30.157+0000][7][gc,marking  ] GC(187) Concurrent Mark (8419.153s, 8419.250s) 96.678ms
[2022-09-29T08:23:30.158+0000][7][gc,start    ] GC(187) Pause Remark
[2022-09-29T08:23:30.173+0000][7][gc          ] GC(187) Pause Remark 127M->127M(256M) 14.971ms
[2022-09-29T08:23:30.174+0000][7][gc,cpu      ] GC(187) User=0.07s Sys=0.00s Real=0.02s
[2022-09-29T08:23:30.175+0000][7][safepoint   ] Safepoint "G1Concurrent", Time since last: 105190317 ns, Reaching safepoint: 476718 ns, At safepoint: 16274813 ns, Total: 16751531 ns
[2022-09-29T08:23:30.175+0000][7][gc,marking  ] GC(187) Concurrent Rebuild Remembered Sets
[2022-09-29T08:23:30.228+0000][7][gc,marking  ] GC(187) Concurrent Rebuild Remembered Sets 52.943ms
[2022-09-29T08:23:30.229+0000][7][gc,start    ] GC(187) Pause Cleanup
[2022-09-29T08:23:30.230+0000][7][gc          ] GC(187) Pause Cleanup 127M->127M(256M) 0.905ms
[2022-09-29T08:23:30.231+0000][7][gc,cpu      ] GC(187) User=0.00s Sys=0.00s Real=0.01s
[2022-09-29T08:23:30.231+0000][7][safepoint   ] Safepoint "G1Concurrent", Time since last: 54119857 ns, Reaching safepoint: 463102 ns, At safepoint: 2155783 ns, Total: 2618885 ns
[2022-09-29T08:23:30.232+0000][7][gc,marking  ] GC(187) Concurrent Cleanup for Next Mark
[2022-09-29T08:23:30.233+0000][7][gc,marking  ] GC(187) Concurrent Cleanup for Next Mark 0.862ms
[2022-09-29T08:23:30.233+0000][7][gc          ] GC(187) Concurrent Cycle 180.747ms
[2022-09-29T08:23:31.232+0000][7][safepoint   ] Safepoint "Cleanup", Time since last: 1000666336 ns, Reaching safepoint: 259311 ns, At safepoint: 27943 ns, Total: 287254 ns
[2022-09-29T08:23:41.234+0000][7][safepoint   ] Safepoint "Cleanup", Time since last: 10001791735 ns, Reaching safepoint: 204330 ns, At safepoint: 27602 ns, Total: 231932 ns
[2022-09-29T08:24:07.240+0000][7][safepoint   ] Safepoint "Cleanup", Time since last: 26005668237 ns, Reaching safepoint: 447995 ns, At safepoint: 153462 ns, Total: 601457 ns
[2022-09-29T08:24:08.242+0000][7][safepoint   ] Safepoint "Cleanup", Time since last: 1000953883 ns, Reaching safepoint: 424990 ns, At safepoint: 56578 ns, Total: 481568 ns
[2022-09-29T08:24:09.244+0000][7][safepoint   ] Safepoint "Cleanup", Time since last: 1001191246 ns, Reaching safepoint: 459796 ns, At safepoint: 49414 ns, Total: 509210 ns
[2022-09-29T08:24:25.220+0000][7][gc,start    ] GC(188) Pause Young (Normal) (G1 Evacuation Pause)
[2022-09-29T08:24:25.220+0000][7][gc,task     ] GC(188) Using 6 workers of 13 for evacuation
[2022-09-29T08:24:25.221+0000][7][gc,age      ] GC(188) Desired survivor size 6291456 bytes, new threshold 15 (max threshold 15)
[2022-09-29T08:24:25.230+0000][7][gc,age      ] GC(188) Age table with threshold 15 (max threshold 15)
[2022-09-29T08:24:25.231+0000][7][gc,age      ] GC(188) - age   1:     566152 bytes,     566152 total
[2022-09-29T08:24:25.231+0000][7][gc,age      ] GC(188) - age   2:     606304 bytes,    1172456 total
[2022-09-29T08:24:25.231+0000][7][gc,age      ] GC(188) - age   3:     379376 bytes,    1551832 total
[2022-09-29T08:24:25.232+0000][7][gc,age      ] GC(188) - age   4:      17072 bytes,    1568904 total
[2022-09-29T08:24:25.232+0000][7][gc,age      ] GC(188) - age   5:     107208 bytes,    1676112 total
[2022-09-29T08:24:25.233+0000][7][gc,age      ] GC(188) - age   6:     154464 bytes,    1830576 total
[2022-09-29T08:24:25.233+0000][7][gc,age      ] GC(188) - age   7:       4848 bytes,    1835424 total
[2022-09-29T08:24:25.234+0000][7][gc,age      ] GC(188) - age   8:      95520 bytes,    1930944 total
[2022-09-29T08:24:25.234+0000][7][gc,age      ] GC(188) - age   9:     219808 bytes,    2150752 total
[2022-09-29T08:24:25.235+0000][7][gc,age      ] GC(188) - age  10:      39336 bytes,    2190088 total
[2022-09-29T08:24:25.235+0000][7][gc,age      ] GC(188) - age  11:       2552 bytes,    2192640 total
[2022-09-29T08:24:25.235+0000][7][gc,age      ] GC(188) - age  12:        304 bytes,    2192944 total
[2022-09-29T08:24:25.236+0000][7][gc,age      ] GC(188) - age  13:        896 bytes,    2193840 total
[2022-09-29T08:24:25.236+0000][7][gc,age      ] GC(188) - age  14:       4760 bytes,    2198600 total
[2022-09-29T08:24:25.236+0000][7][gc,age      ] GC(188) - age  15:       1448 bytes,    2200048 total
[2022-09-29T08:24:25.237+0000][7][gc,phases   ] GC(188)   Pre Evacuate Collection Set: 0.3ms
[2022-09-29T08:24:25.237+0000][7][gc,phases   ] GC(188)   Merge Heap Roots: 0.2ms
[2022-09-29T08:24:25.237+0000][7][gc,phases   ] GC(188)   Evacuate Collection Set: 4.9ms
[2022-09-29T08:24:25.237+0000][7][gc,phases   ] GC(188)   Post Evacuate Collection Set: 3.7ms
[2022-09-29T08:24:25.238+0000][7][gc,phases   ] GC(188)   Other: 8.1ms
[2022-09-29T08:24:25.238+0000][7][gc,heap     ] GC(188) Eden regions: 19->0(19)
[2022-09-29T08:24:25.238+0000][7][gc,heap     ] GC(188) Survivor regions: 1->1(3)
[2022-09-29T08:24:25.238+0000][7][gc,heap     ] GC(188) Old regions: 26->26
[2022-09-29T08:24:25.239+0000][7][gc,heap     ] GC(188) Archive regions: 2->2
[2022-09-29T08:24:25.239+0000][7][gc,heap     ] GC(188) Humongous regions: 5->5
[2022-09-29T08:24:25.239+0000][7][gc,metaspace] GC(188) Metaspace: 115254K(119708K)->115254K(119708K) NonClass: 100537K(103580K)->100537K(103580K) Class: 14716K(16128K)->14716K(16128K)
[2022-09-29T08:24:25.240+0000][7][gc          ] GC(188) Pause Young (Normal) (G1 Evacuation Pause) 202M->126M(256M) 19.792ms
[2022-09-29T08:24:25.240+0000][7][gc,cpu      ] GC(188) User=0.02s Sys=0.01s Real=0.02s
[2022-09-29T08:24:25.241+0000][7][safepoint   ] Safepoint "G1CollectForAllocation", Time since last: 15975485127 ns, Reaching safepoint: 468805 ns, At safepoint: 20959900 ns, Total: 21428705 ns
[2022-09-29T08:24:30.242+0000][7][safepoint   ] Safepoint "Cleanup", Time since last: 5001308121 ns, Reaching safepoint: 552673 ns, At safepoint: 64143 ns, Total: 616816 ns
[2022-09-29T08:24:59.249+0000][7][safepoint   ] Safepoint "Cleanup", Time since last: 29006010544 ns, Reaching safepoint: 237112 ns, At safepoint: 30818 ns, Total: 267930 ns
[2022-09-29T08:25:03.250+0000][7][safepoint   ] Safepoint "Cleanup", Time since last: 4001178226 ns, Reaching safepoint: 250598 ns, At safepoint: 41860 ns, Total: 292458 ns
[2022-09-29T08:25:31.245+0000][7][gc,start    ] GC(189) Pause Young (Concurrent Start) (G1 Evacuation Pause)
[2022-09-29T08:25:31.246+0000][7][gc,task     ] GC(189) Using 6 workers of 13 for evacuation
[2022-09-29T08:25:31.247+0000][7][gc,age      ] GC(189) Desired survivor size 6291456 bytes, new threshold 15 (max threshold 15)
[2022-09-29T08:25:31.256+0000][7][gc,age      ] GC(189) Age table with threshold 15 (max threshold 15)
[2022-09-29T08:25:31.256+0000][7][gc,age      ] GC(189) - age   1:     793424 bytes,     793424 total
[2022-09-29T08:25:31.257+0000][7][gc,age      ] GC(189) - age   2:     460216 bytes,    1253640 total
[2022-09-29T08:25:31.258+0000][7][gc,age      ] GC(189) - age   3:     499696 bytes,    1753336 total
[2022-09-29T08:25:31.259+0000][7][gc,age      ] GC(189) - age   4:     378344 bytes,    2131680 total
[2022-09-29T08:25:31.260+0000][7][gc,age      ] GC(189) - age   5:      16392 bytes,    2148072 total
[2022-09-29T08:25:31.260+0000][7][gc,age      ] GC(189) - age   6:     107048 bytes,    2255120 total
[2022-09-29T08:25:31.261+0000][7][gc,age      ] GC(189) - age   7:     153840 bytes,    2408960 total
[2022-09-29T08:25:31.262+0000][7][gc,age      ] GC(189) - age   8:       4448 bytes,    2413408 total
[2022-09-29T08:25:31.262+0000][7][gc,age      ] GC(189) - age   9:      95448 bytes,    2508856 total
[2022-09-29T08:25:31.263+0000][7][gc,age      ] GC(189) - age  10:     219744 bytes,    2728600 total
[2022-09-29T08:25:31.264+0000][7][gc,age      ] GC(189) - age  11:      39016 bytes,    2767616 total
[2022-09-29T08:25:31.265+0000][7][gc,age      ] GC(189) - age  12:       2552 bytes,    2770168 total
[2022-09-29T08:25:31.266+0000][7][gc,age      ] GC(189) - age  13:        304 bytes,    2770472 total
[2022-09-29T08:25:31.267+0000][7][gc,age      ] GC(189) - age  14:        896 bytes,    2771368 total
[2022-09-29T08:25:31.269+0000][7][gc,age      ] GC(189) - age  15:       4760 bytes,    2776128 total
[2022-09-29T08:25:31.271+0000][7][gc,phases   ] GC(189)   Pre Evacuate Collection Set: 0.9ms
[2022-09-29T08:25:31.272+0000][7][gc,phases   ] GC(189)   Merge Heap Roots: 0.3ms
[2022-09-29T08:25:31.273+0000][7][gc,phases   ] GC(189)   Evacuate Collection Set: 4.4ms
[2022-09-29T08:25:31.277+0000][7][gc,phases   ] GC(189)   Post Evacuate Collection Set: 2.0ms
[2022-09-29T08:25:31.278+0000][7][gc,phases   ] GC(189)   Other: 17.9ms
[2022-09-29T08:25:31.279+0000][7][gc,heap     ] GC(189) Eden regions: 19->0(19)
[2022-09-29T08:25:31.280+0000][7][gc,heap     ] GC(189) Survivor regions: 1->1(3)
[2022-09-29T08:25:31.281+0000][7][gc,heap     ] GC(189) Old regions: 26->26
[2022-09-29T08:25:31.281+0000][7][gc,heap     ] GC(189) Archive regions: 2->2
[2022-09-29T08:25:31.282+0000][7][gc,heap     ] GC(189) Humongous regions: 5->5
[2022-09-29T08:25:31.283+0000][7][gc,metaspace] GC(189) Metaspace: 115256K(119708K)->115256K(119708K) NonClass: 100539K(103580K)->100539K(103580K) Class: 14716K(16128K)->14716K(16128K)
[2022-09-29T08:25:31.285+0000][7][gc          ] GC(189) Pause Young (Concurrent Start) (G1 Evacuation Pause) 202M->127M(256M) 39.494ms
[2022-09-29T08:25:31.286+0000][7][gc,cpu      ] GC(189) User=0.03s Sys=0.01s Real=0.04s
[2022-09-29T08:25:31.287+0000][7][gc          ] GC(190) Concurrent Cycle
[2022-09-29T08:25:31.287+0000][7][safepoint   ] Safepoint "G1CollectForAllocation", Time since last: 27994151387 ns, Reaching safepoint: 748016 ns, At safepoint: 41924972 ns, Total: 42672988 ns
[2022-09-29T08:25:31.288+0000][7][gc,marking  ] GC(190) Concurrent Clear Claimed Marks
[2022-09-29T08:25:31.290+0000][7][gc,marking  ] GC(190) Concurrent Clear Claimed Marks 1.668ms
[2022-09-29T08:25:31.290+0000][7][gc,marking  ] GC(190) Concurrent Scan Root Regions
[2022-09-29T08:25:31.296+0000][7][gc,marking  ] GC(190) Concurrent Scan Root Regions 5.385ms
[2022-09-29T08:25:31.297+0000][7][gc,marking  ] GC(190) Concurrent Mark (8540.389s)
[2022-09-29T08:25:31.297+0000][7][gc,marking  ] GC(190) Concurrent Mark From Roots
[2022-09-29T08:25:31.298+0000][7][gc,task     ] GC(190) Using 3 workers of 3 for marking
[2022-09-29T08:25:31.395+0000][7][gc,marking  ] GC(190) Concurrent Mark From Roots 97.398ms
[2022-09-29T08:25:31.395+0000][7][gc,marking  ] GC(190) Concurrent Preclean
[2022-09-29T08:25:31.396+0000][7][gc,marking  ] GC(190) Concurrent Preclean 1.124ms
[2022-09-29T08:25:31.397+0000][7][gc,marking  ] GC(190) Concurrent Mark (8540.389s, 8540.490s) 100.376ms
[2022-09-29T08:25:31.398+0000][7][gc,start    ] GC(190) Pause Remark
[2022-09-29T08:25:31.410+0000][7][gc          ] GC(190) Pause Remark 130M->130M(256M) 12.184ms
[2022-09-29T08:25:31.410+0000][7][gc,cpu      ] GC(190) User=0.04s Sys=0.02s Real=0.02s
[2022-09-29T08:25:31.411+0000][7][safepoint   ] Safepoint "G1Concurrent", Time since last: 110350003 ns, Reaching safepoint: 414610 ns, At safepoint: 13152744 ns, Total: 13567354 ns
[2022-09-29T08:25:31.411+0000][7][gc,marking  ] GC(190) Concurrent Rebuild Remembered Sets
[2022-09-29T08:25:31.464+0000][7][gc,marking  ] GC(190) Concurrent Rebuild Remembered Sets 52.261ms
[2022-09-29T08:25:31.465+0000][7][gc,start    ] GC(190) Pause Cleanup
[2022-09-29T08:25:31.466+0000][7][gc          ] GC(190) Pause Cleanup 133M->133M(256M) 0.845ms
[2022-09-29T08:25:31.466+0000][7][gc,cpu      ] GC(190) User=0.00s Sys=0.00s Real=0.00s
[2022-09-29T08:25:31.467+0000][7][safepoint   ] Safepoint "G1Concurrent", Time since last: 53323945 ns, Reaching safepoint: 430312 ns, At safepoint: 1861896 ns, Total: 2292208 ns
[2022-09-29T08:25:31.467+0000][7][gc,marking  ] GC(190) Concurrent Cleanup for Next Mark
[2022-09-29T08:25:31.468+0000][7][gc,marking  ] GC(190) Concurrent Cleanup for Next Mark 0.772ms
[2022-09-29T08:25:31.468+0000][7][gc          ] GC(190) Concurrent Cycle 181.258ms
[2022-09-29T08:25:32.468+0000][7][safepoint   ] Safepoint "Cleanup", Time since last: 1000501211 ns, Reaching safepoint: 351680 ns, At safepoint: 77057 ns, Total: 428737 ns
[2022-09-29T08:26:19.812+0000][7][gc,start    ] GC(191) Pause Young (Normal) (G1 Evacuation Pause)
[2022-09-29T08:26:19.813+0000][7][gc,task     ] GC(191) Using 6 workers of 13 for evacuation
[2022-09-29T08:26:19.813+0000][7][gc,age      ] GC(191) Desired survivor size 6291456 bytes, new threshold 15 (max threshold 15)
[2022-09-29T08:26:19.820+0000][7][gc,age      ] GC(191) Age table with threshold 15 (max threshold 15)
[2022-09-29T08:26:19.820+0000][7][gc,age      ] GC(191) - age   1:    1923960 bytes,    1923960 total
[2022-09-29T08:26:19.821+0000][7][gc,age      ] GC(191) - age   2:     407576 bytes,    2331536 total
[2022-09-29T08:26:19.821+0000][7][gc,age      ] GC(191) - age   3:     457912 bytes,    2789448 total
[2022-09-29T08:26:19.822+0000][7][gc,age      ] GC(191) - age   4:     499008 bytes,    3288456 total
[2022-09-29T08:26:19.822+0000][7][gc,age      ] GC(191) - age   5:     363408 bytes,    3651864 total
[2022-09-29T08:26:19.822+0000][7][gc,age      ] GC(191) - age   6:      16264 bytes,    3668128 total
[2022-09-29T08:26:19.823+0000][7][gc,age      ] GC(191) - age   7:     106984 bytes,    3775112 total
[2022-09-29T08:26:19.823+0000][7][gc,age      ] GC(191) - age   8:     153096 bytes,    3928208 total
[2022-09-29T08:26:19.823+0000][7][gc,age      ] GC(191) - age   9:       4384 bytes,    3932592 total
[2022-09-29T08:26:19.823+0000][7][gc,age      ] GC(191) - age  10:      95448 bytes,    4028040 total
[2022-09-29T08:26:19.823+0000][7][gc,age      ] GC(191) - age  11:     219712 bytes,    4247752 total
[2022-09-29T08:26:19.824+0000][7][gc,age      ] GC(191) - age  12:      38888 bytes,    4286640 total
[2022-09-29T08:26:19.824+0000][7][gc,age      ] GC(191) - age  13:       2512 bytes,    4289152 total
[2022-09-29T08:26:19.824+0000][7][gc,age      ] GC(191) - age  14:        304 bytes,    4289456 total
[2022-09-29T08:26:19.824+0000][7][gc,age      ] GC(191) - age  15:        896 bytes,    4290352 total
[2022-09-29T08:26:19.825+0000][7][gc,phases   ] GC(191)   Pre Evacuate Collection Set: 0.2ms
[2022-09-29T08:26:19.825+0000][7][gc,phases   ] GC(191)   Merge Heap Roots: 0.2ms
[2022-09-29T08:26:19.826+0000][7][gc,phases   ] GC(191)   Evacuate Collection Set: 3.0ms
[2022-09-29T08:26:19.826+0000][7][gc,phases   ] GC(191)   Post Evacuate Collection Set: 2.6ms
[2022-09-29T08:26:19.826+0000][7][gc,phases   ] GC(191)   Other: 6.5ms
[2022-09-29T08:26:19.827+0000][7][gc,heap     ] GC(191) Eden regions: 19->0(17)
[2022-09-29T08:26:19.827+0000][7][gc,heap     ] GC(191) Survivor regions: 1->2(3)
[2022-09-29T08:26:19.827+0000][7][gc,heap     ] GC(191) Old regions: 26->26
[2022-09-29T08:26:19.827+0000][7][gc,heap     ] GC(191) Archive regions: 2->2
[2022-09-29T08:26:19.828+0000][7][gc,heap     ] GC(191) Humongous regions: 5->5
[2022-09-29T08:26:19.828+0000][7][gc,metaspace] GC(191) Metaspace: 115264K(119708K)->115264K(119708K) NonClass: 100548K(103580K)->100548K(103580K) Class: 14716K(16128K)->14716K(16128K)
[2022-09-29T08:26:19.828+0000][7][gc          ] GC(191) Pause Young (Normal) (G1 Evacuation Pause) 202M->128M(256M) 15.771ms
[2022-09-29T08:26:19.828+0000][7][gc,cpu      ] GC(191) User=0.01s Sys=0.03s Real=0.01s
[2022-09-29T08:26:19.829+0000][7][safepoint   ] Safepoint "G1CollectForAllocation", Time since last: 47344348356 ns, Reaching safepoint: 428397 ns, At safepoint: 16474762 ns, Total: 16903159 ns
[2022-09-29T08:26:21.830+0000][7][safepoint   ] Safepoint "Cleanup", Time since last: 2001021060 ns, Reaching safepoint: 379052 ns, At safepoint: 59954 ns, Total: 439006 ns
[2022-09-29T08:26:23.832+0000][7][safepoint   ] Safepoint "Cleanup", Time since last: 2001309184 ns, Reaching safepoint: 431585 ns, At safepoint: 60555 ns, Total: 492140 ns
[2022-09-29T08:26:43.839+0000][7][safepoint   ] Safepoint "Cleanup", Time since last: 20006066356 ns, Reaching safepoint: 982462 ns, At safepoint: 175608 ns, Total: 1158070 ns
[2022-09-29T08:26:58.846+0000][7][safepoint   ] Safepoint "Cleanup", Time since last: 15005989536 ns, Reaching safepoint: 539688 ns, At safepoint: 76646 ns, Total: 616334 ns
[2022-09-29T08:27:23.053+0000][7][gc,start    ] GC(192) Pause Young (Concurrent Start) (G1 Evacuation Pause)
[2022-09-29T08:27:23.054+0000][7][gc,task     ] GC(192) Using 6 workers of 13 for evacuation
[2022-09-29T08:27:23.054+0000][7][gc,age      ] GC(192) Desired survivor size 6291456 bytes, new threshold 15 (max threshold 15)
[2022-09-29T08:27:23.060+0000][7][gc,age      ] GC(192) Age table with threshold 15 (max threshold 15)
[2022-09-29T08:27:23.060+0000][7][gc,age      ] GC(192) - age   1:     740776 bytes,     740776 total
[2022-09-29T08:27:23.061+0000][7][gc,age      ] GC(192) - age   2:      72528 bytes,     813304 total
[2022-09-29T08:27:23.061+0000][7][gc,age      ] GC(192) - age   3:     100776 bytes,     914080 total
[2022-09-29T08:27:23.061+0000][7][gc,age      ] GC(192) - age   4:     433072 bytes,    1347152 total
[2022-09-29T08:27:23.061+0000][7][gc,age      ] GC(192) - age   5:      26544 bytes,    1373696 total
[2022-09-29T08:27:23.062+0000][7][gc,age      ] GC(192) - age   6:     227368 bytes,    1601064 total
[2022-09-29T08:27:23.062+0000][7][gc,age      ] GC(192) - age   7:        744 bytes,    1601808 total
[2022-09-29T08:27:23.062+0000][7][gc,age      ] GC(192) - age   8:       4464 bytes,    1606272 total
[2022-09-29T08:27:23.063+0000][7][gc,age      ] GC(192) - age   9:       8432 bytes,    1614704 total
[2022-09-29T08:27:23.063+0000][7][gc,age      ] GC(192) - age  10:       3024 bytes,    1617728 total
[2022-09-29T08:27:23.064+0000][7][gc,age      ] GC(192) - age  11:      95448 bytes,    1713176 total
[2022-09-29T08:27:23.064+0000][7][gc,age      ] GC(192) - age  12:     219712 bytes,    1932888 total
[2022-09-29T08:27:23.064+0000][7][gc,age      ] GC(192) - age  13:      38824 bytes,    1971712 total
[2022-09-29T08:27:23.065+0000][7][gc,age      ] GC(192) - age  14:       2512 bytes,    1974224 total
[2022-09-29T08:27:23.065+0000][7][gc,age      ] GC(192) - age  15:        304 bytes,    1974528 total
[2022-09-29T08:27:23.066+0000][7][gc,phases   ] GC(192)   Pre Evacuate Collection Set: 0.6ms
[2022-09-29T08:27:23.067+0000][7][gc,phases   ] GC(192)   Merge Heap Roots: 0.2ms
[2022-09-29T08:27:23.067+0000][7][gc,phases   ] GC(192)   Evacuate Collection Set: 2.2ms
[2022-09-29T08:27:23.068+0000][7][gc,phases   ] GC(192)   Post Evacuate Collection Set: 1.8ms
[2022-09-29T08:27:23.069+0000][7][gc,phases   ] GC(192)   Other: 8.5ms
[2022-09-29T08:27:23.069+0000][7][gc,heap     ] GC(192) Eden regions: 17->0(19)
[2022-09-29T08:27:23.070+0000][7][gc,heap     ] GC(192) Survivor regions: 2->1(3)
[2022-09-29T08:27:23.070+0000][7][gc,heap     ] GC(192) Old regions: 26->26
[2022-09-29T08:27:23.071+0000][7][gc,heap     ] GC(192) Archive regions: 2->2
[2022-09-29T08:27:23.071+0000][7][gc,heap     ] GC(192) Humongous regions: 5->5
[2022-09-29T08:27:23.072+0000][7][gc,metaspace] GC(192) Metaspace: 115280K(119708K)->115280K(119708K) NonClass: 100564K(103580K)->100564K(103580K) Class: 14716K(16128K)->14716K(16128K)
[2022-09-29T08:27:23.072+0000][7][gc          ] GC(192) Pause Young (Concurrent Start) (G1 Evacuation Pause) 196M->126M(256M) 18.854ms
[2022-09-29T08:27:23.072+0000][7][gc,cpu      ] GC(192) User=0.01s Sys=0.01s Real=0.02s
[2022-09-29T08:27:23.073+0000][7][gc          ] GC(193) Concurrent Cycle
[2022-09-29T08:27:23.073+0000][7][gc,marking  ] GC(193) Concurrent Clear Claimed Marks
[2022-09-29T08:27:23.073+0000][7][safepoint   ] Safepoint "G1CollectForAllocation", Time since last: 24205909181 ns, Reaching safepoint: 1260512 ns, At safepoint: 19924197 ns, Total: 21184709 ns
[2022-09-29T08:27:23.074+0000][7][gc,marking  ] GC(193) Concurrent Clear Claimed Marks 0.506ms
[2022-09-29T08:27:23.074+0000][7][gc,marking  ] GC(193) Concurrent Scan Root Regions
[2022-09-29T08:27:23.078+0000][7][gc,marking  ] GC(193) Concurrent Scan Root Regions 3.448ms
[2022-09-29T08:27:23.078+0000][7][gc,marking  ] GC(193) Concurrent Mark (8652.171s)
[2022-09-29T08:27:23.079+0000][7][gc,marking  ] GC(193) Concurrent Mark From Roots
[2022-09-29T08:27:23.079+0000][7][gc,task     ] GC(193) Using 3 workers of 3 for marking
[2022-09-29T08:27:23.149+0000][7][gc,marking  ] GC(193) Concurrent Mark From Roots 70.318ms
[2022-09-29T08:27:23.149+0000][7][gc,marking  ] GC(193) Concurrent Preclean
[2022-09-29T08:27:23.150+0000][7][gc,marking  ] GC(193) Concurrent Preclean 0.848ms
[2022-09-29T08:27:23.151+0000][7][gc,marking  ] GC(193) Concurrent Mark (8652.171s, 8652.243s) 72.283ms
[2022-09-29T08:27:23.151+0000][7][gc,start    ] GC(193) Pause Remark
[2022-09-29T08:27:23.162+0000][7][gc          ] GC(193) Pause Remark 127M->127M(256M) 10.833ms
[2022-09-29T08:27:23.163+0000][7][gc,cpu      ] GC(193) User=0.05s Sys=0.00s Real=0.01s
[2022-09-29T08:27:23.163+0000][7][safepoint   ] Safepoint "G1Concurrent", Time since last: 78007823 ns, Reaching safepoint: 483341 ns, At safepoint: 11813712 ns, Total: 12297053 ns
[2022-09-29T08:27:23.164+0000][7][gc,marking  ] GC(193) Concurrent Rebuild Remembered Sets
[2022-09-29T08:27:23.208+0000][7][gc,marking  ] GC(193) Concurrent Rebuild Remembered Sets 44.045ms
[2022-09-29T08:27:23.209+0000][7][gc,start    ] GC(193) Pause Cleanup
[2022-09-29T08:27:23.210+0000][7][gc          ] GC(193) Pause Cleanup 127M->127M(256M) 0.767ms
[2022-09-29T08:27:23.210+0000][7][gc,cpu      ] GC(193) User=0.00s Sys=0.00s Real=0.01s
[2022-09-29T08:27:23.211+0000][7][safepoint   ] Safepoint "G1Concurrent", Time since last: 45139550 ns, Reaching safepoint: 464273 ns, At safepoint: 1717192 ns, Total: 2181465 ns
[2022-09-29T08:27:23.211+0000][7][gc,marking  ] GC(193) Concurrent Cleanup for Next Mark
[2022-09-29T08:27:23.212+0000][7][gc,marking  ] GC(193) Concurrent Cleanup for Next Mark 0.746ms
[2022-09-29T08:27:23.212+0000][7][gc          ] GC(193) Concurrent Cycle 139.336ms
[2022-09-29T08:27:38.214+0000][7][safepoint   ] Safepoint "Cleanup", Time since last: 15002911986 ns, Reaching safepoint: 306344 ns, At safepoint: 56848 ns, Total: 363192 ns
[2022-09-29T08:28:03.220+0000][7][safepoint   ] Safepoint "Cleanup", Time since last: 25006159533 ns, Reaching safepoint: 376743 ns, At safepoint: 47430 ns, Total: 424173 ns
[2022-09-29T08:28:40.235+0000][7][gc,start    ] GC(194) Pause Young (Normal) (G1 Evacuation Pause)
[2022-09-29T08:28:40.236+0000][7][gc,task     ] GC(194) Using 6 workers of 13 for evacuation
[2022-09-29T08:28:40.236+0000][7][gc,age      ] GC(194) Desired survivor size 6291456 bytes, new threshold 15 (max threshold 15)
[2022-09-29T08:28:40.244+0000][7][gc,age      ] GC(194) Age table with threshold 15 (max threshold 15)
[2022-09-29T08:28:40.245+0000][7][gc,age      ] GC(194) - age   1:     556512 bytes,     556512 total
[2022-09-29T08:28:40.245+0000][7][gc,age      ] GC(194) - age   2:     610752 bytes,    1167264 total
[2022-09-29T08:28:40.246+0000][7][gc,age      ] GC(194) - age   3:      70712 bytes,    1237976 total
[2022-09-29T08:28:40.246+0000][7][gc,age      ] GC(194) - age   4:      99808 bytes,    1337784 total
[2022-09-29T08:28:40.247+0000][7][gc,age      ] GC(194) - age   5:     431968 bytes,    1769752 total
[2022-09-29T08:28:40.247+0000][7][gc,age      ] GC(194) - age   6:      26208 bytes,    1795960 total
[2022-09-29T08:28:40.248+0000][7][gc,age      ] GC(194) - age   7:     227368 bytes,    2023328 total
[2022-09-29T08:28:40.248+0000][7][gc,age      ] GC(194) - age   8:        744 bytes,    2024072 total
[2022-09-29T08:28:40.248+0000][7][gc,age      ] GC(194) - age   9:       4400 bytes,    2028472 total
[2022-09-29T08:28:40.249+0000][7][gc,age      ] GC(194) - age  10:       8336 bytes,    2036808 total
[2022-09-29T08:28:40.249+0000][7][gc,age      ] GC(194) - age  11:       3024 bytes,    2039832 total
[2022-09-29T08:28:40.249+0000][7][gc,age      ] GC(194) - age  12:      95320 bytes,    2135152 total
[2022-09-29T08:28:40.250+0000][7][gc,age      ] GC(194) - age  13:     219712 bytes,    2354864 total
[2022-09-29T08:28:40.250+0000][7][gc,age      ] GC(194) - age  14:      38824 bytes,    2393688 total
[2022-09-29T08:28:40.250+0000][7][gc,age      ] GC(194) - age  15:       2512 bytes,    2396200 total
[2022-09-29T08:28:40.251+0000][7][gc,phases   ] GC(194)   Pre Evacuate Collection Set: 0.3ms
[2022-09-29T08:28:40.251+0000][7][gc,phases   ] GC(194)   Merge Heap Roots: 0.3ms
[2022-09-29T08:28:40.252+0000][7][gc,phases   ] GC(194)   Evacuate Collection Set: 3.3ms
[2022-09-29T08:28:40.252+0000][7][gc,phases   ] GC(194)   Post Evacuate Collection Set: 2.6ms
[2022-09-29T08:28:40.252+0000][7][gc,phases   ] GC(194)   Other: 9.4ms
[2022-09-29T08:28:40.253+0000][7][gc,heap     ] GC(194) Eden regions: 19->0(19)
[2022-09-29T08:28:40.253+0000][7][gc,heap     ] GC(194) Survivor regions: 1->1(3)
[2022-09-29T08:28:40.253+0000][7][gc,heap     ] GC(194) Old regions: 26->26
[2022-09-29T08:28:40.253+0000][7][gc,heap     ] GC(194) Archive regions: 2->2
[2022-09-29T08:28:40.254+0000][7][gc,heap     ] GC(194) Humongous regions: 5->5
[2022-09-29T08:28:40.254+0000][7][gc,metaspace] GC(194) Metaspace: 115314K(119708K)->115314K(119708K) NonClass: 100597K(103580K)->100597K(103580K) Class: 14716K(16128K)->14716K(16128K)
[2022-09-29T08:28:40.254+0000][7][gc          ] GC(194) Pause Young (Normal) (G1 Evacuation Pause) 202M->126M(256M) 19.019ms
[2022-09-29T08:28:40.254+0000][7][gc,cpu      ] GC(194) User=0.03s Sys=0.00s Real=0.02s
[2022-09-29T08:28:40.255+0000][7][safepoint   ] Safepoint "G1CollectForAllocation", Time since last: 37014087385 ns, Reaching safepoint: 468934 ns, At safepoint: 19742140 ns, Total: 20211074 ns
[2022-09-29T08:28:41.257+0000][7][safepoint   ] Safepoint "Cleanup", Time since last: 1000442028 ns, Reaching safepoint: 1544002 ns, At safepoint: 142592 ns, Total: 1686594 ns
[2022-09-29T08:29:43.366+0000][7][gc,start    ] GC(195) Pause Young (Concurrent Start) (G1 Evacuation Pause)
[2022-09-29T08:29:43.366+0000][7][gc,task     ] GC(195) Using 6 workers of 13 for evacuation
[2022-09-29T08:29:43.366+0000][7][gc,age      ] GC(195) Desired survivor size 6291456 bytes, new threshold 15 (max threshold 15)
[2022-09-29T08:29:43.372+0000][7][gc,age      ] GC(195) Age table with threshold 15 (max threshold 15)
[2022-09-29T08:29:43.372+0000][7][gc,age      ] GC(195) - age   1:    1072904 bytes,    1072904 total
[2022-09-29T08:29:43.373+0000][7][gc,age      ] GC(195) - age   2:     308152 bytes,    1381056 total
[2022-09-29T08:29:43.373+0000][7][gc,age      ] GC(195) - age   3:     608744 bytes,    1989800 total
[2022-09-29T08:29:43.373+0000][7][gc,age      ] GC(195) - age   4:      70104 bytes,    2059904 total
[2022-09-29T08:29:43.374+0000][7][gc,age      ] GC(195) - age   5:      27248 bytes,    2087152 total
[2022-09-29T08:29:43.374+0000][7][gc,age      ] GC(195) - age   6:     411544 bytes,    2498696 total
[2022-09-29T08:29:43.374+0000][7][gc,age      ] GC(195) - age   7:       1424 bytes,    2500120 total
[2022-09-29T08:29:43.374+0000][7][gc,age      ] GC(195) - age   8:     227256 bytes,    2727376 total
[2022-09-29T08:29:43.375+0000][7][gc,age      ] GC(195) - age   9:        680 bytes,    2728056 total
[2022-09-29T08:29:43.375+0000][7][gc,age      ] GC(195) - age  10:       4272 bytes,    2732328 total
[2022-09-29T08:29:43.375+0000][7][gc,age      ] GC(195) - age  11:       4896 bytes,    2737224 total
[2022-09-29T08:29:43.375+0000][7][gc,age      ] GC(195) - age  12:       2832 bytes,    2740056 total
[2022-09-29T08:29:43.375+0000][7][gc,age      ] GC(195) - age  13:      92032 bytes,    2832088 total
[2022-09-29T08:29:43.376+0000][7][gc,age      ] GC(195) - age  14:     219648 bytes,    3051736 total
[2022-09-29T08:29:43.376+0000][7][gc,age      ] GC(195) - age  15:      38664 bytes,    3090400 total
[2022-09-29T08:29:43.376+0000][7][gc,phases   ] GC(195)   Pre Evacuate Collection Set: 0.5ms
[2022-09-29T08:29:43.377+0000][7][gc,phases   ] GC(195)   Merge Heap Roots: 0.2ms
[2022-09-29T08:29:43.377+0000][7][gc,phases   ] GC(195)   Evacuate Collection Set: 2.8ms
[2022-09-29T08:29:43.377+0000][7][gc,phases   ] GC(195)   Post Evacuate Collection Set: 1.6ms
[2022-09-29T08:29:43.377+0000][7][gc,phases   ] GC(195)   Other: 5.6ms
[2022-09-29T08:29:43.378+0000][7][gc,heap     ] GC(195) Eden regions: 19->0(19)
[2022-09-29T08:29:43.378+0000][7][gc,heap     ] GC(195) Survivor regions: 1->1(3)
[2022-09-29T08:29:43.378+0000][7][gc,heap     ] GC(195) Old regions: 26->26
[2022-09-29T08:29:43.378+0000][7][gc,heap     ] GC(195) Archive regions: 2->2
[2022-09-29T08:29:43.379+0000][7][gc,heap     ] GC(195) Humongous regions: 5->5
[2022-09-29T08:29:43.379+0000][7][gc,metaspace] GC(195) Metaspace: 115317K(119708K)->115317K(119708K) NonClass: 100600K(103580K)->100600K(103580K) Class: 14716K(16128K)->14716K(16128K)
[2022-09-29T08:29:43.379+0000][7][gc          ] GC(195) Pause Young (Concurrent Start) (G1 Evacuation Pause) 202M->127M(256M) 13.342ms
[2022-09-29T08:29:43.379+0000][7][gc,cpu      ] GC(195) User=0.02s Sys=0.00s Real=0.02s
[2022-09-29T08:29:43.380+0000][7][gc          ] GC(196) Concurrent Cycle
[2022-09-29T08:29:43.380+0000][7][gc,marking  ] GC(196) Concurrent Clear Claimed Marks
[2022-09-29T08:29:43.380+0000][7][safepoint   ] Safepoint "G1CollectForAllocation", Time since last: 62108440389 ns, Reaching safepoint: 400924 ns, At safepoint: 14032010 ns, Total: 14432934 ns
[2022-09-29T08:29:43.380+0000][7][gc,marking  ] GC(196) Concurrent Clear Claimed Marks 0.407ms
[2022-09-29T08:29:43.381+0000][7][gc,marking  ] GC(196) Concurrent Scan Root Regions
[2022-09-29T08:29:43.386+0000][7][gc,marking  ] GC(196) Concurrent Scan Root Regions 5.155ms
[2022-09-29T08:29:43.387+0000][7][gc,marking  ] GC(196) Concurrent Mark (8792.479s)
[2022-09-29T08:29:43.387+0000][7][gc,marking  ] GC(196) Concurrent Mark From Roots
[2022-09-29T08:29:43.387+0000][7][gc,task     ] GC(196) Using 3 workers of 3 for marking
[2022-09-29T08:29:43.482+0000][7][gc,marking  ] GC(196) Concurrent Mark From Roots 95.078ms
[2022-09-29T08:29:43.483+0000][7][gc,marking  ] GC(196) Concurrent Preclean
[2022-09-29T08:29:43.484+0000][7][gc,marking  ] GC(196) Concurrent Preclean 0.989ms
[2022-09-29T08:29:43.484+0000][7][gc,marking  ] GC(196) Concurrent Mark (8792.479s, 8792.577s) 97.382ms
[2022-09-29T08:29:43.485+0000][7][gc,start    ] GC(196) Pause Remark
[2022-09-29T08:29:43.497+0000][7][gc          ] GC(196) Pause Remark 128M->128M(256M) 12.038ms
[2022-09-29T08:29:43.497+0000][7][gc,cpu      ] GC(196) User=0.06s Sys=0.00s Real=0.01s
[2022-09-29T08:29:43.498+0000][7][safepoint   ] Safepoint "G1Concurrent", Time since last: 104630108 ns, Reaching safepoint: 393720 ns, At safepoint: 13078859 ns, Total: 13472579 ns
[2022-09-29T08:29:43.498+0000][7][gc,marking  ] GC(196) Concurrent Rebuild Remembered Sets
[2022-09-29T08:29:43.547+0000][7][gc,marking  ] GC(196) Concurrent Rebuild Remembered Sets 49.005ms
[2022-09-29T08:29:43.548+0000][7][gc,start    ] GC(196) Pause Cleanup
[2022-09-29T08:29:43.549+0000][7][gc          ] GC(196) Pause Cleanup 128M->128M(256M) 0.630ms
[2022-09-29T08:29:43.549+0000][7][gc,cpu      ] GC(196) User=0.00s Sys=0.00s Real=0.01s
[2022-09-29T08:29:43.550+0000][7][safepoint   ] Safepoint "G1Concurrent", Time since last: 50195924 ns, Reaching safepoint: 360897 ns, At safepoint: 1460624 ns, Total: 1821521 ns
[2022-09-29T08:29:43.550+0000][7][gc,marking  ] GC(196) Concurrent Cleanup for Next Mark
[2022-09-29T08:29:43.551+0000][7][gc,marking  ] GC(196) Concurrent Cleanup for Next Mark 0.928ms
[2022-09-29T08:29:43.552+0000][7][gc          ] GC(196) Concurrent Cycle 171.981ms
[2022-09-29T08:29:45.551+0000][7][safepoint   ] Safepoint "Cleanup", Time since last: 2000736700 ns, Reaching safepoint: 407857 ns, At safepoint: 54914 ns, Total: 462771 ns
[2022-09-29T08:30:03.556+0000][7][safepoint   ] Safepoint "Cleanup", Time since last: 18004448772 ns, Reaching safepoint: 322435 ns, At safepoint: 42832 ns, Total: 365267 ns
[2022-09-29T08:30:11.558+0000][7][safepoint   ] Safepoint "Cleanup", Time since last: 8002191742 ns, Reaching safepoint: 272450 ns, At safepoint: 27542 ns, Total: 299992 ns
[2022-09-29T08:30:46.566+0000][7][safepoint   ] Safepoint "Cleanup", Time since last: 35007130070 ns, Reaching safepoint: 490911 ns, At safepoint: 84541 ns, Total: 575452 ns
[2022-09-29T08:30:47.200+0000][7][gc,start    ] GC(197) Pause Young (Normal) (G1 Evacuation Pause)
[2022-09-29T08:30:47.200+0000][7][gc,task     ] GC(197) Using 6 workers of 13 for evacuation
[2022-09-29T08:30:47.201+0000][7][gc,age      ] GC(197) Desired survivor size 6291456 bytes, new threshold 15 (max threshold 15)
[2022-09-29T08:30:47.205+0000][7][gc,age      ] GC(197) Age table with threshold 15 (max threshold 15)
[2022-09-29T08:30:47.205+0000][7][gc,age      ] GC(197) - age   1:    1403640 bytes,    1403640 total
[2022-09-29T08:30:47.206+0000][7][gc,age      ] GC(197) - age   2:      53696 bytes,    1457336 total
[2022-09-29T08:30:47.206+0000][7][gc,age      ] GC(197) - age   3:       1992 bytes,    1459328 total
[2022-09-29T08:30:47.207+0000][7][gc,age      ] GC(197) - age   4:     170328 bytes,    1629656 total
[2022-09-29T08:30:47.207+0000][7][gc,age      ] GC(197) - age   5:      36184 bytes,    1665840 total
[2022-09-29T08:30:47.208+0000][7][gc,age      ] GC(197) - age   6:      26536 bytes,    1692376 total
[2022-09-29T08:30:47.208+0000][7][gc,age      ] GC(197) - age   7:     411480 bytes,    2103856 total
[2022-09-29T08:30:47.209+0000][7][gc,age      ] GC(197) - age   8:       1224 bytes,    2105080 total
[2022-09-29T08:30:47.209+0000][7][gc,age      ] GC(197) - age   9:      62704 bytes,    2167784 total
[2022-09-29T08:30:47.209+0000][7][gc,age      ] GC(197) - age  10:        680 bytes,    2168464 total
[2022-09-29T08:30:47.210+0000][7][gc,age      ] GC(197) - age  11:       2640 bytes,    2171104 total
[2022-09-29T08:30:47.210+0000][7][gc,age      ] GC(197) - age  12:       4728 bytes,    2175832 total
[2022-09-29T08:30:47.210+0000][7][gc,age      ] GC(197) - age  13:       2832 bytes,    2178664 total
[2022-09-29T08:30:47.211+0000][7][gc,age      ] GC(197) - age  14:      91928 bytes,    2270592 total
[2022-09-29T08:30:47.211+0000][7][gc,age      ] GC(197) - age  15:     216256 bytes,    2486848 total
[2022-09-29T08:30:47.211+0000][7][gc,phases   ] GC(197)   Pre Evacuate Collection Set: 0.2ms
[2022-09-29T08:30:47.212+0000][7][gc,phases   ] GC(197)   Merge Heap Roots: 0.1ms
[2022-09-29T08:30:47.212+0000][7][gc,phases   ] GC(197)   Evacuate Collection Set: 1.8ms
[2022-09-29T08:30:47.213+0000][7][gc,phases   ] GC(197)   Post Evacuate Collection Set: 1.5ms
[2022-09-29T08:30:47.213+0000][7][gc,phases   ] GC(197)   Other: 7.8ms
[2022-09-29T08:30:47.213+0000][7][gc,heap     ] GC(197) Eden regions: 19->0(19)
[2022-09-29T08:30:47.214+0000][7][gc,heap     ] GC(197) Survivor regions: 1->1(3)
[2022-09-29T08:30:47.214+0000][7][gc,heap     ] GC(197) Old regions: 26->26
[2022-09-29T08:30:47.214+0000][7][gc,heap     ] GC(197) Archive regions: 2->2
[2022-09-29T08:30:47.215+0000][7][gc,heap     ] GC(197) Humongous regions: 5->5
[2022-09-29T08:30:47.215+0000][7][gc,metaspace] GC(197) Metaspace: 115318K(119708K)->115318K(119708K) NonClass: 100601K(103580K)->100601K(103580K) Class: 14716K(16128K)->14716K(16128K)
[2022-09-29T08:30:47.215+0000][7][gc          ] GC(197) Pause Young (Normal) (G1 Evacuation Pause) 203M->126M(256M) 15.179ms
[2022-09-29T08:30:47.216+0000][7][gc,cpu      ] GC(197) User=0.02s Sys=0.00s Real=0.01s
[2022-09-29T08:30:47.216+0000][7][safepoint   ] Safepoint "G1CollectForAllocation", Time since last: 632862964 ns, Reaching safepoint: 1104984 ns, At safepoint: 15955815 ns, Total: 17060799 ns
[2022-09-29T08:31:03.220+0000][7][safepoint   ] Safepoint "Cleanup", Time since last: 16003392993 ns, Reaching safepoint: 255344 ns, At safepoint: 34716 ns, Total: 290060 ns
[2022-09-29T08:31:23.224+0000][7][safepoint   ] Safepoint "Cleanup", Time since last: 20003837807 ns, Reaching safepoint: 265927 ns, At safepoint: 33203 ns, Total: 299130 ns
[2022-09-29T08:31:24.225+0000][7][safepoint   ] Safepoint "Cleanup", Time since last: 1000770079 ns, Reaching safepoint: 418532 ns, At safepoint: 49034 ns, Total: 467566 ns
[2022-09-29T08:31:38.228+0000][7][safepoint   ] Safepoint "Cleanup", Time since last: 14002788427 ns, Reaching safepoint: 323015 ns, At safepoint: 24817 ns, Total: 347832 ns
[2022-09-29T08:31:44.230+0000][7][safepoint   ] Safepoint "Cleanup", Time since last: 6001056499 ns, Reaching safepoint: 294471 ns, At safepoint: 30808 ns, Total: 325279 ns
[2022-09-29T08:31:49.824+0000][7][gc,start    ] GC(198) Pause Young (Concurrent Start) (G1 Evacuation Pause)
[2022-09-29T08:31:49.824+0000][7][gc,task     ] GC(198) Using 6 workers of 13 for evacuation
[2022-09-29T08:31:49.825+0000][7][gc,age      ] GC(198) Desired survivor size 6291456 bytes, new threshold 15 (max threshold 15)
[2022-09-29T08:31:49.833+0000][7][gc,age      ] GC(198) Age table with threshold 15 (max threshold 15)
[2022-09-29T08:31:49.834+0000][7][gc,age      ] GC(198) - age   1:     803544 bytes,     803544 total
[2022-09-29T08:31:49.834+0000][7][gc,age      ] GC(198) - age   2:     442448 bytes,    1245992 total
[2022-09-29T08:31:49.834+0000][7][gc,age      ] GC(198) - age   3:      52304 bytes,    1298296 total
[2022-09-29T08:31:49.835+0000][7][gc,age      ] GC(198) - age   4:       1848 bytes,    1300144 total
[2022-09-29T08:31:49.835+0000][7][gc,age      ] GC(198) - age   5:     169952 bytes,    1470096 total
[2022-09-29T08:31:49.835+0000][7][gc,age      ] GC(198) - age   6:      36152 bytes,    1506248 total
[2022-09-29T08:31:49.836+0000][7][gc,age      ] GC(198) - age   7:      26408 bytes,    1532656 total
[2022-09-29T08:31:49.836+0000][7][gc,age      ] GC(198) - age   8:     411360 bytes,    1944016 total
[2022-09-29T08:31:49.836+0000][7][gc,age      ] GC(198) - age   9:       1032 bytes,    1945048 total
[2022-09-29T08:31:49.837+0000][7][gc,age      ] GC(198) - age  10:      62704 bytes,    2007752 total
[2022-09-29T08:31:49.837+0000][7][gc,age      ] GC(198) - age  11:        680 bytes,    2008432 total
[2022-09-29T08:31:49.838+0000][7][gc,age      ] GC(198) - age  12:       2408 bytes,    2010840 total
[2022-09-29T08:31:49.838+0000][7][gc,age      ] GC(198) - age  13:       4664 bytes,    2015504 total
[2022-09-29T08:31:49.838+0000][7][gc,age      ] GC(198) - age  14:       2528 bytes,    2018032 total
[2022-09-29T08:31:49.839+0000][7][gc,age      ] GC(198) - age  15:      91864 bytes,    2109896 total
[2022-09-29T08:31:49.839+0000][7][gc,phases   ] GC(198)   Pre Evacuate Collection Set: 0.8ms
[2022-09-29T08:31:49.840+0000][7][gc,phases   ] GC(198)   Merge Heap Roots: 0.2ms
[2022-09-29T08:31:49.840+0000][7][gc,phases   ] GC(198)   Evacuate Collection Set: 5.3ms
[2022-09-29T08:31:49.841+0000][7][gc,phases   ] GC(198)   Post Evacuate Collection Set: 1.6ms
[2022-09-29T08:31:49.841+0000][7][gc,phases   ] GC(198)   Other: 7.8ms
[2022-09-29T08:31:49.841+0000][7][gc,heap     ] GC(198) Eden regions: 19->0(19)
[2022-09-29T08:31:49.842+0000][7][gc,heap     ] GC(198) Survivor regions: 1->1(3)
[2022-09-29T08:31:49.842+0000][7][gc,heap     ] GC(198) Old regions: 26->26
[2022-09-29T08:31:49.843+0000][7][gc,heap     ] GC(198) Archive regions: 2->2
[2022-09-29T08:31:49.843+0000][7][gc,heap     ] GC(198) Humongous regions: 5->5
[2022-09-29T08:31:49.843+0000][7][gc,metaspace] GC(198) Metaspace: 115321K(119708K)->115321K(119708K) NonClass: 100604K(103580K)->100604K(103580K) Class: 14716K(16128K)->14716K(16128K)
[2022-09-29T08:31:49.844+0000][7][gc          ] GC(198) Pause Young (Concurrent Start) (G1 Evacuation Pause) 202M->126M(256M) 19.925ms
[2022-09-29T08:31:49.844+0000][7][gc,cpu      ] GC(198) User=0.02s Sys=0.01s Real=0.02s
[2022-09-29T08:31:49.845+0000][7][gc          ] GC(199) Concurrent Cycle
[2022-09-29T08:31:49.845+0000][7][safepoint   ] Safepoint "G1CollectForAllocation", Time since last: 5593536865 ns, Reaching safepoint: 557123 ns, At safepoint: 21191150 ns, Total: 21748273 ns
[2022-09-29T08:31:49.845+0000][7][gc,marking  ] GC(199) Concurrent Clear Claimed Marks
[2022-09-29T08:31:49.846+0000][7][gc,marking  ] GC(199) Concurrent Clear Claimed Marks 0.895ms
[2022-09-29T08:31:49.847+0000][7][gc,marking  ] GC(199) Concurrent Scan Root Regions
[2022-09-29T08:31:49.850+0000][7][gc,marking  ] GC(199) Concurrent Scan Root Regions 3.687ms
[2022-09-29T08:31:49.851+0000][7][gc,marking  ] GC(199) Concurrent Mark (8918.943s)
[2022-09-29T08:31:49.851+0000][7][gc,marking  ] GC(199) Concurrent Mark From Roots
[2022-09-29T08:31:49.852+0000][7][gc,task     ] GC(199) Using 3 workers of 3 for marking
[2022-09-29T08:31:49.953+0000][7][gc,marking  ] GC(199) Concurrent Mark From Roots 101.810ms
[2022-09-29T08:31:49.953+0000][7][gc,marking  ] GC(199) Concurrent Preclean
[2022-09-29T08:31:49.955+0000][7][gc,marking  ] GC(199) Concurrent Preclean 1.301ms
[2022-09-29T08:31:49.955+0000][7][gc,marking  ] GC(199) Concurrent Mark (8918.943s, 8919.048s) 104.487ms
[2022-09-29T08:31:49.957+0000][7][gc,start    ] GC(199) Pause Remark
[2022-09-29T08:31:49.973+0000][7][gc          ] GC(199) Pause Remark 128M->128M(256M) 16.380ms
[2022-09-29T08:31:49.975+0000][7][gc,cpu      ] GC(199) User=0.07s Sys=0.01s Real=0.02s
[2022-09-29T08:31:49.976+0000][7][safepoint   ] Safepoint "G1Concurrent", Time since last: 111199142 ns, Reaching safepoint: 482088 ns, At safepoint: 19614558 ns, Total: 20096646 ns
[2022-09-29T08:31:49.977+0000][7][gc,marking  ] GC(199) Concurrent Rebuild Remembered Sets
[2022-09-29T08:31:50.052+0000][7][gc,marking  ] GC(199) Concurrent Rebuild Remembered Sets 74.676ms
[2022-09-29T08:31:50.054+0000][7][gc,start    ] GC(199) Pause Cleanup
[2022-09-29T08:31:50.055+0000][7][gc          ] GC(199) Pause Cleanup 129M->129M(256M) 1.074ms
[2022-09-29T08:31:50.056+0000][7][gc,cpu      ] GC(199) User=0.00s Sys=0.01s Real=0.00s
[2022-09-29T08:31:50.057+0000][7][safepoint   ] Safepoint "G1Concurrent", Time since last: 76738193 ns, Reaching safepoint: 595595 ns, At safepoint: 3052336 ns, Total: 3647931 ns
[2022-09-29T08:31:50.058+0000][7][gc,marking  ] GC(199) Concurrent Cleanup for Next Mark
[2022-09-29T08:31:50.059+0000][7][gc,marking  ] GC(199) Concurrent Cleanup for Next Mark 1.358ms
[2022-09-29T08:31:50.059+0000][7][gc          ] GC(199) Concurrent Cycle 214.737ms
[2022-09-29T08:32:53.070+0000][7][safepoint   ] Safepoint "Cleanup", Time since last: 63012645423 ns, Reaching safepoint: 282109 ns, At safepoint: 68581 ns, Total: 350690 ns
[2022-09-29T08:32:54.071+0000][7][safepoint   ] Safepoint "Cleanup", Time since last: 1000597031 ns, Reaching safepoint: 384974 ns, At safepoint: 69743 ns, Total: 454717 ns
[2022-09-29T08:32:55.452+0000][7][gc,start    ] GC(200) Pause Young (Normal) (G1 Evacuation Pause)
[2022-09-29T08:32:55.453+0000][7][gc,task     ] GC(200) Using 6 workers of 13 for evacuation
[2022-09-29T08:32:55.453+0000][7][gc,age      ] GC(200) Desired survivor size 6291456 bytes, new threshold 15 (max threshold 15)
[2022-09-29T08:32:55.460+0000][7][gc,age      ] GC(200) Age table with threshold 15 (max threshold 15)
[2022-09-29T08:32:55.460+0000][7][gc,age      ] GC(200) - age   1:     650344 bytes,     650344 total
[2022-09-29T08:32:55.460+0000][7][gc,age      ] GC(200) - age   2:     677496 bytes,    1327840 total
[2022-09-29T08:32:55.461+0000][7][gc,age      ] GC(200) - age   3:     441720 bytes,    1769560 total
[2022-09-29T08:32:55.461+0000][7][gc,age      ] GC(200) - age   4:      51424 bytes,    1820984 total
[2022-09-29T08:32:55.461+0000][7][gc,age      ] GC(200) - age   5:       1848 bytes,    1822832 total
[2022-09-29T08:32:55.462+0000][7][gc,age      ] GC(200) - age   6:     169792 bytes,    1992624 total
[2022-09-29T08:32:55.462+0000][7][gc,age      ] GC(200) - age   7:      36120 bytes,    2028744 total
[2022-09-29T08:32:55.462+0000][7][gc,age      ] GC(200) - age   8:      26344 bytes,    2055088 total
[2022-09-29T08:32:55.463+0000][7][gc,age      ] GC(200) - age   9:     411360 bytes,    2466448 total
[2022-09-29T08:32:55.463+0000][7][gc,age      ] GC(200) - age  10:       1032 bytes,    2467480 total
[2022-09-29T08:32:55.463+0000][7][gc,age      ] GC(200) - age  11:      62704 bytes,    2530184 total
[2022-09-29T08:32:55.463+0000][7][gc,age      ] GC(200) - age  12:        680 bytes,    2530864 total
[2022-09-29T08:32:55.463+0000][7][gc,age      ] GC(200) - age  13:       2408 bytes,    2533272 total
[2022-09-29T08:32:55.464+0000][7][gc,age      ] GC(200) - age  14:       4264 bytes,    2537536 total
[2022-09-29T08:32:55.464+0000][7][gc,age      ] GC(200) - age  15:       2528 bytes,    2540064 total
[2022-09-29T08:32:55.464+0000][7][gc,phases   ] GC(200)   Pre Evacuate Collection Set: 0.3ms
[2022-09-29T08:32:55.464+0000][7][gc,phases   ] GC(200)   Merge Heap Roots: 0.2ms
[2022-09-29T08:32:55.465+0000][7][gc,phases   ] GC(200)   Evacuate Collection Set: 3.7ms
[2022-09-29T08:32:55.465+0000][7][gc,phases   ] GC(200)   Post Evacuate Collection Set: 1.9ms
[2022-09-29T08:32:55.465+0000][7][gc,phases   ] GC(200)   Other: 6.2ms
[2022-09-29T08:32:55.465+0000][7][gc,heap     ] GC(200) Eden regions: 19->0(19)
[2022-09-29T08:32:55.466+0000][7][gc,heap     ] GC(200) Survivor regions: 1->1(3)
[2022-09-29T08:32:55.466+0000][7][gc,heap     ] GC(200) Old regions: 26->26
[2022-09-29T08:32:55.466+0000][7][gc,heap     ] GC(200) Archive regions: 2->2
[2022-09-29T08:32:55.466+0000][7][gc,heap     ] GC(200) Humongous regions: 5->5
[2022-09-29T08:32:55.467+0000][7][gc,metaspace] GC(200) Metaspace: 115323K(119708K)->115323K(119708K) NonClass: 100606K(103580K)->100606K(103580K) Class: 14716K(16128K)->14716K(16128K)
[2022-09-29T08:32:55.467+0000][7][gc          ] GC(200) Pause Young (Normal) (G1 Evacuation Pause) 202M->127M(256M) 15.226ms
[2022-09-29T08:32:55.468+0000][7][gc,cpu      ] GC(200) User=0.01s Sys=0.02s Real=0.01s
[2022-09-29T08:32:55.468+0000][7][safepoint   ] Safepoint "G1CollectForAllocation", Time since last: 1381029593 ns, Reaching safepoint: 380452 ns, At safepoint: 16425939 ns, Total: 16806391 ns
[2022-09-29T08:33:30.477+0000][7][safepoint   ] Safepoint "Cleanup", Time since last: 35007037233 ns, Reaching safepoint: 1632567 ns, At safepoint: 59493 ns, Total: 1692060 ns
[2022-09-29T08:33:31.479+0000][7][safepoint   ] Safepoint "Cleanup", Time since last: 1000898575 ns, Reaching safepoint: 431440 ns, At safepoint: 61707 ns, Total: 493147 ns
[2022-09-29T08:33:56.085+0000][7][gc,start    ] GC(201) Pause Young (Concurrent Start) (G1 Evacuation Pause)
[2022-09-29T08:33:56.086+0000][7][gc,task     ] GC(201) Using 6 workers of 13 for evacuation
[2022-09-29T08:33:56.086+0000][7][gc,age      ] GC(201) Desired survivor size 6291456 bytes, new threshold 15 (max threshold 15)
[2022-09-29T08:33:56.092+0000][7][gc,age      ] GC(201) Age table with threshold 15 (max threshold 15)
[2022-09-29T08:33:56.092+0000][7][gc,age      ] GC(201) - age   1:     891984 bytes,     891984 total
[2022-09-29T08:33:56.093+0000][7][gc,age      ] GC(201) - age   2:     420112 bytes,    1312096 total
[2022-09-29T08:33:56.093+0000][7][gc,age      ] GC(201) - age   3:     606608 bytes,    1918704 total
[2022-09-29T08:33:56.093+0000][7][gc,age      ] GC(201) - age   4:     424568 bytes,    2343272 total
[2022-09-29T08:33:56.094+0000][7][gc,age      ] GC(201) - age   5:      51360 bytes,    2394632 total
[2022-09-29T08:33:56.094+0000][7][gc,age      ] GC(201) - age   6:       1608 bytes,    2396240 total
[2022-09-29T08:33:56.094+0000][7][gc,age      ] GC(201) - age   7:     155832 bytes,    2552072 total
[2022-09-29T08:33:56.094+0000][7][gc,age      ] GC(201) - age   8:      35816 bytes,    2587888 total
[2022-09-29T08:33:56.095+0000][7][gc,age      ] GC(201) - age   9:      26344 bytes,    2614232 total
[2022-09-29T08:33:56.095+0000][7][gc,age      ] GC(201) - age  10:     410832 bytes,    3025064 total
[2022-09-29T08:33:56.095+0000][7][gc,age      ] GC(201) - age  11:        840 bytes,    3025904 total
[2022-09-29T08:33:56.095+0000][7][gc,age      ] GC(201) - age  12:      62640 bytes,    3088544 total
[2022-09-29T08:33:56.096+0000][7][gc,age      ] GC(201) - age  13:        680 bytes,    3089224 total
[2022-09-29T08:33:56.096+0000][7][gc,age      ] GC(201) - age  14:       2368 bytes,    3091592 total
[2022-09-29T08:33:56.096+0000][7][gc,age      ] GC(201) - age  15:       4056 bytes,    3095648 total
[2022-09-29T08:33:56.096+0000][7][gc,phases   ] GC(201)   Pre Evacuate Collection Set: 0.4ms
[2022-09-29T08:33:56.097+0000][7][gc,phases   ] GC(201)   Merge Heap Roots: 0.2ms
[2022-09-29T08:33:56.097+0000][7][gc,phases   ] GC(201)   Evacuate Collection Set: 2.6ms
[2022-09-29T08:33:56.097+0000][7][gc,phases   ] GC(201)   Post Evacuate Collection Set: 2.0ms
[2022-09-29T08:33:56.097+0000][7][gc,phases   ] GC(201)   Other: 6.2ms
[2022-09-29T08:33:56.098+0000][7][gc,heap     ] GC(201) Eden regions: 19->0(19)
[2022-09-29T08:33:56.098+0000][7][gc,heap     ] GC(201) Survivor regions: 1->1(3)
[2022-09-29T08:33:56.098+0000][7][gc,heap     ] GC(201) Old regions: 26->26
[2022-09-29T08:33:56.098+0000][7][gc,heap     ] GC(201) Archive regions: 2->2
[2022-09-29T08:33:56.099+0000][7][gc,heap     ] GC(201) Humongous regions: 5->5
[2022-09-29T08:33:56.099+0000][7][gc,metaspace] GC(201) Metaspace: 115346K(119964K)->115346K(119964K) NonClass: 100630K(103836K)->100630K(103836K) Class: 14716K(16128K)->14716K(16128K)
[2022-09-29T08:33:56.099+0000][7][gc          ] GC(201) Pause Young (Concurrent Start) (G1 Evacuation Pause) 203M->127M(256M) 14.089ms
[2022-09-29T08:33:56.100+0000][7][gc,cpu      ] GC(201) User=0.02s Sys=0.01s Real=0.02s
[2022-09-29T08:33:56.100+0000][7][safepoint   ] Safepoint "G1CollectForAllocation", Time since last: 24606101405 ns, Reaching safepoint: 433837 ns, At safepoint: 14991638 ns, Total: 15425475 ns
[2022-09-29T08:33:56.100+0000][7][gc          ] GC(202) Concurrent Cycle
[2022-09-29T08:33:56.101+0000][7][gc,marking  ] GC(202) Concurrent Clear Claimed Marks
[2022-09-29T08:33:56.102+0000][7][gc,marking  ] GC(202) Concurrent Clear Claimed Marks 0.538ms
[2022-09-29T08:33:56.102+0000][7][gc,marking  ] GC(202) Concurrent Scan Root Regions
[2022-09-29T08:33:56.105+0000][7][gc,marking  ] GC(202) Concurrent Scan Root Regions 2.937ms
[2022-09-29T08:33:56.105+0000][7][gc,marking  ] GC(202) Concurrent Mark (9045.198s)
[2022-09-29T08:33:56.106+0000][7][gc,marking  ] GC(202) Concurrent Mark From Roots
[2022-09-29T08:33:56.106+0000][7][gc,task     ] GC(202) Using 3 workers of 3 for marking
[2022-09-29T08:33:56.184+0000][7][gc,marking  ] GC(202) Concurrent Mark From Roots 78.428ms
[2022-09-29T08:33:56.185+0000][7][gc,marking  ] GC(202) Concurrent Preclean
[2022-09-29T08:33:56.186+0000][7][gc,marking  ] GC(202) Concurrent Preclean 1.221ms
[2022-09-29T08:33:56.186+0000][7][gc,marking  ] GC(202) Concurrent Mark (9045.198s, 9045.279s) 81.120ms
[2022-09-29T08:33:56.187+0000][7][gc,start    ] GC(202) Pause Remark
[2022-09-29T08:33:56.201+0000][7][gc          ] GC(202) Pause Remark 127M->127M(256M) 13.432ms
[2022-09-29T08:33:56.202+0000][7][gc,cpu      ] GC(202) User=0.05s Sys=0.01s Real=0.02s
[2022-09-29T08:33:56.202+0000][7][safepoint   ] Safepoint "G1Concurrent", Time since last: 86872054 ns, Reaching safepoint: 507011 ns, At safepoint: 14746751 ns, Total: 15253762 ns
[2022-09-29T08:33:56.203+0000][7][gc,marking  ] GC(202) Concurrent Rebuild Remembered Sets
[2022-09-29T08:33:56.251+0000][7][gc,marking  ] GC(202) Concurrent Rebuild Remembered Sets 48.123ms
[2022-09-29T08:33:56.252+0000][7][gc,start    ] GC(202) Pause Cleanup
[2022-09-29T08:33:56.253+0000][7][gc          ] GC(202) Pause Cleanup 128M->128M(256M) 0.569ms
[2022-09-29T08:33:56.253+0000][7][gc,cpu      ] GC(202) User=0.00s Sys=0.00s Real=0.00s
[2022-09-29T08:33:56.254+0000][7][safepoint   ] Safepoint "G1Concurrent", Time since last: 49497152 ns, Reaching safepoint: 403990 ns, At safepoint: 1474500 ns, Total: 1878490 ns
[2022-09-29T08:33:56.254+0000][7][gc,marking  ] GC(202) Concurrent Cleanup for Next Mark
[2022-09-29T08:33:56.255+0000][7][gc,marking  ] GC(202) Concurrent Cleanup for Next Mark 0.880ms
[2022-09-29T08:33:56.256+0000][7][gc          ] GC(202) Concurrent Cycle 155.580ms
[2022-09-29T08:34:03.256+0000][7][safepoint   ] Safepoint "Cleanup", Time since last: 7001804389 ns, Reaching safepoint: 242522 ns, At safepoint: 42100 ns, Total: 284622 ns
[2022-09-29T08:34:29.262+0000][7][safepoint   ] Safepoint "Cleanup", Time since last: 26005542322 ns, Reaching safepoint: 398750 ns, At safepoint: 53853 ns, Total: 452603 ns
[2022-09-29T08:34:53.266+0000][7][safepoint   ] Safepoint "Cleanup", Time since last: 24004219645 ns, Reaching safepoint: 242933 ns, At safepoint: 38904 ns, Total: 281837 ns
[2022-09-29T08:34:58.268+0000][7][safepoint   ] Safepoint "Cleanup", Time since last: 5001212129 ns, Reaching safepoint: 379102 ns, At safepoint: 11673 ns, Total: 390775 ns
[2022-09-29T08:34:59.269+0000][7][safepoint   ] Safepoint "Cleanup", Time since last: 1000735357 ns, Reaching safepoint: 315887 ns, At safepoint: 49604 ns, Total: 365491 ns
[2022-09-29T08:35:00.534+0000][7][gc,start    ] GC(203) Pause Young (Normal) (G1 Evacuation Pause)
[2022-09-29T08:35:00.535+0000][7][gc,task     ] GC(203) Using 6 workers of 13 for evacuation
[2022-09-29T08:35:00.536+0000][7][gc,age      ] GC(203) Desired survivor size 6291456 bytes, new threshold 15 (max threshold 15)
[2022-09-29T08:35:00.541+0000][7][gc,age      ] GC(203) Age table with threshold 15 (max threshold 15)
[2022-09-29T08:35:00.542+0000][7][gc,age      ] GC(203) - age   1:    1623312 bytes,    1623312 total
[2022-09-29T08:35:00.543+0000][7][gc,age      ] GC(203) - age   2:      94032 bytes,    1717344 total
[2022-09-29T08:35:00.543+0000][7][gc,age      ] GC(203) - age   3:       1472 bytes,    1718816 total
[2022-09-29T08:35:00.543+0000][7][gc,age      ] GC(203) - age   4:      36136 bytes,    1754952 total
[2022-09-29T08:35:00.544+0000][7][gc,age      ] GC(203) - age   5:     186992 bytes,    1941944 total
[2022-09-29T08:35:00.544+0000][7][gc,age      ] GC(203) - age   6:      17312 bytes,    1959256 total
[2022-09-29T08:35:00.545+0000][7][gc,age      ] GC(203) - age   7:       1088 bytes,    1960344 total
[2022-09-29T08:35:00.545+0000][7][gc,age      ] GC(203) - age   8:       6432 bytes,    1966776 total
[2022-09-29T08:35:00.545+0000][7][gc,age      ] GC(203) - age   9:      18472 bytes,    1985248 total
[2022-09-29T08:35:00.546+0000][7][gc,age      ] GC(203) - age  10:      25888 bytes,    2011136 total
[2022-09-29T08:35:00.546+0000][7][gc,age      ] GC(203) - age  11:     408632 bytes,    2419768 total
[2022-09-29T08:35:00.546+0000][7][gc,age      ] GC(203) - age  12:        776 bytes,    2420544 total
[2022-09-29T08:35:00.547+0000][7][gc,age      ] GC(203) - age  13:      62536 bytes,    2483080 total
[2022-09-29T08:35:00.547+0000][7][gc,age      ] GC(203) - age  14:        584 bytes,    2483664 total
[2022-09-29T08:35:00.548+0000][7][gc,age      ] GC(203) - age  15:       2240 bytes,    2485904 total
[2022-09-29T08:35:00.548+0000][7][gc,phases   ] GC(203)   Pre Evacuate Collection Set: 0.4ms
[2022-09-29T08:35:00.549+0000][7][gc,phases   ] GC(203)   Merge Heap Roots: 0.2ms
[2022-09-29T08:35:00.549+0000][7][gc,phases   ] GC(203)   Evacuate Collection Set: 3.0ms
[2022-09-29T08:35:00.550+0000][7][gc,phases   ] GC(203)   Post Evacuate Collection Set: 1.6ms
[2022-09-29T08:35:00.550+0000][7][gc,phases   ] GC(203)   Other: 8.8ms
[2022-09-29T08:35:00.551+0000][7][gc,heap     ] GC(203) Eden regions: 19->0(19)
[2022-09-29T08:35:00.551+0000][7][gc,heap     ] GC(203) Survivor regions: 1->1(3)
[2022-09-29T08:35:00.551+0000][7][gc,heap     ] GC(203) Old regions: 26->26
[2022-09-29T08:35:00.552+0000][7][gc,heap     ] GC(203) Archive regions: 2->2
[2022-09-29T08:35:00.552+0000][7][gc,heap     ] GC(203) Humongous regions: 5->5
[2022-09-29T08:35:00.552+0000][7][gc,metaspace] GC(203) Metaspace: 115383K(119964K)->115383K(119964K) NonClass: 100666K(103836K)->100666K(103836K) Class: 14716K(16128K)->14716K(16128K)
[2022-09-29T08:35:00.553+0000][7][gc          ] GC(203) Pause Young (Normal) (G1 Evacuation Pause) 203M->127M(256M) 18.346ms
[2022-09-29T08:35:00.553+0000][7][gc,cpu      ] GC(203) User=0.01s Sys=0.02s Real=0.02s
[2022-09-29T08:35:00.553+0000][7][safepoint   ] Safepoint "G1CollectForAllocation", Time since last: 1264338857 ns, Reaching safepoint: 874110 ns, At safepoint: 19308006 ns, Total: 20182116 ns
[2022-09-29T08:35:03.555+0000][7][safepoint   ] Safepoint "Cleanup", Time since last: 3001004415 ns, Reaching safepoint: 339988 ns, At safepoint: 62388 ns, Total: 402376 ns
[2022-09-29T08:35:07.556+0000][7][safepoint   ] Safepoint "Cleanup", Time since last: 4001052907 ns, Reaching safepoint: 268401 ns, At safepoint: 7565 ns, Total: 275966 ns
[2022-09-29T08:35:52.565+0000][7][safepoint   ] Safepoint "Cleanup", Time since last: 45008486014 ns, Reaching safepoint: 628044 ns, At safepoint: 64693 ns, Total: 692737 ns
[2022-09-29T08:36:01.568+0000][7][safepoint   ] Safepoint "Cleanup", Time since last: 9002073852 ns, Reaching safepoint: 421145 ns, At safepoint: 48052 ns, Total: 469197 ns
[2022-09-29T08:36:03.569+0000][7][safepoint   ] Safepoint "Cleanup", Time since last: 2000653625 ns, Reaching safepoint: 675757 ns, At safepoint: 87988 ns, Total: 763745 ns
[2022-09-29T08:36:11.598+0000][7][gc,start    ] GC(204) Pause Young (Concurrent Start) (G1 Evacuation Pause)
[2022-09-29T08:36:11.599+0000][7][gc,task     ] GC(204) Using 6 workers of 13 for evacuation
[2022-09-29T08:36:11.599+0000][7][gc,age      ] GC(204) Desired survivor size 6291456 bytes, new threshold 15 (max threshold 15)
[2022-09-29T08:36:11.604+0000][7][gc,age      ] GC(204) Age table with threshold 15 (max threshold 15)
[2022-09-29T08:36:11.604+0000][7][gc,age      ] GC(204) - age   1:     808776 bytes,     808776 total
[2022-09-29T08:36:11.604+0000][7][gc,age      ] GC(204) - age   2:    1190816 bytes,    1999592 total
[2022-09-29T08:36:11.605+0000][7][gc,age      ] GC(204) - age   3:      93504 bytes,    2093096 total
[2022-09-29T08:36:11.605+0000][7][gc,age      ] GC(204) - age   4:       1016 bytes,    2094112 total
[2022-09-29T08:36:11.605+0000][7][gc,age      ] GC(204) - age   5:      35648 bytes,    2129760 total
[2022-09-29T08:36:11.606+0000][7][gc,age      ] GC(204) - age   6:     186752 bytes,    2316512 total
[2022-09-29T08:36:11.606+0000][7][gc,age      ] GC(204) - age   7:      16928 bytes,    2333440 total
[2022-09-29T08:36:11.606+0000][7][gc,age      ] GC(204) - age   8:        960 bytes,    2334400 total
[2022-09-29T08:36:11.606+0000][7][gc,age      ] GC(204) - age   9:       6304 bytes,    2340704 total
[2022-09-29T08:36:11.607+0000][7][gc,age      ] GC(204) - age  10:      18216 bytes,    2358920 total
[2022-09-29T08:36:11.607+0000][7][gc,age      ] GC(204) - age  11:      25824 bytes,    2384744 total
[2022-09-29T08:36:11.607+0000][7][gc,age      ] GC(204) - age  12:     180920 bytes,    2565664 total
[2022-09-29T08:36:11.607+0000][7][gc,age      ] GC(204) - age  13:        776 bytes,    2566440 total
[2022-09-29T08:36:11.607+0000][7][gc,age      ] GC(204) - age  14:      62408 bytes,    2628848 total
[2022-09-29T08:36:11.608+0000][7][gc,age      ] GC(204) - age  15:        584 bytes,    2629432 total
[2022-09-29T08:36:11.608+0000][7][gc,phases   ] GC(204)   Pre Evacuate Collection Set: 0.6ms
[2022-09-29T08:36:11.608+0000][7][gc,phases   ] GC(204)   Merge Heap Roots: 0.2ms
[2022-09-29T08:36:11.609+0000][7][gc,phases   ] GC(204)   Evacuate Collection Set: 2.1ms
[2022-09-29T08:36:11.609+0000][7][gc,phases   ] GC(204)   Post Evacuate Collection Set: 1.2ms
[2022-09-29T08:36:11.609+0000][7][gc,phases   ] GC(204)   Other: 5.7ms
[2022-09-29T08:36:11.609+0000][7][gc,heap     ] GC(204) Eden regions: 19->0(19)
[2022-09-29T08:36:11.610+0000][7][gc,heap     ] GC(204) Survivor regions: 1->1(3)
[2022-09-29T08:36:11.610+0000][7][gc,heap     ] GC(204) Old regions: 26->26
[2022-09-29T08:36:11.610+0000][7][gc,heap     ] GC(204) Archive regions: 2->2
[2022-09-29T08:36:11.610+0000][7][gc,heap     ] GC(204) Humongous regions: 5->5
[2022-09-29T08:36:11.611+0000][7][gc,metaspace] GC(204) Metaspace: 115390K(119964K)->115390K(119964K) NonClass: 100674K(103836K)->100674K(103836K) Class: 14716K(16128K)->14716K(16128K)
[2022-09-29T08:36:11.611+0000][7][gc          ] GC(204) Pause Young (Concurrent Start) (G1 Evacuation Pause) 203M->127M(256M) 12.692ms
[2022-09-29T08:36:11.611+0000][7][gc,cpu      ] GC(204) User=0.02s Sys=0.00s Real=0.02s
[2022-09-29T08:36:11.612+0000][7][gc          ] GC(205) Concurrent Cycle
[2022-09-29T08:36:11.612+0000][7][safepoint   ] Safepoint "G1CollectForAllocation", Time since last: 8028551927 ns, Reaching safepoint: 392141 ns, At safepoint: 13401202 ns, Total: 13793343 ns
[2022-09-29T08:36:11.612+0000][7][gc,marking  ] GC(205) Concurrent Clear Claimed Marks
[2022-09-29T08:36:11.613+0000][7][gc,marking  ] GC(205) Concurrent Clear Claimed Marks 0.803ms
[2022-09-29T08:36:11.613+0000][7][gc,marking  ] GC(205) Concurrent Scan Root Regions
[2022-09-29T08:36:11.617+0000][7][gc,marking  ] GC(205) Concurrent Scan Root Regions 3.567ms
[2022-09-29T08:36:11.617+0000][7][gc,marking  ] GC(205) Concurrent Mark (9180.710s)
[2022-09-29T08:36:11.617+0000][7][gc,marking  ] GC(205) Concurrent Mark From Roots
[2022-09-29T08:36:11.618+0000][7][gc,task     ] GC(205) Using 3 workers of 3 for marking
[2022-09-29T08:36:11.697+0000][7][gc,marking  ] GC(205) Concurrent Mark From Roots 79.950ms
[2022-09-29T08:36:11.698+0000][7][gc,marking  ] GC(205) Concurrent Preclean
[2022-09-29T08:36:11.699+0000][7][gc,marking  ] GC(205) Concurrent Preclean 1.263ms
[2022-09-29T08:36:11.699+0000][7][gc,marking  ] GC(205) Concurrent Mark (9180.710s, 9180.792s) 82.459ms
[2022-09-29T08:36:11.700+0000][7][gc,start    ] GC(205) Pause Remark
[2022-09-29T08:36:11.713+0000][7][gc          ] GC(205) Pause Remark 128M->128M(256M) 12.374ms
[2022-09-29T08:36:11.713+0000][7][gc,cpu      ] GC(205) User=0.06s Sys=0.00s Real=0.01s
[2022-09-29T08:36:11.714+0000][7][safepoint   ] Safepoint "G1Concurrent", Time since last: 88272302 ns, Reaching safepoint: 386025 ns, At safepoint: 13326301 ns, Total: 13712326 ns
[2022-09-29T08:36:11.714+0000][7][gc,marking  ] GC(205) Concurrent Rebuild Remembered Sets
[2022-09-29T08:36:11.761+0000][7][gc,marking  ] GC(205) Concurrent Rebuild Remembered Sets 46.988ms
[2022-09-29T08:36:11.762+0000][7][gc,start    ] GC(205) Pause Cleanup
[2022-09-29T08:36:11.763+0000][7][gc          ] GC(205) Pause Cleanup 128M->128M(256M) 0.723ms
[2022-09-29T08:36:11.763+0000][7][gc,cpu      ] GC(205) User=0.01s Sys=0.00s Real=0.00s
[2022-09-29T08:36:11.764+0000][7][safepoint   ] Safepoint "G1Concurrent", Time since last: 48132121 ns, Reaching safepoint: 587950 ns, At safepoint: 1543251 ns, Total: 2131201 ns
[2022-09-29T08:36:11.764+0000][7][gc,marking  ] GC(205) Concurrent Cleanup for Next Mark
[2022-09-29T08:36:11.765+0000][7][gc,marking  ] GC(205) Concurrent Cleanup for Next Mark 0.863ms
[2022-09-29T08:36:11.766+0000][7][gc          ] GC(205) Concurrent Cycle 154.266ms
[2022-09-29T08:37:04.775+0000][7][safepoint   ] Safepoint "Cleanup", Time since last: 53010510011 ns, Reaching safepoint: 456390 ns, At safepoint: 40517 ns, Total: 496907 ns
[2022-09-29T08:37:05.154+0000][7][gc,start    ] GC(206) Pause Young (Normal) (G1 Evacuation Pause)
[2022-09-29T08:37:05.155+0000][7][gc,task     ] GC(206) Using 6 workers of 13 for evacuation
[2022-09-29T08:37:05.155+0000][7][gc,age      ] GC(206) Desired survivor size 6291456 bytes, new threshold 15 (max threshold 15)
[2022-09-29T08:37:05.159+0000][7][gc,age      ] GC(206) Age table with threshold 15 (max threshold 15)
[2022-09-29T08:37:05.160+0000][7][gc,age      ] GC(206) - age   1:     963072 bytes,     963072 total
[2022-09-29T08:37:05.160+0000][7][gc,age      ] GC(206) - age   2:     645800 bytes,    1608872 total
[2022-09-29T08:37:05.160+0000][7][gc,age      ] GC(206) - age   3:    1140512 bytes,    2749384 total
[2022-09-29T08:37:05.160+0000][7][gc,age      ] GC(206) - age   4:      52448 bytes,    2801832 total
[2022-09-29T08:37:05.160+0000][7][gc,age      ] GC(206) - age   5:        952 bytes,    2802784 total
[2022-09-29T08:37:05.160+0000][7][gc,age      ] GC(206) - age   6:      35648 bytes,    2838432 total
[2022-09-29T08:37:05.161+0000][7][gc,age      ] GC(206) - age   7:     186568 bytes,    3025000 total
[2022-09-29T08:37:05.161+0000][7][gc,age      ] GC(206) - age   8:      16928 bytes,    3041928 total
[2022-09-29T08:37:05.161+0000][7][gc,age      ] GC(206) - age   9:        960 bytes,    3042888 total
[2022-09-29T08:37:05.161+0000][7][gc,age      ] GC(206) - age  10:       6304 bytes,    3049192 total
[2022-09-29T08:37:05.161+0000][7][gc,age      ] GC(206) - age  11:      18216 bytes,    3067408 total
[2022-09-29T08:37:05.162+0000][7][gc,age      ] GC(206) - age  12:      25528 bytes,    3092936 total
[2022-09-29T08:37:05.163+0000][7][gc,age      ] GC(206) - age  13:     180920 bytes,    3273856 total
[2022-09-29T08:37:05.163+0000][7][gc,age      ] GC(206) - age  14:        776 bytes,    3274632 total
[2022-09-29T08:37:05.163+0000][7][gc,age      ] GC(206) - age  15:      62408 bytes,    3337040 total
[2022-09-29T08:37:05.163+0000][7][gc,phases   ] GC(206)   Pre Evacuate Collection Set: 0.2ms
[2022-09-29T08:37:05.164+0000][7][gc,phases   ] GC(206)   Merge Heap Roots: 0.3ms
[2022-09-29T08:37:05.164+0000][7][gc,phases   ] GC(206)   Evacuate Collection Set: 2.1ms
[2022-09-29T08:37:05.164+0000][7][gc,phases   ] GC(206)   Post Evacuate Collection Set: 1.1ms
[2022-09-29T08:37:05.164+0000][7][gc,phases   ] GC(206)   Other: 5.6ms
[2022-09-29T08:37:05.164+0000][7][gc,heap     ] GC(206) Eden regions: 19->0(19)
[2022-09-29T08:37:05.164+0000][7][gc,heap     ] GC(206) Survivor regions: 1->1(3)
[2022-09-29T08:37:05.165+0000][7][gc,heap     ] GC(206) Old regions: 26->26
[2022-09-29T08:37:05.165+0000][7][gc,heap     ] GC(206) Archive regions: 2->2
[2022-09-29T08:37:05.165+0000][7][gc,heap     ] GC(206) Humongous regions: 5->5
[2022-09-29T08:37:05.165+0000][7][gc,metaspace] GC(206) Metaspace: 115394K(119964K)->115394K(119964K) NonClass: 100677K(103836K)->100677K(103836K) Class: 14716K(16128K)->14716K(16128K)
[2022-09-29T08:37:05.166+0000][7][gc          ] GC(206) Pause Young (Normal) (G1 Evacuation Pause) 203M->127M(256M) 11.467ms
[2022-09-29T08:37:05.166+0000][7][gc,cpu      ] GC(206) User=0.02s Sys=0.00s Real=0.01s
[2022-09-29T08:37:05.166+0000][7][safepoint   ] Safepoint "G1CollectForAllocation", Time since last: 378905332 ns, Reaching safepoint: 332827 ns, At safepoint: 12208222 ns, Total: 12541049 ns
[2022-09-29T08:37:06.167+0000][7][safepoint   ] Safepoint "Cleanup", Time since last: 1000344905 ns, Reaching safepoint: 266826 ns, At safepoint: 26070 ns, Total: 292896 ns
[2022-09-29T08:38:03.207+0000][7][safepoint   ] Safepoint "Cleanup", Time since last: 57039628088 ns, Reaching safepoint: 399291 ns, At safepoint: 48091 ns, Total: 447382 ns
[2022-09-29T08:38:06.209+0000][7][safepoint   ] Safepoint "Cleanup", Time since last: 3000989621 ns, Reaching safepoint: 463235 ns, At safepoint: 94430 ns, Total: 557665 ns
[2022-09-29T08:38:19.212+0000][7][safepoint   ] Safepoint "Cleanup", Time since last: 13002605751 ns, Reaching safepoint: 346699 ns, At safepoint: 31590 ns, Total: 378289 ns
[2022-09-29T08:38:19.336+0000][7][gc,start    ] GC(207) Pause Young (Concurrent Start) (G1 Evacuation Pause)
[2022-09-29T08:38:19.336+0000][7][gc,task     ] GC(207) Using 6 workers of 13 for evacuation
[2022-09-29T08:38:19.337+0000][7][gc,age      ] GC(207) Desired survivor size 6291456 bytes, new threshold 15 (max threshold 15)
[2022-09-29T08:38:19.343+0000][7][gc,age      ] GC(207) Age table with threshold 15 (max threshold 15)
[2022-09-29T08:38:19.344+0000][7][gc,age      ] GC(207) - age   1:     630744 bytes,     630744 total
[2022-09-29T08:38:19.344+0000][7][gc,age      ] GC(207) - age   2:      39600 bytes,     670344 total
[2022-09-29T08:38:19.344+0000][7][gc,age      ] GC(207) - age   3:     240736 bytes,     911080 total
[2022-09-29T08:38:19.344+0000][7][gc,age      ] GC(207) - age   4:     602408 bytes,    1513488 total
[2022-09-29T08:38:19.344+0000][7][gc,age      ] GC(207) - age   5:       1976 bytes,    1515464 total
[2022-09-29T08:38:19.345+0000][7][gc,age      ] GC(207) - age   6:        920 bytes,    1516384 total
[2022-09-29T08:38:19.345+0000][7][gc,age      ] GC(207) - age   7:      35408 bytes,    1551792 total
[2022-09-29T08:38:19.345+0000][7][gc,age      ] GC(207) - age   8:     186504 bytes,    1738296 total
[2022-09-29T08:38:19.345+0000][7][gc,age      ] GC(207) - age   9:      16864 bytes,    1755160 total
[2022-09-29T08:38:19.345+0000][7][gc,age      ] GC(207) - age  10:        960 bytes,    1756120 total
[2022-09-29T08:38:19.345+0000][7][gc,age      ] GC(207) - age  11:       6304 bytes,    1762424 total
[2022-09-29T08:38:19.346+0000][7][gc,age      ] GC(207) - age  12:      18216 bytes,    1780640 total
[2022-09-29T08:38:19.346+0000][7][gc,age      ] GC(207) - age  13:      25528 bytes,    1806168 total
[2022-09-29T08:38:19.346+0000][7][gc,age      ] GC(207) - age  14:     180920 bytes,    1987088 total
[2022-09-29T08:38:19.346+0000][7][gc,age      ] GC(207) - age  15:        776 bytes,    1987864 total
[2022-09-29T08:38:19.347+0000][7][gc,phases   ] GC(207)   Pre Evacuate Collection Set: 0.7ms
[2022-09-29T08:38:19.347+0000][7][gc,phases   ] GC(207)   Merge Heap Roots: 0.2ms
[2022-09-29T08:38:19.347+0000][7][gc,phases   ] GC(207)   Evacuate Collection Set: 4.2ms
[2022-09-29T08:38:19.348+0000][7][gc,phases   ] GC(207)   Post Evacuate Collection Set: 1.3ms
[2022-09-29T08:38:19.348+0000][7][gc,phases   ] GC(207)   Other: 4.4ms
[2022-09-29T08:38:19.348+0000][7][gc,heap     ] GC(207) Eden regions: 19->0(19)
[2022-09-29T08:38:19.349+0000][7][gc,heap     ] GC(207) Survivor regions: 1->1(3)
[2022-09-29T08:38:19.349+0000][7][gc,heap     ] GC(207) Old regions: 26->26
[2022-09-29T08:38:19.349+0000][7][gc,heap     ] GC(207) Archive regions: 2->2
[2022-09-29T08:38:19.349+0000][7][gc,heap     ] GC(207) Humongous regions: 5->5
[2022-09-29T08:38:19.350+0000][7][gc,metaspace] GC(207) Metaspace: 115399K(119964K)->115399K(119964K) NonClass: 100682K(103836K)->100682K(103836K) Class: 14716K(16128K)->14716K(16128K)
[2022-09-29T08:38:19.350+0000][7][gc          ] GC(207) Pause Young (Concurrent Start) (G1 Evacuation Pause) 203M->126M(256M) 13.909ms
[2022-09-29T08:38:19.350+0000][7][gc,cpu      ] GC(207) User=0.03s Sys=0.00s Real=0.02s
[2022-09-29T08:38:19.351+0000][7][gc          ] GC(208) Concurrent Cycle
[2022-09-29T08:38:19.351+0000][7][safepoint   ] Safepoint "G1CollectForAllocation", Time since last: 122237231 ns, Reaching safepoint: 2130234 ns, At safepoint: 14775276 ns, Total: 16905510 ns
[2022-09-29T08:38:19.351+0000][7][gc,marking  ] GC(208) Concurrent Clear Claimed Marks
[2022-09-29T08:38:19.351+0000][7][gc,marking  ] GC(208) Concurrent Clear Claimed Marks 0.548ms
[2022-09-29T08:38:19.352+0000][7][gc,marking  ] GC(208) Concurrent Scan Root Regions
[2022-09-29T08:38:19.354+0000][7][gc,marking  ] GC(208) Concurrent Scan Root Regions 1.902ms
[2022-09-29T08:38:19.354+0000][7][gc,marking  ] GC(208) Concurrent Mark (9308.447s)
[2022-09-29T08:38:19.354+0000][7][gc,marking  ] GC(208) Concurrent Mark From Roots
[2022-09-29T08:38:19.355+0000][7][gc,task     ] GC(208) Using 3 workers of 3 for marking
[2022-09-29T08:38:19.399+0000][7][gc,marking  ] GC(208) Concurrent Mark From Roots 44.190ms
[2022-09-29T08:38:19.399+0000][7][gc,marking  ] GC(208) Concurrent Preclean
[2022-09-29T08:38:19.399+0000][7][gc,marking  ] GC(208) Concurrent Preclean 0.543ms
[2022-09-29T08:38:19.400+0000][7][gc,marking  ] GC(208) Concurrent Mark (9308.447s, 9308.492s) 45.600ms
[2022-09-29T08:38:19.400+0000][7][gc,start    ] GC(208) Pause Remark
[2022-09-29T08:38:19.410+0000][7][gc          ] GC(208) Pause Remark 127M->127M(256M) 10.046ms
[2022-09-29T08:38:19.411+0000][7][gc,cpu      ] GC(208) User=0.05s Sys=0.00s Real=0.01s
[2022-09-29T08:38:19.411+0000][7][safepoint   ] Safepoint "G1Concurrent", Time since last: 49249019 ns, Reaching safepoint: 267162 ns, At safepoint: 10806029 ns, Total: 11073191 ns
[2022-09-29T08:38:19.411+0000][7][gc,marking  ] GC(208) Concurrent Rebuild Remembered Sets
[2022-09-29T08:38:19.440+0000][7][gc,marking  ] GC(208) Concurrent Rebuild Remembered Sets 28.864ms
[2022-09-29T08:38:19.441+0000][7][gc,start    ] GC(208) Pause Cleanup
[2022-09-29T08:38:19.442+0000][7][gc          ] GC(208) Pause Cleanup 128M->128M(256M) 0.514ms
[2022-09-29T08:38:19.442+0000][7][gc,cpu      ] GC(208) User=0.00s Sys=0.00s Real=0.00s
[2022-09-29T08:38:19.442+0000][7][safepoint   ] Safepoint "G1Concurrent", Time since last: 29662387 ns, Reaching safepoint: 315532 ns, At safepoint: 1255981 ns, Total: 1571513 ns
[2022-09-29T08:38:19.443+0000][7][gc,marking  ] GC(208) Concurrent Cleanup for Next Mark
[2022-09-29T08:38:19.443+0000][7][gc,marking  ] GC(208) Concurrent Cleanup for Next Mark 0.680ms
[2022-09-29T08:38:19.444+0000][7][gc          ] GC(208) Concurrent Cycle 93.556ms
[2022-09-29T08:38:42.447+0000][7][safepoint   ] Safepoint "Cleanup", Time since last: 23004570918 ns, Reaching safepoint: 350078 ns, At safepoint: 30969 ns, Total: 381047 ns
[2022-09-29T08:39:31.457+0000][7][safepoint   ] Safepoint "Cleanup", Time since last: 49009488743 ns, Reaching safepoint: 399581 ns, At safepoint: 59313 ns, Total: 458894 ns
[2022-09-29T08:39:43.339+0000][7][gc,start    ] GC(209) Pause Young (Normal) (G1 Evacuation Pause)
[2022-09-29T08:39:43.339+0000][7][gc,task     ] GC(209) Using 6 workers of 13 for evacuation
[2022-09-29T08:39:43.340+0000][7][gc,age      ] GC(209) Desired survivor size 6291456 bytes, new threshold 15 (max threshold 15)
[2022-09-29T08:39:43.344+0000][7][gc,age      ] GC(209) Age table with threshold 15 (max threshold 15)
[2022-09-29T08:39:43.345+0000][7][gc,age      ] GC(209) - age   1:     510992 bytes,     510992 total
[2022-09-29T08:39:43.345+0000][7][gc,age      ] GC(209) - age   2:     474688 bytes,     985680 total
[2022-09-29T08:39:43.345+0000][7][gc,age      ] GC(209) - age   3:      38384 bytes,    1024064 total
[2022-09-29T08:39:43.345+0000][7][gc,age      ] GC(209) - age   4:     240240 bytes,    1264304 total
[2022-09-29T08:39:43.346+0000][7][gc,age      ] GC(209) - age   5:     601696 bytes,    1866000 total
[2022-09-29T08:39:43.346+0000][7][gc,age      ] GC(209) - age   6:       1872 bytes,    1867872 total
[2022-09-29T08:39:43.346+0000][7][gc,age      ] GC(209) - age   7:        856 bytes,    1868728 total
[2022-09-29T08:39:43.348+0000][7][gc,age      ] GC(209) - age   8:      35120 bytes,    1903848 total
[2022-09-29T08:39:43.348+0000][7][gc,age      ] GC(209) - age   9:     186440 bytes,    2090288 total
[2022-09-29T08:39:43.348+0000][7][gc,age      ] GC(209) - age  10:      16800 bytes,    2107088 total
[2022-09-29T08:39:43.348+0000][7][gc,age      ] GC(209) - age  11:        896 bytes,    2107984 total
[2022-09-29T08:39:43.349+0000][7][gc,age      ] GC(209) - age  12:       5968 bytes,    2113952 total
[2022-09-29T08:39:43.349+0000][7][gc,age      ] GC(209) - age  13:      18152 bytes,    2132104 total
[2022-09-29T08:39:43.349+0000][7][gc,age      ] GC(209) - age  14:      25488 bytes,    2157592 total
[2022-09-29T08:39:43.349+0000][7][gc,age      ] GC(209) - age  15:     180920 bytes,    2338512 total
[2022-09-29T08:39:43.350+0000][7][gc,phases   ] GC(209)   Pre Evacuate Collection Set: 0.2ms
[2022-09-29T08:39:43.350+0000][7][gc,phases   ] GC(209)   Merge Heap Roots: 0.2ms
[2022-09-29T08:39:43.351+0000][7][gc,phases   ] GC(209)   Evacuate Collection Set: 2.5ms
[2022-09-29T08:39:43.352+0000][7][gc,phases   ] GC(209)   Post Evacuate Collection Set: 1.3ms
[2022-09-29T08:39:43.352+0000][7][gc,phases   ] GC(209)   Other: 6.6ms
[2022-09-29T08:39:43.353+0000][7][gc,heap     ] GC(209) Eden regions: 19->0(19)
[2022-09-29T08:39:43.353+0000][7][gc,heap     ] GC(209) Survivor regions: 1->1(3)
[2022-09-29T08:39:43.353+0000][7][gc,heap     ] GC(209) Old regions: 26->26
[2022-09-29T08:39:43.354+0000][7][gc,heap     ] GC(209) Archive regions: 2->2
[2022-09-29T08:39:43.354+0000][7][gc,heap     ] GC(209) Humongous regions: 5->5
[2022-09-29T08:39:43.354+0000][7][gc,metaspace] GC(209) Metaspace: 115409K(119964K)->115409K(119964K) NonClass: 100692K(103836K)->100692K(103836K) Class: 14716K(16128K)->14716K(16128K)
[2022-09-29T08:39:43.354+0000][7][gc          ] GC(209) Pause Young (Normal) (G1 Evacuation Pause) 202M->127M(256M) 15.290ms
[2022-09-29T08:39:43.355+0000][7][gc,cpu      ] GC(209) User=0.01s Sys=0.01s Real=0.02s
[2022-09-29T08:39:43.355+0000][7][safepoint   ] Safepoint "G1CollectForAllocation", Time since last: 11881503885 ns, Reaching safepoint: 333531 ns, At safepoint: 16072200 ns, Total: 16405731 ns
[2022-09-29T08:39:44.357+0000][7][safepoint   ] Safepoint "Cleanup", Time since last: 1000541668 ns, Reaching safepoint: 1393074 ns, At safepoint: 34997 ns, Total: 1428071 ns
[2022-09-29T08:40:03.361+0000][7][safepoint   ] Safepoint "Cleanup", Time since last: 19003749956 ns, Reaching safepoint: 333646 ns, At safepoint: 27753 ns, Total: 361399 ns
[2022-09-29T08:40:13.364+0000][7][safepoint   ] Safepoint "Cleanup", Time since last: 10002423213 ns, Reaching safepoint: 336033 ns, At safepoint: 53732 ns, Total: 389765 ns
[2022-09-29T08:40:15.365+0000][7][safepoint   ] Safepoint "Cleanup", Time since last: 2000702969 ns, Reaching safepoint: 424549 ns, At safepoint: 57930 ns, Total: 482479 ns
[2022-09-29T08:40:23.368+0000][7][safepoint   ] Safepoint "Cleanup", Time since last: 8002274822 ns, Reaching safepoint: 295433 ns, At safepoint: 37301 ns, Total: 332734 ns
[2022-09-29T08:40:42.373+0000][7][safepoint   ] Safepoint "Cleanup", Time since last: 19004809527 ns, Reaching safepoint: 356028 ns, At safepoint: 76717 ns, Total: 432745 ns
[2022-09-29T08:40:52.340+0000][7][gc,start    ] GC(210) Pause Young (Concurrent Start) (G1 Evacuation Pause)
[2022-09-29T08:40:52.340+0000][7][gc,task     ] GC(210) Using 6 workers of 13 for evacuation
[2022-09-29T08:40:52.341+0000][7][gc,age      ] GC(210) Desired survivor size 6291456 bytes, new threshold 15 (max threshold 15)
[2022-09-29T08:40:52.346+0000][7][gc,age      ] GC(210) Age table with threshold 15 (max threshold 15)
[2022-09-29T08:40:52.346+0000][7][gc,age      ] GC(210) - age   1:     793080 bytes,     793080 total
[2022-09-29T08:40:52.347+0000][7][gc,age      ] GC(210) - age   2:     325640 bytes,    1118720 total
[2022-09-29T08:40:52.347+0000][7][gc,age      ] GC(210) - age   3:     473920 bytes,    1592640 total
[2022-09-29T08:40:52.347+0000][7][gc,age      ] GC(210) - age   4:      18096 bytes,    1610736 total
[2022-09-29T08:40:52.347+0000][7][gc,age      ] GC(210) - age   5:       2152 bytes,    1612888 total
[2022-09-29T08:40:52.347+0000][7][gc,age      ] GC(210) - age   6:     153896 bytes,    1766784 total
[2022-09-29T08:40:52.347+0000][7][gc,age      ] GC(210) - age   7:       1776 bytes,    1768560 total
[2022-09-29T08:40:52.348+0000][7][gc,age      ] GC(210) - age   8:        464 bytes,    1769024 total
[2022-09-29T08:40:52.348+0000][7][gc,age      ] GC(210) - age   9:      35120 bytes,    1804144 total
[2022-09-29T08:40:52.348+0000][7][gc,age      ] GC(210) - age  10:     184744 bytes,    1988888 total
[2022-09-29T08:40:52.348+0000][7][gc,age      ] GC(210) - age  11:        840 bytes,    1989728 total
[2022-09-29T08:40:52.348+0000][7][gc,age      ] GC(210) - age  12:        832 bytes,    1990560 total
[2022-09-29T08:40:52.348+0000][7][gc,age      ] GC(210) - age  13:       5968 bytes,    1996528 total
[2022-09-29T08:40:52.349+0000][7][gc,age      ] GC(210) - age  14:       1872 bytes,    1998400 total
[2022-09-29T08:40:52.349+0000][7][gc,age      ] GC(210) - age  15:      25320 bytes,    2023720 total
[2022-09-29T08:40:52.349+0000][7][gc,phases   ] GC(210)   Pre Evacuate Collection Set: 0.4ms
[2022-09-29T08:40:52.349+0000][7][gc,phases   ] GC(210)   Merge Heap Roots: 0.1ms
[2022-09-29T08:40:52.349+0000][7][gc,phases   ] GC(210)   Evacuate Collection Set: 3.4ms
[2022-09-29T08:40:52.350+0000][7][gc,phases   ] GC(210)   Post Evacuate Collection Set: 1.1ms
[2022-09-29T08:40:52.350+0000][7][gc,phases   ] GC(210)   Other: 4.1ms
[2022-09-29T08:40:52.350+0000][7][gc,heap     ] GC(210) Eden regions: 19->0(19)
[2022-09-29T08:40:52.350+0000][7][gc,heap     ] GC(210) Survivor regions: 1->1(3)
[2022-09-29T08:40:52.350+0000][7][gc,heap     ] GC(210) Old regions: 26->26
[2022-09-29T08:40:52.350+0000][7][gc,heap     ] GC(210) Archive regions: 2->2
[2022-09-29T08:40:52.351+0000][7][gc,heap     ] GC(210) Humongous regions: 5->5
[2022-09-29T08:40:52.351+0000][7][gc,metaspace] GC(210) Metaspace: 115409K(119964K)->115409K(119964K) NonClass: 100693K(103836K)->100693K(103836K) Class: 14716K(16128K)->14716K(16128K)
[2022-09-29T08:40:52.351+0000][7][gc          ] GC(210) Pause Young (Concurrent Start) (G1 Evacuation Pause) 203M->126M(256M) 10.963ms
[2022-09-29T08:40:52.351+0000][7][gc,cpu      ] GC(210) User=0.02s Sys=0.00s Real=0.01s
[2022-09-29T08:40:52.352+0000][7][gc          ] GC(211) Concurrent Cycle
[2022-09-29T08:40:52.352+0000][7][safepoint   ] Safepoint "G1CollectForAllocation", Time since last: 9966549584 ns, Reaching safepoint: 336522 ns, At safepoint: 12265040 ns, Total: 12601562 ns
[2022-09-29T08:40:52.353+0000][7][gc,marking  ] GC(211) Concurrent Clear Claimed Marks
[2022-09-29T08:40:52.354+0000][7][gc,marking  ] GC(211) Concurrent Clear Claimed Marks 0.958ms
[2022-09-29T08:40:52.354+0000][7][gc,marking  ] GC(211) Concurrent Scan Root Regions
[2022-09-29T08:40:52.356+0000][7][gc,marking  ] GC(211) Concurrent Scan Root Regions 1.668ms
[2022-09-29T08:40:52.356+0000][7][gc,marking  ] GC(211) Concurrent Mark (9461.448s)
[2022-09-29T08:40:52.356+0000][7][gc,marking  ] GC(211) Concurrent Mark From Roots
[2022-09-29T08:40:52.356+0000][7][gc,task     ] GC(211) Using 3 workers of 3 for marking
[2022-09-29T08:40:52.402+0000][7][gc,marking  ] GC(211) Concurrent Mark From Roots 46.320ms
[2022-09-29T08:40:52.403+0000][7][gc,marking  ] GC(211) Concurrent Preclean
[2022-09-29T08:40:52.404+0000][7][gc,marking  ] GC(211) Concurrent Preclean 0.730ms
[2022-09-29T08:40:52.404+0000][7][gc,marking  ] GC(211) Concurrent Mark (9461.448s, 9461.496s) 48.005ms
[2022-09-29T08:40:52.404+0000][7][gc,start    ] GC(211) Pause Remark
[2022-09-29T08:40:52.412+0000][7][gc          ] GC(211) Pause Remark 127M->127M(256M) 7.975ms
[2022-09-29T08:40:52.413+0000][7][gc,cpu      ] GC(211) User=0.04s Sys=0.00s Real=0.01s
[2022-09-29T08:40:52.413+0000][7][safepoint   ] Safepoint "G1Concurrent", Time since last: 52061691 ns, Reaching safepoint: 265694 ns, At safepoint: 8928384 ns, Total: 9194078 ns
[2022-09-29T08:40:52.414+0000][7][gc,marking  ] GC(211) Concurrent Rebuild Remembered Sets
[2022-09-29T08:40:52.445+0000][7][gc,marking  ] GC(211) Concurrent Rebuild Remembered Sets 31.024ms
[2022-09-29T08:40:52.446+0000][7][gc,start    ] GC(211) Pause Cleanup
[2022-09-29T08:40:52.446+0000][7][gc          ] GC(211) Pause Cleanup 127M->127M(256M) 0.469ms
[2022-09-29T08:40:52.446+0000][7][gc,cpu      ] GC(211) User=0.00s Sys=0.00s Real=0.00s
[2022-09-29T08:40:52.447+0000][7][safepoint   ] Safepoint "G1Concurrent", Time since last: 31869282 ns, Reaching safepoint: 330137 ns, At safepoint: 1067635 ns, Total: 1397772 ns
[2022-09-29T08:40:52.447+0000][7][gc,marking  ] GC(211) Concurrent Cleanup for Next Mark
[2022-09-29T08:40:52.448+0000][7][gc,marking  ] GC(211) Concurrent Cleanup for Next Mark 0.836ms
[2022-09-29T08:40:52.448+0000][7][gc          ] GC(211) Concurrent Cycle 96.317ms
[2022-09-29T08:41:28.455+0000][7][safepoint   ] Safepoint "Cleanup", Time since last: 36008245521 ns, Reaching safepoint: 496051 ns, At safepoint: 55957 ns, Total: 552008 ns
[2022-09-29T08:41:29.456+0000][7][safepoint   ] Safepoint "Cleanup", Time since last: 1000288886 ns, Reaching safepoint: 473192 ns, At safepoint: 46258 ns, Total: 519450 ns
[2022-09-29T08:41:33.513+0000][7][gc,start    ] GC(212) Pause Young (Normal) (G1 Evacuation Pause)
[2022-09-29T08:41:33.513+0000][7][gc,task     ] GC(212) Using 6 workers of 13 for evacuation
[2022-09-29T08:41:33.514+0000][7][gc,age      ] GC(212) Desired survivor size 6291456 bytes, new threshold 15 (max threshold 15)
[2022-09-29T08:41:33.518+0000][7][gc,age      ] GC(212) Age table with threshold 15 (max threshold 15)
[2022-09-29T08:41:33.519+0000][7][gc,age      ] GC(212) - age   1:     453024 bytes,     453024 total
[2022-09-29T08:41:33.519+0000][7][gc,age      ] GC(212) - age   2:     232968 bytes,     685992 total
[2022-09-29T08:41:33.519+0000][7][gc,age      ] GC(212) - age   3:       2568 bytes,     688560 total
[2022-09-29T08:41:33.519+0000][7][gc,age      ] GC(212) - age   4:     171608 bytes,     860168 total
[2022-09-29T08:41:33.520+0000][7][gc,age      ] GC(212) - age   5:      17352 bytes,     877520 total
[2022-09-29T08:41:33.520+0000][7][gc,age      ] GC(212) - age   6:       1728 bytes,     879248 total
[2022-09-29T08:41:33.520+0000][7][gc,age      ] GC(212) - age   7:     153304 bytes,    1032552 total
[2022-09-29T08:41:33.520+0000][7][gc,age      ] GC(212) - age   8:       1536 bytes,    1034088 total
[2022-09-29T08:41:33.520+0000][7][gc,age      ] GC(212) - age   9:        464 bytes,    1034552 total
[2022-09-29T08:41:33.521+0000][7][gc,age      ] GC(212) - age  10:        984 bytes,    1035536 total
[2022-09-29T08:41:33.521+0000][7][gc,age      ] GC(212) - age  11:      17456 bytes,    1052992 total
[2022-09-29T08:41:33.521+0000][7][gc,age      ] GC(212) - age  12:        776 bytes,    1053768 total
[2022-09-29T08:41:33.521+0000][7][gc,age      ] GC(212) - age  13:        832 bytes,    1054600 total
[2022-09-29T08:41:33.521+0000][7][gc,age      ] GC(212) - age  14:       5968 bytes,    1060568 total
[2022-09-29T08:41:33.522+0000][7][gc,age      ] GC(212) - age  15:       1872 bytes,    1062440 total
[2022-09-29T08:41:33.522+0000][7][gc,phases   ] GC(212)   Pre Evacuate Collection Set: 0.3ms
[2022-09-29T08:41:33.522+0000][7][gc,phases   ] GC(212)   Merge Heap Roots: 0.1ms
[2022-09-29T08:41:33.522+0000][7][gc,phases   ] GC(212)   Evacuate Collection Set: 2.6ms
[2022-09-29T08:41:33.523+0000][7][gc,phases   ] GC(212)   Post Evacuate Collection Set: 1.2ms
[2022-09-29T08:41:33.523+0000][7][gc,phases   ] GC(212)   Other: 5.0ms
[2022-09-29T08:41:33.523+0000][7][gc,heap     ] GC(212) Eden regions: 19->0(19)
[2022-09-29T08:41:33.523+0000][7][gc,heap     ] GC(212) Survivor regions: 1->1(3)
[2022-09-29T08:41:33.524+0000][7][gc,heap     ] GC(212) Old regions: 26->26
[2022-09-29T08:41:33.524+0000][7][gc,heap     ] GC(212) Archive regions: 2->2
[2022-09-29T08:41:33.524+0000][7][gc,heap     ] GC(212) Humongous regions: 5->5
[2022-09-29T08:41:33.524+0000][7][gc,metaspace] GC(212) Metaspace: 115411K(119964K)->115411K(119964K) NonClass: 100694K(103836K)->100694K(103836K) Class: 14716K(16128K)->14716K(16128K)
[2022-09-29T08:41:33.525+0000][7][gc          ] GC(212) Pause Young (Normal) (G1 Evacuation Pause) 202M->126M(256M) 11.904ms
[2022-09-29T08:41:33.525+0000][7][gc,cpu      ] GC(212) User=0.02s Sys=0.00s Real=0.01s
[2022-09-29T08:41:33.525+0000][7][safepoint   ] Safepoint "G1CollectForAllocation", Time since last: 4056144637 ns, Reaching safepoint: 298631 ns, At safepoint: 12494309 ns, Total: 12792940 ns
[2022-09-29T08:41:58.530+0000][7][safepoint   ] Safepoint "Cleanup", Time since last: 25004608648 ns, Reaching safepoint: 559884 ns, At safepoint: 66988 ns, Total: 626872 ns
[2022-09-29T08:42:03.532+0000][7][safepoint   ] Safepoint "Cleanup", Time since last: 5001442600 ns, Reaching safepoint: 286957 ns, At safepoint: 34896 ns, Total: 321853 ns
[2022-09-29T08:42:19.537+0000][7][safepoint   ] Safepoint "Cleanup", Time since last: 16004983468 ns, Reaching safepoint: 277609 ns, At safepoint: 52109 ns, Total: 329718 ns
[2022-09-29T08:42:40.541+0000][7][safepoint   ] Safepoint "Cleanup", Time since last: 21003596637 ns, Reaching safepoint: 204580 ns, At safepoint: 28274 ns, Total: 232854 ns
[2022-09-29T08:42:58.562+0000][7][gc,start    ] GC(213) Pause Young (Concurrent Start) (G1 Evacuation Pause)
[2022-09-29T08:42:58.563+0000][7][gc,task     ] GC(213) Using 6 workers of 13 for evacuation
[2022-09-29T08:42:58.563+0000][7][gc,age      ] GC(213) Desired survivor size 6291456 bytes, new threshold 15 (max threshold 15)
[2022-09-29T08:42:58.566+0000][7][gc,age      ] GC(213) Age table with threshold 15 (max threshold 15)
[2022-09-29T08:42:58.567+0000][7][gc,age      ] GC(213) - age   1:     465672 bytes,     465672 total
[2022-09-29T08:42:58.567+0000][7][gc,age      ] GC(213) - age   2:     363776 bytes,     829448 total
[2022-09-29T08:42:58.567+0000][7][gc,age      ] GC(213) - age   3:     232144 bytes,    1061592 total
[2022-09-29T08:42:58.567+0000][7][gc,age      ] GC(213) - age   4:       2096 bytes,    1063688 total
[2022-09-29T08:42:58.568+0000][7][gc,age      ] GC(213) - age   5:     171576 bytes,    1235264 total
[2022-09-29T08:42:58.568+0000][7][gc,age      ] GC(213) - age   6:      17248 bytes,    1252512 total
[2022-09-29T08:42:58.568+0000][7][gc,age      ] GC(213) - age   7:       1600 bytes,    1254112 total
[2022-09-29T08:42:58.568+0000][7][gc,age      ] GC(213) - age   8:     153208 bytes,    1407320 total
[2022-09-29T08:42:58.568+0000][7][gc,age      ] GC(213) - age   9:       1536 bytes,    1408856 total
[2022-09-29T08:42:58.569+0000][7][gc,age      ] GC(213) - age  10:        464 bytes,    1409320 total
[2022-09-29T08:42:58.569+0000][7][gc,age      ] GC(213) - age  11:        984 bytes,    1410304 total
[2022-09-29T08:42:58.569+0000][7][gc,age      ] GC(213) - age  12:      17456 bytes,    1427760 total
[2022-09-29T08:42:58.569+0000][7][gc,age      ] GC(213) - age  13:        712 bytes,    1428472 total
[2022-09-29T08:42:58.570+0000][7][gc,age      ] GC(213) - age  14:        832 bytes,    1429304 total
[2022-09-29T08:42:58.570+0000][7][gc,age      ] GC(213) - age  15:       5968 bytes,    1435272 total
[2022-09-29T08:42:58.570+0000][7][gc,phases   ] GC(213)   Pre Evacuate Collection Set: 0.4ms
[2022-09-29T08:42:58.571+0000][7][gc,phases   ] GC(213)   Merge Heap Roots: 0.1ms
[2022-09-29T08:42:58.571+0000][7][gc,phases   ] GC(213)   Evacuate Collection Set: 1.5ms
[2022-09-29T08:42:58.571+0000][7][gc,phases   ] GC(213)   Post Evacuate Collection Set: 0.9ms
[2022-09-29T08:42:58.571+0000][7][gc,phases   ] GC(213)   Other: 5.4ms
[2022-09-29T08:42:58.571+0000][7][gc,heap     ] GC(213) Eden regions: 19->0(19)
[2022-09-29T08:42:58.571+0000][7][gc,heap     ] GC(213) Survivor regions: 1->1(3)
[2022-09-29T08:42:58.572+0000][7][gc,heap     ] GC(213) Old regions: 26->26
[2022-09-29T08:42:58.572+0000][7][gc,heap     ] GC(213) Archive regions: 2->2
[2022-09-29T08:42:58.572+0000][7][gc,heap     ] GC(213) Humongous regions: 5->5
[2022-09-29T08:42:58.572+0000][7][gc,metaspace] GC(213) Metaspace: 115411K(119964K)->115411K(119964K) NonClass: 100694K(103836K)->100694K(103836K) Class: 14716K(16128K)->14716K(16128K)
[2022-09-29T08:42:58.572+0000][7][gc          ] GC(213) Pause Young (Concurrent Start) (G1 Evacuation Pause) 202M->126M(256M) 10.168ms
[2022-09-29T08:42:58.573+0000][7][gc,cpu      ] GC(213) User=0.01s Sys=0.00s Real=0.01s
[2022-09-29T08:42:58.573+0000][7][gc          ] GC(214) Concurrent Cycle
[2022-09-29T08:42:58.573+0000][7][safepoint   ] Safepoint "G1CollectForAllocation", Time since last: 18020512291 ns, Reaching safepoint: 269365 ns, At safepoint: 10814909 ns, Total: 11084274 ns
[2022-09-29T08:42:58.573+0000][7][gc,marking  ] GC(214) Concurrent Clear Claimed Marks
[2022-09-29T08:42:58.574+0000][7][gc,marking  ] GC(214) Concurrent Clear Claimed Marks 0.714ms
[2022-09-29T08:42:58.574+0000][7][gc,marking  ] GC(214) Concurrent Scan Root Regions
[2022-09-29T08:42:58.576+0000][7][gc,marking  ] GC(214) Concurrent Scan Root Regions 1.833ms
[2022-09-29T08:42:58.577+0000][7][gc,marking  ] GC(214) Concurrent Mark (9587.669s)
[2022-09-29T08:42:58.577+0000][7][gc,marking  ] GC(214) Concurrent Mark From Roots
[2022-09-29T08:42:58.577+0000][7][gc,task     ] GC(214) Using 3 workers of 3 for marking
[2022-09-29T08:42:58.639+0000][7][gc,marking  ] GC(214) Concurrent Mark From Roots 61.470ms
[2022-09-29T08:42:58.639+0000][7][gc,marking  ] GC(214) Concurrent Preclean
[2022-09-29T08:42:58.640+0000][7][gc,marking  ] GC(214) Concurrent Preclean 0.693ms
[2022-09-29T08:42:58.640+0000][7][gc,marking  ] GC(214) Concurrent Mark (9587.669s, 9587.733s) 63.549ms
[2022-09-29T08:42:58.641+0000][7][gc,start    ] GC(214) Pause Remark
[2022-09-29T08:42:58.654+0000][7][gc          ] GC(214) Pause Remark 126M->126M(256M) 13.397ms
[2022-09-29T08:42:58.655+0000][7][gc,cpu      ] GC(214) User=0.07s Sys=0.00s Real=0.01s
[2022-09-29T08:42:58.656+0000][7][safepoint   ] Safepoint "G1Concurrent", Time since last: 67587635 ns, Reaching safepoint: 515312 ns, At safepoint: 14660170 ns, Total: 15175482 ns
[2022-09-29T08:42:58.656+0000][7][gc,marking  ] GC(214) Concurrent Rebuild Remembered Sets
[2022-09-29T08:42:58.699+0000][7][gc,marking  ] GC(214) Concurrent Rebuild Remembered Sets 42.616ms
[2022-09-29T08:42:58.700+0000][7][gc,start    ] GC(214) Pause Cleanup
[2022-09-29T08:42:58.701+0000][7][gc          ] GC(214) Pause Cleanup 127M->127M(256M) 0.647ms
[2022-09-29T08:42:58.701+0000][7][gc,cpu      ] GC(214) User=0.00s Sys=0.00s Real=0.00s
[2022-09-29T08:42:58.702+0000][7][safepoint   ] Safepoint "G1Concurrent", Time since last: 43757740 ns, Reaching safepoint: 379733 ns, At safepoint: 1801163 ns, Total: 2180896 ns
[2022-09-29T08:42:58.702+0000][7][gc,marking  ] GC(214) Concurrent Cleanup for Next Mark
[2022-09-29T08:42:58.703+0000][7][gc,marking  ] GC(214) Concurrent Cleanup for Next Mark 0.803ms
[2022-09-29T08:42:58.703+0000][7][gc          ] GC(214) Concurrent Cycle 130.429ms
[2022-09-29T08:43:30.709+0000][7][safepoint   ] Safepoint "Cleanup", Time since last: 32007303643 ns, Reaching safepoint: 313417 ns, At safepoint: 35378 ns, Total: 348795 ns
[2022-09-29T08:43:34.711+0000][7][safepoint   ] Safepoint "Cleanup", Time since last: 4001017321 ns, Reaching safepoint: 506445 ns, At safepoint: 40828 ns, Total: 547273 ns
[2022-09-29T08:44:04.718+0000][7][safepoint   ] Safepoint "Cleanup", Time since last: 30006314399 ns, Reaching safepoint: 436189 ns, At safepoint: 30478 ns, Total: 466667 ns
[2022-09-29T08:44:13.625+0000][7][gc,start    ] GC(215) Pause Young (Normal) (G1 Evacuation Pause)
[2022-09-29T08:44:13.626+0000][7][gc,task     ] GC(215) Using 6 workers of 13 for evacuation
[2022-09-29T08:44:13.626+0000][7][gc,age      ] GC(215) Desired survivor size 6291456 bytes, new threshold 15 (max threshold 15)
[2022-09-29T08:44:13.633+0000][7][gc,age      ] GC(215) Age table with threshold 15 (max threshold 15)
[2022-09-29T08:44:13.633+0000][7][gc,age      ] GC(215) - age   1:     498688 bytes,     498688 total
[2022-09-29T08:44:13.634+0000][7][gc,age      ] GC(215) - age   2:     342288 bytes,     840976 total
[2022-09-29T08:44:13.634+0000][7][gc,age      ] GC(215) - age   3:     362128 bytes,    1203104 total
[2022-09-29T08:44:13.635+0000][7][gc,age      ] GC(215) - age   4:     215632 bytes,    1418736 total
[2022-09-29T08:44:13.635+0000][7][gc,age      ] GC(215) - age   5:       1912 bytes,    1420648 total
[2022-09-29T08:44:13.636+0000][7][gc,age      ] GC(215) - age   6:     171576 bytes,    1592224 total
[2022-09-29T08:44:13.636+0000][7][gc,age      ] GC(215) - age   7:      17184 bytes,    1609408 total
[2022-09-29T08:44:13.637+0000][7][gc,age      ] GC(215) - age   8:       1536 bytes,    1610944 total
[2022-09-29T08:44:13.637+0000][7][gc,age      ] GC(215) - age   9:     153208 bytes,    1764152 total
[2022-09-29T08:44:13.638+0000][7][gc,age      ] GC(215) - age  10:        880 bytes,    1765032 total
[2022-09-29T08:44:13.638+0000][7][gc,age      ] GC(215) - age  11:        464 bytes,    1765496 total
[2022-09-29T08:44:13.639+0000][7][gc,age      ] GC(215) - age  12:        984 bytes,    1766480 total
[2022-09-29T08:44:13.639+0000][7][gc,age      ] GC(215) - age  13:      17456 bytes,    1783936 total
[2022-09-29T08:44:13.640+0000][7][gc,age      ] GC(215) - age  14:        712 bytes,    1784648 total
[2022-09-29T08:44:13.640+0000][7][gc,age      ] GC(215) - age  15:        832 bytes,    1785480 total
[2022-09-29T08:44:13.641+0000][7][gc,phases   ] GC(215)   Pre Evacuate Collection Set: 0.3ms
[2022-09-29T08:44:13.641+0000][7][gc,phases   ] GC(215)   Merge Heap Roots: 0.2ms
[2022-09-29T08:44:13.641+0000][7][gc,phases   ] GC(215)   Evacuate Collection Set: 2.5ms
[2022-09-29T08:44:13.642+0000][7][gc,phases   ] GC(215)   Post Evacuate Collection Set: 3.2ms
[2022-09-29T08:44:13.642+0000][7][gc,phases   ] GC(215)   Other: 9.2ms
[2022-09-29T08:44:13.643+0000][7][gc,heap     ] GC(215) Eden regions: 19->0(19)
[2022-09-29T08:44:13.643+0000][7][gc,heap     ] GC(215) Survivor regions: 1->1(3)
[2022-09-29T08:44:13.643+0000][7][gc,heap     ] GC(215) Old regions: 26->26
[2022-09-29T08:44:13.644+0000][7][gc,heap     ] GC(215) Archive regions: 2->2
[2022-09-29T08:44:13.644+0000][7][gc,heap     ] GC(215) Humongous regions: 5->5
[2022-09-29T08:44:13.644+0000][7][gc,metaspace] GC(215) Metaspace: 115413K(119964K)->115413K(119964K) NonClass: 100696K(103836K)->100696K(103836K) Class: 14716K(16128K)->14716K(16128K)
[2022-09-29T08:44:13.645+0000][7][gc          ] GC(215) Pause Young (Normal) (G1 Evacuation Pause) 202M->126M(256M) 19.443ms
[2022-09-29T08:44:13.645+0000][7][gc,cpu      ] GC(215) User=0.01s Sys=0.03s Real=0.02s
[2022-09-29T08:44:13.646+0000][7][safepoint   ] Safepoint "G1CollectForAllocation", Time since last: 8907244078 ns, Reaching safepoint: 339826 ns, At safepoint: 20633501 ns, Total: 20973327 ns
[2022-09-29T08:44:27.649+0000][7][safepoint   ] Safepoint "Cleanup", Time since last: 14003123131 ns, Reaching safepoint: 375566 ns, At safepoint: 33724 ns, Total: 409290 ns
[2022-09-29T08:44:28.650+0000][7][safepoint   ] Safepoint "Cleanup", Time since last: 1000676767 ns, Reaching safepoint: 318535 ns, At safepoint: 37712 ns, Total: 356247 ns
[2022-09-29T08:45:22.376+0000][7][gc,start    ] GC(216) Pause Young (Concurrent Start) (G1 Evacuation Pause)
[2022-09-29T08:45:22.376+0000][7][gc,task     ] GC(216) Using 6 workers of 13 for evacuation
[2022-09-29T08:45:22.377+0000][7][gc,age      ] GC(216) Desired survivor size 6291456 bytes, new threshold 15 (max threshold 15)
[2022-09-29T08:45:22.383+0000][7][gc,age      ] GC(216) Age table with threshold 15 (max threshold 15)
[2022-09-29T08:45:22.384+0000][7][gc,age      ] GC(216) - age   1:     668736 bytes,     668736 total
[2022-09-29T08:45:22.384+0000][7][gc,age      ] GC(216) - age   2:     333744 bytes,    1002480 total
[2022-09-29T08:45:22.384+0000][7][gc,age      ] GC(216) - age   3:     341272 bytes,    1343752 total
[2022-09-29T08:45:22.384+0000][7][gc,age      ] GC(216) - age   4:     345256 bytes,    1689008 total
[2022-09-29T08:45:22.384+0000][7][gc,age      ] GC(216) - age   5:     215408 bytes,    1904416 total
[2022-09-29T08:45:22.385+0000][7][gc,age      ] GC(216) - age   6:       1912 bytes,    1906328 total
[2022-09-29T08:45:22.385+0000][7][gc,age      ] GC(216) - age   7:     171456 bytes,    2077784 total
[2022-09-29T08:45:22.385+0000][7][gc,age      ] GC(216) - age   8:      17120 bytes,    2094904 total
[2022-09-29T08:45:22.385+0000][7][gc,age      ] GC(216) - age   9:       1472 bytes,    2096376 total
[2022-09-29T08:45:22.385+0000][7][gc,age      ] GC(216) - age  10:     152952 bytes,    2249328 total
[2022-09-29T08:45:22.385+0000][7][gc,age      ] GC(216) - age  11:        880 bytes,    2250208 total
[2022-09-29T08:45:22.386+0000][7][gc,age      ] GC(216) - age  12:        424 bytes,    2250632 total
[2022-09-29T08:45:22.386+0000][7][gc,age      ] GC(216) - age  13:        920 bytes,    2251552 total
[2022-09-29T08:45:22.386+0000][7][gc,age      ] GC(216) - age  14:      17456 bytes,    2269008 total
[2022-09-29T08:45:22.386+0000][7][gc,age      ] GC(216) - age  15:        712 bytes,    2269720 total
[2022-09-29T08:45:22.386+0000][7][gc,phases   ] GC(216)   Pre Evacuate Collection Set: 0.5ms
[2022-09-29T08:45:22.386+0000][7][gc,phases   ] GC(216)   Merge Heap Roots: 0.1ms
[2022-09-29T08:45:22.387+0000][7][gc,phases   ] GC(216)   Evacuate Collection Set: 3.1ms
[2022-09-29T08:45:22.387+0000][7][gc,phases   ] GC(216)   Post Evacuate Collection Set: 1.6ms
[2022-09-29T08:45:22.387+0000][7][gc,phases   ] GC(216)   Other: 5.2ms
[2022-09-29T08:45:22.388+0000][7][gc,heap     ] GC(216) Eden regions: 19->0(19)
[2022-09-29T08:45:22.388+0000][7][gc,heap     ] GC(216) Survivor regions: 1->1(3)
[2022-09-29T08:45:22.388+0000][7][gc,heap     ] GC(216) Old regions: 26->26
[2022-09-29T08:45:22.388+0000][7][gc,heap     ] GC(216) Archive regions: 2->2
[2022-09-29T08:45:22.388+0000][7][gc,heap     ] GC(216) Humongous regions: 5->5
[2022-09-29T08:45:22.388+0000][7][gc,metaspace] GC(216) Metaspace: 115415K(119964K)->115415K(119964K) NonClass: 100699K(103836K)->100699K(103836K) Class: 14716K(16128K)->14716K(16128K)
[2022-09-29T08:45:22.389+0000][7][gc          ] GC(216) Pause Young (Concurrent Start) (G1 Evacuation Pause) 202M->127M(256M) 12.728ms
[2022-09-29T08:45:22.389+0000][7][gc,cpu      ] GC(216) User=0.02s Sys=0.00s Real=0.01s
[2022-09-29T08:45:22.389+0000][7][gc          ] GC(217) Concurrent Cycle
[2022-09-29T08:45:22.389+0000][7][gc,marking  ] GC(217) Concurrent Clear Claimed Marks
[2022-09-29T08:45:22.389+0000][7][safepoint   ] Safepoint "G1CollectForAllocation", Time since last: 53724916242 ns, Reaching safepoint: 522267 ns, At safepoint: 13267481 ns, Total: 13789748 ns
[2022-09-29T08:45:22.390+0000][7][gc,marking  ] GC(217) Concurrent Clear Claimed Marks 0.418ms
[2022-09-29T08:45:22.390+0000][7][gc,marking  ] GC(217) Concurrent Scan Root Regions
[2022-09-29T08:45:22.393+0000][7][gc,marking  ] GC(217) Concurrent Scan Root Regions 2.835ms
[2022-09-29T08:45:22.394+0000][7][gc,marking  ] GC(217) Concurrent Mark (9731.486s)
[2022-09-29T08:45:22.394+0000][7][gc,marking  ] GC(217) Concurrent Mark From Roots
[2022-09-29T08:45:22.394+0000][7][gc,task     ] GC(217) Using 3 workers of 3 for marking
[2022-09-29T08:45:22.442+0000][7][gc,marking  ] GC(217) Concurrent Mark From Roots 48.450ms
[2022-09-29T08:45:22.443+0000][7][gc,marking  ] GC(217) Concurrent Preclean
[2022-09-29T08:45:22.444+0000][7][gc,marking  ] GC(217) Concurrent Preclean 0.958ms
[2022-09-29T08:45:22.444+0000][7][gc,marking  ] GC(217) Concurrent Mark (9731.486s, 9731.537s) 50.731ms
[2022-09-29T08:45:22.445+0000][7][gc,start    ] GC(217) Pause Remark
[2022-09-29T08:45:22.458+0000][7][gc          ] GC(217) Pause Remark 128M->128M(256M) 12.681ms
[2022-09-29T08:45:22.458+0000][7][gc,cpu      ] GC(217) User=0.07s Sys=0.00s Real=0.01s
[2022-09-29T08:45:22.459+0000][7][safepoint   ] Safepoint "G1Concurrent", Time since last: 55678681 ns, Reaching safepoint: 337554 ns, At safepoint: 13608682 ns, Total: 13946236 ns
[2022-09-29T08:45:22.459+0000][7][gc,marking  ] GC(217) Concurrent Rebuild Remembered Sets
[2022-09-29T08:45:22.505+0000][7][gc,marking  ] GC(217) Concurrent Rebuild Remembered Sets 45.350ms
[2022-09-29T08:45:22.506+0000][7][gc,start    ] GC(217) Pause Cleanup
[2022-09-29T08:45:22.506+0000][7][gc          ] GC(217) Pause Cleanup 128M->128M(256M) 0.800ms
[2022-09-29T08:45:22.507+0000][7][gc,cpu      ] GC(217) User=0.00s Sys=0.00s Real=0.00s
[2022-09-29T08:45:22.508+0000][7][safepoint   ] Safepoint "G1Concurrent", Time since last: 46413586 ns, Reaching safepoint: 451701 ns, At safepoint: 1982618 ns, Total: 2434319 ns
[2022-09-29T08:45:22.508+0000][7][gc,marking  ] GC(217) Concurrent Cleanup for Next Mark
[2022-09-29T08:45:22.509+0000][7][gc,marking  ] GC(217) Concurrent Cleanup for Next Mark 0.840ms
[2022-09-29T08:45:22.509+0000][7][gc          ] GC(217) Concurrent Cycle 120.403ms
[2022-09-29T08:45:28.510+0000][7][safepoint   ] Safepoint "Cleanup", Time since last: 6001560280 ns, Reaching safepoint: 564834 ns, At safepoint: 127193 ns, Total: 692027 ns
[2022-09-29T08:45:52.382+0000][7][gc,start    ] GC(218) Pause Young (Normal) (G1 Evacuation Pause)
[2022-09-29T08:45:52.383+0000][7][gc,task     ] GC(218) Using 6 workers of 13 for evacuation
[2022-09-29T08:45:52.383+0000][7][gc,age      ] GC(218) Desired survivor size 6291456 bytes, new threshold 15 (max threshold 15)
[2022-09-29T08:45:52.386+0000][7][gc,age      ] GC(218) Age table with threshold 15 (max threshold 15)
[2022-09-29T08:45:52.387+0000][7][gc,age      ] GC(218) - age   1:     427984 bytes,     427984 total
[2022-09-29T08:45:52.387+0000][7][gc,age      ] GC(218) - age   2:       2312 bytes,     430296 total
[2022-09-29T08:45:52.388+0000][7][gc,age      ] GC(218) - age   3:       3208 bytes,     433504 total
[2022-09-29T08:45:52.388+0000][7][gc,age      ] GC(218) - age   4:      17176 bytes,     450680 total
[2022-09-29T08:45:52.388+0000][7][gc,age      ] GC(218) - age   5:      33328 bytes,     484008 total
[2022-09-29T08:45:52.388+0000][7][gc,age      ] GC(218) - age   6:     139064 bytes,     623072 total
[2022-09-29T08:45:52.389+0000][7][gc,age      ] GC(218) - age   7:       1808 bytes,     624880 total
[2022-09-29T08:45:52.389+0000][7][gc,age      ] GC(218) - age   8:     171264 bytes,     796144 total
[2022-09-29T08:45:52.389+0000][7][gc,age      ] GC(218) - age   9:      16960 bytes,     813104 total
[2022-09-29T08:45:52.389+0000][7][gc,age      ] GC(218) - age  10:        616 bytes,     813720 total
[2022-09-29T08:45:52.390+0000][7][gc,age      ] GC(218) - age  11:      15288 bytes,     829008 total
[2022-09-29T08:45:52.390+0000][7][gc,age      ] GC(218) - age  12:        840 bytes,     829848 total
[2022-09-29T08:45:52.390+0000][7][gc,age      ] GC(218) - age  13:        424 bytes,     830272 total
[2022-09-29T08:45:52.390+0000][7][gc,age      ] GC(218) - age  14:        816 bytes,     831088 total
[2022-09-29T08:45:52.390+0000][7][gc,age      ] GC(218) - age  15:      17200 bytes,     848288 total
[2022-09-29T08:45:52.391+0000][7][gc,phases   ] GC(218)   Pre Evacuate Collection Set: 0.2ms
[2022-09-29T08:45:52.391+0000][7][gc,phases   ] GC(218)   Merge Heap Roots: 0.1ms
[2022-09-29T08:45:52.391+0000][7][gc,phases   ] GC(218)   Evacuate Collection Set: 1.4ms
[2022-09-29T08:45:52.392+0000][7][gc,phases   ] GC(218)   Post Evacuate Collection Set: 1.4ms
[2022-09-29T08:45:52.392+0000][7][gc,phases   ] GC(218)   Other: 5.6ms
[2022-09-29T08:45:52.392+0000][7][gc,heap     ] GC(218) Eden regions: 19->0(19)
[2022-09-29T08:45:52.393+0000][7][gc,heap     ] GC(218) Survivor regions: 1->1(3)
[2022-09-29T08:45:52.393+0000][7][gc,heap     ] GC(218) Old regions: 26->26
[2022-09-29T08:45:52.393+0000][7][gc,heap     ] GC(218) Archive regions: 2->2
[2022-09-29T08:45:52.393+0000][7][gc,heap     ] GC(218) Humongous regions: 5->5
[2022-09-29T08:45:52.393+0000][7][gc,metaspace] GC(218) Metaspace: 115419K(119964K)->115419K(119964K) NonClass: 100702K(103836K)->100702K(103836K) Class: 14717K(16128K)->14717K(16128K)
[2022-09-29T08:45:52.394+0000][7][gc          ] GC(218) Pause Young (Normal) (G1 Evacuation Pause) 203M->125M(256M) 11.393ms
[2022-09-29T08:45:52.394+0000][7][gc,cpu      ] GC(218) User=0.02s Sys=0.01s Real=0.01s
[2022-09-29T08:45:52.394+0000][7][safepoint   ] Safepoint "G1CollectForAllocation", Time since last: 23871912897 ns, Reaching safepoint: 339227 ns, At safepoint: 12010916 ns, Total: 12350143 ns
[2022-09-29T08:46:32.406+0000][7][safepoint   ] Safepoint "Cleanup", Time since last: 40011846106 ns, Reaching safepoint: 387277 ns, At safepoint: 46399 ns, Total: 433676 ns
[2022-09-29T08:46:43.409+0000][7][safepoint   ] Safepoint "Cleanup", Time since last: 11002168017 ns, Reaching safepoint: 301663 ns, At safepoint: 49835 ns, Total: 351498 ns
[2022-09-29T08:47:04.413+0000][7][safepoint   ] Safepoint "Cleanup", Time since last: 21003947734 ns, Reaching safepoint: 382379 ns, At safepoint: 44394 ns, Total: 426773 ns
[2022-09-29T08:47:13.731+0000][7][gc,start    ] GC(219) Pause Young (Concurrent Start) (G1 Evacuation Pause)
[2022-09-29T08:47:13.731+0000][7][gc,task     ] GC(219) Using 6 workers of 13 for evacuation
[2022-09-29T08:47:13.732+0000][7][gc,age      ] GC(219) Desired survivor size 6291456 bytes, new threshold 15 (max threshold 15)
[2022-09-29T08:47:13.738+0000][7][gc,age      ] GC(219) Age table with threshold 15 (max threshold 15)
[2022-09-29T08:47:13.739+0000][7][gc,age      ] GC(219) - age   1:     495696 bytes,     495696 total
[2022-09-29T08:47:13.739+0000][7][gc,age      ] GC(219) - age   2:     374344 bytes,     870040 total
[2022-09-29T08:47:13.739+0000][7][gc,age      ] GC(219) - age   3:       1776 bytes,     871816 total
[2022-09-29T08:47:13.740+0000][7][gc,age      ] GC(219) - age   4:       2504 bytes,     874320 total
[2022-09-29T08:47:13.740+0000][7][gc,age      ] GC(219) - age   5:      16880 bytes,     891200 total
[2022-09-29T08:47:13.740+0000][7][gc,age      ] GC(219) - age   6:      33264 bytes,     924464 total
[2022-09-29T08:47:13.741+0000][7][gc,age      ] GC(219) - age   7:     138808 bytes,    1063272 total
[2022-09-29T08:47:13.741+0000][7][gc,age      ] GC(219) - age   8:       1360 bytes,    1064632 total
[2022-09-29T08:47:13.742+0000][7][gc,age      ] GC(219) - age   9:     171264 bytes,    1235896 total
[2022-09-29T08:47:13.742+0000][7][gc,age      ] GC(219) - age  10:      16920 bytes,    1252816 total
[2022-09-29T08:47:13.742+0000][7][gc,age      ] GC(219) - age  11:        488 bytes,    1253304 total
[2022-09-29T08:47:13.742+0000][7][gc,age      ] GC(219) - age  12:      15064 bytes,    1268368 total
[2022-09-29T08:47:13.742+0000][7][gc,age      ] GC(219) - age  13:        840 bytes,    1269208 total
[2022-09-29T08:47:13.743+0000][7][gc,age      ] GC(219) - age  14:        424 bytes,    1269632 total
[2022-09-29T08:47:13.743+0000][7][gc,age      ] GC(219) - age  15:        752 bytes,    1270384 total
[2022-09-29T08:47:13.743+0000][7][gc,phases   ] GC(219)   Pre Evacuate Collection Set: 0.8ms
[2022-09-29T08:47:13.743+0000][7][gc,phases   ] GC(219)   Merge Heap Roots: 0.2ms
[2022-09-29T08:47:13.744+0000][7][gc,phases   ] GC(219)   Evacuate Collection Set: 3.8ms
[2022-09-29T08:47:13.744+0000][7][gc,phases   ] GC(219)   Post Evacuate Collection Set: 1.0ms
[2022-09-29T08:47:13.744+0000][7][gc,phases   ] GC(219)   Other: 6.4ms
[2022-09-29T08:47:13.745+0000][7][gc,heap     ] GC(219) Eden regions: 19->0(19)
[2022-09-29T08:47:13.745+0000][7][gc,heap     ] GC(219) Survivor regions: 1->1(3)
[2022-09-29T08:47:13.745+0000][7][gc,heap     ] GC(219) Old regions: 26->26
[2022-09-29T08:47:13.745+0000][7][gc,heap     ] GC(219) Archive regions: 2->2
[2022-09-29T08:47:13.746+0000][7][gc,heap     ] GC(219) Humongous regions: 5->5
[2022-09-29T08:47:13.746+0000][7][gc,metaspace] GC(219) Metaspace: 115435K(119964K)->115435K(119964K) NonClass: 100718K(103836K)->100718K(103836K) Class: 14717K(16128K)->14717K(16128K)
[2022-09-29T08:47:13.746+0000][7][gc          ] GC(219) Pause Young (Concurrent Start) (G1 Evacuation Pause) 201M->126M(256M) 15.177ms
[2022-09-29T08:47:13.746+0000][7][gc,cpu      ] GC(219) User=0.03s Sys=0.00s Real=0.01s
[2022-09-29T08:47:13.747+0000][7][gc          ] GC(220) Concurrent Cycle
[2022-09-29T08:47:13.747+0000][7][safepoint   ] Safepoint "G1CollectForAllocation", Time since last: 9317325222 ns, Reaching safepoint: 283820 ns, At safepoint: 15794899 ns, Total: 16078719 ns
[2022-09-29T08:47:13.747+0000][7][gc,marking  ] GC(220) Concurrent Clear Claimed Marks
[2022-09-29T08:47:13.748+0000][7][gc,marking  ] GC(220) Concurrent Clear Claimed Marks 0.672ms
[2022-09-29T08:47:13.748+0000][7][gc,marking  ] GC(220) Concurrent Scan Root Regions
[2022-09-29T08:47:13.750+0000][7][gc,marking  ] GC(220) Concurrent Scan Root Regions 2.510ms
[2022-09-29T08:47:13.751+0000][7][gc,marking  ] GC(220) Concurrent Mark (9842.843s)
[2022-09-29T08:47:13.751+0000][7][gc,marking  ] GC(220) Concurrent Mark From Roots
[2022-09-29T08:47:13.751+0000][7][gc,task     ] GC(220) Using 3 workers of 3 for marking
[2022-09-29T08:47:13.806+0000][7][gc,marking  ] GC(220) Concurrent Mark From Roots 54.976ms
[2022-09-29T08:47:13.807+0000][7][gc,marking  ] GC(220) Concurrent Preclean
[2022-09-29T08:47:13.808+0000][7][gc,marking  ] GC(220) Concurrent Preclean 0.990ms
[2022-09-29T08:47:13.808+0000][7][gc,marking  ] GC(220) Concurrent Mark (9842.843s, 9842.901s) 57.363ms
[2022-09-29T08:47:13.809+0000][7][gc,start    ] GC(220) Pause Remark
[2022-09-29T08:47:13.820+0000][7][gc          ] GC(220) Pause Remark 127M->127M(256M) 11.114ms
[2022-09-29T08:47:13.821+0000][7][gc,cpu      ] GC(220) User=0.06s Sys=0.00s Real=0.02s
[2022-09-29T08:47:13.821+0000][7][safepoint   ] Safepoint "G1Concurrent", Time since last: 62056734 ns, Reaching safepoint: 343715 ns, At safepoint: 11964910 ns, Total: 12308625 ns
[2022-09-29T08:47:13.821+0000][7][gc,marking  ] GC(220) Concurrent Rebuild Remembered Sets
[2022-09-29T08:47:13.860+0000][7][gc,marking  ] GC(220) Concurrent Rebuild Remembered Sets 38.229ms
[2022-09-29T08:47:13.861+0000][7][gc,start    ] GC(220) Pause Cleanup
[2022-09-29T08:47:13.861+0000][7][gc          ] GC(220) Pause Cleanup 127M->127M(256M) 0.632ms
[2022-09-29T08:47:13.862+0000][7][gc,cpu      ] GC(220) User=0.00s Sys=0.00s Real=0.00s
[2022-09-29T08:47:13.862+0000][7][safepoint   ] Safepoint "G1Concurrent", Time since last: 39135146 ns, Reaching safepoint: 310614 ns, At safepoint: 1461563 ns, Total: 1772177 ns
[2022-09-29T08:47:13.862+0000][7][gc,marking  ] GC(220) Concurrent Cleanup for Next Mark
[2022-09-29T08:47:13.863+0000][7][gc,marking  ] GC(220) Concurrent Cleanup for Next Mark 0.850ms
[2022-09-29T08:47:13.864+0000][7][gc          ] GC(220) Concurrent Cycle 117.066ms
[2022-09-29T08:47:54.870+0000][7][safepoint   ] Safepoint "Cleanup", Time since last: 41007837764 ns, Reaching safepoint: 676641 ns, At safepoint: 36239 ns, Total: 712880 ns
[2022-09-29T08:47:56.872+0000][7][safepoint   ] Safepoint "Cleanup", Time since last: 2001315306 ns, Reaching safepoint: 418708 ns, At safepoint: 34776 ns, Total: 453484 ns
[2022-09-29T08:48:34.407+0000][7][gc,start    ] GC(221) Pause Young (Normal) (G1 Evacuation Pause)
[2022-09-29T08:48:34.408+0000][7][gc,task     ] GC(221) Using 6 workers of 13 for evacuation
[2022-09-29T08:48:34.408+0000][7][gc,age      ] GC(221) Desired survivor size 6291456 bytes, new threshold 15 (max threshold 15)
[2022-09-29T08:48:34.412+0000][7][gc,age      ] GC(221) Age table with threshold 15 (max threshold 15)
[2022-09-29T08:48:34.412+0000][7][gc,age      ] GC(221) - age   1:     522768 bytes,     522768 total
[2022-09-29T08:48:34.413+0000][7][gc,age      ] GC(221) - age   2:     384400 bytes,     907168 total
[2022-09-29T08:48:34.413+0000][7][gc,age      ] GC(221) - age   3:     371712 bytes,    1278880 total
[2022-09-29T08:48:34.413+0000][7][gc,age      ] GC(221) - age   4:       1384 bytes,    1280264 total
[2022-09-29T08:48:34.413+0000][7][gc,age      ] GC(221) - age   5:       2176 bytes,    1282440 total
[2022-09-29T08:48:34.414+0000][7][gc,age      ] GC(221) - age   6:        728 bytes,    1283168 total
[2022-09-29T08:48:34.414+0000][7][gc,age      ] GC(221) - age   7:      32992 bytes,    1316160 total
[2022-09-29T08:48:34.414+0000][7][gc,age      ] GC(221) - age   8:     138600 bytes,    1454760 total
[2022-09-29T08:48:34.414+0000][7][gc,age      ] GC(221) - age   9:       1360 bytes,    1456120 total
[2022-09-29T08:48:34.414+0000][7][gc,age      ] GC(221) - age  10:     171024 bytes,    1627144 total
[2022-09-29T08:48:34.415+0000][7][gc,age      ] GC(221) - age  11:      16920 bytes,    1644064 total
[2022-09-29T08:48:34.415+0000][7][gc,age      ] GC(221) - age  12:        488 bytes,    1644552 total
[2022-09-29T08:48:34.415+0000][7][gc,age      ] GC(221) - age  13:      14472 bytes,    1659024 total
[2022-09-29T08:48:34.415+0000][7][gc,age      ] GC(221) - age  14:        632 bytes,    1659656 total
[2022-09-29T08:48:34.416+0000][7][gc,age      ] GC(221) - age  15:        360 bytes,    1660016 total
[2022-09-29T08:48:34.416+0000][7][gc,phases   ] GC(221)   Pre Evacuate Collection Set: 0.3ms
[2022-09-29T08:48:34.416+0000][7][gc,phases   ] GC(221)   Merge Heap Roots: 0.1ms
[2022-09-29T08:48:34.417+0000][7][gc,phases   ] GC(221)   Evacuate Collection Set: 1.6ms
[2022-09-29T08:48:34.417+0000][7][gc,phases   ] GC(221)   Post Evacuate Collection Set: 1.2ms
[2022-09-29T08:48:34.417+0000][7][gc,phases   ] GC(221)   Other: 5.7ms
[2022-09-29T08:48:34.418+0000][7][gc,heap     ] GC(221) Eden regions: 19->0(19)
[2022-09-29T08:48:34.418+0000][7][gc,heap     ] GC(221) Survivor regions: 1->1(3)
[2022-09-29T08:48:34.418+0000][7][gc,heap     ] GC(221) Old regions: 26->26
[2022-09-29T08:48:34.418+0000][7][gc,heap     ] GC(221) Archive regions: 2->2
[2022-09-29T08:48:34.418+0000][7][gc,heap     ] GC(221) Humongous regions: 5->5
[2022-09-29T08:48:34.419+0000][7][gc,metaspace] GC(221) Metaspace: 115435K(119964K)->115435K(119964K) NonClass: 100718K(103836K)->100718K(103836K) Class: 14717K(16128K)->14717K(16128K)
[2022-09-29T08:48:34.419+0000][7][gc          ] GC(221) Pause Young (Normal) (G1 Evacuation Pause) 202M->126M(256M) 11.369ms
[2022-09-29T08:48:34.419+0000][7][gc,cpu      ] GC(221) User=0.01s Sys=0.01s Real=0.01s
[2022-09-29T08:48:34.420+0000][7][safepoint   ] Safepoint "G1CollectForAllocation", Time since last: 37534789578 ns, Reaching safepoint: 319183 ns, At safepoint: 12145567 ns, Total: 12464750 ns
[2022-09-29T08:48:55.424+0000][7][safepoint   ] Safepoint "Cleanup", Time since last: 21003804762 ns, Reaching safepoint: 218166 ns, At safepoint: 31319 ns, Total: 249485 ns
[2022-09-29T08:49:03.426+0000][7][safepoint   ] Safepoint "Cleanup", Time since last: 8002048310 ns, Reaching safepoint: 361369 ns, At safepoint: 43653 ns, Total: 405022 ns
[2022-09-29T08:49:08.428+0000][7][safepoint   ] Safepoint "Cleanup", Time since last: 5001607921 ns, Reaching safepoint: 430069 ns, At safepoint: 59213 ns, Total: 489282 ns
[2022-09-29T08:49:40.765+0000][7][gc,start    ] GC(222) Pause Young (Concurrent Start) (G1 Evacuation Pause)
[2022-09-29T08:49:40.766+0000][7][gc,task     ] GC(222) Using 6 workers of 13 for evacuation
[2022-09-29T08:49:40.766+0000][7][gc,age      ] GC(222) Desired survivor size 6291456 bytes, new threshold 15 (max threshold 15)
[2022-09-29T08:49:40.771+0000][7][gc,age      ] GC(222) Age table with threshold 15 (max threshold 15)
[2022-09-29T08:49:40.771+0000][7][gc,age      ] GC(222) - age   1:     684880 bytes,     684880 total
[2022-09-29T08:49:40.772+0000][7][gc,age      ] GC(222) - age   2:     324456 bytes,    1009336 total
[2022-09-29T08:49:40.772+0000][7][gc,age      ] GC(222) - age   3:     383136 bytes,    1392472 total
[2022-09-29T08:49:40.772+0000][7][gc,age      ] GC(222) - age   4:     351808 bytes,    1744280 total
[2022-09-29T08:49:40.773+0000][7][gc,age      ] GC(222) - age   5:       1088 bytes,    1745368 total
[2022-09-29T08:49:40.773+0000][7][gc,age      ] GC(222) - age   6:       2112 bytes,    1747480 total
[2022-09-29T08:49:40.773+0000][7][gc,age      ] GC(222) - age   7:        592 bytes,    1748072 total
[2022-09-29T08:49:40.774+0000][7][gc,age      ] GC(222) - age   8:      16464 bytes,    1764536 total
[2022-09-29T08:49:40.774+0000][7][gc,age      ] GC(222) - age   9:     138536 bytes,    1903072 total
[2022-09-29T08:49:40.775+0000][7][gc,age      ] GC(222) - age  10:       1360 bytes,    1904432 total
[2022-09-29T08:49:40.775+0000][7][gc,age      ] GC(222) - age  11:     170712 bytes,    2075144 total
[2022-09-29T08:49:40.776+0000][7][gc,age      ] GC(222) - age  12:      16920 bytes,    2092064 total
[2022-09-29T08:49:40.776+0000][7][gc,age      ] GC(222) - age  13:        488 bytes,    2092552 total
[2022-09-29T08:49:40.777+0000][7][gc,age      ] GC(222) - age  14:      14408 bytes,    2106960 total
[2022-09-29T08:49:40.777+0000][7][gc,age      ] GC(222) - age  15:        568 bytes,    2107528 total
[2022-09-29T08:49:40.777+0000][7][gc,phases   ] GC(222)   Pre Evacuate Collection Set: 0.5ms
[2022-09-29T08:49:40.778+0000][7][gc,phases   ] GC(222)   Merge Heap Roots: 0.2ms
[2022-09-29T08:49:40.778+0000][7][gc,phases   ] GC(222)   Evacuate Collection Set: 1.9ms
[2022-09-29T08:49:40.778+0000][7][gc,phases   ] GC(222)   Post Evacuate Collection Set: 1.6ms
[2022-09-29T08:49:40.779+0000][7][gc,phases   ] GC(222)   Other: 7.7ms
[2022-09-29T08:49:40.779+0000][7][gc,heap     ] GC(222) Eden regions: 19->0(19)
[2022-09-29T08:49:40.780+0000][7][gc,heap     ] GC(222) Survivor regions: 1->1(3)
[2022-09-29T08:49:40.780+0000][7][gc,heap     ] GC(222) Old regions: 26->26
[2022-09-29T08:49:40.780+0000][7][gc,heap     ] GC(222) Archive regions: 2->2
[2022-09-29T08:49:40.781+0000][7][gc,heap     ] GC(222) Humongous regions: 5->5
[2022-09-29T08:49:40.781+0000][7][gc,metaspace] GC(222) Metaspace: 115436K(119964K)->115436K(119964K) NonClass: 100719K(103836K)->100719K(103836K) Class: 14717K(16128K)->14717K(16128K)
[2022-09-29T08:49:40.781+0000][7][gc          ] GC(222) Pause Young (Concurrent Start) (G1 Evacuation Pause) 202M->127M(256M) 15.990ms
[2022-09-29T08:49:40.782+0000][7][gc,cpu      ] GC(222) User=0.02s Sys=0.00s Real=0.02s
[2022-09-29T08:49:40.782+0000][7][gc          ] GC(223) Concurrent Cycle
[2022-09-29T08:49:40.782+0000][7][safepoint   ] Safepoint "G1CollectForAllocation", Time since last: 32336948547 ns, Reaching safepoint: 321372 ns, At safepoint: 16828118 ns, Total: 17149490 ns
[2022-09-29T08:49:40.783+0000][7][gc,marking  ] GC(223) Concurrent Clear Claimed Marks
[2022-09-29T08:49:40.784+0000][7][gc,marking  ] GC(223) Concurrent Clear Claimed Marks 0.893ms
[2022-09-29T08:49:40.784+0000][7][gc,marking  ] GC(223) Concurrent Scan Root Regions
[2022-09-29T08:49:40.788+0000][7][gc,marking  ] GC(223) Concurrent Scan Root Regions 3.686ms
[2022-09-29T08:49:40.788+0000][7][gc,marking  ] GC(223) Concurrent Mark (9989.881s)
[2022-09-29T08:49:40.789+0000][7][gc,marking  ] GC(223) Concurrent Mark From Roots
[2022-09-29T08:49:40.790+0000][7][gc,task     ] GC(223) Using 3 workers of 3 for marking
[2022-09-29T08:49:40.856+0000][7][gc,marking  ] GC(223) Concurrent Mark From Roots 67.374ms
[2022-09-29T08:49:40.857+0000][7][gc,marking  ] GC(223) Concurrent Preclean
[2022-09-29T08:49:40.858+0000][7][gc,marking  ] GC(223) Concurrent Preclean 1.160ms
[2022-09-29T08:49:40.859+0000][7][gc,marking  ] GC(223) Concurrent Mark (9989.881s, 9989.951s) 70.366ms
[2022-09-29T08:49:40.860+0000][7][gc,start    ] GC(223) Pause Remark
[2022-09-29T08:49:40.873+0000][7][gc          ] GC(223) Pause Remark 129M->129M(256M) 13.050ms
[2022-09-29T08:49:40.873+0000][7][gc,cpu      ] GC(223) User=0.07s Sys=0.00s Real=0.01s
[2022-09-29T08:49:40.874+0000][7][safepoint   ] Safepoint "G1Concurrent", Time since last: 76914017 ns, Reaching safepoint: 581639 ns, At safepoint: 14325634 ns, Total: 14907273 ns
[2022-09-29T08:49:40.875+0000][7][gc,marking  ] GC(223) Concurrent Rebuild Remembered Sets
[2022-09-29T08:49:40.924+0000][7][gc,marking  ] GC(223) Concurrent Rebuild Remembered Sets 49.018ms
[2022-09-29T08:49:40.925+0000][7][gc,start    ] GC(223) Pause Cleanup
[2022-09-29T08:49:40.926+0000][7][gc          ] GC(223) Pause Cleanup 129M->129M(256M) 0.666ms
[2022-09-29T08:49:40.926+0000][7][gc,cpu      ] GC(223) User=0.00s Sys=0.00s Real=0.00s
[2022-09-29T08:49:40.926+0000][7][safepoint   ] Safepoint "G1Concurrent", Time since last: 50393776 ns, Reaching safepoint: 370766 ns, At safepoint: 1412462 ns, Total: 1783228 ns
[2022-09-29T08:49:40.927+0000][7][gc,marking  ] GC(223) Concurrent Cleanup for Next Mark
[2022-09-29T08:49:40.927+0000][7][gc,marking  ] GC(223) Concurrent Cleanup for Next Mark 0.738ms
[2022-09-29T08:49:40.928+0000][7][gc          ] GC(223) Concurrent Cycle 145.569ms
[2022-09-29T08:50:13.934+0000][7][safepoint   ] Safepoint "Cleanup", Time since last: 33007115683 ns, Reaching safepoint: 398569 ns, At safepoint: 50897 ns, Total: 449466 ns
[2022-09-29T08:50:44.243+0000][7][gc,start    ] GC(224) Pause Young (Normal) (G1 Evacuation Pause)
[2022-09-29T08:50:44.244+0000][7][gc,task     ] GC(224) Using 6 workers of 13 for evacuation
[2022-09-29T08:50:44.246+0000][7][gc,age      ] GC(224) Desired survivor size 6291456 bytes, new threshold 15 (max threshold 15)
[2022-09-29T08:50:44.260+0000][7][gc,age      ] GC(224) Age table with threshold 15 (max threshold 15)
[2022-09-29T08:50:44.261+0000][7][gc,age      ] GC(224) - age   1:     659208 bytes,     659208 total
[2022-09-29T08:50:44.262+0000][7][gc,age      ] GC(224) - age   2:     499040 bytes,    1158248 total
[2022-09-29T08:50:44.264+0000][7][gc,age      ] GC(224) - age   3:     307928 bytes,    1466176 total
[2022-09-29T08:50:44.265+0000][7][gc,age      ] GC(224) - age   4:     352184 bytes,    1818360 total
[2022-09-29T08:50:44.266+0000][7][gc,age      ] GC(224) - age   5:     326744 bytes,    2145104 total
[2022-09-29T08:50:44.267+0000][7][gc,age      ] GC(224) - age   6:       1024 bytes,    2146128 total
[2022-09-29T08:50:44.268+0000][7][gc,age      ] GC(224) - age   7:       2048 bytes,    2148176 total
[2022-09-29T08:50:44.269+0000][7][gc,age      ] GC(224) - age   8:        592 bytes,    2148768 total
[2022-09-29T08:50:44.271+0000][7][gc,age      ] GC(224) - age   9:      16400 bytes,    2165168 total
[2022-09-29T08:50:44.273+0000][7][gc,age      ] GC(224) - age  10:     107328 bytes,    2272496 total
[2022-09-29T08:50:44.274+0000][7][gc,age      ] GC(224) - age  11:       1264 bytes,    2273760 total
[2022-09-29T08:50:44.275+0000][7][gc,age      ] GC(224) - age  12:     170584 bytes,    2444344 total
[2022-09-29T08:50:44.276+0000][7][gc,age      ] GC(224) - age  13:      16856 bytes,    2461200 total
[2022-09-29T08:50:44.277+0000][7][gc,age      ] GC(224) - age  14:        488 bytes,    2461688 total
[2022-09-29T08:50:44.278+0000][7][gc,age      ] GC(224) - age  15:       4376 bytes,    2466064 total
[2022-09-29T08:50:44.279+0000][7][gc,phases   ] GC(224)   Pre Evacuate Collection Set: 0.8ms
[2022-09-29T08:50:44.281+0000][7][gc,phases   ] GC(224)   Merge Heap Roots: 0.5ms
[2022-09-29T08:50:44.282+0000][7][gc,phases   ] GC(224)   Evacuate Collection Set: 7.6ms
[2022-09-29T08:50:44.283+0000][7][gc,phases   ] GC(224)   Post Evacuate Collection Set: 4.1ms
[2022-09-29T08:50:44.284+0000][7][gc,phases   ] GC(224)   Other: 23.0ms
[2022-09-29T08:50:44.285+0000][7][gc,heap     ] GC(224) Eden regions: 19->0(19)
[2022-09-29T08:50:44.286+0000][7][gc,heap     ] GC(224) Survivor regions: 1->1(3)
[2022-09-29T08:50:44.287+0000][7][gc,heap     ] GC(224) Old regions: 26->26
[2022-09-29T08:50:44.288+0000][7][gc,heap     ] GC(224) Archive regions: 2->2
[2022-09-29T08:50:44.288+0000][7][gc,heap     ] GC(224) Humongous regions: 5->5
[2022-09-29T08:50:44.291+0000][7][gc,metaspace] GC(224) Metaspace: 115437K(119964K)->115437K(119964K) NonClass: 100720K(103836K)->100720K(103836K) Class: 14717K(16128K)->14717K(16128K)
[2022-09-29T08:50:44.294+0000][7][gc          ] GC(224) Pause Young (Normal) (G1 Evacuation Pause) 203M->127M(256M) 50.623ms
[2022-09-29T08:50:44.296+0000][7][gc,cpu      ] GC(224) User=0.05s Sys=0.02s Real=0.05s
[2022-09-29T08:50:44.297+0000][7][safepoint   ] Safepoint "G1CollectForAllocation", Time since last: 30308210429 ns, Reaching safepoint: 1046856 ns, At safepoint: 53865541 ns, Total: 54912397 ns
[2022-09-29T08:50:45.298+0000][7][safepoint   ] Safepoint "Cleanup", Time since last: 1000537150 ns, Reaching safepoint: 822942 ns, At safepoint: 101995 ns, Total: 924937 ns
[2022-09-29T08:51:03.304+0000][7][safepoint   ] Safepoint "Cleanup", Time since last: 18005480039 ns, Reaching safepoint: 434306 ns, At safepoint: 48522 ns, Total: 482828 ns
[2022-09-29T08:51:30.310+0000][7][safepoint   ] Safepoint "Cleanup", Time since last: 27005306340 ns, Reaching safepoint: 334368 ns, At safepoint: 26540 ns, Total: 360908 ns
[2022-09-29T08:51:34.312+0000][7][safepoint   ] Safepoint "Cleanup", Time since last: 4001019787 ns, Reaching safepoint: 503176 ns, At safepoint: 59904 ns, Total: 563080 ns
[2022-09-29T08:51:35.312+0000][7][safepoint   ] Safepoint "Cleanup", Time since last: 1000243285 ns, Reaching safepoint: 277313 ns, At safepoint: 11121 ns, Total: 288434 ns
[2022-09-29T08:51:43.884+0000][7][gc,start    ] GC(225) Pause Young (Concurrent Start) (G1 Evacuation Pause)
[2022-09-29T08:51:43.885+0000][7][gc,task     ] GC(225) Using 6 workers of 13 for evacuation
[2022-09-29T08:51:43.885+0000][7][gc,age      ] GC(225) Desired survivor size 6291456 bytes, new threshold 15 (max threshold 15)
[2022-09-29T08:51:43.892+0000][7][gc,age      ] GC(225) Age table with threshold 15 (max threshold 15)
[2022-09-29T08:51:43.892+0000][7][gc,age      ] GC(225) - age   1:     806400 bytes,     806400 total
[2022-09-29T08:51:43.893+0000][7][gc,age      ] GC(225) - age   2:      45416 bytes,     851816 total
[2022-09-29T08:51:43.893+0000][7][gc,age      ] GC(225) - age   3:      24448 bytes,     876264 total
[2022-09-29T08:51:43.894+0000][7][gc,age      ] GC(225) - age   4:       1936 bytes,     878200 total
[2022-09-29T08:51:43.895+0000][7][gc,age      ] GC(225) - age   5:      61280 bytes,     939480 total
[2022-09-29T08:51:43.895+0000][7][gc,age      ] GC(225) - age   6:     326600 bytes,    1266080 total
[2022-09-29T08:51:43.896+0000][7][gc,age      ] GC(225) - age   7:        768 bytes,    1266848 total
[2022-09-29T08:51:43.896+0000][7][gc,age      ] GC(225) - age   8:       2048 bytes,    1268896 total
[2022-09-29T08:51:43.896+0000][7][gc,age      ] GC(225) - age   9:        240 bytes,    1269136 total
[2022-09-29T08:51:43.897+0000][7][gc,age      ] GC(225) - age  10:        872 bytes,    1270008 total
[2022-09-29T08:51:43.897+0000][7][gc,age      ] GC(225) - age  11:      23568 bytes,    1293576 total
[2022-09-29T08:51:43.897+0000][7][gc,age      ] GC(225) - age  12:        840 bytes,    1294416 total
[2022-09-29T08:51:43.898+0000][7][gc,age      ] GC(225) - age  13:        536 bytes,    1294952 total
[2022-09-29T08:51:43.898+0000][7][gc,age      ] GC(225) - age  14:      16856 bytes,    1311808 total
[2022-09-29T08:51:43.899+0000][7][gc,age      ] GC(225) - age  15:        448 bytes,    1312256 total
[2022-09-29T08:51:43.899+0000][7][gc,phases   ] GC(225)   Pre Evacuate Collection Set: 0.7ms
[2022-09-29T08:51:43.900+0000][7][gc,phases   ] GC(225)   Merge Heap Roots: 0.2ms
[2022-09-29T08:51:43.900+0000][7][gc,phases   ] GC(225)   Evacuate Collection Set: 3.2ms
[2022-09-29T08:51:43.901+0000][7][gc,phases   ] GC(225)   Post Evacuate Collection Set: 2.1ms
[2022-09-29T08:51:43.901+0000][7][gc,phases   ] GC(225)   Other: 9.2ms
[2022-09-29T08:51:43.901+0000][7][gc,heap     ] GC(225) Eden regions: 19->0(19)
[2022-09-29T08:51:43.902+0000][7][gc,heap     ] GC(225) Survivor regions: 1->1(3)
[2022-09-29T08:51:43.902+0000][7][gc,heap     ] GC(225) Old regions: 26->26
[2022-09-29T08:51:43.903+0000][7][gc,heap     ] GC(225) Archive regions: 2->2
[2022-09-29T08:51:43.903+0000][7][gc,heap     ] GC(225) Humongous regions: 5->5
[2022-09-29T08:51:43.904+0000][7][gc,metaspace] GC(225) Metaspace: 115442K(119964K)->115442K(119964K) NonClass: 100725K(103836K)->100725K(103836K) Class: 14717K(16128K)->14717K(16128K)
[2022-09-29T08:51:43.904+0000][7][gc          ] GC(225) Pause Young (Concurrent Start) (G1 Evacuation Pause) 203M->126M(256M) 19.912ms
[2022-09-29T08:51:43.904+0000][7][gc,cpu      ] GC(225) User=0.02s Sys=0.00s Real=0.02s
[2022-09-29T08:51:43.905+0000][7][gc          ] GC(226) Concurrent Cycle
[2022-09-29T08:51:43.905+0000][7][safepoint   ] Safepoint "G1CollectForAllocation", Time since last: 8571253401 ns, Reaching safepoint: 530977 ns, At safepoint: 21099933 ns, Total: 21630910 ns
[2022-09-29T08:51:43.906+0000][7][gc,marking  ] GC(226) Concurrent Clear Claimed Marks
[2022-09-29T08:51:43.907+0000][7][gc,marking  ] GC(226) Concurrent Clear Claimed Marks 1.108ms
[2022-09-29T08:51:43.907+0000][7][gc,marking  ] GC(226) Concurrent Scan Root Regions
[2022-09-29T08:51:43.912+0000][7][gc,marking  ] GC(226) Concurrent Scan Root Regions 4.880ms
[2022-09-29T08:51:43.913+0000][7][gc,marking  ] GC(226) Concurrent Mark (10113.005s)
[2022-09-29T08:51:43.913+0000][7][gc,marking  ] GC(226) Concurrent Mark From Roots
[2022-09-29T08:51:43.914+0000][7][gc,task     ] GC(226) Using 3 workers of 3 for marking
[2022-09-29T08:51:43.991+0000][7][gc,marking  ] GC(226) Concurrent Mark From Roots 77.352ms
[2022-09-29T08:51:43.991+0000][7][gc,marking  ] GC(226) Concurrent Preclean
[2022-09-29T08:51:43.992+0000][7][gc,marking  ] GC(226) Concurrent Preclean 1.031ms
[2022-09-29T08:51:43.993+0000][7][gc,marking  ] GC(226) Concurrent Mark (10113.005s, 10113.085s) 80.237ms
[2022-09-29T08:51:43.994+0000][7][gc,start    ] GC(226) Pause Remark
[2022-09-29T08:51:44.006+0000][7][gc          ] GC(226) Pause Remark 127M->127M(256M) 12.241ms
[2022-09-29T08:51:44.007+0000][7][gc,cpu      ] GC(226) User=0.06s Sys=0.00s Real=0.01s
[2022-09-29T08:51:44.007+0000][7][safepoint   ] Safepoint "G1Concurrent", Time since last: 88483404 ns, Reaching safepoint: 472260 ns, At safepoint: 13101637 ns, Total: 13573897 ns
[2022-09-29T08:51:44.007+0000][7][gc,marking  ] GC(226) Concurrent Rebuild Remembered Sets
[2022-09-29T08:51:44.048+0000][7][gc,marking  ] GC(226) Concurrent Rebuild Remembered Sets 40.555ms
[2022-09-29T08:51:44.049+0000][7][gc,start    ] GC(226) Pause Cleanup
[2022-09-29T08:51:44.050+0000][7][gc          ] GC(226) Pause Cleanup 127M->127M(256M) 0.594ms
[2022-09-29T08:51:44.050+0000][7][gc,cpu      ] GC(226) User=0.00s Sys=0.00s Real=0.01s
[2022-09-29T08:51:44.050+0000][7][safepoint   ] Safepoint "G1Concurrent", Time since last: 41575336 ns, Reaching safepoint: 424018 ns, At safepoint: 1237128 ns, Total: 1661146 ns
[2022-09-29T08:51:44.051+0000][7][gc,marking  ] GC(226) Concurrent Cleanup for Next Mark
[2022-09-29T08:51:44.051+0000][7][gc,marking  ] GC(226) Concurrent Cleanup for Next Mark 0.755ms
[2022-09-29T08:51:44.052+0000][7][gc          ] GC(226) Concurrent Cycle 146.939ms
[2022-09-29T08:51:47.051+0000][7][safepoint   ] Safepoint "Cleanup", Time since last: 3000733326 ns, Reaching safepoint: 421812 ns, At safepoint: 45517 ns, Total: 467329 ns
[2022-09-29T08:52:03.057+0000][7][safepoint   ] Safepoint "Cleanup", Time since last: 16004796916 ns, Reaching safepoint: 249388 ns, At safepoint: 30017 ns, Total: 279405 ns
[2022-09-29T08:52:35.063+0000][7][safepoint   ] Safepoint "Cleanup", Time since last: 32005929832 ns, Reaching safepoint: 393238 ns, At safepoint: 44635 ns, Total: 437873 ns
[2022-09-29T08:52:50.067+0000][7][safepoint   ] Safepoint "Cleanup", Time since last: 15003212340 ns, Reaching safepoint: 332957 ns, At safepoint: 38945 ns, Total: 371902 ns
[2022-09-29T08:52:50.097+0000][7][gc,start    ] GC(227) Pause Young (Normal) (G1 Evacuation Pause)
[2022-09-29T08:52:50.097+0000][7][gc,task     ] GC(227) Using 6 workers of 13 for evacuation
[2022-09-29T08:52:50.098+0000][7][gc,age      ] GC(227) Desired survivor size 6291456 bytes, new threshold 15 (max threshold 15)
[2022-09-29T08:52:50.103+0000][7][gc,age      ] GC(227) Age table with threshold 15 (max threshold 15)
[2022-09-29T08:52:50.103+0000][7][gc,age      ] GC(227) - age   1:    1636792 bytes,    1636792 total
[2022-09-29T08:52:50.103+0000][7][gc,age      ] GC(227) - age   2:     687816 bytes,    2324608 total
[2022-09-29T08:52:50.104+0000][7][gc,age      ] GC(227) - age   3:      44920 bytes,    2369528 total
[2022-09-29T08:52:50.104+0000][7][gc,age      ] GC(227) - age   4:      23184 bytes,    2392712 total
[2022-09-29T08:52:50.104+0000][7][gc,age      ] GC(227) - age   5:       1792 bytes,    2394504 total
[2022-09-29T08:52:50.105+0000][7][gc,age      ] GC(227) - age   6:      61216 bytes,    2455720 total
[2022-09-29T08:52:50.105+0000][7][gc,age      ] GC(227) - age   7:     326368 bytes,    2782088 total
[2022-09-29T08:52:50.105+0000][7][gc,age      ] GC(227) - age   8:        728 bytes,    2782816 total
[2022-09-29T08:52:50.106+0000][7][gc,age      ] GC(227) - age   9:       2016 bytes,    2784832 total
[2022-09-29T08:52:50.106+0000][7][gc,age      ] GC(227) - age  10:        240 bytes,    2785072 total
[2022-09-29T08:52:50.106+0000][7][gc,age      ] GC(227) - age  11:        872 bytes,    2785944 total
[2022-09-29T08:52:50.107+0000][7][gc,age      ] GC(227) - age  12:      23472 bytes,    2809416 total
[2022-09-29T08:52:50.107+0000][7][gc,age      ] GC(227) - age  13:        840 bytes,    2810256 total
[2022-09-29T08:52:50.107+0000][7][gc,age      ] GC(227) - age  14:        536 bytes,    2810792 total
[2022-09-29T08:52:50.107+0000][7][gc,age      ] GC(227) - age  15:      16856 bytes,    2827648 total
[2022-09-29T08:52:50.108+0000][7][gc,phases   ] GC(227)   Pre Evacuate Collection Set: 0.3ms
[2022-09-29T08:52:50.109+0000][7][gc,phases   ] GC(227)   Merge Heap Roots: 0.1ms
[2022-09-29T08:52:50.109+0000][7][gc,phases   ] GC(227)   Evacuate Collection Set: 2.8ms
[2022-09-29T08:52:50.109+0000][7][gc,phases   ] GC(227)   Post Evacuate Collection Set: 1.1ms
[2022-09-29T08:52:50.109+0000][7][gc,phases   ] GC(227)   Other: 7.2ms
[2022-09-29T08:52:50.109+0000][7][gc,heap     ] GC(227) Eden regions: 19->0(19)
[2022-09-29T08:52:50.110+0000][7][gc,heap     ] GC(227) Survivor regions: 1->1(3)
[2022-09-29T08:52:50.110+0000][7][gc,heap     ] GC(227) Old regions: 26->26
[2022-09-29T08:52:50.110+0000][7][gc,heap     ] GC(227) Archive regions: 2->2
[2022-09-29T08:52:50.110+0000][7][gc,heap     ] GC(227) Humongous regions: 5->5
[2022-09-29T08:52:50.110+0000][7][gc,metaspace] GC(227) Metaspace: 115456K(119964K)->115456K(119964K) NonClass: 100738K(103836K)->100738K(103836K) Class: 14717K(16128K)->14717K(16128K)
[2022-09-29T08:52:50.111+0000][7][gc          ] GC(227) Pause Young (Normal) (G1 Evacuation Pause) 202M->127M(256M) 13.921ms
[2022-09-29T08:52:50.111+0000][7][gc,cpu      ] GC(227) User=0.02s Sys=0.00s Real=0.02s
[2022-09-29T08:52:50.111+0000][7][safepoint   ] Safepoint "G1CollectForAllocation", Time since last: 29718048 ns, Reaching safepoint: 405763 ns, At safepoint: 14614620 ns, Total: 15020383 ns
[2022-09-29T08:53:03.115+0000][7][safepoint   ] Safepoint "Cleanup", Time since last: 13003110510 ns, Reaching safepoint: 352933 ns, At safepoint: 48753 ns, Total: 401686 ns
[2022-09-29T08:53:39.123+0000][7][safepoint   ] Safepoint "Cleanup", Time since last: 36007930082 ns, Reaching safepoint: 207636 ns, At safepoint: 58161 ns, Total: 265797 ns
[2022-09-29T08:53:54.126+0000][7][gc,start    ] GC(228) Pause Young (Concurrent Start) (G1 Evacuation Pause)
[2022-09-29T08:53:54.126+0000][7][gc,task     ] GC(228) Using 6 workers of 13 for evacuation
[2022-09-29T08:53:54.127+0000][7][gc,age      ] GC(228) Desired survivor size 6291456 bytes, new threshold 15 (max threshold 15)
[2022-09-29T08:53:54.132+0000][7][gc,age      ] GC(228) Age table with threshold 15 (max threshold 15)
[2022-09-29T08:53:54.132+0000][7][gc,age      ] GC(228) - age   1:     841496 bytes,     841496 total
[2022-09-29T08:53:54.133+0000][7][gc,age      ] GC(228) - age   2:     484040 bytes,    1325536 total
[2022-09-29T08:53:54.133+0000][7][gc,age      ] GC(228) - age   3:     686640 bytes,    2012176 total
[2022-09-29T08:53:54.133+0000][7][gc,age      ] GC(228) - age   4:      44112 bytes,    2056288 total
[2022-09-29T08:53:54.134+0000][7][gc,age      ] GC(228) - age   5:      23184 bytes,    2079472 total
[2022-09-29T08:53:54.134+0000][7][gc,age      ] GC(228) - age   6:       1432 bytes,    2080904 total
[2022-09-29T08:53:54.134+0000][7][gc,age      ] GC(228) - age   7:      61152 bytes,    2142056 total
[2022-09-29T08:53:54.135+0000][7][gc,age      ] GC(228) - age   8:     325952 bytes,    2468008 total
[2022-09-29T08:53:54.135+0000][7][gc,age      ] GC(228) - age   9:        728 bytes,    2468736 total
[2022-09-29T08:53:54.136+0000][7][gc,age      ] GC(228) - age  10:       1216 bytes,    2469952 total
[2022-09-29T08:53:54.136+0000][7][gc,age      ] GC(228) - age  11:        240 bytes,    2470192 total
[2022-09-29T08:53:54.136+0000][7][gc,age      ] GC(228) - age  12:        808 bytes,    2471000 total
[2022-09-29T08:53:54.137+0000][7][gc,age      ] GC(228) - age  13:      23408 bytes,    2494408 total
[2022-09-29T08:53:54.137+0000][7][gc,age      ] GC(228) - age  14:        800 bytes,    2495208 total
[2022-09-29T08:53:54.138+0000][7][gc,age      ] GC(228) - age  15:        440 bytes,    2495648 total
[2022-09-29T08:53:54.138+0000][7][gc,phases   ] GC(228)   Pre Evacuate Collection Set: 0.5ms
[2022-09-29T08:53:54.139+0000][7][gc,phases   ] GC(228)   Merge Heap Roots: 0.2ms
[2022-09-29T08:53:54.139+0000][7][gc,phases   ] GC(228)   Evacuate Collection Set: 2.5ms
[2022-09-29T08:53:54.139+0000][7][gc,phases   ] GC(228)   Post Evacuate Collection Set: 1.6ms
[2022-09-29T08:53:54.140+0000][7][gc,phases   ] GC(228)   Other: 7.9ms
[2022-09-29T08:53:54.140+0000][7][gc,heap     ] GC(228) Eden regions: 19->0(19)
[2022-09-29T08:53:54.141+0000][7][gc,heap     ] GC(228) Survivor regions: 1->1(3)
[2022-09-29T08:53:54.141+0000][7][gc,heap     ] GC(228) Old regions: 26->26
[2022-09-29T08:53:54.142+0000][7][gc,heap     ] GC(228) Archive regions: 2->2
[2022-09-29T08:53:54.142+0000][7][gc,heap     ] GC(228) Humongous regions: 5->5
[2022-09-29T08:53:54.142+0000][7][gc,metaspace] GC(228) Metaspace: 115459K(119964K)->115459K(119964K) NonClass: 100741K(103836K)->100741K(103836K) Class: 14717K(16128K)->14717K(16128K)
[2022-09-29T08:53:54.143+0000][7][gc          ] GC(228) Pause Young (Concurrent Start) (G1 Evacuation Pause) 203M->127M(256M) 17.239ms
[2022-09-29T08:53:54.143+0000][7][gc,cpu      ] GC(228) User=0.03s Sys=0.00s Real=0.02s
[2022-09-29T08:53:54.144+0000][7][gc          ] GC(229) Concurrent Cycle
[2022-09-29T08:53:54.144+0000][7][gc,marking  ] GC(229) Concurrent Clear Claimed Marks
[2022-09-29T08:53:54.144+0000][7][safepoint   ] Safepoint "G1CollectForAllocation", Time since last: 15002013451 ns, Reaching safepoint: 454078 ns, At safepoint: 18531842 ns, Total: 18985920 ns
[2022-09-29T08:53:54.145+0000][7][gc,marking  ] GC(229) Concurrent Clear Claimed Marks 0.590ms
[2022-09-29T08:53:54.146+0000][7][gc,marking  ] GC(229) Concurrent Scan Root Regions
[2022-09-29T08:53:54.149+0000][7][gc,marking  ] GC(229) Concurrent Scan Root Regions 2.985ms
[2022-09-29T08:53:54.149+0000][7][gc,marking  ] GC(229) Concurrent Mark (10243.242s)
[2022-09-29T08:53:54.149+0000][7][gc,marking  ] GC(229) Concurrent Mark From Roots
[2022-09-29T08:53:54.150+0000][7][gc,task     ] GC(229) Using 3 workers of 3 for marking
[2022-09-29T08:53:54.232+0000][7][gc,marking  ] GC(229) Concurrent Mark From Roots 82.568ms
[2022-09-29T08:53:54.232+0000][7][gc,marking  ] GC(229) Concurrent Preclean
[2022-09-29T08:53:54.233+0000][7][gc,marking  ] GC(229) Concurrent Preclean 0.891ms
[2022-09-29T08:53:54.234+0000][7][gc,marking  ] GC(229) Concurrent Mark (10243.242s, 10243.326s) 84.544ms
[2022-09-29T08:53:54.234+0000][7][gc,start    ] GC(229) Pause Remark
[2022-09-29T08:53:54.249+0000][7][gc          ] GC(229) Pause Remark 133M->133M(256M) 14.189ms
[2022-09-29T08:53:54.249+0000][7][gc,cpu      ] GC(229) User=0.08s Sys=0.00s Real=0.01s
[2022-09-29T08:53:54.250+0000][7][safepoint   ] Safepoint "G1Concurrent", Time since last: 90020002 ns, Reaching safepoint: 429609 ns, At safepoint: 15359539 ns, Total: 15789148 ns
[2022-09-29T08:53:54.250+0000][7][gc,marking  ] GC(229) Concurrent Rebuild Remembered Sets
[2022-09-29T08:53:54.303+0000][7][gc,marking  ] GC(229) Concurrent Rebuild Remembered Sets 52.424ms
[2022-09-29T08:53:54.304+0000][7][gc,start    ] GC(229) Pause Cleanup
[2022-09-29T08:53:54.305+0000][7][gc          ] GC(229) Pause Cleanup 136M->136M(256M) 0.745ms
[2022-09-29T08:53:54.305+0000][7][gc,cpu      ] GC(229) User=0.00s Sys=0.00s Real=0.00s
[2022-09-29T08:53:54.306+0000][7][safepoint   ] Safepoint "G1Concurrent", Time since last: 53547811 ns, Reaching safepoint: 454171 ns, At safepoint: 1988720 ns, Total: 2442891 ns
[2022-09-29T08:53:54.307+0000][7][gc,marking  ] GC(229) Concurrent Cleanup for Next Mark
[2022-09-29T08:53:54.308+0000][7][gc,marking  ] GC(229) Concurrent Cleanup for Next Mark 1.717ms
[2022-09-29T08:53:54.309+0000][7][gc          ] GC(229) Concurrent Cycle 165.153ms
[2022-09-29T08:53:55.307+0000][7][safepoint   ] Safepoint "Cleanup", Time since last: 1000845201 ns, Reaching safepoint: 317039 ns, At safepoint: 29486 ns, Total: 346525 ns
[2022-09-29T08:54:03.309+0000][7][safepoint   ] Safepoint "Cleanup", Time since last: 8001740651 ns, Reaching safepoint: 269702 ns, At safepoint: 37591 ns, Total: 307293 ns
[2022-09-29T08:54:50.319+0000][7][safepoint   ] Safepoint "Cleanup", Time since last: 47009259332 ns, Reaching safepoint: 384593 ns, At safepoint: 63491 ns, Total: 448084 ns
[2022-09-29T08:55:04.749+0000][7][gc,start    ] GC(230) Pause Young (Normal) (G1 Evacuation Pause)
[2022-09-29T08:55:04.750+0000][7][gc,task     ] GC(230) Using 6 workers of 13 for evacuation
[2022-09-29T08:55:04.751+0000][7][gc,age      ] GC(230) Desired survivor size 6291456 bytes, new threshold 15 (max threshold 15)
[2022-09-29T08:55:04.754+0000][7][gc,age      ] GC(230) Age table with threshold 15 (max threshold 15)
[2022-09-29T08:55:04.755+0000][7][gc,age      ] GC(230) - age   1:     771848 bytes,     771848 total
[2022-09-29T08:55:04.755+0000][7][gc,age      ] GC(230) - age   2:      32704 bytes,     804552 total
[2022-09-29T08:55:04.755+0000][7][gc,age      ] GC(230) - age   3:       4240 bytes,     808792 total
[2022-09-29T08:55:04.755+0000][7][gc,age      ] GC(230) - age   4:     244536 bytes,    1053328 total
[2022-09-29T08:55:04.755+0000][7][gc,age      ] GC(230) - age   5:      43312 bytes,    1096640 total
[2022-09-29T08:55:04.756+0000][7][gc,age      ] GC(230) - age   6:       6936 bytes,    1103576 total
[2022-09-29T08:55:04.756+0000][7][gc,age      ] GC(230) - age   7:       1432 bytes,    1105008 total
[2022-09-29T08:55:04.756+0000][7][gc,age      ] GC(230) - age   8:      23304 bytes,    1128312 total
[2022-09-29T08:55:04.756+0000][7][gc,age      ] GC(230) - age   9:     178432 bytes,    1306744 total
[2022-09-29T08:55:04.756+0000][7][gc,age      ] GC(230) - age  10:        536 bytes,    1307280 total
[2022-09-29T08:55:04.757+0000][7][gc,age      ] GC(230) - age  11:       1216 bytes,    1308496 total
[2022-09-29T08:55:04.757+0000][7][gc,age      ] GC(230) - age  12:        112 bytes,    1308608 total
[2022-09-29T08:55:04.757+0000][7][gc,age      ] GC(230) - age  13:        704 bytes,    1309312 total
[2022-09-29T08:55:04.757+0000][7][gc,age      ] GC(230) - age  14:      23408 bytes,    1332720 total
[2022-09-29T08:55:04.757+0000][7][gc,age      ] GC(230) - age  15:        800 bytes,    1333520 total
[2022-09-29T08:55:04.758+0000][7][gc,phases   ] GC(230)   Pre Evacuate Collection Set: 0.2ms
[2022-09-29T08:55:04.758+0000][7][gc,phases   ] GC(230)   Merge Heap Roots: 0.2ms
[2022-09-29T08:55:04.758+0000][7][gc,phases   ] GC(230)   Evacuate Collection Set: 1.6ms
[2022-09-29T08:55:04.758+0000][7][gc,phases   ] GC(230)   Post Evacuate Collection Set: 1.1ms
[2022-09-29T08:55:04.758+0000][7][gc,phases   ] GC(230)   Other: 5.3ms
[2022-09-29T08:55:04.759+0000][7][gc,heap     ] GC(230) Eden regions: 19->0(19)
[2022-09-29T08:55:04.759+0000][7][gc,heap     ] GC(230) Survivor regions: 1->1(3)
[2022-09-29T08:55:04.759+0000][7][gc,heap     ] GC(230) Old regions: 26->26
[2022-09-29T08:55:04.759+0000][7][gc,heap     ] GC(230) Archive regions: 2->2
[2022-09-29T08:55:04.760+0000][7][gc,heap     ] GC(230) Humongous regions: 5->5
[2022-09-29T08:55:04.760+0000][7][gc,metaspace] GC(230) Metaspace: 115467K(119964K)->115467K(119964K) NonClass: 100749K(103836K)->100749K(103836K) Class: 14717K(16128K)->14717K(16128K)
[2022-09-29T08:55:04.760+0000][7][gc          ] GC(230) Pause Young (Normal) (G1 Evacuation Pause) 203M->126M(256M) 10.552ms
[2022-09-29T08:55:04.760+0000][7][gc,cpu      ] GC(230) User=0.01s Sys=0.00s Real=0.01s
[2022-09-29T08:55:04.760+0000][7][safepoint   ] Safepoint "G1CollectForAllocation", Time since last: 14430220990 ns, Reaching safepoint: 391474 ns, At safepoint: 11084372 ns, Total: 11475846 ns
[2022-09-29T08:55:05.761+0000][7][safepoint   ] Safepoint "Cleanup", Time since last: 1000206973 ns, Reaching safepoint: 311523 ns, At safepoint: 13286 ns, Total: 324809 ns
[2022-09-29T08:56:24.029+0000][7][gc,start    ] GC(231) Pause Young (Concurrent Start) (G1 Evacuation Pause)
[2022-09-29T08:56:24.029+0000][7][gc,task     ] GC(231) Using 6 workers of 13 for evacuation
[2022-09-29T08:56:24.029+0000][7][gc,age      ] GC(231) Desired survivor size 6291456 bytes, new threshold 15 (max threshold 15)
[2022-09-29T08:56:24.035+0000][7][gc,age      ] GC(231) Age table with threshold 15 (max threshold 15)
[2022-09-29T08:56:24.035+0000][7][gc,age      ] GC(231) - age   1:     488144 bytes,     488144 total
[2022-09-29T08:56:24.035+0000][7][gc,age      ] GC(231) - age   2:     599976 bytes,    1088120 total
[2022-09-29T08:56:24.035+0000][7][gc,age      ] GC(231) - age   3:       6792 bytes,    1094912 total
[2022-09-29T08:56:24.036+0000][7][gc,age      ] GC(231) - age   4:       3784 bytes,    1098696 total
[2022-09-29T08:56:24.036+0000][7][gc,age      ] GC(231) - age   5:     228264 bytes,    1326960 total
[2022-09-29T08:56:24.036+0000][7][gc,age      ] GC(231) - age   6:      43152 bytes,    1370112 total
[2022-09-29T08:56:24.036+0000][7][gc,age      ] GC(231) - age   7:       6808 bytes,    1376920 total
[2022-09-29T08:56:24.037+0000][7][gc,age      ] GC(231) - age   8:       1368 bytes,    1378288 total
[2022-09-29T08:56:24.037+0000][7][gc,age      ] GC(231) - age   9:      23208 bytes,    1401496 total
[2022-09-29T08:56:24.037+0000][7][gc,age      ] GC(231) - age  10:     178152 bytes,    1579648 total
[2022-09-29T08:56:24.037+0000][7][gc,age      ] GC(231) - age  11:        536 bytes,    1580184 total
[2022-09-29T08:56:24.037+0000][7][gc,age      ] GC(231) - age  12:       1216 bytes,    1581400 total
[2022-09-29T08:56:24.037+0000][7][gc,age      ] GC(231) - age  13:        112 bytes,    1581512 total
[2022-09-29T08:56:24.038+0000][7][gc,age      ] GC(231) - age  14:        704 bytes,    1582216 total
[2022-09-29T08:56:24.038+0000][7][gc,age      ] GC(231) - age  15:      23408 bytes,    1605624 total
[2022-09-29T08:56:24.038+0000][7][gc,phases   ] GC(231)   Pre Evacuate Collection Set: 0.4ms
[2022-09-29T08:56:24.038+0000][7][gc,phases   ] GC(231)   Merge Heap Roots: 0.1ms
[2022-09-29T08:56:24.038+0000][7][gc,phases   ] GC(231)   Evacuate Collection Set: 3.1ms
[2022-09-29T08:56:24.038+0000][7][gc,phases   ] GC(231)   Post Evacuate Collection Set: 1.3ms
[2022-09-29T08:56:24.039+0000][7][gc,phases   ] GC(231)   Other: 4.5ms
[2022-09-29T08:56:24.039+0000][7][gc,heap     ] GC(231) Eden regions: 19->0(19)
[2022-09-29T08:56:24.039+0000][7][gc,heap     ] GC(231) Survivor regions: 1->1(3)
[2022-09-29T08:56:24.039+0000][7][gc,heap     ] GC(231) Old regions: 26->26
[2022-09-29T08:56:24.039+0000][7][gc,heap     ] GC(231) Archive regions: 2->2
[2022-09-29T08:56:24.039+0000][7][gc,heap     ] GC(231) Humongous regions: 5->5
[2022-09-29T08:56:24.040+0000][7][gc,metaspace] GC(231) Metaspace: 115467K(119964K)->115467K(119964K) NonClass: 100749K(103836K)->100749K(103836K) Class: 14717K(16128K)->14717K(16128K)
[2022-09-29T08:56:24.040+0000][7][gc          ] GC(231) Pause Young (Concurrent Start) (G1 Evacuation Pause) 202M->126M(256M) 11.796ms
[2022-09-29T08:56:24.041+0000][7][gc,cpu      ] GC(231) User=0.02s Sys=0.00s Real=0.02s
[2022-09-29T08:56:24.041+0000][7][gc          ] GC(232) Concurrent Cycle
[2022-09-29T08:56:24.041+0000][7][safepoint   ] Safepoint "G1CollectForAllocation", Time since last: 78267359852 ns, Reaching safepoint: 272980 ns, At safepoint: 12738840 ns, Total: 13011820 ns
[2022-09-29T08:56:24.042+0000][7][gc,marking  ] GC(232) Concurrent Clear Claimed Marks
[2022-09-29T08:56:24.042+0000][7][gc,marking  ] GC(232) Concurrent Clear Claimed Marks 0.591ms
[2022-09-29T08:56:24.043+0000][7][gc,marking  ] GC(232) Concurrent Scan Root Regions
[2022-09-29T08:56:24.045+0000][7][gc,marking  ] GC(232) Concurrent Scan Root Regions 2.376ms
[2022-09-29T08:56:24.045+0000][7][gc,marking  ] GC(232) Concurrent Mark (10393.138s)
[2022-09-29T08:56:24.046+0000][7][gc,marking  ] GC(232) Concurrent Mark From Roots
[2022-09-29T08:56:24.046+0000][7][gc,task     ] GC(232) Using 3 workers of 3 for marking
[2022-09-29T08:56:24.090+0000][7][gc,marking  ] GC(232) Concurrent Mark From Roots 44.433ms
[2022-09-29T08:56:24.090+0000][7][gc,marking  ] GC(232) Concurrent Preclean
[2022-09-29T08:56:24.091+0000][7][gc,marking  ] GC(232) Concurrent Preclean 0.701ms
[2022-09-29T08:56:24.091+0000][7][gc,marking  ] GC(232) Concurrent Mark (10393.138s, 10393.184s) 46.157ms
[2022-09-29T08:56:24.092+0000][7][gc,start    ] GC(232) Pause Remark
[2022-09-29T08:56:24.101+0000][7][gc          ] GC(232) Pause Remark 127M->127M(256M) 8.471ms
[2022-09-29T08:56:24.101+0000][7][gc,cpu      ] GC(232) User=0.04s Sys=0.00s Real=0.01s
[2022-09-29T08:56:24.102+0000][7][safepoint   ] Safepoint "G1Concurrent", Time since last: 50548022 ns, Reaching safepoint: 270415 ns, At safepoint: 9550828 ns, Total: 9821243 ns
[2022-09-29T08:56:24.102+0000][7][gc,marking  ] GC(232) Concurrent Rebuild Remembered Sets
[2022-09-29T08:56:24.137+0000][7][gc,marking  ] GC(232) Concurrent Rebuild Remembered Sets 34.568ms
[2022-09-29T08:56:24.138+0000][7][gc,start    ] GC(232) Pause Cleanup
[2022-09-29T08:56:24.139+0000][7][gc          ] GC(232) Pause Cleanup 127M->127M(256M) 0.688ms
[2022-09-29T08:56:24.139+0000][7][gc,cpu      ] GC(232) User=0.00s Sys=0.00s Real=0.00s
[2022-09-29T08:56:24.139+0000][7][safepoint   ] Safepoint "G1Concurrent", Time since last: 35761349 ns, Reaching safepoint: 359243 ns, At safepoint: 1450414 ns, Total: 1809657 ns
[2022-09-29T08:56:24.140+0000][7][gc,marking  ] GC(232) Concurrent Cleanup for Next Mark
[2022-09-29T08:56:24.140+0000][7][gc,marking  ] GC(232) Concurrent Cleanup for Next Mark 0.733ms
[2022-09-29T08:56:24.141+0000][7][gc          ] GC(232) Concurrent Cycle 99.645ms
[2022-09-29T08:56:38.143+0000][7][safepoint   ] Safepoint "Cleanup", Time since last: 14003088176 ns, Reaching safepoint: 334078 ns, At safepoint: 45868 ns, Total: 379946 ns
[2022-09-29T08:56:39.301+0000][7][safepoint   ] Safepoint "Cleanup", Time since last: 1157874693 ns, Reaching safepoint: 348624 ns, At safepoint: 39135 ns, Total: 387759 ns
[2022-09-29T08:57:02.306+0000][7][safepoint   ] Safepoint "Cleanup", Time since last: 23004324063 ns, Reaching safepoint: 294869 ns, At safepoint: 43153 ns, Total: 338022 ns
[2022-09-29T08:57:17.330+0000][7][gc,start    ] GC(233) Pause Young (Normal) (G1 Evacuation Pause)
[2022-09-29T08:57:17.331+0000][7][gc,task     ] GC(233) Using 6 workers of 13 for evacuation
[2022-09-29T08:57:17.331+0000][7][gc,age      ] GC(233) Desired survivor size 6291456 bytes, new threshold 15 (max threshold 15)
[2022-09-29T08:57:17.336+0000][7][gc,age      ] GC(233) Age table with threshold 15 (max threshold 15)
[2022-09-29T08:57:17.336+0000][7][gc,age      ] GC(233) - age   1:     895088 bytes,     895088 total
[2022-09-29T08:57:17.337+0000][7][gc,age      ] GC(233) - age   2:     346176 bytes,    1241264 total
[2022-09-29T08:57:17.337+0000][7][gc,age      ] GC(233) - age   3:     583880 bytes,    1825144 total
[2022-09-29T08:57:17.337+0000][7][gc,age      ] GC(233) - age   4:       6360 bytes,    1831504 total
[2022-09-29T08:57:17.337+0000][7][gc,age      ] GC(233) - age   5:       3064 bytes,    1834568 total
[2022-09-29T08:57:17.338+0000][7][gc,age      ] GC(233) - age   6:     227872 bytes,    2062440 total
[2022-09-29T08:57:17.338+0000][7][gc,age      ] GC(233) - age   7:      43152 bytes,    2105592 total
[2022-09-29T08:57:17.338+0000][7][gc,age      ] GC(233) - age   8:       6552 bytes,    2112144 total
[2022-09-29T08:57:17.338+0000][7][gc,age      ] GC(233) - age   9:       1272 bytes,    2113416 total
[2022-09-29T08:57:17.338+0000][7][gc,age      ] GC(233) - age  10:      23112 bytes,    2136528 total
[2022-09-29T08:57:17.338+0000][7][gc,age      ] GC(233) - age  11:     178152 bytes,    2314680 total
[2022-09-29T08:57:17.339+0000][7][gc,age      ] GC(233) - age  12:        536 bytes,    2315216 total
[2022-09-29T08:57:17.339+0000][7][gc,age      ] GC(233) - age  13:       1216 bytes,    2316432 total
[2022-09-29T08:57:17.339+0000][7][gc,age      ] GC(233) - age  14:        112 bytes,    2316544 total
[2022-09-29T08:57:17.339+0000][7][gc,age      ] GC(233) - age  15:        704 bytes,    2317248 total
[2022-09-29T08:57:17.339+0000][7][gc,phases   ] GC(233)   Pre Evacuate Collection Set: 0.2ms
[2022-09-29T08:57:17.340+0000][7][gc,phases   ] GC(233)   Merge Heap Roots: 0.1ms
[2022-09-29T08:57:17.340+0000][7][gc,phases   ] GC(233)   Evacuate Collection Set: 3.0ms
[2022-09-29T08:57:17.340+0000][7][gc,phases   ] GC(233)   Post Evacuate Collection Set: 1.2ms
[2022-09-29T08:57:17.340+0000][7][gc,phases   ] GC(233)   Other: 4.6ms
[2022-09-29T08:57:17.340+0000][7][gc,heap     ] GC(233) Eden regions: 19->0(19)
[2022-09-29T08:57:17.340+0000][7][gc,heap     ] GC(233) Survivor regions: 1->1(3)
[2022-09-29T08:57:17.341+0000][7][gc,heap     ] GC(233) Old regions: 26->26
[2022-09-29T08:57:17.341+0000][7][gc,heap     ] GC(233) Archive regions: 2->2
[2022-09-29T08:57:17.341+0000][7][gc,heap     ] GC(233) Humongous regions: 5->5
[2022-09-29T08:57:17.341+0000][7][gc,metaspace] GC(233) Metaspace: 115467K(119964K)->115467K(119964K) NonClass: 100749K(103836K)->100749K(103836K) Class: 14717K(16128K)->14717K(16128K)
[2022-09-29T08:57:17.341+0000][7][gc          ] GC(233) Pause Young (Normal) (G1 Evacuation Pause) 202M->127M(256M) 11.005ms
[2022-09-29T08:57:17.341+0000][7][gc,cpu      ] GC(233) User=0.02s Sys=0.00s Real=0.01s
[2022-09-29T08:57:17.342+0000][7][safepoint   ] Safepoint "G1CollectForAllocation", Time since last: 15023847393 ns, Reaching safepoint: 622115 ns, At safepoint: 11601916 ns, Total: 12224031 ns
[2022-09-29T08:57:26.344+0000][7][safepoint   ] Safepoint "Cleanup", Time since last: 9001847576 ns, Reaching safepoint: 591357 ns, At safepoint: 30137 ns, Total: 621494 ns
[2022-09-29T08:57:44.348+0000][7][safepoint   ] Safepoint "Cleanup", Time since last: 18003323968 ns, Reaching safepoint: 469746 ns, At safepoint: 30307 ns, Total: 500053 ns
[2022-09-29T08:57:51.351+0000][7][safepoint   ] Safepoint "Cleanup", Time since last: 7002357042 ns, Reaching safepoint: 759591 ns, At safepoint: 87817 ns, Total: 847408 ns
[2022-09-29T08:57:59.354+0000][7][safepoint   ] Safepoint "Cleanup", Time since last: 8002455060 ns, Reaching safepoint: 338375 ns, At safepoint: 32822 ns, Total: 371197 ns
[2022-09-29T08:58:04.907+0000][7][safepoint   ] Safepoint "Cleanup", Time since last: 5552649754 ns, Reaching safepoint: 476037 ns, At safepoint: 312826 ns, Total: 788863 ns
[2022-09-29T08:58:05.909+0000][7][safepoint   ] Safepoint "Cleanup", Time since last: 1001302571 ns, Reaching safepoint: 609572 ns, At safepoint: 50216 ns, Total: 659788 ns
[2022-09-29T08:58:06.912+0000][7][safepoint   ] Safepoint "Cleanup", Time since last: 1001494300 ns, Reaching safepoint: 643804 ns, At safepoint: 36851 ns, Total: 680655 ns
[2022-09-29T08:58:19.090+0000][7][gc,start    ] GC(234) Pause Young (Concurrent Start) (G1 Evacuation Pause)
[2022-09-29T08:58:19.091+0000][7][gc,task     ] GC(234) Using 6 workers of 13 for evacuation
[2022-09-29T08:58:19.091+0000][7][gc,age      ] GC(234) Desired survivor size 6291456 bytes, new threshold 15 (max threshold 15)
[2022-09-29T08:58:19.095+0000][7][gc,age      ] GC(234) Age table with threshold 15 (max threshold 15)
[2022-09-29T08:58:19.095+0000][7][gc,age      ] GC(234) - age   1:     393720 bytes,     393720 total
[2022-09-29T08:58:19.096+0000][7][gc,age      ] GC(234) - age   2:      81560 bytes,     475280 total
[2022-09-29T08:58:19.096+0000][7][gc,age      ] GC(234) - age   3:      23512 bytes,     498792 total
[2022-09-29T08:58:19.096+0000][7][gc,age      ] GC(234) - age   4:     206880 bytes,     705672 total
[2022-09-29T08:58:19.096+0000][7][gc,age      ] GC(234) - age   5:       6264 bytes,     711936 total
[2022-09-29T08:58:19.097+0000][7][gc,age      ] GC(234) - age   6:       2768 bytes,     714704 total
[2022-09-29T08:58:19.097+0000][7][gc,age      ] GC(234) - age   7:      40208 bytes,     754912 total
[2022-09-29T08:58:19.097+0000][7][gc,age      ] GC(234) - age   8:      43088 bytes,     798000 total
[2022-09-29T08:58:19.097+0000][7][gc,age      ] GC(234) - age   9:       6488 bytes,     804488 total
[2022-09-29T08:58:19.098+0000][7][gc,age      ] GC(234) - age  10:       1208 bytes,     805696 total
[2022-09-29T08:58:19.098+0000][7][gc,age      ] GC(234) - age  11:      23112 bytes,     828808 total
[2022-09-29T08:58:19.098+0000][7][gc,age      ] GC(234) - age  12:     178152 bytes,    1006960 total
[2022-09-29T08:58:19.098+0000][7][gc,age      ] GC(234) - age  13:        472 bytes,    1007432 total
[2022-09-29T08:58:19.099+0000][7][gc,age      ] GC(234) - age  14:       1088 bytes,    1008520 total
[2022-09-29T08:58:19.100+0000][7][gc,age      ] GC(234) - age  15:         48 bytes,    1008568 total
[2022-09-29T08:58:19.100+0000][7][gc,phases   ] GC(234)   Pre Evacuate Collection Set: 0.4ms
[2022-09-29T08:58:19.100+0000][7][gc,phases   ] GC(234)   Merge Heap Roots: 0.1ms
[2022-09-29T08:58:19.100+0000][7][gc,phases   ] GC(234)   Evacuate Collection Set: 1.4ms
[2022-09-29T08:58:19.101+0000][7][gc,phases   ] GC(234)   Post Evacuate Collection Set: 1.5ms
[2022-09-29T08:58:19.101+0000][7][gc,phases   ] GC(234)   Other: 6.3ms
[2022-09-29T08:58:19.101+0000][7][gc,heap     ] GC(234) Eden regions: 19->0(19)
[2022-09-29T08:58:19.101+0000][7][gc,heap     ] GC(234) Survivor regions: 1->1(3)
[2022-09-29T08:58:19.102+0000][7][gc,heap     ] GC(234) Old regions: 26->26
[2022-09-29T08:58:19.102+0000][7][gc,heap     ] GC(234) Archive regions: 2->2
[2022-09-29T08:58:19.102+0000][7][gc,heap     ] GC(234) Humongous regions: 5->5
[2022-09-29T08:58:19.102+0000][7][gc,metaspace] GC(234) Metaspace: 115475K(119964K)->115475K(119964K) NonClass: 100756K(103836K)->100756K(103836K) Class: 14718K(16128K)->14718K(16128K)
[2022-09-29T08:58:19.102+0000][7][gc          ] GC(234) Pause Young (Concurrent Start) (G1 Evacuation Pause) 203M->126M(256M) 12.073ms
[2022-09-29T08:58:19.103+0000][7][gc,cpu      ] GC(234) User=0.01s Sys=0.01s Real=0.01s
[2022-09-29T08:58:19.103+0000][7][gc          ] GC(235) Concurrent Cycle
[2022-09-29T08:58:19.103+0000][7][safepoint   ] Safepoint "G1CollectForAllocation", Time since last: 12178200151 ns, Reaching safepoint: 501333 ns, At safepoint: 12702846 ns, Total: 13204179 ns
[2022-09-29T08:58:19.103+0000][7][gc,marking  ] GC(235) Concurrent Clear Claimed Marks
[2022-09-29T08:58:19.104+0000][7][gc,marking  ] GC(235) Concurrent Clear Claimed Marks 0.703ms
[2022-09-29T08:58:19.104+0000][7][gc,marking  ] GC(235) Concurrent Scan Root Regions
[2022-09-29T08:58:19.107+0000][7][gc,marking  ] GC(235) Concurrent Scan Root Regions 2.413ms
[2022-09-29T08:58:19.107+0000][7][gc,marking  ] GC(235) Concurrent Mark (10508.200s)
[2022-09-29T08:58:19.107+0000][7][gc,marking  ] GC(235) Concurrent Mark From Roots
[2022-09-29T08:58:19.107+0000][7][gc,task     ] GC(235) Using 3 workers of 3 for marking
[2022-09-29T08:58:19.165+0000][7][gc,marking  ] GC(235) Concurrent Mark From Roots 57.890ms
[2022-09-29T08:58:19.166+0000][7][gc,marking  ] GC(235) Concurrent Preclean
[2022-09-29T08:58:19.166+0000][7][gc,marking  ] GC(235) Concurrent Preclean 0.748ms
[2022-09-29T08:58:19.167+0000][7][gc,marking  ] GC(235) Concurrent Mark (10508.200s, 10508.259s) 59.787ms
[2022-09-29T08:58:19.168+0000][7][gc,start    ] GC(235) Pause Remark
[2022-09-29T08:58:19.177+0000][7][gc          ] GC(235) Pause Remark 127M->127M(256M) 9.596ms
[2022-09-29T08:58:19.178+0000][7][gc,cpu      ] GC(235) User=0.04s Sys=0.01s Real=0.01s
[2022-09-29T08:58:19.178+0000][7][safepoint   ] Safepoint "G1Concurrent", Time since last: 64284952 ns, Reaching safepoint: 393590 ns, At safepoint: 10707935 ns, Total: 11101525 ns
[2022-09-29T08:58:19.179+0000][7][gc,marking  ] GC(235) Concurrent Rebuild Remembered Sets
[2022-09-29T08:58:19.218+0000][7][gc,marking  ] GC(235) Concurrent Rebuild Remembered Sets 39.436ms
[2022-09-29T08:58:19.220+0000][7][gc,start    ] GC(235) Pause Cleanup
[2022-09-29T08:58:19.221+0000][7][gc          ] GC(235) Pause Cleanup 127M->127M(256M) 0.976ms
[2022-09-29T08:58:19.221+0000][7][gc,cpu      ] GC(235) User=0.00s Sys=0.00s Real=0.00s
[2022-09-29T08:58:19.221+0000][7][safepoint   ] Safepoint "G1Concurrent", Time since last: 40611209 ns, Reaching safepoint: 453199 ns, At safepoint: 2007275 ns, Total: 2460474 ns
[2022-09-29T08:58:19.222+0000][7][gc,marking  ] GC(235) Concurrent Cleanup for Next Mark
[2022-09-29T08:58:19.223+0000][7][gc,marking  ] GC(235) Concurrent Cleanup for Next Mark 0.811ms
[2022-09-29T08:58:19.223+0000][7][gc          ] GC(235) Concurrent Cycle 120.289ms
[2022-09-29T08:59:43.494+0000][7][gc,start    ] GC(236) Pause Young (Normal) (G1 Evacuation Pause)
[2022-09-29T08:59:43.494+0000][7][gc,task     ] GC(236) Using 6 workers of 13 for evacuation
[2022-09-29T08:59:43.494+0000][7][gc,age      ] GC(236) Desired survivor size 6291456 bytes, new threshold 15 (max threshold 15)
[2022-09-29T08:59:43.498+0000][7][gc,age      ] GC(236) Age table with threshold 15 (max threshold 15)
[2022-09-29T08:59:43.499+0000][7][gc,age      ] GC(236) - age   1:     520168 bytes,     520168 total
[2022-09-29T08:59:43.499+0000][7][gc,age      ] GC(236) - age   2:     304288 bytes,     824456 total
[2022-09-29T08:59:43.500+0000][7][gc,age      ] GC(236) - age   3:      79816 bytes,     904272 total
[2022-09-29T08:59:43.500+0000][7][gc,age      ] GC(236) - age   4:      23272 bytes,     927544 total
[2022-09-29T08:59:43.500+0000][7][gc,age      ] GC(236) - age   5:     206424 bytes,    1133968 total
[2022-09-29T08:59:43.500+0000][7][gc,age      ] GC(236) - age   6:       6264 bytes,    1140232 total
[2022-09-29T08:59:43.500+0000][7][gc,age      ] GC(236) - age   7:       2768 bytes,    1143000 total
[2022-09-29T08:59:43.501+0000][7][gc,age      ] GC(236) - age   8:      40112 bytes,    1183112 total
[2022-09-29T08:59:43.501+0000][7][gc,age      ] GC(236) - age   9:      43088 bytes,    1226200 total
[2022-09-29T08:59:43.501+0000][7][gc,age      ] GC(236) - age  10:       6448 bytes,    1232648 total
[2022-09-29T08:59:43.501+0000][7][gc,age      ] GC(236) - age  11:        896 bytes,    1233544 total
[2022-09-29T08:59:43.501+0000][7][gc,age      ] GC(236) - age  12:      23112 bytes,    1256656 total
[2022-09-29T08:59:43.501+0000][7][gc,age      ] GC(236) - age  13:     178152 bytes,    1434808 total
[2022-09-29T08:59:43.502+0000][7][gc,age      ] GC(236) - age  14:        472 bytes,    1435280 total
[2022-09-29T08:59:43.502+0000][7][gc,age      ] GC(236) - age  15:       1088 bytes,    1436368 total
[2022-09-29T08:59:43.502+0000][7][gc,phases   ] GC(236)   Pre Evacuate Collection Set: 0.2ms
[2022-09-29T08:59:43.502+0000][7][gc,phases   ] GC(236)   Merge Heap Roots: 0.1ms
[2022-09-29T08:59:43.502+0000][7][gc,phases   ] GC(236)   Evacuate Collection Set: 2.1ms
[2022-09-29T08:59:43.503+0000][7][gc,phases   ] GC(236)   Post Evacuate Collection Set: 1.2ms
[2022-09-29T08:59:43.503+0000][7][gc,phases   ] GC(236)   Other: 4.8ms
[2022-09-29T08:59:43.503+0000][7][gc,heap     ] GC(236) Eden regions: 19->0(19)
[2022-09-29T08:59:43.503+0000][7][gc,heap     ] GC(236) Survivor regions: 1->1(3)
[2022-09-29T08:59:43.503+0000][7][gc,heap     ] GC(236) Old regions: 26->26
[2022-09-29T08:59:43.503+0000][7][gc,heap     ] GC(236) Archive regions: 2->2
[2022-09-29T08:59:43.504+0000][7][gc,heap     ] GC(236) Humongous regions: 5->5
[2022-09-29T08:59:43.504+0000][7][gc,metaspace] GC(236) Metaspace: 115476K(119964K)->115476K(119964K) NonClass: 100757K(103836K)->100757K(103836K) Class: 14718K(16128K)->14718K(16128K)
[2022-09-29T08:59:43.504+0000][7][gc          ] GC(236) Pause Young (Normal) (G1 Evacuation Pause) 202M->126M(256M) 10.167ms
[2022-09-29T08:59:43.504+0000][7][gc,cpu      ] GC(236) User=0.01s Sys=0.02s Real=0.01s
[2022-09-29T08:59:43.504+0000][7][safepoint   ] Safepoint "G1CollectForAllocation", Time since last: 84271817714 ns, Reaching safepoint: 352589 ns, At safepoint: 10711795 ns, Total: 11064384 ns
[2022-09-29T08:59:49.506+0000][7][safepoint   ] Safepoint "Cleanup", Time since last: 6001361334 ns, Reaching safepoint: 282749 ns, At safepoint: 37001 ns, Total: 319750 ns
[2022-09-29T09:00:01.509+0000][7][safepoint   ] Safepoint "Cleanup", Time since last: 12002172209 ns, Reaching safepoint: 265290 ns, At safepoint: 34446 ns, Total: 299736 ns
[2022-09-29T09:00:32.515+0000][7][safepoint   ] Safepoint "Cleanup", Time since last: 31005866243 ns, Reaching safepoint: 314810 ns, At safepoint: 33524 ns, Total: 348334 ns
[2022-09-29T09:00:34.160+0000][7][gc,start    ] GC(237) Pause Young (Concurrent Start) (G1 Evacuation Pause)
[2022-09-29T09:00:34.161+0000][7][gc,task     ] GC(237) Using 6 workers of 13 for evacuation
[2022-09-29T09:00:34.161+0000][7][gc,age      ] GC(237) Desired survivor size 6291456 bytes, new threshold 15 (max threshold 15)
[2022-09-29T09:00:34.165+0000][7][gc,age      ] GC(237) Age table with threshold 15 (max threshold 15)
[2022-09-29T09:00:34.166+0000][7][gc,age      ] GC(237) - age   1:     992256 bytes,     992256 total
[2022-09-29T09:00:34.166+0000][7][gc,age      ] GC(237) - age   2:     308520 bytes,    1300776 total
[2022-09-29T09:00:34.166+0000][7][gc,age      ] GC(237) - age   3:     284640 bytes,    1585416 total
[2022-09-29T09:00:34.166+0000][7][gc,age      ] GC(237) - age   4:      79136 bytes,    1664552 total
[2022-09-29T09:00:34.167+0000][7][gc,age      ] GC(237) - age   5:      23080 bytes,    1687632 total
[2022-09-29T09:00:34.167+0000][7][gc,age      ] GC(237) - age   6:     206072 bytes,    1893704 total
[2022-09-29T09:00:34.167+0000][7][gc,age      ] GC(237) - age   7:       6072 bytes,    1899776 total
[2022-09-29T09:00:34.167+0000][7][gc,age      ] GC(237) - age   8:       2512 bytes,    1902288 total
[2022-09-29T09:00:34.167+0000][7][gc,age      ] GC(237) - age   9:      39528 bytes,    1941816 total
[2022-09-29T09:00:34.167+0000][7][gc,age      ] GC(237) - age  10:      41552 bytes,    1983368 total
[2022-09-29T09:00:34.168+0000][7][gc,age      ] GC(237) - age  11:       6272 bytes,    1989640 total
[2022-09-29T09:00:34.168+0000][7][gc,age      ] GC(237) - age  12:        896 bytes,    1990536 total
[2022-09-29T09:00:34.168+0000][7][gc,age      ] GC(237) - age  13:      22920 bytes,    2013456 total
[2022-09-29T09:00:34.168+0000][7][gc,age      ] GC(237) - age  14:     178008 bytes,    2191464 total
[2022-09-29T09:00:34.168+0000][7][gc,age      ] GC(237) - age  15:        344 bytes,    2191808 total
[2022-09-29T09:00:34.169+0000][7][gc,phases   ] GC(237)   Pre Evacuate Collection Set: 0.3ms
[2022-09-29T09:00:34.169+0000][7][gc,phases   ] GC(237)   Merge Heap Roots: 0.1ms
[2022-09-29T09:00:34.169+0000][7][gc,phases   ] GC(237)   Evacuate Collection Set: 1.9ms
[2022-09-29T09:00:34.170+0000][7][gc,phases   ] GC(237)   Post Evacuate Collection Set: 1.4ms
[2022-09-29T09:00:34.170+0000][7][gc,phases   ] GC(237)   Other: 4.6ms
[2022-09-29T09:00:34.170+0000][7][gc,heap     ] GC(237) Eden regions: 19->0(19)
[2022-09-29T09:00:34.170+0000][7][gc,heap     ] GC(237) Survivor regions: 1->1(3)
[2022-09-29T09:00:34.171+0000][7][gc,heap     ] GC(237) Old regions: 26->26
[2022-09-29T09:00:34.171+0000][7][gc,heap     ] GC(237) Archive regions: 2->2
[2022-09-29T09:00:34.171+0000][7][gc,heap     ] GC(237) Humongous regions: 5->5
[2022-09-29T09:00:34.171+0000][7][gc,metaspace] GC(237) Metaspace: 115476K(119964K)->115476K(119964K) NonClass: 100758K(103836K)->100758K(103836K) Class: 14718K(16128K)->14718K(16128K)
[2022-09-29T09:00:34.171+0000][7][gc          ] GC(237) Pause Young (Concurrent Start) (G1 Evacuation Pause) 202M->127M(256M) 10.981ms
[2022-09-29T09:00:34.172+0000][7][gc,cpu      ] GC(237) User=0.02s Sys=0.01s Real=0.01s
[2022-09-29T09:00:34.172+0000][7][gc          ] GC(238) Concurrent Cycle
[2022-09-29T09:00:34.172+0000][7][safepoint   ] Safepoint "G1CollectForAllocation", Time since last: 1645245609 ns, Reaching safepoint: 384233 ns, At safepoint: 11543707 ns, Total: 11927940 ns
[2022-09-29T09:00:34.172+0000][7][gc,marking  ] GC(238) Concurrent Clear Claimed Marks
[2022-09-29T09:00:34.173+0000][7][gc,marking  ] GC(238) Concurrent Clear Claimed Marks 0.603ms
[2022-09-29T09:00:34.173+0000][7][gc,marking  ] GC(238) Concurrent Scan Root Regions
[2022-09-29T09:00:34.176+0000][7][gc,marking  ] GC(238) Concurrent Scan Root Regions 2.566ms
[2022-09-29T09:00:34.176+0000][7][gc,marking  ] GC(238) Concurrent Mark (10643.269s)
[2022-09-29T09:00:34.176+0000][7][gc,marking  ] GC(238) Concurrent Mark From Roots
[2022-09-29T09:00:34.177+0000][7][gc,task     ] GC(238) Using 3 workers of 3 for marking
[2022-09-29T09:00:34.220+0000][7][gc,marking  ] GC(238) Concurrent Mark From Roots 43.874ms
[2022-09-29T09:00:34.221+0000][7][gc,marking  ] GC(238) Concurrent Preclean
[2022-09-29T09:00:34.221+0000][7][gc,marking  ] GC(238) Concurrent Preclean 0.674ms
[2022-09-29T09:00:34.222+0000][7][gc,marking  ] GC(238) Concurrent Mark (10643.269s, 10643.314s) 45.645ms
[2022-09-29T09:00:34.223+0000][7][gc,start    ] GC(238) Pause Remark
[2022-09-29T09:00:34.230+0000][7][gc          ] GC(238) Pause Remark 128M->128M(256M) 7.839ms
[2022-09-29T09:00:34.231+0000][7][gc,cpu      ] GC(238) User=0.05s Sys=0.00s Real=0.01s
[2022-09-29T09:00:34.232+0000][7][safepoint   ] Safepoint "G1Concurrent", Time since last: 50056774 ns, Reaching safepoint: 616605 ns, At safepoint: 9076621 ns, Total: 9693226 ns
[2022-09-29T09:00:34.232+0000][7][gc,marking  ] GC(238) Concurrent Rebuild Remembered Sets
[2022-09-29T09:00:34.267+0000][7][gc,marking  ] GC(238) Concurrent Rebuild Remembered Sets 34.948ms
[2022-09-29T09:00:34.268+0000][7][gc,start    ] GC(238) Pause Cleanup
[2022-09-29T09:00:34.269+0000][7][gc          ] GC(238) Pause Cleanup 128M->128M(256M) 0.878ms
[2022-09-29T09:00:34.270+0000][7][gc,cpu      ] GC(238) User=0.00s Sys=0.00s Real=0.01s
[2022-09-29T09:00:34.270+0000][7][safepoint   ] Safepoint "G1Concurrent", Time since last: 36071428 ns, Reaching safepoint: 380936 ns, At safepoint: 1890142 ns, Total: 2271078 ns
[2022-09-29T09:00:34.270+0000][7][gc,marking  ] GC(238) Concurrent Cleanup for Next Mark
[2022-09-29T09:00:34.271+0000][7][gc,marking  ] GC(238) Concurrent Cleanup for Next Mark 0.912ms
[2022-09-29T09:00:34.272+0000][7][gc          ] GC(238) Concurrent Cycle 99.979ms
[2022-09-29T09:01:15.279+0000][7][safepoint   ] Safepoint "Cleanup", Time since last: 41008294383 ns, Reaching safepoint: 369515 ns, At safepoint: 57669 ns, Total: 427184 ns
[2022-09-29T09:01:29.282+0000][7][safepoint   ] Safepoint "Cleanup", Time since last: 14003255968 ns, Reaching safepoint: 272027 ns, At safepoint: 34636 ns, Total: 306663 ns
[2022-09-29T09:01:34.198+0000][7][gc,start    ] GC(239) Pause Young (Normal) (G1 Evacuation Pause)
[2022-09-29T09:01:34.199+0000][7][gc,task     ] GC(239) Using 6 workers of 13 for evacuation
[2022-09-29T09:01:34.199+0000][7][gc,age      ] GC(239) Desired survivor size 6291456 bytes, new threshold 15 (max threshold 15)
[2022-09-29T09:01:34.203+0000][7][gc,age      ] GC(239) Age table with threshold 15 (max threshold 15)
[2022-09-29T09:01:34.203+0000][7][gc,age      ] GC(239) - age   1:     216776 bytes,     216776 total
[2022-09-29T09:01:34.204+0000][7][gc,age      ] GC(239) - age   2:      74328 bytes,     291104 total
[2022-09-29T09:01:34.204+0000][7][gc,age      ] GC(239) - age   3:       2136 bytes,     293240 total
[2022-09-29T09:01:34.204+0000][7][gc,age      ] GC(239) - age   4:       1672 bytes,     294912 total
[2022-09-29T09:01:34.205+0000][7][gc,age      ] GC(239) - age   5:      62696 bytes,     357608 total
[2022-09-29T09:01:34.205+0000][7][gc,age      ] GC(239) - age   6:      22784 bytes,     380392 total
[2022-09-29T09:01:34.205+0000][7][gc,age      ] GC(239) - age   7:     205976 bytes,     586368 total
[2022-09-29T09:01:34.205+0000][7][gc,age      ] GC(239) - age   8:       5528 bytes,     591896 total
[2022-09-29T09:01:34.206+0000][7][gc,age      ] GC(239) - age   9:       2160 bytes,     594056 total
[2022-09-29T09:01:34.206+0000][7][gc,age      ] GC(239) - age  10:      39464 bytes,     633520 total
[2022-09-29T09:01:34.206+0000][7][gc,age      ] GC(239) - age  11:      41512 bytes,     675032 total
[2022-09-29T09:01:34.207+0000][7][gc,age      ] GC(239) - age  12:       6272 bytes,     681304 total
[2022-09-29T09:01:34.207+0000][7][gc,age      ] GC(239) - age  13:        896 bytes,     682200 total
[2022-09-29T09:01:34.207+0000][7][gc,age      ] GC(239) - age  14:      22920 bytes,     705120 total
[2022-09-29T09:01:34.208+0000][7][gc,age      ] GC(239) - age  15:     177832 bytes,     882952 total
[2022-09-29T09:01:34.208+0000][7][gc,phases   ] GC(239)   Pre Evacuate Collection Set: 0.2ms
[2022-09-29T09:01:34.208+0000][7][gc,phases   ] GC(239)   Merge Heap Roots: 0.1ms
[2022-09-29T09:01:34.209+0000][7][gc,phases   ] GC(239)   Evacuate Collection Set: 1.7ms
[2022-09-29T09:01:34.209+0000][7][gc,phases   ] GC(239)   Post Evacuate Collection Set: 1.3ms
[2022-09-29T09:01:34.209+0000][7][gc,phases   ] GC(239)   Other: 6.2ms
[2022-09-29T09:01:34.210+0000][7][gc,heap     ] GC(239) Eden regions: 19->0(19)
[2022-09-29T09:01:34.210+0000][7][gc,heap     ] GC(239) Survivor regions: 1->1(3)
[2022-09-29T09:01:34.210+0000][7][gc,heap     ] GC(239) Old regions: 26->26
[2022-09-29T09:01:34.211+0000][7][gc,heap     ] GC(239) Archive regions: 2->2
[2022-09-29T09:01:34.211+0000][7][gc,heap     ] GC(239) Humongous regions: 5->5
[2022-09-29T09:01:34.211+0000][7][gc,metaspace] GC(239) Metaspace: 115479K(119964K)->115479K(119964K) NonClass: 100760K(103836K)->100760K(103836K) Class: 14718K(16128K)->14718K(16128K)
[2022-09-29T09:01:34.212+0000][7][gc          ] GC(239) Pause Young (Normal) (G1 Evacuation Pause) 203M->126M(256M) 13.060ms
[2022-09-29T09:01:34.212+0000][7][gc,cpu      ] GC(239) User=0.01s Sys=0.01s Real=0.02s
[2022-09-29T09:01:34.212+0000][7][safepoint   ] Safepoint "G1CollectForAllocation", Time since last: 4915771554 ns, Reaching safepoint: 355057 ns, At safepoint: 13804544 ns, Total: 14159601 ns
[2022-09-29T09:01:41.214+0000][7][safepoint   ] Safepoint "Cleanup", Time since last: 7001184961 ns, Reaching safepoint: 710853 ns, At safepoint: 83649 ns, Total: 794502 ns
[2022-09-29T09:02:09.221+0000][7][safepoint   ] Safepoint "Cleanup", Time since last: 28006059814 ns, Reaching safepoint: 741263 ns, At safepoint: 62900 ns, Total: 804163 ns
[2022-09-29T09:02:29.225+0000][7][safepoint   ] Safepoint "Cleanup", Time since last: 20003814470 ns, Reaching safepoint: 272624 ns, At safepoint: 34095 ns, Total: 306719 ns
[2022-09-29T09:02:39.228+0000][7][gc,start    ] GC(240) Pause Young (Concurrent Start) (G1 Evacuation Pause)
[2022-09-29T09:02:39.229+0000][7][gc,task     ] GC(240) Using 6 workers of 13 for evacuation
[2022-09-29T09:02:39.230+0000][7][gc,age      ] GC(240) Desired survivor size 6291456 bytes, new threshold 15 (max threshold 15)
[2022-09-29T09:02:39.240+0000][7][gc,age      ] GC(240) Age table with threshold 15 (max threshold 15)
[2022-09-29T09:02:39.241+0000][7][gc,age      ] GC(240) - age   1:     831712 bytes,     831712 total
[2022-09-29T09:02:39.242+0000][7][gc,age      ] GC(240) - age   2:     166216 bytes,     997928 total
[2022-09-29T09:02:39.243+0000][7][gc,age      ] GC(240) - age   3:      68696 bytes,    1066624 total
[2022-09-29T09:02:39.244+0000][7][gc,age      ] GC(240) - age   4:       1576 bytes,    1068200 total
[2022-09-29T09:02:39.245+0000][7][gc,age      ] GC(240) - age   5:       1584 bytes,    1069784 total
[2022-09-29T09:02:39.245+0000][7][gc,age      ] GC(240) - age   6:      62664 bytes,    1132448 total
[2022-09-29T09:02:39.246+0000][7][gc,age      ] GC(240) - age   7:      22248 bytes,    1154696 total
[2022-09-29T09:02:39.247+0000][7][gc,age      ] GC(240) - age   8:     205912 bytes,    1360608 total
[2022-09-29T09:02:39.247+0000][7][gc,age      ] GC(240) - age   9:       5528 bytes,    1366136 total
[2022-09-29T09:02:39.248+0000][7][gc,age      ] GC(240) - age  10:       2096 bytes,    1368232 total
[2022-09-29T09:02:39.249+0000][7][gc,age      ] GC(240) - age  11:      39464 bytes,    1407696 total
[2022-09-29T09:02:39.249+0000][7][gc,age      ] GC(240) - age  12:      41512 bytes,    1449208 total
[2022-09-29T09:02:39.250+0000][7][gc,age      ] GC(240) - age  13:       6232 bytes,    1455440 total
[2022-09-29T09:02:39.250+0000][7][gc,age      ] GC(240) - age  14:        832 bytes,    1456272 total
[2022-09-29T09:02:39.251+0000][7][gc,age      ] GC(240) - age  15:      22856 bytes,    1479128 total
[2022-09-29T09:02:39.252+0000][7][gc,phases   ] GC(240)   Pre Evacuate Collection Set: 1.0ms
[2022-09-29T09:02:39.252+0000][7][gc,phases   ] GC(240)   Merge Heap Roots: 0.3ms
[2022-09-29T09:02:39.253+0000][7][gc,phases   ] GC(240)   Evacuate Collection Set: 6.1ms
[2022-09-29T09:02:39.254+0000][7][gc,phases   ] GC(240)   Post Evacuate Collection Set: 2.1ms
[2022-09-29T09:02:39.255+0000][7][gc,phases   ] GC(240)   Other: 14.3ms
[2022-09-29T09:02:39.255+0000][7][gc,heap     ] GC(240) Eden regions: 19->0(19)
[2022-09-29T09:02:39.256+0000][7][gc,heap     ] GC(240) Survivor regions: 1->1(3)
[2022-09-29T09:02:39.257+0000][7][gc,heap     ] GC(240) Old regions: 26->26
[2022-09-29T09:02:39.258+0000][7][gc,heap     ] GC(240) Archive regions: 2->2
[2022-09-29T09:02:39.259+0000][7][gc,heap     ] GC(240) Humongous regions: 5->5
[2022-09-29T09:02:39.260+0000][7][gc,metaspace] GC(240) Metaspace: 115482K(119964K)->115482K(119964K) NonClass: 100763K(103836K)->100763K(103836K) Class: 14718K(16128K)->14718K(16128K)
[2022-09-29T09:02:39.261+0000][7][gc          ] GC(240) Pause Young (Concurrent Start) (G1 Evacuation Pause) 202M->126M(256M) 32.861ms
[2022-09-29T09:02:39.262+0000][7][gc,cpu      ] GC(240) User=0.04s Sys=0.02s Real=0.04s
[2022-09-29T09:02:39.262+0000][7][gc          ] GC(241) Concurrent Cycle
[2022-09-29T09:02:39.262+0000][7][safepoint   ] Safepoint "G1CollectForAllocation", Time since last: 10002202571 ns, Reaching safepoint: 485194 ns, At safepoint: 34392037 ns, Total: 34877231 ns
[2022-09-29T09:02:39.263+0000][7][gc,marking  ] GC(241) Concurrent Clear Claimed Marks
[2022-09-29T09:02:39.264+0000][7][gc,marking  ] GC(241) Concurrent Clear Claimed Marks 1.615ms
[2022-09-29T09:02:39.265+0000][7][gc,marking  ] GC(241) Concurrent Scan Root Regions
[2022-09-29T09:02:39.268+0000][7][gc,marking  ] GC(241) Concurrent Scan Root Regions 3.451ms
[2022-09-29T09:02:39.269+0000][7][gc,marking  ] GC(241) Concurrent Mark (10768.362s)
[2022-09-29T09:02:39.270+0000][7][gc,marking  ] GC(241) Concurrent Mark From Roots
[2022-09-29T09:02:39.270+0000][7][gc,task     ] GC(241) Using 3 workers of 3 for marking
[2022-09-29T09:02:39.397+0000][7][gc,marking  ] GC(241) Concurrent Mark From Roots 127.551ms
[2022-09-29T09:02:39.398+0000][7][gc,marking  ] GC(241) Concurrent Preclean
[2022-09-29T09:02:39.400+0000][7][gc,marking  ] GC(241) Concurrent Preclean 1.464ms
[2022-09-29T09:02:39.400+0000][7][gc,marking  ] GC(241) Concurrent Mark (10768.362s, 10768.493s) 131.226ms
[2022-09-29T09:02:39.402+0000][7][gc,start    ] GC(241) Pause Remark
[2022-09-29T09:02:39.424+0000][7][gc          ] GC(241) Pause Remark 128M->128M(256M) 22.006ms
[2022-09-29T09:02:39.425+0000][7][gc,cpu      ] GC(241) User=0.12s Sys=0.00s Real=0.02s
[2022-09-29T09:02:39.426+0000][7][safepoint   ] Safepoint "G1Concurrent", Time since last: 139149154 ns, Reaching safepoint: 493019 ns, At safepoint: 23741983 ns, Total: 24235002 ns
[2022-09-29T09:02:39.426+0000][7][gc,marking  ] GC(241) Concurrent Rebuild Remembered Sets
[2022-09-29T09:02:39.509+0000][7][gc,marking  ] GC(241) Concurrent Rebuild Remembered Sets 83.061ms
[2022-09-29T09:02:39.512+0000][7][gc,start    ] GC(241) Pause Cleanup
[2022-09-29T09:02:39.513+0000][7][gc          ] GC(241) Pause Cleanup 128M->128M(256M) 1.457ms
[2022-09-29T09:02:39.514+0000][7][gc,cpu      ] GC(241) User=0.00s Sys=0.00s Real=0.00s
[2022-09-29T09:02:39.515+0000][7][safepoint   ] Safepoint "G1Concurrent", Time since last: 85370793 ns, Reaching safepoint: 803302 ns, At safepoint: 3454593 ns, Total: 4257895 ns
[2022-09-29T09:02:39.518+0000][7][gc,marking  ] GC(241) Concurrent Cleanup for Next Mark
[2022-09-29T09:02:39.519+0000][7][gc,marking  ] GC(241) Concurrent Cleanup for Next Mark 1.547ms
[2022-09-29T09:02:39.520+0000][7][gc          ] GC(241) Concurrent Cycle 258.158ms
[2022-09-29T09:03:20.525+0000][7][safepoint   ] Safepoint "Cleanup", Time since last: 41009567761 ns, Reaching safepoint: 296122 ns, At safepoint: 29887 ns, Total: 326009 ns
[2022-09-29T09:03:22.526+0000][7][safepoint   ] Safepoint "Cleanup", Time since last: 2000689065 ns, Reaching safepoint: 300395 ns, At safepoint: 30708 ns, Total: 331103 ns
[2022-09-29T09:03:26.527+0000][7][safepoint   ] Safepoint "Cleanup", Time since last: 4000947757 ns, Reaching safepoint: 292219 ns, At safepoint: 39005 ns, Total: 331224 ns
[2022-09-29T09:03:29.529+0000][7][safepoint   ] Safepoint "Cleanup", Time since last: 3000796223 ns, Reaching safepoint: 371382 ns, At safepoint: 9438 ns, Total: 380820 ns
[2022-09-29T09:03:43.533+0000][7][safepoint   ] Safepoint "Cleanup", Time since last: 14004060053 ns, Reaching safepoint: 298819 ns, At safepoint: 47681 ns, Total: 346500 ns
[2022-09-29T09:03:54.299+0000][7][gc,start    ] GC(242) Pause Young (Normal) (G1 Evacuation Pause)
[2022-09-29T09:03:54.300+0000][7][gc,task     ] GC(242) Using 6 workers of 13 for evacuation
[2022-09-29T09:03:54.300+0000][7][gc,age      ] GC(242) Desired survivor size 6291456 bytes, new threshold 15 (max threshold 15)
[2022-09-29T09:03:54.303+0000][7][gc,age      ] GC(242) Age table with threshold 15 (max threshold 15)
[2022-09-29T09:03:54.304+0000][7][gc,age      ] GC(242) - age   1:     559072 bytes,     559072 total
[2022-09-29T09:03:54.304+0000][7][gc,age      ] GC(242) - age   2:     695480 bytes,    1254552 total
[2022-09-29T09:03:54.304+0000][7][gc,age      ] GC(242) - age   3:     165248 bytes,    1419800 total
[2022-09-29T09:03:54.304+0000][7][gc,age      ] GC(242) - age   4:      43320 bytes,    1463120 total
[2022-09-29T09:03:54.305+0000][7][gc,age      ] GC(242) - age   5:       1576 bytes,    1464696 total
[2022-09-29T09:03:54.305+0000][7][gc,age      ] GC(242) - age   6:       1024 bytes,    1465720 total
[2022-09-29T09:03:54.305+0000][7][gc,age      ] GC(242) - age   7:      62664 bytes,    1528384 total
[2022-09-29T09:03:54.306+0000][7][gc,age      ] GC(242) - age   8:      22048 bytes,    1550432 total
[2022-09-29T09:03:54.306+0000][7][gc,age      ] GC(242) - age   9:     189760 bytes,    1740192 total
[2022-09-29T09:03:54.306+0000][7][gc,age      ] GC(242) - age  10:       4616 bytes,    1744808 total
[2022-09-29T09:03:54.306+0000][7][gc,age      ] GC(242) - age  11:       1992 bytes,    1746800 total
[2022-09-29T09:03:54.306+0000][7][gc,age      ] GC(242) - age  12:      39304 bytes,    1786104 total
[2022-09-29T09:03:54.306+0000][7][gc,age      ] GC(242) - age  13:      41448 bytes,    1827552 total
[2022-09-29T09:03:54.307+0000][7][gc,age      ] GC(242) - age  14:       5992 bytes,    1833544 total
[2022-09-29T09:03:54.307+0000][7][gc,age      ] GC(242) - age  15:        624 bytes,    1834168 total
[2022-09-29T09:03:54.307+0000][7][gc,phases   ] GC(242)   Pre Evacuate Collection Set: 0.2ms
[2022-09-29T09:03:54.307+0000][7][gc,phases   ] GC(242)   Merge Heap Roots: 0.1ms
[2022-09-29T09:03:54.307+0000][7][gc,phases   ] GC(242)   Evacuate Collection Set: 1.5ms
[2022-09-29T09:03:54.307+0000][7][gc,phases   ] GC(242)   Post Evacuate Collection Set: 1.2ms
[2022-09-29T09:03:54.308+0000][7][gc,phases   ] GC(242)   Other: 5.1ms
[2022-09-29T09:03:54.308+0000][7][gc,heap     ] GC(242) Eden regions: 19->0(19)
[2022-09-29T09:03:54.308+0000][7][gc,heap     ] GC(242) Survivor regions: 1->1(3)
[2022-09-29T09:03:54.308+0000][7][gc,heap     ] GC(242) Old regions: 26->26
[2022-09-29T09:03:54.308+0000][7][gc,heap     ] GC(242) Archive regions: 2->2
[2022-09-29T09:03:54.308+0000][7][gc,heap     ] GC(242) Humongous regions: 5->5
[2022-09-29T09:03:54.309+0000][7][gc,metaspace] GC(242) Metaspace: 115505K(119964K)->115505K(119964K) NonClass: 100783K(103836K)->100783K(103836K) Class: 14721K(16128K)->14721K(16128K)
[2022-09-29T09:03:54.309+0000][7][gc          ] GC(242) Pause Young (Normal) (G1 Evacuation Pause) 202M->127M(256M) 9.788ms
[2022-09-29T09:03:54.309+0000][7][gc,cpu      ] GC(242) User=0.02s Sys=0.00s Real=0.01s
[2022-09-29T09:03:54.309+0000][7][safepoint   ] Safepoint "G1CollectForAllocation", Time since last: 10765405440 ns, Reaching safepoint: 415401 ns, At safepoint: 10301320 ns, Total: 10716721 ns
[2022-09-29T09:04:03.312+0000][7][safepoint   ] Safepoint "Cleanup", Time since last: 9002001879 ns, Reaching safepoint: 286704 ns, At safepoint: 43834 ns, Total: 330538 ns
[2022-09-29T09:04:59.939+0000][7][gc,start    ] GC(243) Pause Young (Concurrent Start) (G1 Evacuation Pause)
[2022-09-29T09:04:59.939+0000][7][gc,task     ] GC(243) Using 6 workers of 13 for evacuation
[2022-09-29T09:04:59.939+0000][7][gc,age      ] GC(243) Desired survivor size 6291456 bytes, new threshold 15 (max threshold 15)
[2022-09-29T09:04:59.943+0000][7][gc,age      ] GC(243) Age table with threshold 15 (max threshold 15)
[2022-09-29T09:04:59.943+0000][7][gc,age      ] GC(243) - age   1:     730736 bytes,     730736 total
[2022-09-29T09:04:59.944+0000][7][gc,age      ] GC(243) - age   2:     389328 bytes,    1120064 total
[2022-09-29T09:04:59.944+0000][7][gc,age      ] GC(243) - age   3:     661712 bytes,    1781776 total
[2022-09-29T09:04:59.944+0000][7][gc,age      ] GC(243) - age   4:     148184 bytes,    1929960 total
[2022-09-29T09:04:59.944+0000][7][gc,age      ] GC(243) - age   5:      26944 bytes,    1956904 total
[2022-09-29T09:04:59.944+0000][7][gc,age      ] GC(243) - age   6:       1312 bytes,    1958216 total
[2022-09-29T09:04:59.945+0000][7][gc,age      ] GC(243) - age   7:       1024 bytes,    1959240 total
[2022-09-29T09:04:59.945+0000][7][gc,age      ] GC(243) - age   8:      62488 bytes,    2021728 total
[2022-09-29T09:04:59.945+0000][7][gc,age      ] GC(243) - age   9:      21968 bytes,    2043696 total
[2022-09-29T09:04:59.945+0000][7][gc,age      ] GC(243) - age  10:     189192 bytes,    2232888 total
[2022-09-29T09:04:59.945+0000][7][gc,age      ] GC(243) - age  11:       1760 bytes,    2234648 total
[2022-09-29T09:04:59.946+0000][7][gc,age      ] GC(243) - age  12:       1800 bytes,    2236448 total
[2022-09-29T09:04:59.946+0000][7][gc,age      ] GC(243) - age  13:       2360 bytes,    2238808 total
[2022-09-29T09:04:59.946+0000][7][gc,age      ] GC(243) - age  14:      26584 bytes,    2265392 total
[2022-09-29T09:04:59.947+0000][7][gc,age      ] GC(243) - age  15:       5992 bytes,    2271384 total
[2022-09-29T09:04:59.947+0000][7][gc,phases   ] GC(243)   Pre Evacuate Collection Set: 0.3ms
[2022-09-29T09:04:59.947+0000][7][gc,phases   ] GC(243)   Merge Heap Roots: 0.1ms
[2022-09-29T09:04:59.948+0000][7][gc,phases   ] GC(243)   Evacuate Collection Set: 1.5ms
[2022-09-29T09:04:59.948+0000][7][gc,phases   ] GC(243)   Post Evacuate Collection Set: 1.3ms
[2022-09-29T09:04:59.948+0000][7][gc,phases   ] GC(243)   Other: 5.2ms
[2022-09-29T09:04:59.948+0000][7][gc,heap     ] GC(243) Eden regions: 19->0(19)
[2022-09-29T09:04:59.949+0000][7][gc,heap     ] GC(243) Survivor regions: 1->1(3)
[2022-09-29T09:04:59.949+0000][7][gc,heap     ] GC(243) Old regions: 26->26
[2022-09-29T09:04:59.949+0000][7][gc,heap     ] GC(243) Archive regions: 2->2
[2022-09-29T09:04:59.949+0000][7][gc,heap     ] GC(243) Humongous regions: 5->5
[2022-09-29T09:04:59.949+0000][7][gc,metaspace] GC(243) Metaspace: 115508K(119964K)->115508K(119964K) NonClass: 100787K(103836K)->100787K(103836K) Class: 14721K(16128K)->14721K(16128K)
[2022-09-29T09:04:59.950+0000][7][gc          ] GC(243) Pause Young (Concurrent Start) (G1 Evacuation Pause) 203M->127M(256M) 11.053ms
[2022-09-29T09:04:59.950+0000][7][gc,cpu      ] GC(243) User=0.01s Sys=0.00s Real=0.02s
[2022-09-29T09:04:59.950+0000][7][gc          ] GC(244) Concurrent Cycle
[2022-09-29T09:04:59.950+0000][7][safepoint   ] Safepoint "G1CollectForAllocation", Time since last: 56626779178 ns, Reaching safepoint: 281717 ns, At safepoint: 11705035 ns, Total: 11986752 ns
[2022-09-29T09:04:59.951+0000][7][gc,marking  ] GC(244) Concurrent Clear Claimed Marks
[2022-09-29T09:04:59.951+0000][7][gc,marking  ] GC(244) Concurrent Clear Claimed Marks 0.845ms
[2022-09-29T09:04:59.952+0000][7][gc,marking  ] GC(244) Concurrent Scan Root Regions
[2022-09-29T09:04:59.955+0000][7][gc,marking  ] GC(244) Concurrent Scan Root Regions 3.024ms
[2022-09-29T09:04:59.955+0000][7][gc,marking  ] GC(244) Concurrent Mark (10909.048s)
[2022-09-29T09:04:59.955+0000][7][gc,marking  ] GC(244) Concurrent Mark From Roots
[2022-09-29T09:04:59.956+0000][7][gc,task     ] GC(244) Using 3 workers of 3 for marking
[2022-09-29T09:05:00.015+0000][7][gc,marking  ] GC(244) Concurrent Mark From Roots 59.455ms
[2022-09-29T09:05:00.016+0000][7][gc,marking  ] GC(244) Concurrent Preclean
[2022-09-29T09:05:00.020+0000][7][gc,marking  ] GC(244) Concurrent Preclean 4.301ms
[2022-09-29T09:05:00.021+0000][7][gc,marking  ] GC(244) Concurrent Mark (10909.048s, 10909.113s) 65.812ms
[2022-09-29T09:05:00.022+0000][7][gc,start    ] GC(244) Pause Remark
[2022-09-29T09:05:00.039+0000][7][gc          ] GC(244) Pause Remark 128M->128M(256M) 17.292ms
[2022-09-29T09:05:00.040+0000][7][gc,cpu      ] GC(244) User=0.08s Sys=0.01s Real=0.02s
[2022-09-29T09:05:00.040+0000][7][safepoint   ] Safepoint "G1Concurrent", Time since last: 71235307 ns, Reaching safepoint: 397552 ns, At safepoint: 18560013 ns, Total: 18957565 ns
[2022-09-29T09:05:00.041+0000][7][gc,marking  ] GC(244) Concurrent Rebuild Remembered Sets
[2022-09-29T09:05:00.092+0000][7][gc,marking  ] GC(244) Concurrent Rebuild Remembered Sets 51.172ms
[2022-09-29T09:05:00.093+0000][7][gc,start    ] GC(244) Pause Cleanup
[2022-09-29T09:05:00.094+0000][7][gc          ] GC(244) Pause Cleanup 128M->128M(256M) 0.893ms
[2022-09-29T09:05:00.095+0000][7][gc,cpu      ] GC(244) User=0.00s Sys=0.00s Real=0.00s
[2022-09-29T09:05:00.096+0000][7][safepoint   ] Safepoint "G1Concurrent", Time since last: 52213980 ns, Reaching safepoint: 609200 ns, At safepoint: 2243536 ns, Total: 2852736 ns
[2022-09-29T09:05:00.096+0000][7][gc,marking  ] GC(244) Concurrent Cleanup for Next Mark
[2022-09-29T09:05:00.098+0000][7][gc,marking  ] GC(244) Concurrent Cleanup for Next Mark 1.429ms
[2022-09-29T09:05:00.098+0000][7][gc          ] GC(244) Concurrent Cycle 148.135ms
[2022-09-29T09:05:03.097+0000][7][safepoint   ] Safepoint "Cleanup", Time since last: 3001230043 ns, Reaching safepoint: 508016 ns, At safepoint: 56538 ns, Total: 564554 ns
[2022-09-29T09:05:17.100+0000][7][safepoint   ] Safepoint "Cleanup", Time since last: 14002640134 ns, Reaching safepoint: 300303 ns, At safepoint: 28093 ns, Total: 328396 ns
[2022-09-29T09:05:26.103+0000][7][safepoint   ] Safepoint "Cleanup", Time since last: 9001910982 ns, Reaching safepoint: 294020 ns, At safepoint: 55065 ns, Total: 349085 ns
[2022-09-29T09:05:55.867+0000][7][gc,start    ] GC(245) Pause Young (Normal) (G1 Evacuation Pause)
[2022-09-29T09:05:55.867+0000][7][gc,task     ] GC(245) Using 6 workers of 13 for evacuation
[2022-09-29T09:05:55.868+0000][7][gc,age      ] GC(245) Desired survivor size 6291456 bytes, new threshold 15 (max threshold 15)
[2022-09-29T09:05:55.872+0000][7][gc,age      ] GC(245) Age table with threshold 15 (max threshold 15)
[2022-09-29T09:05:55.872+0000][7][gc,age      ] GC(245) - age   1:     702328 bytes,     702328 total
[2022-09-29T09:05:55.873+0000][7][gc,age      ] GC(245) - age   2:     153112 bytes,     855440 total
[2022-09-29T09:05:55.873+0000][7][gc,age      ] GC(245) - age   3:      46208 bytes,     901648 total
[2022-09-29T09:05:55.873+0000][7][gc,age      ] GC(245) - age   4:      69272 bytes,     970920 total
[2022-09-29T09:05:55.873+0000][7][gc,age      ] GC(245) - age   5:     148112 bytes,    1119032 total
[2022-09-29T09:05:55.873+0000][7][gc,age      ] GC(245) - age   6:      26720 bytes,    1145752 total
[2022-09-29T09:05:55.874+0000][7][gc,age      ] GC(245) - age   7:       1184 bytes,    1146936 total
[2022-09-29T09:05:55.874+0000][7][gc,age      ] GC(245) - age   8:        784 bytes,    1147720 total
[2022-09-29T09:05:55.874+0000][7][gc,age      ] GC(245) - age   9:      23568 bytes,    1171288 total
[2022-09-29T09:05:55.874+0000][7][gc,age      ] GC(245) - age  10:      21816 bytes,    1193104 total
[2022-09-29T09:05:55.874+0000][7][gc,age      ] GC(245) - age  11:      18280 bytes,    1211384 total
[2022-09-29T09:05:55.875+0000][7][gc,age      ] GC(245) - age  12:        336 bytes,    1211720 total
[2022-09-29T09:05:55.875+0000][7][gc,age      ] GC(245) - age  13:       1736 bytes,    1213456 total
[2022-09-29T09:05:55.875+0000][7][gc,age      ] GC(245) - age  14:       2168 bytes,    1215624 total
[2022-09-29T09:05:55.875+0000][7][gc,age      ] GC(245) - age  15:      26488 bytes,    1242112 total
[2022-09-29T09:05:55.875+0000][7][gc,phases   ] GC(245)   Pre Evacuate Collection Set: 0.3ms
[2022-09-29T09:05:55.876+0000][7][gc,phases   ] GC(245)   Merge Heap Roots: 0.2ms
[2022-09-29T09:05:55.876+0000][7][gc,phases   ] GC(245)   Evacuate Collection Set: 1.8ms
[2022-09-29T09:05:55.876+0000][7][gc,phases   ] GC(245)   Post Evacuate Collection Set: 1.1ms
[2022-09-29T09:05:55.876+0000][7][gc,phases   ] GC(245)   Other: 5.2ms
[2022-09-29T09:05:55.876+0000][7][gc,heap     ] GC(245) Eden regions: 19->0(19)
[2022-09-29T09:05:55.877+0000][7][gc,heap     ] GC(245) Survivor regions: 1->1(3)
[2022-09-29T09:05:55.877+0000][7][gc,heap     ] GC(245) Old regions: 26->26
[2022-09-29T09:05:55.877+0000][7][gc,heap     ] GC(245) Archive regions: 2->2
[2022-09-29T09:05:55.877+0000][7][gc,heap     ] GC(245) Humongous regions: 5->5
[2022-09-29T09:05:55.878+0000][7][gc,metaspace] GC(245) Metaspace: 115517K(119964K)->115517K(119964K) NonClass: 100795K(103836K)->100795K(103836K) Class: 14721K(16128K)->14721K(16128K)
[2022-09-29T09:05:55.878+0000][7][gc          ] GC(245) Pause Young (Normal) (G1 Evacuation Pause) 203M->126M(256M) 11.219ms
[2022-09-29T09:05:55.878+0000][7][gc,cpu      ] GC(245) User=0.02s Sys=0.00s Real=0.01s
[2022-09-29T09:05:55.879+0000][7][safepoint   ] Safepoint "G1CollectForAllocation", Time since last: 29763765809 ns, Reaching safepoint: 386792 ns, At safepoint: 11996341 ns, Total: 12383133 ns
[2022-09-29T09:05:58.880+0000][7][safepoint   ] Safepoint "Cleanup", Time since last: 3000804260 ns, Reaching safepoint: 320320 ns, At safepoint: 55516 ns, Total: 375836 ns
[2022-09-29T09:06:02.881+0000][7][safepoint   ] Safepoint "Cleanup", Time since last: 4001059204 ns, Reaching safepoint: 340629 ns, At safepoint: 30778 ns, Total: 371407 ns
[2022-09-29T09:06:40.890+0000][7][safepoint   ] Safepoint "Cleanup", Time since last: 38007835903 ns, Reaching safepoint: 408909 ns, At safepoint: 64844 ns, Total: 473753 ns
[2022-09-29T09:06:43.891+0000][7][safepoint   ] Safepoint "Cleanup", Time since last: 3000907216 ns, Reaching safepoint: 361827 ns, At safepoint: 41479 ns, Total: 403306 ns
[2022-09-29T09:06:44.892+0000][7][safepoint   ] Safepoint "Cleanup", Time since last: 1000511491 ns, Reaching safepoint: 517441 ns, At safepoint: 69443 ns, Total: 586884 ns
[2022-09-29T09:06:53.894+0000][7][safepoint   ] Safepoint "Cleanup", Time since last: 9002093708 ns, Reaching safepoint: 278734 ns, At safepoint: 32071 ns, Total: 310805 ns
[2022-09-29T09:06:58.715+0000][7][gc,start    ] GC(246) Pause Young (Concurrent Start) (G1 Evacuation Pause)
[2022-09-29T09:06:58.716+0000][7][gc,task     ] GC(246) Using 6 workers of 13 for evacuation
[2022-09-29T09:06:58.716+0000][7][gc,age      ] GC(246) Desired survivor size 6291456 bytes, new threshold 15 (max threshold 15)
[2022-09-29T09:06:58.722+0000][7][gc,age      ] GC(246) Age table with threshold 15 (max threshold 15)
[2022-09-29T09:06:58.722+0000][7][gc,age      ] GC(246) - age   1:     837832 bytes,     837832 total
[2022-09-29T09:06:58.723+0000][7][gc,age      ] GC(246) - age   2:     591656 bytes,    1429488 total
[2022-09-29T09:06:58.723+0000][7][gc,age      ] GC(246) - age   3:     151608 bytes,    1581096 total
[2022-09-29T09:06:58.723+0000][7][gc,age      ] GC(246) - age   4:      45456 bytes,    1626552 total
[2022-09-29T09:06:58.723+0000][7][gc,age      ] GC(246) - age   5:      68640 bytes,    1695192 total
[2022-09-29T09:06:58.723+0000][7][gc,age      ] GC(246) - age   6:     147944 bytes,    1843136 total
[2022-09-29T09:06:58.723+0000][7][gc,age      ] GC(246) - age   7:      26656 bytes,    1869792 total
[2022-09-29T09:06:58.724+0000][7][gc,age      ] GC(246) - age   8:       1184 bytes,    1870976 total
[2022-09-29T09:06:58.724+0000][7][gc,age      ] GC(246) - age   9:        784 bytes,    1871760 total
[2022-09-29T09:06:58.724+0000][7][gc,age      ] GC(246) - age  10:      23568 bytes,    1895328 total
[2022-09-29T09:06:58.724+0000][7][gc,age      ] GC(246) - age  11:      21776 bytes,    1917104 total
[2022-09-29T09:06:58.724+0000][7][gc,age      ] GC(246) - age  12:      18216 bytes,    1935320 total
[2022-09-29T09:06:58.724+0000][7][gc,age      ] GC(246) - age  13:        336 bytes,    1935656 total
[2022-09-29T09:06:58.724+0000][7][gc,age      ] GC(246) - age  14:       1736 bytes,    1937392 total
[2022-09-29T09:06:58.725+0000][7][gc,age      ] GC(246) - age  15:       2136 bytes,    1939528 total
[2022-09-29T09:06:58.725+0000][7][gc,phases   ] GC(246)   Pre Evacuate Collection Set: 0.4ms
[2022-09-29T09:06:58.725+0000][7][gc,phases   ] GC(246)   Merge Heap Roots: 0.1ms
[2022-09-29T09:06:58.725+0000][7][gc,phases   ] GC(246)   Evacuate Collection Set: 3.4ms
[2022-09-29T09:06:58.725+0000][7][gc,phases   ] GC(246)   Post Evacuate Collection Set: 1.3ms
[2022-09-29T09:06:58.725+0000][7][gc,phases   ] GC(246)   Other: 4.6ms
[2022-09-29T09:06:58.726+0000][7][gc,heap     ] GC(246) Eden regions: 19->0(19)
[2022-09-29T09:06:58.726+0000][7][gc,heap     ] GC(246) Survivor regions: 1->1(3)
[2022-09-29T09:06:58.726+0000][7][gc,heap     ] GC(246) Old regions: 26->26
[2022-09-29T09:06:58.726+0000][7][gc,heap     ] GC(246) Archive regions: 2->2
[2022-09-29T09:06:58.726+0000][7][gc,heap     ] GC(246) Humongous regions: 5->5
[2022-09-29T09:06:58.726+0000][7][gc,metaspace] GC(246) Metaspace: 115539K(119964K)->115539K(119964K) NonClass: 100818K(103836K)->100818K(103836K) Class: 14721K(16128K)->14721K(16128K)
[2022-09-29T09:06:58.727+0000][7][gc          ] GC(246) Pause Young (Concurrent Start) (G1 Evacuation Pause) 202M->127M(256M) 11.548ms
[2022-09-29T09:06:58.727+0000][7][gc,cpu      ] GC(246) User=0.03s Sys=0.00s Real=0.01s
[2022-09-29T09:06:58.727+0000][7][gc          ] GC(247) Concurrent Cycle
[2022-09-29T09:06:58.727+0000][7][safepoint   ] Safepoint "G1CollectForAllocation", Time since last: 4820037627 ns, Reaching safepoint: 510243 ns, At safepoint: 12081053 ns, Total: 12591296 ns
[2022-09-29T09:06:58.727+0000][7][gc,marking  ] GC(247) Concurrent Clear Claimed Marks
[2022-09-29T09:06:58.728+0000][7][gc,marking  ] GC(247) Concurrent Clear Claimed Marks 0.611ms
[2022-09-29T09:06:58.728+0000][7][gc,marking  ] GC(247) Concurrent Scan Root Regions
[2022-09-29T09:06:58.730+0000][7][gc,marking  ] GC(247) Concurrent Scan Root Regions 1.741ms
[2022-09-29T09:06:58.730+0000][7][gc,marking  ] GC(247) Concurrent Mark (11027.823s)
[2022-09-29T09:06:58.731+0000][7][gc,marking  ] GC(247) Concurrent Mark From Roots
[2022-09-29T09:06:58.731+0000][7][gc,task     ] GC(247) Using 3 workers of 3 for marking
[2022-09-29T09:06:58.779+0000][7][gc,marking  ] GC(247) Concurrent Mark From Roots 48.392ms
[2022-09-29T09:06:58.780+0000][7][gc,marking  ] GC(247) Concurrent Preclean
[2022-09-29T09:06:58.781+0000][7][gc,marking  ] GC(247) Concurrent Preclean 1.017ms
[2022-09-29T09:06:58.781+0000][7][gc,marking  ] GC(247) Concurrent Mark (11027.823s, 11027.874s) 50.735ms
[2022-09-29T09:06:58.782+0000][7][gc,start    ] GC(247) Pause Remark
[2022-09-29T09:06:58.790+0000][7][gc          ] GC(247) Pause Remark 128M->128M(256M) 7.774ms
[2022-09-29T09:06:58.790+0000][7][gc,cpu      ] GC(247) User=0.04s Sys=0.00s Real=0.01s
[2022-09-29T09:06:58.790+0000][7][safepoint   ] Safepoint "G1Concurrent", Time since last: 54383632 ns, Reaching safepoint: 306824 ns, At safepoint: 8544022 ns, Total: 8850846 ns
[2022-09-29T09:06:58.791+0000][7][gc,marking  ] GC(247) Concurrent Rebuild Remembered Sets
[2022-09-29T09:06:58.818+0000][7][gc,marking  ] GC(247) Concurrent Rebuild Remembered Sets 27.422ms
[2022-09-29T09:06:58.819+0000][7][gc,start    ] GC(247) Pause Cleanup
[2022-09-29T09:06:58.820+0000][7][gc          ] GC(247) Pause Cleanup 128M->128M(256M) 0.644ms
[2022-09-29T09:06:58.820+0000][7][gc,cpu      ] GC(247) User=0.00s Sys=0.00s Real=0.01s
[2022-09-29T09:06:58.820+0000][7][safepoint   ] Safepoint "G1Concurrent", Time since last: 28161857 ns, Reaching safepoint: 360738 ns, At safepoint: 1378266 ns, Total: 1739004 ns
[2022-09-29T09:06:58.820+0000][7][gc,marking  ] GC(247) Concurrent Cleanup for Next Mark
[2022-09-29T09:06:58.821+0000][7][gc,marking  ] GC(247) Concurrent Cleanup for Next Mark 0.675ms
[2022-09-29T09:06:58.822+0000][7][gc          ] GC(247) Concurrent Cycle 94.617ms
[2022-09-29T09:07:02.822+0000][7][safepoint   ] Safepoint "Cleanup", Time since last: 4000953934 ns, Reaching safepoint: 451831 ns, At safepoint: 26541 ns, Total: 478372 ns
[2022-09-29T09:08:02.835+0000][7][safepoint   ] Safepoint "Cleanup", Time since last: 60013304277 ns, Reaching safepoint: 352525 ns, At safepoint: 30778 ns, Total: 383303 ns
[2022-09-29T09:08:09.417+0000][7][gc,start    ] GC(248) Pause Young (Normal) (G1 Evacuation Pause)
[2022-09-29T09:08:09.417+0000][7][gc,task     ] GC(248) Using 6 workers of 13 for evacuation
[2022-09-29T09:08:09.418+0000][7][gc,age      ] GC(248) Desired survivor size 6291456 bytes, new threshold 15 (max threshold 15)
[2022-09-29T09:08:09.422+0000][7][gc,age      ] GC(248) Age table with threshold 15 (max threshold 15)
[2022-09-29T09:08:09.423+0000][7][gc,age      ] GC(248) - age   1:     504648 bytes,     504648 total
[2022-09-29T09:08:09.423+0000][7][gc,age      ] GC(248) - age   2:     671288 bytes,    1175936 total
[2022-09-29T09:08:09.423+0000][7][gc,age      ] GC(248) - age   3:     590208 bytes,    1766144 total
[2022-09-29T09:08:09.424+0000][7][gc,age      ] GC(248) - age   4:     151512 bytes,    1917656 total
[2022-09-29T09:08:09.424+0000][7][gc,age      ] GC(248) - age   5:      45048 bytes,    1962704 total
[2022-09-29T09:08:09.424+0000][7][gc,age      ] GC(248) - age   6:      68192 bytes,    2030896 total
[2022-09-29T09:08:09.424+0000][7][gc,age      ] GC(248) - age   7:     147944 bytes,    2178840 total
[2022-09-29T09:08:09.424+0000][7][gc,age      ] GC(248) - age   8:      26432 bytes,    2205272 total
[2022-09-29T09:08:09.425+0000][7][gc,age      ] GC(248) - age   9:        944 bytes,    2206216 total
[2022-09-29T09:08:09.425+0000][7][gc,age      ] GC(248) - age  10:        784 bytes,    2207000 total
[2022-09-29T09:08:09.425+0000][7][gc,age      ] GC(248) - age  11:      23568 bytes,    2230568 total
[2022-09-29T09:08:09.425+0000][7][gc,age      ] GC(248) - age  12:      21776 bytes,    2252344 total
[2022-09-29T09:08:09.425+0000][7][gc,age      ] GC(248) - age  13:      18016 bytes,    2270360 total
[2022-09-29T09:08:09.426+0000][7][gc,age      ] GC(248) - age  14:        336 bytes,    2270696 total
[2022-09-29T09:08:09.426+0000][7][gc,age      ] GC(248) - age  15:       1736 bytes,    2272432 total
[2022-09-29T09:08:09.426+0000][7][gc,phases   ] GC(248)   Pre Evacuate Collection Set: 0.4ms
[2022-09-29T09:08:09.427+0000][7][gc,phases   ] GC(248)   Merge Heap Roots: 0.1ms
[2022-09-29T09:08:09.427+0000][7][gc,phases   ] GC(248)   Evacuate Collection Set: 2.1ms
[2022-09-29T09:08:09.428+0000][7][gc,phases   ] GC(248)   Post Evacuate Collection Set: 1.4ms
[2022-09-29T09:08:09.428+0000][7][gc,phases   ] GC(248)   Other: 5.5ms
[2022-09-29T09:08:09.428+0000][7][gc,heap     ] GC(248) Eden regions: 19->0(19)
[2022-09-29T09:08:09.429+0000][7][gc,heap     ] GC(248) Survivor regions: 1->1(3)
[2022-09-29T09:08:09.429+0000][7][gc,heap     ] GC(248) Old regions: 26->26
[2022-09-29T09:08:09.429+0000][7][gc,heap     ] GC(248) Archive regions: 2->2
[2022-09-29T09:08:09.429+0000][7][gc,heap     ] GC(248) Humongous regions: 5->5
[2022-09-29T09:08:09.429+0000][7][gc,metaspace] GC(248) Metaspace: 115563K(119964K)->115563K(119964K) NonClass: 100842K(103836K)->100842K(103836K) Class: 14721K(16128K)->14721K(16128K)
[2022-09-29T09:08:09.430+0000][7][gc          ] GC(248) Pause Young (Normal) (G1 Evacuation Pause) 203M->127M(256M) 12.542ms
[2022-09-29T09:08:09.430+0000][7][gc,cpu      ] GC(248) User=0.02s Sys=0.00s Real=0.02s
[2022-09-29T09:08:09.430+0000][7][safepoint   ] Safepoint "G1CollectForAllocation", Time since last: 6581262858 ns, Reaching safepoint: 357323 ns, At safepoint: 13086095 ns, Total: 13443418 ns
[2022-09-29T09:08:35.436+0000][7][safepoint   ] Safepoint "Cleanup", Time since last: 26005416923 ns, Reaching safepoint: 307185 ns, At safepoint: 58121 ns, Total: 365306 ns
[2022-09-29T09:08:36.437+0000][7][safepoint   ] Safepoint "Cleanup", Time since last: 1000719447 ns, Reaching safepoint: 455348 ns, At safepoint: 58501 ns, Total: 513849 ns
[2022-09-29T09:08:37.438+0000][7][safepoint   ] Safepoint "Cleanup", Time since last: 1000768380 ns, Reaching safepoint: 406227 ns, At safepoint: 40517 ns, Total: 446744 ns
[2022-09-29T09:09:09.455+0000][7][gc,start    ] GC(249) Pause Young (Concurrent Start) (G1 Evacuation Pause)
[2022-09-29T09:09:09.455+0000][7][gc,task     ] GC(249) Using 6 workers of 13 for evacuation
[2022-09-29T09:09:09.456+0000][7][gc,age      ] GC(249) Desired survivor size 6291456 bytes, new threshold 15 (max threshold 15)
[2022-09-29T09:09:09.461+0000][7][gc,age      ] GC(249) Age table with threshold 15 (max threshold 15)
[2022-09-29T09:09:09.461+0000][7][gc,age      ] GC(249) - age   1:     374008 bytes,     374008 total
[2022-09-29T09:09:09.462+0000][7][gc,age      ] GC(249) - age   2:       3480 bytes,     377488 total
[2022-09-29T09:09:09.462+0000][7][gc,age      ] GC(249) - age   3:      19160 bytes,     396648 total
[2022-09-29T09:09:09.462+0000][7][gc,age      ] GC(249) - age   4:     290392 bytes,     687040 total
[2022-09-29T09:09:09.462+0000][7][gc,age      ] GC(249) - age   5:     151512 bytes,     838552 total
[2022-09-29T09:09:09.463+0000][7][gc,age      ] GC(249) - age   6:      10360 bytes,     848912 total
[2022-09-29T09:09:09.463+0000][7][gc,age      ] GC(249) - age   7:      68064 bytes,     916976 total
[2022-09-29T09:09:09.463+0000][7][gc,age      ] GC(249) - age   8:     147592 bytes,    1064568 total
[2022-09-29T09:09:09.464+0000][7][gc,age      ] GC(249) - age   9:      26368 bytes,    1090936 total
[2022-09-29T09:09:09.464+0000][7][gc,age      ] GC(249) - age  10:        648 bytes,    1091584 total
[2022-09-29T09:09:09.464+0000][7][gc,age      ] GC(249) - age  11:        688 bytes,    1092272 total
[2022-09-29T09:09:09.465+0000][7][gc,age      ] GC(249) - age  12:      23504 bytes,    1115776 total
[2022-09-29T09:09:09.465+0000][7][gc,age      ] GC(249) - age  13:      21776 bytes,    1137552 total
[2022-09-29T09:09:09.465+0000][7][gc,age      ] GC(249) - age  14:      18016 bytes,    1155568 total
[2022-09-29T09:09:09.465+0000][7][gc,age      ] GC(249) - age  15:        336 bytes,    1155904 total
[2022-09-29T09:09:09.466+0000][7][gc,phases   ] GC(249)   Pre Evacuate Collection Set: 0.4ms
[2022-09-29T09:09:09.466+0000][7][gc,phases   ] GC(249)   Merge Heap Roots: 0.1ms
[2022-09-29T09:09:09.466+0000][7][gc,phases   ] GC(249)   Evacuate Collection Set: 2.6ms
[2022-09-29T09:09:09.466+0000][7][gc,phases   ] GC(249)   Post Evacuate Collection Set: 1.7ms
[2022-09-29T09:09:09.466+0000][7][gc,phases   ] GC(249)   Other: 6.2ms
[2022-09-29T09:09:09.467+0000][7][gc,heap     ] GC(249) Eden regions: 19->0(19)
[2022-09-29T09:09:09.467+0000][7][gc,heap     ] GC(249) Survivor regions: 1->1(3)
[2022-09-29T09:09:09.467+0000][7][gc,heap     ] GC(249) Old regions: 26->26
[2022-09-29T09:09:09.467+0000][7][gc,heap     ] GC(249) Archive regions: 2->2
[2022-09-29T09:09:09.467+0000][7][gc,heap     ] GC(249) Humongous regions: 5->5
[2022-09-29T09:09:09.467+0000][7][gc,metaspace] GC(249) Metaspace: 115564K(119964K)->115564K(119964K) NonClass: 100842K(103836K)->100842K(103836K) Class: 14721K(16128K)->14721K(16128K)
[2022-09-29T09:09:09.468+0000][7][gc          ] GC(249) Pause Young (Concurrent Start) (G1 Evacuation Pause) 203M->126M(256M) 12.962ms
[2022-09-29T09:09:09.468+0000][7][gc,cpu      ] GC(249) User=0.02s Sys=0.00s Real=0.01s
[2022-09-29T09:09:09.468+0000][7][gc          ] GC(250) Concurrent Cycle
[2022-09-29T09:09:09.468+0000][7][safepoint   ] Safepoint "G1CollectForAllocation", Time since last: 32016071980 ns, Reaching safepoint: 337866 ns, At safepoint: 13544618 ns, Total: 13882484 ns
[2022-09-29T09:09:09.468+0000][7][gc,marking  ] GC(250) Concurrent Clear Claimed Marks
[2022-09-29T09:09:09.469+0000][7][gc,marking  ] GC(250) Concurrent Clear Claimed Marks 0.586ms
[2022-09-29T09:09:09.469+0000][7][gc,marking  ] GC(250) Concurrent Scan Root Regions
[2022-09-29T09:09:09.471+0000][7][gc,marking  ] GC(250) Concurrent Scan Root Regions 1.627ms
[2022-09-29T09:09:09.471+0000][7][gc,marking  ] GC(250) Concurrent Mark (11158.564s)
[2022-09-29T09:09:09.472+0000][7][gc,marking  ] GC(250) Concurrent Mark From Roots
[2022-09-29T09:09:09.472+0000][7][gc,task     ] GC(250) Using 3 workers of 3 for marking
[2022-09-29T09:09:09.519+0000][7][gc,marking  ] GC(250) Concurrent Mark From Roots 47.111ms
[2022-09-29T09:09:09.519+0000][7][gc,marking  ] GC(250) Concurrent Preclean
[2022-09-29T09:09:09.520+0000][7][gc,marking  ] GC(250) Concurrent Preclean 0.623ms
[2022-09-29T09:09:09.520+0000][7][gc,marking  ] GC(250) Concurrent Mark (11158.564s, 11158.613s) 48.743ms
[2022-09-29T09:09:09.521+0000][7][gc,start    ] GC(250) Pause Remark
[2022-09-29T09:09:09.530+0000][7][gc          ] GC(250) Pause Remark 127M->127M(256M) 8.892ms
[2022-09-29T09:09:09.530+0000][7][gc,cpu      ] GC(250) User=0.03s Sys=0.02s Real=0.01s
[2022-09-29T09:09:09.531+0000][7][safepoint   ] Safepoint "G1Concurrent", Time since last: 52305233 ns, Reaching safepoint: 350679 ns, At safepoint: 9851743 ns, Total: 10202422 ns
[2022-09-29T09:09:09.531+0000][7][gc,marking  ] GC(250) Concurrent Rebuild Remembered Sets
[2022-09-29T09:09:09.566+0000][7][gc,marking  ] GC(250) Concurrent Rebuild Remembered Sets 35.324ms
[2022-09-29T09:09:09.567+0000][7][gc,start    ] GC(250) Pause Cleanup
[2022-09-29T09:09:09.568+0000][7][gc          ] GC(250) Pause Cleanup 127M->127M(256M) 0.570ms
[2022-09-29T09:09:09.568+0000][7][gc,cpu      ] GC(250) User=0.00s Sys=0.00s Real=0.00s
[2022-09-29T09:09:09.570+0000][7][safepoint   ] Safepoint "G1Concurrent", Time since last: 36304322 ns, Reaching safepoint: 352361 ns, At safepoint: 3086473 ns, Total: 3438834 ns
[2022-09-29T09:09:09.571+0000][7][gc,marking  ] GC(250) Concurrent Cleanup for Next Mark
[2022-09-29T09:09:09.572+0000][7][gc,marking  ] GC(250) Concurrent Cleanup for Next Mark 0.715ms
[2022-09-29T09:09:09.572+0000][7][gc          ] GC(250) Concurrent Cycle 104.028ms
[2022-09-29T09:09:59.581+0000][7][safepoint   ] Safepoint "Cleanup", Time since last: 50010413783 ns, Reaching safepoint: 277471 ns, At safepoint: 50527 ns, Total: 327998 ns
[2022-09-29T09:10:25.932+0000][7][gc,start    ] GC(251) Pause Young (Normal) (G1 Evacuation Pause)
[2022-09-29T09:10:25.932+0000][7][gc,task     ] GC(251) Using 6 workers of 13 for evacuation
[2022-09-29T09:10:25.932+0000][7][gc,age      ] GC(251) Desired survivor size 6291456 bytes, new threshold 15 (max threshold 15)
[2022-09-29T09:10:25.939+0000][7][gc,age      ] GC(251) Age table with threshold 15 (max threshold 15)
[2022-09-29T09:10:25.939+0000][7][gc,age      ] GC(251) - age   1:     646024 bytes,     646024 total
[2022-09-29T09:10:25.939+0000][7][gc,age      ] GC(251) - age   2:     306520 bytes,     952544 total
[2022-09-29T09:10:25.939+0000][7][gc,age      ] GC(251) - age   3:       1760 bytes,     954304 total
[2022-09-29T09:10:25.940+0000][7][gc,age      ] GC(251) - age   4:       2232 bytes,     956536 total
[2022-09-29T09:10:25.940+0000][7][gc,age      ] GC(251) - age   5:     101568 bytes,    1058104 total
[2022-09-29T09:10:25.940+0000][7][gc,age      ] GC(251) - age   6:     137000 bytes,    1195104 total
[2022-09-29T09:10:25.940+0000][7][gc,age      ] GC(251) - age   7:       9416 bytes,    1204520 total
[2022-09-29T09:10:25.940+0000][7][gc,age      ] GC(251) - age   8:      67936 bytes,    1272456 total
[2022-09-29T09:10:25.940+0000][7][gc,age      ] GC(251) - age   9:     147288 bytes,    1419744 total
[2022-09-29T09:10:25.941+0000][7][gc,age      ] GC(251) - age  10:      24688 bytes,    1444432 total
[2022-09-29T09:10:25.941+0000][7][gc,age      ] GC(251) - age  11:        648 bytes,    1445080 total
[2022-09-29T09:10:25.941+0000][7][gc,age      ] GC(251) - age  12:        688 bytes,    1445768 total
[2022-09-29T09:10:25.941+0000][7][gc,age      ] GC(251) - age  13:      23504 bytes,    1469272 total
[2022-09-29T09:10:25.941+0000][7][gc,age      ] GC(251) - age  14:      21776 bytes,    1491048 total
[2022-09-29T09:10:25.942+0000][7][gc,age      ] GC(251) - age  15:      18016 bytes,    1509064 total
[2022-09-29T09:10:25.942+0000][7][gc,phases   ] GC(251)   Pre Evacuate Collection Set: 0.2ms
[2022-09-29T09:10:25.942+0000][7][gc,phases   ] GC(251)   Merge Heap Roots: 0.1ms
[2022-09-29T09:10:25.942+0000][7][gc,phases   ] GC(251)   Evacuate Collection Set: 3.4ms
[2022-09-29T09:10:25.942+0000][7][gc,phases   ] GC(251)   Post Evacuate Collection Set: 2.3ms
[2022-09-29T09:10:25.942+0000][7][gc,phases   ] GC(251)   Other: 4.1ms
[2022-09-29T09:10:25.943+0000][7][gc,heap     ] GC(251) Eden regions: 19->0(19)
[2022-09-29T09:10:25.943+0000][7][gc,heap     ] GC(251) Survivor regions: 1->1(3)
[2022-09-29T09:10:25.943+0000][7][gc,heap     ] GC(251) Old regions: 26->26
[2022-09-29T09:10:25.943+0000][7][gc,heap     ] GC(251) Archive regions: 2->2
[2022-09-29T09:10:25.943+0000][7][gc,heap     ] GC(251) Humongous regions: 5->5
[2022-09-29T09:10:25.944+0000][7][gc,metaspace] GC(251) Metaspace: 115564K(119964K)->115564K(119964K) NonClass: 100842K(103836K)->100842K(103836K) Class: 14721K(16128K)->14721K(16128K)
[2022-09-29T09:10:25.944+0000][7][gc          ] GC(251) Pause Young (Normal) (G1 Evacuation Pause) 202M->126M(256M) 12.179ms
[2022-09-29T09:10:25.944+0000][7][gc,cpu      ] GC(251) User=0.03s Sys=0.01s Real=0.01s
[2022-09-29T09:10:25.944+0000][7][safepoint   ] Safepoint "G1CollectForAllocation", Time since last: 26348219908 ns, Reaching safepoint: 2153494 ns, At safepoint: 12719308 ns, Total: 14872802 ns
[2022-09-29T09:11:43.627+0000][7][gc,start    ] GC(252) Pause Young (Concurrent Start) (G1 Evacuation Pause)
[2022-09-29T09:11:43.628+0000][7][gc,task     ] GC(252) Using 6 workers of 13 for evacuation
[2022-09-29T09:11:43.628+0000][7][gc,age      ] GC(252) Desired survivor size 6291456 bytes, new threshold 15 (max threshold 15)
[2022-09-29T09:11:43.634+0000][7][gc,age      ] GC(252) Age table with threshold 15 (max threshold 15)
[2022-09-29T09:11:43.635+0000][7][gc,age      ] GC(252) - age   1:     947912 bytes,     947912 total
[2022-09-29T09:11:43.635+0000][7][gc,age      ] GC(252) - age   2:     418048 bytes,    1365960 total
[2022-09-29T09:11:43.635+0000][7][gc,age      ] GC(252) - age   3:     305072 bytes,    1671032 total
[2022-09-29T09:11:43.635+0000][7][gc,age      ] GC(252) - age   4:       1208 bytes,    1672240 total
[2022-09-29T09:11:43.636+0000][7][gc,age      ] GC(252) - age   5:       1672 bytes,    1673912 total
[2022-09-29T09:11:43.636+0000][7][gc,age      ] GC(252) - age   6:     101440 bytes,    1775352 total
[2022-09-29T09:11:43.636+0000][7][gc,age      ] GC(252) - age   7:     120656 bytes,    1896008 total
[2022-09-29T09:11:43.636+0000][7][gc,age      ] GC(252) - age   8:       9320 bytes,    1905328 total
[2022-09-29T09:11:43.636+0000][7][gc,age      ] GC(252) - age   9:      67872 bytes,    1973200 total
[2022-09-29T09:11:43.637+0000][7][gc,age      ] GC(252) - age  10:     147288 bytes,    2120488 total
[2022-09-29T09:11:43.637+0000][7][gc,age      ] GC(252) - age  11:      24688 bytes,    2145176 total
[2022-09-29T09:11:43.637+0000][7][gc,age      ] GC(252) - age  12:        584 bytes,    2145760 total
[2022-09-29T09:11:43.637+0000][7][gc,age      ] GC(252) - age  13:        624 bytes,    2146384 total
[2022-09-29T09:11:43.637+0000][7][gc,age      ] GC(252) - age  14:      23440 bytes,    2169824 total
[2022-09-29T09:11:43.637+0000][7][gc,age      ] GC(252) - age  15:      21776 bytes,    2191600 total
[2022-09-29T09:11:43.638+0000][7][gc,phases   ] GC(252)   Pre Evacuate Collection Set: 0.3ms
[2022-09-29T09:11:43.638+0000][7][gc,phases   ] GC(252)   Merge Heap Roots: 0.1ms
[2022-09-29T09:11:43.638+0000][7][gc,phases   ] GC(252)   Evacuate Collection Set: 4.0ms
[2022-09-29T09:11:43.639+0000][7][gc,phases   ] GC(252)   Post Evacuate Collection Set: 1.1ms
[2022-09-29T09:11:43.640+0000][7][gc,phases   ] GC(252)   Other: 4.7ms
[2022-09-29T09:11:43.640+0000][7][gc,heap     ] GC(252) Eden regions: 19->0(19)
[2022-09-29T09:11:43.640+0000][7][gc,heap     ] GC(252) Survivor regions: 1->1(3)
[2022-09-29T09:11:43.641+0000][7][gc,heap     ] GC(252) Old regions: 26->26
[2022-09-29T09:11:43.641+0000][7][gc,heap     ] GC(252) Archive regions: 2->2
[2022-09-29T09:11:43.642+0000][7][gc,heap     ] GC(252) Humongous regions: 5->5
[2022-09-29T09:11:43.642+0000][7][gc,metaspace] GC(252) Metaspace: 115564K(119964K)->115564K(119964K) NonClass: 100842K(103836K)->100842K(103836K) Class: 14721K(16128K)->14721K(16128K)
[2022-09-29T09:11:43.642+0000][7][gc          ] GC(252) Pause Young (Concurrent Start) (G1 Evacuation Pause) 202M->127M(256M) 14.842ms
[2022-09-29T09:11:43.643+0000][7][gc,cpu      ] GC(252) User=0.04s Sys=0.00s Real=0.02s
[2022-09-29T09:11:43.643+0000][7][gc          ] GC(253) Concurrent Cycle
[2022-09-29T09:11:43.643+0000][7][gc,marking  ] GC(253) Concurrent Clear Claimed Marks
[2022-09-29T09:11:43.643+0000][7][safepoint   ] Safepoint "G1CollectForAllocation", Time since last: 77682748325 ns, Reaching safepoint: 337273 ns, At safepoint: 15484707 ns, Total: 15821980 ns
[2022-09-29T09:11:43.643+0000][7][gc,marking  ] GC(253) Concurrent Clear Claimed Marks 0.368ms
[2022-09-29T09:11:43.644+0000][7][gc,marking  ] GC(253) Concurrent Scan Root Regions
[2022-09-29T09:11:43.645+0000][7][gc,marking  ] GC(253) Concurrent Scan Root Regions 1.764ms
[2022-09-29T09:11:43.646+0000][7][gc,marking  ] GC(253) Concurrent Mark (11312.738s)
[2022-09-29T09:11:43.646+0000][7][gc,marking  ] GC(253) Concurrent Mark From Roots
[2022-09-29T09:11:43.646+0000][7][gc,task     ] GC(253) Using 3 workers of 3 for marking
[2022-09-29T09:11:43.701+0000][7][gc,marking  ] GC(253) Concurrent Mark From Roots 54.711ms
[2022-09-29T09:11:43.701+0000][7][gc,marking  ] GC(253) Concurrent Preclean
[2022-09-29T09:11:43.702+0000][7][gc,marking  ] GC(253) Concurrent Preclean 0.579ms
[2022-09-29T09:11:43.702+0000][7][gc,marking  ] GC(253) Concurrent Mark (11312.738s, 11312.795s) 56.155ms
[2022-09-29T09:11:43.703+0000][7][gc,start    ] GC(253) Pause Remark
[2022-09-29T09:11:43.713+0000][7][gc          ] GC(253) Pause Remark 129M->129M(256M) 9.801ms
[2022-09-29T09:11:43.713+0000][7][gc,cpu      ] GC(253) User=0.06s Sys=0.00s Real=0.01s
[2022-09-29T09:11:43.713+0000][7][safepoint   ] Safepoint "G1Concurrent", Time since last: 59495205 ns, Reaching safepoint: 301765 ns, At safepoint: 10564394 ns, Total: 10866159 ns
[2022-09-29T09:11:43.714+0000][7][gc,marking  ] GC(253) Concurrent Rebuild Remembered Sets
[2022-09-29T09:11:43.753+0000][7][gc,marking  ] GC(253) Concurrent Rebuild Remembered Sets 39.242ms
[2022-09-29T09:11:43.754+0000][7][gc,start    ] GC(253) Pause Cleanup
[2022-09-29T09:11:43.754+0000][7][gc          ] GC(253) Pause Cleanup 130M->130M(256M) 0.668ms
[2022-09-29T09:11:43.755+0000][7][gc,cpu      ] GC(253) User=0.00s Sys=0.00s Real=0.00s
[2022-09-29T09:11:43.755+0000][7][safepoint   ] Safepoint "G1Concurrent", Time since last: 40015661 ns, Reaching safepoint: 337373 ns, At safepoint: 1501492 ns, Total: 1838865 ns
[2022-09-29T09:11:43.756+0000][7][gc,marking  ] GC(253) Concurrent Cleanup for Next Mark
[2022-09-29T09:11:43.757+0000][7][gc,marking  ] GC(253) Concurrent Cleanup for Next Mark 1.090ms
[2022-09-29T09:11:43.757+0000][7][gc          ] GC(253) Concurrent Cycle 114.419ms
[2022-09-29T09:11:44.756+0000][7][safepoint   ] Safepoint "Cleanup", Time since last: 1000560045 ns, Reaching safepoint: 324656 ns, At safepoint: 34777 ns, Total: 359433 ns
[2022-09-29T09:11:46.757+0000][7][safepoint   ] Safepoint "Cleanup", Time since last: 2000667706 ns, Reaching safepoint: 503920 ns, At safepoint: 89881 ns, Total: 593801 ns
[2022-09-29T09:11:48.759+0000][7][safepoint   ] Safepoint "Cleanup", Time since last: 2001124553 ns, Reaching safepoint: 408939 ns, At safepoint: 36279 ns, Total: 445218 ns
[2022-09-29T09:12:33.457+0000][7][gc,start    ] GC(254) Pause Young (Normal) (G1 Evacuation Pause)
[2022-09-29T09:12:33.458+0000][7][gc,task     ] GC(254) Using 6 workers of 13 for evacuation
[2022-09-29T09:12:33.458+0000][7][gc,age      ] GC(254) Desired survivor size 6291456 bytes, new threshold 15 (max threshold 15)
[2022-09-29T09:12:33.461+0000][7][gc,age      ] GC(254) Age table with threshold 15 (max threshold 15)
[2022-09-29T09:12:33.461+0000][7][gc,age      ] GC(254) - age   1:     312440 bytes,     312440 total
[2022-09-29T09:12:33.462+0000][7][gc,age      ] GC(254) - age   2:      41792 bytes,     354232 total
[2022-09-29T09:12:33.462+0000][7][gc,age      ] GC(254) - age   3:      98488 bytes,     452720 total
[2022-09-29T09:12:33.462+0000][7][gc,age      ] GC(254) - age   4:     159128 bytes,     611848 total
[2022-09-29T09:12:33.462+0000][7][gc,age      ] GC(254) - age   5:        600 bytes,     612448 total
[2022-09-29T09:12:33.462+0000][7][gc,age      ] GC(254) - age   6:       1400 bytes,     613848 total
[2022-09-29T09:12:33.463+0000][7][gc,age      ] GC(254) - age   7:      25496 bytes,     639344 total
[2022-09-29T09:12:33.463+0000][7][gc,age      ] GC(254) - age   8:     120192 bytes,     759536 total
[2022-09-29T09:12:33.463+0000][7][gc,age      ] GC(254) - age   9:       9280 bytes,     768816 total
[2022-09-29T09:12:33.463+0000][7][gc,age      ] GC(254) - age  10:        520 bytes,     769336 total
[2022-09-29T09:12:33.463+0000][7][gc,age      ] GC(254) - age  11:        640 bytes,     769976 total
[2022-09-29T09:12:33.464+0000][7][gc,age      ] GC(254) - age  12:      24688 bytes,     794664 total
[2022-09-29T09:12:33.464+0000][7][gc,age      ] GC(254) - age  13:        488 bytes,     795152 total
[2022-09-29T09:12:33.464+0000][7][gc,age      ] GC(254) - age  14:        528 bytes,     795680 total
[2022-09-29T09:12:33.465+0000][7][gc,age      ] GC(254) - age  15:      23400 bytes,     819080 total
[2022-09-29T09:12:33.465+0000][7][gc,phases   ] GC(254)   Pre Evacuate Collection Set: 0.2ms
[2022-09-29T09:12:33.465+0000][7][gc,phases   ] GC(254)   Merge Heap Roots: 0.1ms
[2022-09-29T09:12:33.466+0000][7][gc,phases   ] GC(254)   Evacuate Collection Set: 1.2ms
[2022-09-29T09:12:33.466+0000][7][gc,phases   ] GC(254)   Post Evacuate Collection Set: 1.2ms
[2022-09-29T09:12:33.467+0000][7][gc,phases   ] GC(254)   Other: 5.3ms
[2022-09-29T09:12:33.467+0000][7][gc,heap     ] GC(254) Eden regions: 19->0(19)
[2022-09-29T09:12:33.467+0000][7][gc,heap     ] GC(254) Survivor regions: 1->1(3)
[2022-09-29T09:12:33.468+0000][7][gc,heap     ] GC(254) Old regions: 26->26
[2022-09-29T09:12:33.468+0000][7][gc,heap     ] GC(254) Archive regions: 2->2
[2022-09-29T09:12:33.469+0000][7][gc,heap     ] GC(254) Humongous regions: 5->5
[2022-09-29T09:12:33.469+0000][7][gc,metaspace] GC(254) Metaspace: 115567K(119964K)->115567K(119964K) NonClass: 100845K(103836K)->100845K(103836K) Class: 14721K(16128K)->14721K(16128K)
[2022-09-29T09:12:33.469+0000][7][gc          ] GC(254) Pause Young (Normal) (G1 Evacuation Pause) 203M->126M(256M) 12.000ms
[2022-09-29T09:12:33.469+0000][7][gc,cpu      ] GC(254) User=0.01s Sys=0.00s Real=0.02s
[2022-09-29T09:12:33.470+0000][7][safepoint   ] Safepoint "G1CollectForAllocation", Time since last: 44697507589 ns, Reaching safepoint: 739111 ns, At safepoint: 12681556 ns, Total: 13420667 ns
[2022-09-29T09:13:26.482+0000][7][safepoint   ] Safepoint "Cleanup", Time since last: 53012007827 ns, Reaching safepoint: 346941 ns, At safepoint: 55947 ns, Total: 402888 ns
[2022-09-29T09:13:49.918+0000][7][gc,start    ] GC(255) Pause Young (Concurrent Start) (G1 Evacuation Pause)
[2022-09-29T09:13:49.919+0000][7][gc,task     ] GC(255) Using 6 workers of 13 for evacuation
[2022-09-29T09:13:49.919+0000][7][gc,age      ] GC(255) Desired survivor size 6291456 bytes, new threshold 15 (max threshold 15)
[2022-09-29T09:13:49.923+0000][7][gc,age      ] GC(255) Age table with threshold 15 (max threshold 15)
[2022-09-29T09:13:49.924+0000][7][gc,age      ] GC(255) - age   1:     617872 bytes,     617872 total
[2022-09-29T09:13:49.925+0000][7][gc,age      ] GC(255) - age   2:     245648 bytes,     863520 total
[2022-09-29T09:13:49.925+0000][7][gc,age      ] GC(255) - age   3:      40768 bytes,     904288 total
[2022-09-29T09:13:49.925+0000][7][gc,age      ] GC(255) - age   4:      98064 bytes,    1002352 total
[2022-09-29T09:13:49.926+0000][7][gc,age      ] GC(255) - age   5:     159000 bytes,    1161352 total
[2022-09-29T09:13:49.926+0000][7][gc,age      ] GC(255) - age   6:        600 bytes,    1161952 total
[2022-09-29T09:13:49.926+0000][7][gc,age      ] GC(255) - age   7:       1336 bytes,    1163288 total
[2022-09-29T09:13:49.927+0000][7][gc,age      ] GC(255) - age   8:      25496 bytes,    1188784 total
[2022-09-29T09:13:49.927+0000][7][gc,age      ] GC(255) - age   9:     120128 bytes,    1308912 total
[2022-09-29T09:13:49.927+0000][7][gc,age      ] GC(255) - age  10:       8520 bytes,    1317432 total
[2022-09-29T09:13:49.927+0000][7][gc,age      ] GC(255) - age  11:        520 bytes,    1317952 total
[2022-09-29T09:13:49.928+0000][7][gc,age      ] GC(255) - age  12:        640 bytes,    1318592 total
[2022-09-29T09:13:49.928+0000][7][gc,age      ] GC(255) - age  13:      24168 bytes,    1342760 total
[2022-09-29T09:13:49.928+0000][7][gc,age      ] GC(255) - age  14:        488 bytes,    1343248 total
[2022-09-29T09:13:49.928+0000][7][gc,age      ] GC(255) - age  15:        528 bytes,    1343776 total
[2022-09-29T09:13:49.929+0000][7][gc,phases   ] GC(255)   Pre Evacuate Collection Set: 0.4ms
[2022-09-29T09:13:49.929+0000][7][gc,phases   ] GC(255)   Merge Heap Roots: 0.1ms
[2022-09-29T09:13:49.929+0000][7][gc,phases   ] GC(255)   Evacuate Collection Set: 1.8ms
[2022-09-29T09:13:49.929+0000][7][gc,phases   ] GC(255)   Post Evacuate Collection Set: 1.5ms
[2022-09-29T09:13:49.930+0000][7][gc,phases   ] GC(255)   Other: 6.3ms
[2022-09-29T09:13:49.930+0000][7][gc,heap     ] GC(255) Eden regions: 19->0(19)
[2022-09-29T09:13:49.930+0000][7][gc,heap     ] GC(255) Survivor regions: 1->1(3)
[2022-09-29T09:13:49.930+0000][7][gc,heap     ] GC(255) Old regions: 26->26
[2022-09-29T09:13:49.931+0000][7][gc,heap     ] GC(255) Archive regions: 2->2
[2022-09-29T09:13:49.931+0000][7][gc,heap     ] GC(255) Humongous regions: 5->5
[2022-09-29T09:13:49.931+0000][7][gc,metaspace] GC(255) Metaspace: 115571K(119964K)->115571K(119964K) NonClass: 100849K(103836K)->100849K(103836K) Class: 14721K(16128K)->14721K(16128K)
[2022-09-29T09:13:49.931+0000][7][gc          ] GC(255) Pause Young (Concurrent Start) (G1 Evacuation Pause) 202M->126M(256M) 12.809ms
[2022-09-29T09:13:49.932+0000][7][gc,cpu      ] GC(255) User=0.01s Sys=0.00s Real=0.02s
[2022-09-29T09:13:49.932+0000][7][gc          ] GC(256) Concurrent Cycle
[2022-09-29T09:13:49.932+0000][7][gc,marking  ] GC(256) Concurrent Clear Claimed Marks
[2022-09-29T09:13:49.932+0000][7][safepoint   ] Safepoint "G1CollectForAllocation", Time since last: 23435324680 ns, Reaching safepoint: 894485 ns, At safepoint: 13718913 ns, Total: 14613398 ns
[2022-09-29T09:13:49.933+0000][7][gc,marking  ] GC(256) Concurrent Clear Claimed Marks 0.561ms
[2022-09-29T09:13:49.933+0000][7][gc,marking  ] GC(256) Concurrent Scan Root Regions
[2022-09-29T09:13:49.935+0000][7][gc,marking  ] GC(256) Concurrent Scan Root Regions 2.011ms
[2022-09-29T09:13:49.936+0000][7][gc,marking  ] GC(256) Concurrent Mark (11439.028s)
[2022-09-29T09:13:49.936+0000][7][gc,marking  ] GC(256) Concurrent Mark From Roots
[2022-09-29T09:13:49.936+0000][7][gc,task     ] GC(256) Using 3 workers of 3 for marking
[2022-09-29T09:13:49.994+0000][7][gc,marking  ] GC(256) Concurrent Mark From Roots 58.001ms
[2022-09-29T09:13:49.995+0000][7][gc,marking  ] GC(256) Concurrent Preclean
[2022-09-29T09:13:49.995+0000][7][gc,marking  ] GC(256) Concurrent Preclean 0.861ms
[2022-09-29T09:13:49.996+0000][7][gc,marking  ] GC(256) Concurrent Mark (11439.028s, 11439.088s) 59.875ms
[2022-09-29T09:13:49.997+0000][7][gc,start    ] GC(256) Pause Remark
[2022-09-29T09:13:50.006+0000][7][gc          ] GC(256) Pause Remark 127M->127M(256M) 9.451ms
[2022-09-29T09:13:50.007+0000][7][gc,cpu      ] GC(256) User=0.05s Sys=0.00s Real=0.01s
[2022-09-29T09:13:50.007+0000][7][safepoint   ] Safepoint "G1Concurrent", Time since last: 64048641 ns, Reaching safepoint: 401387 ns, At safepoint: 10821672 ns, Total: 11223059 ns
[2022-09-29T09:13:50.008+0000][7][gc,marking  ] GC(256) Concurrent Rebuild Remembered Sets
[2022-09-29T09:13:50.045+0000][7][gc,marking  ] GC(256) Concurrent Rebuild Remembered Sets 37.203ms
[2022-09-29T09:13:50.046+0000][7][gc,start    ] GC(256) Pause Cleanup
[2022-09-29T09:13:50.047+0000][7][gc          ] GC(256) Pause Cleanup 128M->128M(256M) 0.662ms
[2022-09-29T09:13:50.047+0000][7][gc,cpu      ] GC(256) User=0.00s Sys=0.00s Real=0.00s
[2022-09-29T09:13:50.048+0000][7][safepoint   ] Safepoint "G1Concurrent", Time since last: 38340310 ns, Reaching safepoint: 400362 ns, At safepoint: 1440566 ns, Total: 1840928 ns
[2022-09-29T09:13:50.048+0000][7][gc,marking  ] GC(256) Concurrent Cleanup for Next Mark
[2022-09-29T09:13:50.049+0000][7][gc,marking  ] GC(256) Concurrent Cleanup for Next Mark 0.623ms
[2022-09-29T09:13:50.049+0000][7][gc          ] GC(256) Concurrent Cycle 116.961ms
[2022-09-29T09:14:02.051+0000][7][safepoint   ] Safepoint "Cleanup", Time since last: 12002524923 ns, Reaching safepoint: 384062 ns, At safepoint: 31229 ns, Total: 415291 ns
[2022-09-29T09:14:03.052+0000][7][safepoint   ] Safepoint "Cleanup", Time since last: 1000585309 ns, Reaching safepoint: 419775 ns, At safepoint: 31891 ns, Total: 451666 ns
[2022-09-29T09:14:15.054+0000][7][safepoint   ] Safepoint "Cleanup", Time since last: 12002570543 ns, Reaching safepoint: 302136 ns, At safepoint: 32592 ns, Total: 334728 ns
[2022-09-29T09:14:59.619+0000][7][gc,start    ] GC(257) Pause Young (Normal) (G1 Evacuation Pause)
[2022-09-29T09:14:59.619+0000][7][gc,task     ] GC(257) Using 6 workers of 13 for evacuation
[2022-09-29T09:14:59.619+0000][7][gc,age      ] GC(257) Desired survivor size 6291456 bytes, new threshold 15 (max threshold 15)
[2022-09-29T09:14:59.623+0000][7][gc,age      ] GC(257) Age table with threshold 15 (max threshold 15)
[2022-09-29T09:14:59.624+0000][7][gc,age      ] GC(257) - age   1:     640664 bytes,     640664 total
[2022-09-29T09:14:59.624+0000][7][gc,age      ] GC(257) - age   2:     526664 bytes,    1167328 total
[2022-09-29T09:14:59.624+0000][7][gc,age      ] GC(257) - age   3:     244664 bytes,    1411992 total
[2022-09-29T09:14:59.624+0000][7][gc,age      ] GC(257) - age   4:      24128 bytes,    1436120 total
[2022-09-29T09:14:59.624+0000][7][gc,age      ] GC(257) - age   5:      97576 bytes,    1533696 total
[2022-09-29T09:14:59.625+0000][7][gc,age      ] GC(257) - age   6:     158640 bytes,    1692336 total
[2022-09-29T09:14:59.625+0000][7][gc,age      ] GC(257) - age   7:        464 bytes,    1692800 total
[2022-09-29T09:14:59.625+0000][7][gc,age      ] GC(257) - age   8:       1024 bytes,    1693824 total
[2022-09-29T09:14:59.626+0000][7][gc,age      ] GC(257) - age   9:      25464 bytes,    1719288 total
[2022-09-29T09:14:59.626+0000][7][gc,age      ] GC(257) - age  10:     119800 bytes,    1839088 total
[2022-09-29T09:14:59.626+0000][7][gc,age      ] GC(257) - age  11:       8520 bytes,    1847608 total
[2022-09-29T09:14:59.626+0000][7][gc,age      ] GC(257) - age  12:        416 bytes,    1848024 total
[2022-09-29T09:14:59.626+0000][7][gc,age      ] GC(257) - age  13:        640 bytes,    1848664 total
[2022-09-29T09:14:59.627+0000][7][gc,age      ] GC(257) - age  14:      24168 bytes,    1872832 total
[2022-09-29T09:14:59.627+0000][7][gc,age      ] GC(257) - age  15:        384 bytes,    1873216 total
[2022-09-29T09:14:59.627+0000][7][gc,phases   ] GC(257)   Pre Evacuate Collection Set: 0.2ms
[2022-09-29T09:14:59.628+0000][7][gc,phases   ] GC(257)   Merge Heap Roots: 0.1ms
[2022-09-29T09:14:59.628+0000][7][gc,phases   ] GC(257)   Evacuate Collection Set: 2.1ms
[2022-09-29T09:14:59.629+0000][7][gc,phases   ] GC(257)   Post Evacuate Collection Set: 1.2ms
[2022-09-29T09:14:59.629+0000][7][gc,phases   ] GC(257)   Other: 5.3ms
[2022-09-29T09:14:59.629+0000][7][gc,heap     ] GC(257) Eden regions: 19->0(19)
[2022-09-29T09:14:59.630+0000][7][gc,heap     ] GC(257) Survivor regions: 1->1(3)
[2022-09-29T09:14:59.630+0000][7][gc,heap     ] GC(257) Old regions: 26->26
[2022-09-29T09:14:59.631+0000][7][gc,heap     ] GC(257) Archive regions: 2->2
[2022-09-29T09:14:59.631+0000][7][gc,heap     ] GC(257) Humongous regions: 5->5
[2022-09-29T09:14:59.631+0000][7][gc,metaspace] GC(257) Metaspace: 115574K(119964K)->115574K(119964K) NonClass: 100852K(103836K)->100852K(103836K) Class: 14721K(16128K)->14721K(16128K)
[2022-09-29T09:14:59.632+0000][7][gc          ] GC(257) Pause Young (Normal) (G1 Evacuation Pause) 202M->127M(256M) 13.101ms
[2022-09-29T09:14:59.632+0000][7][gc,cpu      ] GC(257) User=0.02s Sys=0.00s Real=0.02s
[2022-09-29T09:14:59.632+0000][7][safepoint   ] Safepoint "G1CollectForAllocation", Time since last: 44563664058 ns, Reaching safepoint: 341810 ns, At safepoint: 13817172 ns, Total: 14158982 ns
[2022-09-29T09:15:13.636+0000][7][safepoint   ] Safepoint "Cleanup", Time since last: 14003368608 ns, Reaching safepoint: 254345 ns, At safepoint: 30117 ns, Total: 284462 ns
[2022-09-29T09:16:02.662+0000][7][gc,start    ] GC(258) Pause Young (Concurrent Start) (G1 Evacuation Pause)
[2022-09-29T09:16:02.663+0000][7][gc,task     ] GC(258) Using 6 workers of 13 for evacuation
[2022-09-29T09:16:02.663+0000][7][gc,age      ] GC(258) Desired survivor size 6291456 bytes, new threshold 15 (max threshold 15)
[2022-09-29T09:16:02.670+0000][7][gc,age      ] GC(258) Age table with threshold 15 (max threshold 15)
[2022-09-29T09:16:02.671+0000][7][gc,age      ] GC(258) - age   1:     717984 bytes,     717984 total
[2022-09-29T09:16:02.671+0000][7][gc,age      ] GC(258) - age   2:     479288 bytes,    1197272 total
[2022-09-29T09:16:02.672+0000][7][gc,age      ] GC(258) - age   3:     484984 bytes,    1682256 total
[2022-09-29T09:16:02.673+0000][7][gc,age      ] GC(258) - age   4:     207792 bytes,    1890048 total
[2022-09-29T09:16:02.673+0000][7][gc,age      ] GC(258) - age   5:      24064 bytes,    1914112 total
[2022-09-29T09:16:02.674+0000][7][gc,age      ] GC(258) - age   6:      96728 bytes,    2010840 total
[2022-09-29T09:16:02.674+0000][7][gc,age      ] GC(258) - age   7:     158640 bytes,    2169480 total
[2022-09-29T09:16:02.675+0000][7][gc,age      ] GC(258) - age   8:        424 bytes,    2169904 total
[2022-09-29T09:16:02.676+0000][7][gc,age      ] GC(258) - age   9:       1024 bytes,    2170928 total
[2022-09-29T09:16:02.676+0000][7][gc,age      ] GC(258) - age  10:      25464 bytes,    2196392 total
[2022-09-29T09:16:02.677+0000][7][gc,age      ] GC(258) - age  11:     119800 bytes,    2316192 total
[2022-09-29T09:16:02.677+0000][7][gc,age      ] GC(258) - age  12:       8216 bytes,    2324408 total
[2022-09-29T09:16:02.678+0000][7][gc,age      ] GC(258) - age  13:        416 bytes,    2324824 total
[2022-09-29T09:16:02.679+0000][7][gc,age      ] GC(258) - age  14:        640 bytes,    2325464 total
[2022-09-29T09:16:02.679+0000][7][gc,age      ] GC(258) - age  15:      24040 bytes,    2349504 total
[2022-09-29T09:16:02.680+0000][7][gc,phases   ] GC(258)   Pre Evacuate Collection Set: 0.6ms
[2022-09-29T09:16:02.680+0000][7][gc,phases   ] GC(258)   Merge Heap Roots: 0.3ms
[2022-09-29T09:16:02.681+0000][7][gc,phases   ] GC(258)   Evacuate Collection Set: 2.5ms
[2022-09-29T09:16:02.682+0000][7][gc,phases   ] GC(258)   Post Evacuate Collection Set: 2.5ms
[2022-09-29T09:16:02.682+0000][7][gc,phases   ] GC(258)   Other: 12.2ms
[2022-09-29T09:16:02.683+0000][7][gc,heap     ] GC(258) Eden regions: 19->0(19)
[2022-09-29T09:16:02.683+0000][7][gc,heap     ] GC(258) Survivor regions: 1->1(3)
[2022-09-29T09:16:02.684+0000][7][gc,heap     ] GC(258) Old regions: 26->26
[2022-09-29T09:16:02.685+0000][7][gc,heap     ] GC(258) Archive regions: 2->2
[2022-09-29T09:16:02.686+0000][7][gc,heap     ] GC(258) Humongous regions: 5->5
[2022-09-29T09:16:02.686+0000][7][gc,metaspace] GC(258) Metaspace: 115577K(119964K)->115577K(119964K) NonClass: 100855K(103836K)->100855K(103836K) Class: 14721K(16128K)->14721K(16128K)
[2022-09-29T09:16:02.688+0000][7][gc          ] GC(258) Pause Young (Concurrent Start) (G1 Evacuation Pause) 203M->127M(256M) 25.747ms
[2022-09-29T09:16:02.688+0000][7][gc,cpu      ] GC(258) User=0.02s Sys=0.01s Real=0.02s
[2022-09-29T09:16:02.689+0000][7][gc          ] GC(259) Concurrent Cycle
[2022-09-29T09:16:02.689+0000][7][safepoint   ] Safepoint "G1CollectForAllocation", Time since last: 49025270051 ns, Reaching safepoint: 631583 ns, At safepoint: 27498209 ns, Total: 28129792 ns
[2022-09-29T09:16:02.690+0000][7][gc,marking  ] GC(259) Concurrent Clear Claimed Marks
[2022-09-29T09:16:02.692+0000][7][gc,marking  ] GC(259) Concurrent Clear Claimed Marks 2.042ms
[2022-09-29T09:16:02.693+0000][7][gc,marking  ] GC(259) Concurrent Scan Root Regions
[2022-09-29T09:16:02.698+0000][7][gc,marking  ] GC(259) Concurrent Scan Root Regions 5.167ms
[2022-09-29T09:16:02.699+0000][7][gc,marking  ] GC(259) Concurrent Mark (11571.791s)
[2022-09-29T09:16:02.699+0000][7][gc,marking  ] GC(259) Concurrent Mark From Roots
[2022-09-29T09:16:02.700+0000][7][gc,task     ] GC(259) Using 3 workers of 3 for marking
[2022-09-29T09:16:02.781+0000][7][gc,marking  ] GC(259) Concurrent Mark From Roots 81.541ms
[2022-09-29T09:16:02.781+0000][7][gc,marking  ] GC(259) Concurrent Preclean
[2022-09-29T09:16:02.782+0000][7][gc,marking  ] GC(259) Concurrent Preclean 0.673ms
[2022-09-29T09:16:02.782+0000][7][gc,marking  ] GC(259) Concurrent Mark (11571.791s, 11571.875s) 83.640ms
[2022-09-29T09:16:02.783+0000][7][gc,start    ] GC(259) Pause Remark
[2022-09-29T09:16:02.793+0000][7][gc          ] GC(259) Pause Remark 128M->128M(256M) 10.113ms
[2022-09-29T09:16:02.794+0000][7][gc,cpu      ] GC(259) User=0.05s Sys=0.00s Real=0.01s
[2022-09-29T09:16:02.794+0000][7][safepoint   ] Safepoint "G1Concurrent", Time since last: 93429891 ns, Reaching safepoint: 395494 ns, At safepoint: 10985143 ns, Total: 11380637 ns
[2022-09-29T09:16:02.795+0000][7][gc,marking  ] GC(259) Concurrent Rebuild Remembered Sets
[2022-09-29T09:16:02.840+0000][7][gc,marking  ] GC(259) Concurrent Rebuild Remembered Sets 45.518ms
[2022-09-29T09:16:02.841+0000][7][gc,start    ] GC(259) Pause Cleanup
[2022-09-29T09:16:02.842+0000][7][gc          ] GC(259) Pause Cleanup 128M->128M(256M) 0.912ms
[2022-09-29T09:16:02.843+0000][7][gc,cpu      ] GC(259) User=0.00s Sys=0.00s Real=0.00s
[2022-09-29T09:16:02.843+0000][7][safepoint   ] Safepoint "G1Concurrent", Time since last: 46697987 ns, Reaching safepoint: 532896 ns, At safepoint: 1835163 ns, Total: 2368059 ns
[2022-09-29T09:16:02.844+0000][7][gc,marking  ] GC(259) Concurrent Cleanup for Next Mark
[2022-09-29T09:16:02.845+0000][7][gc,marking  ] GC(259) Concurrent Cleanup for Next Mark 0.937ms
[2022-09-29T09:16:02.845+0000][7][gc          ] GC(259) Concurrent Cycle 156.271ms
[2022-09-29T09:16:14.846+0000][7][safepoint   ] Safepoint "Cleanup", Time since last: 12002568969 ns, Reaching safepoint: 263412 ns, At safepoint: 22753 ns, Total: 286165 ns
[2022-09-29T09:16:50.853+0000][7][safepoint   ] Safepoint "Cleanup", Time since last: 36006043227 ns, Reaching safepoint: 415405 ns, At safepoint: 67498 ns, Total: 482903 ns
[2022-09-29T09:16:58.754+0000][7][gc,start    ] GC(260) Pause Young (Normal) (G1 Evacuation Pause)
[2022-09-29T09:16:58.755+0000][7][gc,task     ] GC(260) Using 6 workers of 13 for evacuation
[2022-09-29T09:16:58.755+0000][7][gc,age      ] GC(260) Desired survivor size 6291456 bytes, new threshold 15 (max threshold 15)
[2022-09-29T09:16:58.759+0000][7][gc,age      ] GC(260) Age table with threshold 15 (max threshold 15)
[2022-09-29T09:16:58.760+0000][7][gc,age      ] GC(260) - age   1:     904600 bytes,     904600 total
[2022-09-29T09:16:58.760+0000][7][gc,age      ] GC(260) - age   2:     125960 bytes,    1030560 total
[2022-09-29T09:16:58.760+0000][7][gc,age      ] GC(260) - age   3:       3320 bytes,    1033880 total
[2022-09-29T09:16:58.761+0000][7][gc,age      ] GC(260) - age   4:      30696 bytes,    1064576 total
[2022-09-29T09:16:58.761+0000][7][gc,age      ] GC(260) - age   5:     166160 bytes,    1230736 total
[2022-09-29T09:16:58.761+0000][7][gc,age      ] GC(260) - age   6:      24064 bytes,    1254800 total
[2022-09-29T09:16:58.761+0000][7][gc,age      ] GC(260) - age   7:      96536 bytes,    1351336 total
[2022-09-29T09:16:58.761+0000][7][gc,age      ] GC(260) - age   8:      10832 bytes,    1362168 total
[2022-09-29T09:16:58.762+0000][7][gc,age      ] GC(260) - age   9:        360 bytes,    1362528 total
[2022-09-29T09:16:58.762+0000][7][gc,age      ] GC(260) - age  10:       1024 bytes,    1363552 total
[2022-09-29T09:16:58.762+0000][7][gc,age      ] GC(260) - age  11:      25464 bytes,    1389016 total
[2022-09-29T09:16:58.762+0000][7][gc,age      ] GC(260) - age  12:     119800 bytes,    1508816 total
[2022-09-29T09:16:58.762+0000][7][gc,age      ] GC(260) - age  13:       8216 bytes,    1517032 total
[2022-09-29T09:16:58.762+0000][7][gc,age      ] GC(260) - age  14:        416 bytes,    1517448 total
[2022-09-29T09:16:58.763+0000][7][gc,age      ] GC(260) - age  15:        560 bytes,    1518008 total
[2022-09-29T09:16:58.763+0000][7][gc,phases   ] GC(260)   Pre Evacuate Collection Set: 0.4ms
[2022-09-29T09:16:58.763+0000][7][gc,phases   ] GC(260)   Merge Heap Roots: 0.1ms
[2022-09-29T09:16:58.763+0000][7][gc,phases   ] GC(260)   Evacuate Collection Set: 1.9ms
[2022-09-29T09:16:58.763+0000][7][gc,phases   ] GC(260)   Post Evacuate Collection Set: 1.5ms
[2022-09-29T09:16:58.764+0000][7][gc,phases   ] GC(260)   Other: 4.6ms
[2022-09-29T09:16:58.764+0000][7][gc,heap     ] GC(260) Eden regions: 19->0(19)
[2022-09-29T09:16:58.764+0000][7][gc,heap     ] GC(260) Survivor regions: 1->1(3)
[2022-09-29T09:16:58.764+0000][7][gc,heap     ] GC(260) Old regions: 26->26
[2022-09-29T09:16:58.764+0000][7][gc,heap     ] GC(260) Archive regions: 2->2
[2022-09-29T09:16:58.764+0000][7][gc,heap     ] GC(260) Humongous regions: 5->5
[2022-09-29T09:16:58.765+0000][7][gc,metaspace] GC(260) Metaspace: 115580K(119964K)->115580K(119964K) NonClass: 100858K(103836K)->100858K(103836K) Class: 14721K(16128K)->14721K(16128K)
[2022-09-29T09:16:58.765+0000][7][gc          ] GC(260) Pause Young (Normal) (G1 Evacuation Pause) 203M->127M(256M) 10.509ms
[2022-09-29T09:16:58.765+0000][7][gc,cpu      ] GC(260) User=0.00s Sys=0.02s Real=0.01s
[2022-09-29T09:16:58.765+0000][7][safepoint   ] Safepoint "G1CollectForAllocation", Time since last: 7901405692 ns, Reaching safepoint: 317192 ns, At safepoint: 11070747 ns, Total: 11387939 ns
[2022-09-29T09:17:02.767+0000][7][safepoint   ] Safepoint "Cleanup", Time since last: 4000848470 ns, Reaching safepoint: 251078 ns, At safepoint: 43773 ns, Total: 294851 ns
[2022-09-29T09:17:30.772+0000][7][safepoint   ] Safepoint "Cleanup", Time since last: 28005168454 ns, Reaching safepoint: 360066 ns, At safepoint: 59854 ns, Total: 419920 ns
[2022-09-29T09:18:02.779+0000][7][safepoint   ] Safepoint "Cleanup", Time since last: 32006078399 ns, Reaching safepoint: 329337 ns, At safepoint: 41890 ns, Total: 371227 ns
[2022-09-29T09:18:04.670+0000][7][gc,start    ] GC(261) Pause Young (Concurrent Start) (G1 Evacuation Pause)
[2022-09-29T09:18:04.670+0000][7][gc,task     ] GC(261) Using 6 workers of 13 for evacuation
[2022-09-29T09:18:04.671+0000][7][gc,age      ] GC(261) Desired survivor size 6291456 bytes, new threshold 15 (max threshold 15)
[2022-09-29T09:18:04.677+0000][7][gc,age      ] GC(261) Age table with threshold 15 (max threshold 15)
[2022-09-29T09:18:04.678+0000][7][gc,age      ] GC(261) - age   1:     896312 bytes,     896312 total
[2022-09-29T09:18:04.678+0000][7][gc,age      ] GC(261) - age   2:     435824 bytes,    1332136 total
[2022-09-29T09:18:04.678+0000][7][gc,age      ] GC(261) - age   3:     124408 bytes,    1456544 total
[2022-09-29T09:18:04.678+0000][7][gc,age      ] GC(261) - age   4:       2720 bytes,    1459264 total
[2022-09-29T09:18:04.679+0000][7][gc,age      ] GC(261) - age   5:      30392 bytes,    1489656 total
[2022-09-29T09:18:04.679+0000][7][gc,age      ] GC(261) - age   6:     165376 bytes,    1655032 total
[2022-09-29T09:18:04.679+0000][7][gc,age      ] GC(261) - age   7:      23328 bytes,    1678360 total
[2022-09-29T09:18:04.679+0000][7][gc,age      ] GC(261) - age   8:      96496 bytes,    1774856 total
[2022-09-29T09:18:04.680+0000][7][gc,age      ] GC(261) - age   9:      10832 bytes,    1785688 total
[2022-09-29T09:18:04.680+0000][7][gc,age      ] GC(261) - age  10:        360 bytes,    1786048 total
[2022-09-29T09:18:04.680+0000][7][gc,age      ] GC(261) - age  11:       1024 bytes,    1787072 total
[2022-09-29T09:18:04.680+0000][7][gc,age      ] GC(261) - age  12:      25336 bytes,    1812408 total
[2022-09-29T09:18:04.681+0000][7][gc,age      ] GC(261) - age  13:     119736 bytes,    1932144 total
[2022-09-29T09:18:04.681+0000][7][gc,age      ] GC(261) - age  14:       8216 bytes,    1940360 total
[2022-09-29T09:18:04.681+0000][7][gc,age      ] GC(261) - age  15:        416 bytes,    1940776 total
[2022-09-29T09:18:04.681+0000][7][gc,phases   ] GC(261)   Pre Evacuate Collection Set: 0.4ms
[2022-09-29T09:18:04.682+0000][7][gc,phases   ] GC(261)   Merge Heap Roots: 0.3ms
[2022-09-29T09:18:04.683+0000][7][gc,phases   ] GC(261)   Evacuate Collection Set: 2.8ms
[2022-09-29T09:18:04.683+0000][7][gc,phases   ] GC(261)   Post Evacuate Collection Set: 1.9ms
[2022-09-29T09:18:04.683+0000][7][gc,phases   ] GC(261)   Other: 6.5ms
[2022-09-29T09:18:04.684+0000][7][gc,heap     ] GC(261) Eden regions: 19->0(19)
[2022-09-29T09:18:04.684+0000][7][gc,heap     ] GC(261) Survivor regions: 1->1(3)
[2022-09-29T09:18:04.685+0000][7][gc,heap     ] GC(261) Old regions: 26->26
[2022-09-29T09:18:04.685+0000][7][gc,heap     ] GC(261) Archive regions: 2->2
[2022-09-29T09:18:04.685+0000][7][gc,heap     ] GC(261) Humongous regions: 5->5
[2022-09-29T09:18:04.686+0000][7][gc,metaspace] GC(261) Metaspace: 115580K(119964K)->115580K(119964K) NonClass: 100858K(103836K)->100858K(103836K) Class: 14721K(16128K)->14721K(16128K)
[2022-09-29T09:18:04.686+0000][7][gc          ] GC(261) Pause Young (Concurrent Start) (G1 Evacuation Pause) 203M->127M(256M) 16.762ms
[2022-09-29T09:18:04.687+0000][7][gc,cpu      ] GC(261) User=0.02s Sys=0.00s Real=0.01s
[2022-09-29T09:18:04.688+0000][7][gc          ] GC(262) Concurrent Cycle
[2022-09-29T09:18:04.688+0000][7][safepoint   ] Safepoint "G1CollectForAllocation", Time since last: 1890571477 ns, Reaching safepoint: 467691 ns, At safepoint: 18254551 ns, Total: 18722242 ns
[2022-09-29T09:18:04.688+0000][7][gc,marking  ] GC(262) Concurrent Clear Claimed Marks
[2022-09-29T09:18:04.690+0000][7][gc,marking  ] GC(262) Concurrent Clear Claimed Marks 1.296ms
[2022-09-29T09:18:04.690+0000][7][gc,marking  ] GC(262) Concurrent Scan Root Regions
[2022-09-29T09:18:04.694+0000][7][gc,marking  ] GC(262) Concurrent Scan Root Regions 3.601ms
[2022-09-29T09:18:04.694+0000][7][gc,marking  ] GC(262) Concurrent Mark (11693.787s)
[2022-09-29T09:18:04.694+0000][7][gc,marking  ] GC(262) Concurrent Mark From Roots
[2022-09-29T09:18:04.694+0000][7][gc,task     ] GC(262) Using 3 workers of 3 for marking
[2022-09-29T09:18:04.749+0000][7][gc,marking  ] GC(262) Concurrent Mark From Roots 54.983ms
[2022-09-29T09:18:04.750+0000][7][gc,marking  ] GC(262) Concurrent Preclean
[2022-09-29T09:18:04.751+0000][7][gc,marking  ] GC(262) Concurrent Preclean 0.913ms
[2022-09-29T09:18:04.751+0000][7][gc,marking  ] GC(262) Concurrent Mark (11693.787s, 11693.844s) 57.041ms
[2022-09-29T09:18:04.752+0000][7][gc,start    ] GC(262) Pause Remark
[2022-09-29T09:18:04.766+0000][7][gc          ] GC(262) Pause Remark 129M->129M(256M) 13.486ms
[2022-09-29T09:18:04.766+0000][7][gc,cpu      ] GC(262) User=0.07s Sys=0.00s Real=0.01s
[2022-09-29T09:18:04.767+0000][7][safepoint   ] Safepoint "G1Concurrent", Time since last: 63639502 ns, Reaching safepoint: 469907 ns, At safepoint: 14760676 ns, Total: 15230583 ns
[2022-09-29T09:18:04.767+0000][7][gc,marking  ] GC(262) Concurrent Rebuild Remembered Sets
[2022-09-29T09:18:04.822+0000][7][gc,marking  ] GC(262) Concurrent Rebuild Remembered Sets 54.127ms
[2022-09-29T09:18:04.823+0000][7][gc,start    ] GC(262) Pause Cleanup
[2022-09-29T09:18:04.824+0000][7][gc          ] GC(262) Pause Cleanup 129M->129M(256M) 0.813ms
[2022-09-29T09:18:04.824+0000][7][gc,cpu      ] GC(262) User=0.00s Sys=0.00s Real=0.00s
[2022-09-29T09:18:04.825+0000][7][safepoint   ] Safepoint "G1Concurrent", Time since last: 55529440 ns, Reaching safepoint: 545607 ns, At safepoint: 2277901 ns, Total: 2823508 ns
[2022-09-29T09:18:04.826+0000][7][gc,marking  ] GC(262) Concurrent Cleanup for Next Mark
[2022-09-29T09:18:04.827+0000][7][gc,marking  ] GC(262) Concurrent Cleanup for Next Mark 1.246ms
[2022-09-29T09:18:04.828+0000][7][gc          ] GC(262) Concurrent Cycle 139.736ms
[2022-09-29T09:19:04.838+0000][7][safepoint   ] Safepoint "Cleanup", Time since last: 60012464169 ns, Reaching safepoint: 301520 ns, At safepoint: 38163 ns, Total: 339683 ns
[2022-09-29T09:19:05.839+0000][7][safepoint   ] Safepoint "Cleanup", Time since last: 1000443666 ns, Reaching safepoint: 434701 ns, At safepoint: 68630 ns, Total: 503331 ns
[2022-09-29T09:19:06.840+0000][7][safepoint   ] Safepoint "Cleanup", Time since last: 1000542934 ns, Reaching safepoint: 281105 ns, At safepoint: 29536 ns, Total: 310641 ns
[2022-09-29T09:19:19.736+0000][7][gc,start    ] GC(263) Pause Young (Normal) (G1 Evacuation Pause)
[2022-09-29T09:19:19.736+0000][7][gc,task     ] GC(263) Using 6 workers of 13 for evacuation
[2022-09-29T09:19:19.737+0000][7][gc,age      ] GC(263) Desired survivor size 6291456 bytes, new threshold 15 (max threshold 15)
[2022-09-29T09:19:19.740+0000][7][gc,age      ] GC(263) Age table with threshold 15 (max threshold 15)
[2022-09-29T09:19:19.741+0000][7][gc,age      ] GC(263) - age   1:     504072 bytes,     504072 total
[2022-09-29T09:19:19.741+0000][7][gc,age      ] GC(263) - age   2:     659792 bytes,    1163864 total
[2022-09-29T09:19:19.741+0000][7][gc,age      ] GC(263) - age   3:     435208 bytes,    1599072 total
[2022-09-29T09:19:19.742+0000][7][gc,age      ] GC(263) - age   4:     107752 bytes,    1706824 total
[2022-09-29T09:19:19.742+0000][7][gc,age      ] GC(263) - age   5:       2064 bytes,    1708888 total
[2022-09-29T09:19:19.742+0000][7][gc,age      ] GC(263) - age   6:      30392 bytes,    1739280 total
[2022-09-29T09:19:19.742+0000][7][gc,age      ] GC(263) - age   7:     165336 bytes,    1904616 total
[2022-09-29T09:19:19.742+0000][7][gc,age      ] GC(263) - age   8:      23328 bytes,    1927944 total
[2022-09-29T09:19:19.743+0000][7][gc,age      ] GC(263) - age   9:      96376 bytes,    2024320 total
[2022-09-29T09:19:19.743+0000][7][gc,age      ] GC(263) - age  10:      10832 bytes,    2035152 total
[2022-09-29T09:19:19.743+0000][7][gc,age      ] GC(263) - age  11:        360 bytes,    2035512 total
[2022-09-29T09:19:19.743+0000][7][gc,age      ] GC(263) - age  12:       1024 bytes,    2036536 total
[2022-09-29T09:19:19.744+0000][7][gc,age      ] GC(263) - age  13:      25272 bytes,    2061808 total
[2022-09-29T09:19:19.744+0000][7][gc,age      ] GC(263) - age  14:     119736 bytes,    2181544 total
[2022-09-29T09:19:19.745+0000][7][gc,age      ] GC(263) - age  15:       8008 bytes,    2189552 total
[2022-09-29T09:19:19.745+0000][7][gc,phases   ] GC(263)   Pre Evacuate Collection Set: 0.2ms
[2022-09-29T09:19:19.746+0000][7][gc,phases   ] GC(263)   Merge Heap Roots: 0.1ms
[2022-09-29T09:19:19.746+0000][7][gc,phases   ] GC(263)   Evacuate Collection Set: 1.7ms
[2022-09-29T09:19:19.746+0000][7][gc,phases   ] GC(263)   Post Evacuate Collection Set: 1.3ms
[2022-09-29T09:19:19.747+0000][7][gc,phases   ] GC(263)   Other: 6.0ms
[2022-09-29T09:19:19.747+0000][7][gc,heap     ] GC(263) Eden regions: 19->0(19)
[2022-09-29T09:19:19.747+0000][7][gc,heap     ] GC(263) Survivor regions: 1->1(3)
[2022-09-29T09:19:19.747+0000][7][gc,heap     ] GC(263) Old regions: 26->26
[2022-09-29T09:19:19.747+0000][7][gc,heap     ] GC(263) Archive regions: 2->2
[2022-09-29T09:19:19.748+0000][7][gc,heap     ] GC(263) Humongous regions: 5->5
[2022-09-29T09:19:19.748+0000][7][gc,metaspace] GC(263) Metaspace: 115580K(119964K)->115580K(119964K) NonClass: 100858K(103836K)->100858K(103836K) Class: 14721K(16128K)->14721K(16128K)
[2022-09-29T09:19:19.748+0000][7][gc          ] GC(263) Pause Young (Normal) (G1 Evacuation Pause) 203M->127M(256M) 12.134ms
[2022-09-29T09:19:19.748+0000][7][gc,cpu      ] GC(263) User=0.01s Sys=0.00s Real=0.01s
[2022-09-29T09:19:19.748+0000][7][safepoint   ] Safepoint "G1CollectForAllocation", Time since last: 12895654570 ns, Reaching safepoint: 324107 ns, At safepoint: 12691615 ns, Total: 13015722 ns
[2022-09-29T09:20:08.759+0000][7][safepoint   ] Safepoint "Cleanup", Time since last: 49010054770 ns, Reaching safepoint: 265631 ns, At safepoint: 33634 ns, Total: 299265 ns
[2022-09-29T09:20:13.547+0000][7][gc,start    ] GC(264) Pause Young (Concurrent Start) (G1 Evacuation Pause)
[2022-09-29T09:20:13.548+0000][7][gc,task     ] GC(264) Using 6 workers of 13 for evacuation
[2022-09-29T09:20:13.548+0000][7][gc,age      ] GC(264) Desired survivor size 6291456 bytes, new threshold 15 (max threshold 15)
[2022-09-29T09:20:13.552+0000][7][gc,age      ] GC(264) Age table with threshold 15 (max threshold 15)
[2022-09-29T09:20:13.552+0000][7][gc,age      ] GC(264) - age   1:     198664 bytes,     198664 total
[2022-09-29T09:20:13.553+0000][7][gc,age      ] GC(264) - age   2:      19984 bytes,     218648 total
[2022-09-29T09:20:13.553+0000][7][gc,age      ] GC(264) - age   3:      50824 bytes,     269472 total
[2022-09-29T09:20:13.553+0000][7][gc,age      ] GC(264) - age   4:     234816 bytes,     504288 total
[2022-09-29T09:20:13.553+0000][7][gc,age      ] GC(264) - age   5:       2088 bytes,     506376 total
[2022-09-29T09:20:13.554+0000][7][gc,age      ] GC(264) - age   6:       1496 bytes,     507872 total
[2022-09-29T09:20:13.554+0000][7][gc,age      ] GC(264) - age   7:       2344 bytes,     510216 total
[2022-09-29T09:20:13.554+0000][7][gc,age      ] GC(264) - age   8:      18320 bytes,     528536 total
[2022-09-29T09:20:13.555+0000][7][gc,age      ] GC(264) - age   9:      23200 bytes,     551736 total
[2022-09-29T09:20:13.555+0000][7][gc,age      ] GC(264) - age  10:      94784 bytes,     646520 total
[2022-09-29T09:20:13.555+0000][7][gc,age      ] GC(264) - age  11:      10792 bytes,     657312 total
[2022-09-29T09:20:13.555+0000][7][gc,age      ] GC(264) - age  12:        120 bytes,     657432 total
[2022-09-29T09:20:13.556+0000][7][gc,age      ] GC(264) - age  13:       1024 bytes,     658456 total
[2022-09-29T09:20:13.556+0000][7][gc,age      ] GC(264) - age  14:      25144 bytes,     683600 total
[2022-09-29T09:20:13.556+0000][7][gc,age      ] GC(264) - age  15:     119736 bytes,     803336 total
[2022-09-29T09:20:13.557+0000][7][gc,phases   ] GC(264)   Pre Evacuate Collection Set: 0.4ms
[2022-09-29T09:20:13.557+0000][7][gc,phases   ] GC(264)   Merge Heap Roots: 0.1ms
[2022-09-29T09:20:13.557+0000][7][gc,phases   ] GC(264)   Evacuate Collection Set: 1.5ms
[2022-09-29T09:20:13.557+0000][7][gc,phases   ] GC(264)   Post Evacuate Collection Set: 1.2ms
[2022-09-29T09:20:13.558+0000][7][gc,phases   ] GC(264)   Other: 5.9ms
[2022-09-29T09:20:13.558+0000][7][gc,heap     ] GC(264) Eden regions: 19->0(19)
[2022-09-29T09:20:13.558+0000][7][gc,heap     ] GC(264) Survivor regions: 1->1(3)
[2022-09-29T09:20:13.558+0000][7][gc,heap     ] GC(264) Old regions: 26->26
[2022-09-29T09:20:13.559+0000][7][gc,heap     ] GC(264) Archive regions: 2->2
[2022-09-29T09:20:13.559+0000][7][gc,heap     ] GC(264) Humongous regions: 5->5
[2022-09-29T09:20:13.559+0000][7][gc,metaspace] GC(264) Metaspace: 115581K(119964K)->115581K(119964K) NonClass: 100859K(103836K)->100859K(103836K) Class: 14721K(16128K)->14721K(16128K)
[2022-09-29T09:20:13.559+0000][7][gc          ] GC(264) Pause Young (Concurrent Start) (G1 Evacuation Pause) 203M->126M(256M) 12.052ms
[2022-09-29T09:20:13.560+0000][7][gc,cpu      ] GC(264) User=0.01s Sys=0.01s Real=0.02s
[2022-09-29T09:20:13.560+0000][7][gc          ] GC(265) Concurrent Cycle
[2022-09-29T09:20:13.560+0000][7][safepoint   ] Safepoint "G1CollectForAllocation", Time since last: 4788332577 ns, Reaching safepoint: 292034 ns, At safepoint: 12752751 ns, Total: 13044785 ns
[2022-09-29T09:20:13.560+0000][7][gc,marking  ] GC(265) Concurrent Clear Claimed Marks
[2022-09-29T09:20:13.561+0000][7][gc,marking  ] GC(265) Concurrent Clear Claimed Marks 0.703ms
[2022-09-29T09:20:13.561+0000][7][gc,marking  ] GC(265) Concurrent Scan Root Regions
[2022-09-29T09:20:13.563+0000][7][gc,marking  ] GC(265) Concurrent Scan Root Regions 1.431ms
[2022-09-29T09:20:13.563+0000][7][gc,marking  ] GC(265) Concurrent Mark (11822.656s)
[2022-09-29T09:20:13.563+0000][7][gc,marking  ] GC(265) Concurrent Mark From Roots
[2022-09-29T09:20:13.564+0000][7][gc,task     ] GC(265) Using 3 workers of 3 for marking
[2022-09-29T09:20:13.626+0000][7][gc,marking  ] GC(265) Concurrent Mark From Roots 62.955ms
[2022-09-29T09:20:13.627+0000][7][gc,marking  ] GC(265) Concurrent Preclean
[2022-09-29T09:20:13.628+0000][7][gc,marking  ] GC(265) Concurrent Preclean 0.733ms
[2022-09-29T09:20:13.628+0000][7][gc,marking  ] GC(265) Concurrent Mark (11822.656s, 11822.721s) 64.877ms
[2022-09-29T09:20:13.629+0000][7][gc,start    ] GC(265) Pause Remark
[2022-09-29T09:20:13.640+0000][7][gc          ] GC(265) Pause Remark 126M->126M(256M) 11.357ms
[2022-09-29T09:20:13.642+0000][7][gc,cpu      ] GC(265) User=0.05s Sys=0.00s Real=0.02s
[2022-09-29T09:20:13.642+0000][7][safepoint   ] Safepoint "G1Concurrent", Time since last: 68369396 ns, Reaching safepoint: 367800 ns, At safepoint: 13325894 ns, Total: 13693694 ns
[2022-09-29T09:20:13.643+0000][7][gc,marking  ] GC(265) Concurrent Rebuild Remembered Sets
[2022-09-29T09:20:13.686+0000][7][gc,marking  ] GC(265) Concurrent Rebuild Remembered Sets 43.551ms
[2022-09-29T09:20:13.687+0000][7][gc,start    ] GC(265) Pause Cleanup
[2022-09-29T09:20:13.688+0000][7][gc          ] GC(265) Pause Cleanup 127M->127M(256M) 0.862ms
[2022-09-29T09:20:13.689+0000][7][gc,cpu      ] GC(265) User=0.00s Sys=0.00s Real=0.00s
[2022-09-29T09:20:13.689+0000][7][safepoint   ] Safepoint "G1Concurrent", Time since last: 44767981 ns, Reaching safepoint: 385654 ns, At safepoint: 1970035 ns, Total: 2355689 ns
[2022-09-29T09:20:13.690+0000][7][gc,marking  ] GC(265) Concurrent Cleanup for Next Mark
[2022-09-29T09:20:13.690+0000][7][gc,marking  ] GC(265) Concurrent Cleanup for Next Mark 0.747ms
[2022-09-29T09:20:13.691+0000][7][gc          ] GC(265) Concurrent Cycle 130.913ms
[2022-09-29T09:21:02.699+0000][7][safepoint   ] Safepoint "Cleanup", Time since last: 49009090045 ns, Reaching safepoint: 237363 ns, At safepoint: 35027 ns, Total: 272390 ns
[2022-09-29T09:21:12.701+0000][7][safepoint   ] Safepoint "Cleanup", Time since last: 10002054543 ns, Reaching safepoint: 280526 ns, At safepoint: 28445 ns, Total: 308971 ns
[2022-09-29T09:21:40.706+0000][7][gc,start    ] GC(266) Pause Young (Normal) (G1 Evacuation Pause)
[2022-09-29T09:21:40.707+0000][7][gc,task     ] GC(266) Using 6 workers of 13 for evacuation
[2022-09-29T09:21:40.707+0000][7][gc,age      ] GC(266) Desired survivor size 6291456 bytes, new threshold 15 (max threshold 15)
[2022-09-29T09:21:40.712+0000][7][gc,age      ] GC(266) Age table with threshold 15 (max threshold 15)
[2022-09-29T09:21:40.713+0000][7][gc,age      ] GC(266) - age   1:     534088 bytes,     534088 total
[2022-09-29T09:21:40.713+0000][7][gc,age      ] GC(266) - age   2:     152952 bytes,     687040 total
[2022-09-29T09:21:40.713+0000][7][gc,age      ] GC(266) - age   3:      18520 bytes,     705560 total
[2022-09-29T09:21:40.713+0000][7][gc,age      ] GC(266) - age   4:      49976 bytes,     755536 total
[2022-09-29T09:21:40.714+0000][7][gc,age      ] GC(266) - age   5:     234408 bytes,     989944 total
[2022-09-29T09:21:40.714+0000][7][gc,age      ] GC(266) - age   6:       2088 bytes,     992032 total
[2022-09-29T09:21:40.714+0000][7][gc,age      ] GC(266) - age   7:       1496 bytes,     993528 total
[2022-09-29T09:21:40.714+0000][7][gc,age      ] GC(266) - age   8:       2240 bytes,     995768 total
[2022-09-29T09:21:40.715+0000][7][gc,age      ] GC(266) - age   9:      18320 bytes,    1014088 total
[2022-09-29T09:21:40.715+0000][7][gc,age      ] GC(266) - age  10:      23200 bytes,    1037288 total
[2022-09-29T09:21:40.715+0000][7][gc,age      ] GC(266) - age  11:      94592 bytes,    1131880 total
[2022-09-29T09:21:40.715+0000][7][gc,age      ] GC(266) - age  12:      10728 bytes,    1142608 total
[2022-09-29T09:21:40.716+0000][7][gc,age      ] GC(266) - age  13:        120 bytes,    1142728 total
[2022-09-29T09:21:40.716+0000][7][gc,age      ] GC(266) - age  14:       1024 bytes,    1143752 total
[2022-09-29T09:21:40.716+0000][7][gc,age      ] GC(266) - age  15:      25080 bytes,    1168832 total
[2022-09-29T09:21:40.717+0000][7][gc,phases   ] GC(266)   Pre Evacuate Collection Set: 0.2ms
[2022-09-29T09:21:40.718+0000][7][gc,phases   ] GC(266)   Merge Heap Roots: 0.2ms
[2022-09-29T09:21:40.718+0000][7][gc,phases   ] GC(266)   Evacuate Collection Set: 4.0ms
[2022-09-29T09:21:40.719+0000][7][gc,phases   ] GC(266)   Post Evacuate Collection Set: 0.8ms
[2022-09-29T09:21:40.719+0000][7][gc,phases   ] GC(266)   Other: 5.7ms
[2022-09-29T09:21:40.719+0000][7][gc,heap     ] GC(266) Eden regions: 19->0(19)
[2022-09-29T09:21:40.719+0000][7][gc,heap     ] GC(266) Survivor regions: 1->1(3)
[2022-09-29T09:21:40.720+0000][7][gc,heap     ] GC(266) Old regions: 26->26
[2022-09-29T09:21:40.720+0000][7][gc,heap     ] GC(266) Archive regions: 2->2
[2022-09-29T09:21:40.720+0000][7][gc,heap     ] GC(266) Humongous regions: 5->5
[2022-09-29T09:21:40.720+0000][7][gc,metaspace] GC(266) Metaspace: 115583K(119964K)->115583K(119964K) NonClass: 100861K(103836K)->100861K(103836K) Class: 14721K(16128K)->14721K(16128K)
[2022-09-29T09:21:40.720+0000][7][gc          ] GC(266) Pause Young (Normal) (G1 Evacuation Pause) 202M->126M(256M) 14.136ms
[2022-09-29T09:21:40.721+0000][7][gc,cpu      ] GC(266) User=0.03s Sys=0.00s Real=0.02s
[2022-09-29T09:21:40.721+0000][7][safepoint   ] Safepoint "G1CollectForAllocation", Time since last: 28004783275 ns, Reaching safepoint: 277350 ns, At safepoint: 14841731 ns, Total: 15119081 ns
[2022-09-29T09:21:53.725+0000][7][safepoint   ] Safepoint "Cleanup", Time since last: 13003462636 ns, Reaching safepoint: 272076 ns, At safepoint: 37772 ns, Total: 309848 ns
[2022-09-29T09:22:39.832+0000][7][gc,start    ] GC(267) Pause Young (Concurrent Start) (G1 Evacuation Pause)
[2022-09-29T09:22:39.833+0000][7][gc,task     ] GC(267) Using 6 workers of 13 for evacuation
[2022-09-29T09:22:39.833+0000][7][gc,age      ] GC(267) Desired survivor size 6291456 bytes, new threshold 15 (max threshold 15)
[2022-09-29T09:22:39.840+0000][7][gc,age      ] GC(267) Age table with threshold 15 (max threshold 15)
[2022-09-29T09:22:39.840+0000][7][gc,age      ] GC(267) - age   1:     841040 bytes,     841040 total
[2022-09-29T09:22:39.840+0000][7][gc,age      ] GC(267) - age   2:     335848 bytes,    1176888 total
[2022-09-29T09:22:39.841+0000][7][gc,age      ] GC(267) - age   3:     151368 bytes,    1328256 total
[2022-09-29T09:22:39.841+0000][7][gc,age      ] GC(267) - age   4:      17728 bytes,    1345984 total
[2022-09-29T09:22:39.841+0000][7][gc,age      ] GC(267) - age   5:      33664 bytes,    1379648 total
[2022-09-29T09:22:39.841+0000][7][gc,age      ] GC(267) - age   6:     234408 bytes,    1614056 total
[2022-09-29T09:22:39.842+0000][7][gc,age      ] GC(267) - age   7:       1712 bytes,    1615768 total
[2022-09-29T09:22:39.842+0000][7][gc,age      ] GC(267) - age   8:       1144 bytes,    1616912 total
[2022-09-29T09:22:39.842+0000][7][gc,age      ] GC(267) - age   9:       2240 bytes,    1619152 total
[2022-09-29T09:22:39.842+0000][7][gc,age      ] GC(267) - age  10:      18256 bytes,    1637408 total
[2022-09-29T09:22:39.843+0000][7][gc,age      ] GC(267) - age  11:      23200 bytes,    1660608 total
[2022-09-29T09:22:39.843+0000][7][gc,age      ] GC(267) - age  12:      94528 bytes,    1755136 total
[2022-09-29T09:22:39.843+0000][7][gc,age      ] GC(267) - age  13:      10728 bytes,    1765864 total
[2022-09-29T09:22:39.843+0000][7][gc,age      ] GC(267) - age  14:        120 bytes,    1765984 total
[2022-09-29T09:22:39.843+0000][7][gc,age      ] GC(267) - age  15:       1024 bytes,    1767008 total
[2022-09-29T09:22:39.844+0000][7][gc,phases   ] GC(267)   Pre Evacuate Collection Set: 0.4ms
[2022-09-29T09:22:39.844+0000][7][gc,phases   ] GC(267)   Merge Heap Roots: 0.1ms
[2022-09-29T09:22:39.844+0000][7][gc,phases   ] GC(267)   Evacuate Collection Set: 3.8ms
[2022-09-29T09:22:39.844+0000][7][gc,phases   ] GC(267)   Post Evacuate Collection Set: 1.7ms
[2022-09-29T09:22:39.844+0000][7][gc,phases   ] GC(267)   Other: 5.3ms
[2022-09-29T09:22:39.845+0000][7][gc,heap     ] GC(267) Eden regions: 19->0(19)
[2022-09-29T09:22:39.845+0000][7][gc,heap     ] GC(267) Survivor regions: 1->1(3)
[2022-09-29T09:22:39.845+0000][7][gc,heap     ] GC(267) Old regions: 26->26
[2022-09-29T09:22:39.845+0000][7][gc,heap     ] GC(267) Archive regions: 2->2
[2022-09-29T09:22:39.845+0000][7][gc,heap     ] GC(267) Humongous regions: 5->5
[2022-09-29T09:22:39.846+0000][7][gc,metaspace] GC(267) Metaspace: 115584K(119964K)->115584K(119964K) NonClass: 100862K(103836K)->100862K(103836K) Class: 14721K(16128K)->14721K(16128K)
[2022-09-29T09:22:39.846+0000][7][gc          ] GC(267) Pause Young (Concurrent Start) (G1 Evacuation Pause) 202M->127M(256M) 13.520ms
[2022-09-29T09:22:39.846+0000][7][gc,cpu      ] GC(267) User=0.02s Sys=0.02s Real=0.01s
[2022-09-29T09:22:39.846+0000][7][gc          ] GC(268) Concurrent Cycle
[2022-09-29T09:22:39.846+0000][7][safepoint   ] Safepoint "G1CollectForAllocation", Time since last: 46107256695 ns, Reaching safepoint: 279966 ns, At safepoint: 14155204 ns, Total: 14435170 ns
[2022-09-29T09:22:39.847+0000][7][gc,marking  ] GC(268) Concurrent Clear Claimed Marks
[2022-09-29T09:22:39.847+0000][7][gc,marking  ] GC(268) Concurrent Clear Claimed Marks 0.690ms
[2022-09-29T09:22:39.848+0000][7][gc,marking  ] GC(268) Concurrent Scan Root Regions
[2022-09-29T09:22:39.849+0000][7][gc,marking  ] GC(268) Concurrent Scan Root Regions 1.756ms
[2022-09-29T09:22:39.850+0000][7][gc,marking  ] GC(268) Concurrent Mark (11968.942s)
[2022-09-29T09:22:39.850+0000][7][gc,marking  ] GC(268) Concurrent Mark From Roots
[2022-09-29T09:22:39.850+0000][7][gc,task     ] GC(268) Using 3 workers of 3 for marking
[2022-09-29T09:22:39.897+0000][7][gc,marking  ] GC(268) Concurrent Mark From Roots 47.075ms
[2022-09-29T09:22:39.898+0000][7][gc,marking  ] GC(268) Concurrent Preclean
[2022-09-29T09:22:39.899+0000][7][gc,marking  ] GC(268) Concurrent Preclean 0.830ms
[2022-09-29T09:22:39.899+0000][7][gc,marking  ] GC(268) Concurrent Mark (11968.942s, 11968.992s) 49.131ms
[2022-09-29T09:22:39.900+0000][7][gc,start    ] GC(268) Pause Remark
[2022-09-29T09:22:39.908+0000][7][gc          ] GC(268) Pause Remark 128M->128M(256M) 8.387ms
[2022-09-29T09:22:39.909+0000][7][gc,cpu      ] GC(268) User=0.03s Sys=0.00s Real=0.00s
[2022-09-29T09:22:39.909+0000][7][safepoint   ] Safepoint "G1Concurrent", Time since last: 53053630 ns, Reaching safepoint: 344749 ns, At safepoint: 9462958 ns, Total: 9807707 ns
[2022-09-29T09:22:39.910+0000][7][gc,marking  ] GC(268) Concurrent Rebuild Remembered Sets
[2022-09-29T09:22:39.936+0000][7][gc,marking  ] GC(268) Concurrent Rebuild Remembered Sets 26.635ms
[2022-09-29T09:22:39.937+0000][7][gc,start    ] GC(268) Pause Cleanup
[2022-09-29T09:22:39.938+0000][7][gc          ] GC(268) Pause Cleanup 128M->128M(256M) 0.963ms
[2022-09-29T09:22:39.939+0000][7][gc,cpu      ] GC(268) User=0.00s Sys=0.00s Real=0.00s
[2022-09-29T09:22:39.939+0000][7][safepoint   ] Safepoint "G1Concurrent", Time since last: 27700035 ns, Reaching safepoint: 327935 ns, At safepoint: 2099732 ns, Total: 2427667 ns
[2022-09-29T09:22:39.940+0000][7][gc,marking  ] GC(268) Concurrent Cleanup for Next Mark
[2022-09-29T09:22:39.941+0000][7][gc,marking  ] GC(268) Concurrent Cleanup for Next Mark 0.729ms
[2022-09-29T09:22:39.941+0000][7][gc          ] GC(268) Concurrent Cycle 94.780ms
[2022-09-29T09:23:52.729+0000][7][gc,start    ] GC(269) Pause Young (Normal) (G1 Evacuation Pause)
[2022-09-29T09:23:52.730+0000][7][gc,task     ] GC(269) Using 6 workers of 13 for evacuation
[2022-09-29T09:23:52.730+0000][7][gc,age      ] GC(269) Desired survivor size 6291456 bytes, new threshold 15 (max threshold 15)
[2022-09-29T09:23:52.735+0000][7][gc,age      ] GC(269) Age table with threshold 15 (max threshold 15)
[2022-09-29T09:23:52.735+0000][7][gc,age      ] GC(269) - age   1:     630616 bytes,     630616 total
[2022-09-29T09:23:52.735+0000][7][gc,age      ] GC(269) - age   2:     673560 bytes,    1304176 total
[2022-09-29T09:23:52.736+0000][7][gc,age      ] GC(269) - age   3:     335000 bytes,    1639176 total
[2022-09-29T09:23:52.736+0000][7][gc,age      ] GC(269) - age   4:     150880 bytes,    1790056 total
[2022-09-29T09:23:52.736+0000][7][gc,age      ] GC(269) - age   5:      17440 bytes,    1807496 total
[2022-09-29T09:23:52.736+0000][7][gc,age      ] GC(269) - age   6:      33432 bytes,    1840928 total
[2022-09-29T09:23:52.737+0000][7][gc,age      ] GC(269) - age   7:     234248 bytes,    2075176 total
[2022-09-29T09:23:52.737+0000][7][gc,age      ] GC(269) - age   8:       1224 bytes,    2076400 total
[2022-09-29T09:23:52.737+0000][7][gc,age      ] GC(269) - age   9:       1080 bytes,    2077480 total
[2022-09-29T09:23:52.737+0000][7][gc,age      ] GC(269) - age  10:       1440 bytes,    2078920 total
[2022-09-29T09:23:52.737+0000][7][gc,age      ] GC(269) - age  11:      18192 bytes,    2097112 total
[2022-09-29T09:23:52.738+0000][7][gc,age      ] GC(269) - age  12:      23200 bytes,    2120312 total
[2022-09-29T09:23:52.738+0000][7][gc,age      ] GC(269) - age  13:      94528 bytes,    2214840 total
[2022-09-29T09:23:52.738+0000][7][gc,age      ] GC(269) - age  14:      10728 bytes,    2225568 total
[2022-09-29T09:23:52.738+0000][7][gc,age      ] GC(269) - age  15:        120 bytes,    2225688 total
[2022-09-29T09:23:52.738+0000][7][gc,phases   ] GC(269)   Pre Evacuate Collection Set: 0.3ms
[2022-09-29T09:23:52.739+0000][7][gc,phases   ] GC(269)   Merge Heap Roots: 0.1ms
[2022-09-29T09:23:52.739+0000][7][gc,phases   ] GC(269)   Evacuate Collection Set: 2.3ms
[2022-09-29T09:23:52.739+0000][7][gc,phases   ] GC(269)   Post Evacuate Collection Set: 1.1ms
[2022-09-29T09:23:52.739+0000][7][gc,phases   ] GC(269)   Other: 5.4ms
[2022-09-29T09:23:52.739+0000][7][gc,heap     ] GC(269) Eden regions: 19->0(19)
[2022-09-29T09:23:52.740+0000][7][gc,heap     ] GC(269) Survivor regions: 1->1(3)
[2022-09-29T09:23:52.740+0000][7][gc,heap     ] GC(269) Old regions: 26->26
[2022-09-29T09:23:52.740+0000][7][gc,heap     ] GC(269) Archive regions: 2->2
[2022-09-29T09:23:52.740+0000][7][gc,heap     ] GC(269) Humongous regions: 5->5
[2022-09-29T09:23:52.740+0000][7][gc,metaspace] GC(269) Metaspace: 115588K(119964K)->115588K(119964K) NonClass: 100867K(103836K)->100867K(103836K) Class: 14721K(16128K)->14721K(16128K)
[2022-09-29T09:23:52.741+0000][7][gc          ] GC(269) Pause Young (Normal) (G1 Evacuation Pause) 203M->127M(256M) 11.428ms
[2022-09-29T09:23:52.741+0000][7][gc,cpu      ] GC(269) User=0.02s Sys=0.00s Real=0.02s
[2022-09-29T09:23:52.741+0000][7][safepoint   ] Safepoint "G1CollectForAllocation", Time since last: 72789410918 ns, Reaching safepoint: 445313 ns, At safepoint: 12119045 ns, Total: 12564358 ns
[2022-09-29T09:24:02.744+0000][7][safepoint   ] Safepoint "Cleanup", Time since last: 10002519892 ns, Reaching safepoint: 274090 ns, At safepoint: 66156 ns, Total: 340246 ns
[2022-09-29T09:24:20.748+0000][7][safepoint   ] Safepoint "Cleanup", Time since last: 18003596983 ns, Reaching safepoint: 260858 ns, At safepoint: 36659 ns, Total: 297517 ns
[2022-09-29T09:24:21.749+0000][7][safepoint   ] Safepoint "Cleanup", Time since last: 1000860463 ns, Reaching safepoint: 282376 ns, At safepoint: 48773 ns, Total: 331149 ns
[2022-09-29T09:24:55.744+0000][7][gc,start    ] GC(270) Pause Young (Concurrent Start) (G1 Evacuation Pause)
[2022-09-29T09:24:55.745+0000][7][gc,task     ] GC(270) Using 6 workers of 13 for evacuation
[2022-09-29T09:24:55.746+0000][7][gc,age      ] GC(270) Desired survivor size 6291456 bytes, new threshold 15 (max threshold 15)
[2022-09-29T09:24:55.750+0000][7][gc,age      ] GC(270) Age table with threshold 15 (max threshold 15)
[2022-09-29T09:24:55.750+0000][7][gc,age      ] GC(270) - age   1:     430536 bytes,     430536 total
[2022-09-29T09:24:55.750+0000][7][gc,age      ] GC(270) - age   2:      44296 bytes,     474832 total
[2022-09-29T09:24:55.751+0000][7][gc,age      ] GC(270) - age   3:      45848 bytes,     520680 total
[2022-09-29T09:24:55.751+0000][7][gc,age      ] GC(270) - age   4:      47464 bytes,     568144 total
[2022-09-29T09:24:55.751+0000][7][gc,age      ] GC(270) - age   5:     150816 bytes,     718960 total
[2022-09-29T09:24:55.751+0000][7][gc,age      ] GC(270) - age   6:       1096 bytes,     720056 total
[2022-09-29T09:24:55.751+0000][7][gc,age      ] GC(270) - age   7:      17496 bytes,     737552 total
[2022-09-29T09:24:55.751+0000][7][gc,age      ] GC(270) - age   8:      34688 bytes,     772240 total
[2022-09-29T09:24:55.752+0000][7][gc,age      ] GC(270) - age   9:       1120 bytes,     773360 total
[2022-09-29T09:24:55.752+0000][7][gc,age      ] GC(270) - age  10:        888 bytes,     774248 total
[2022-09-29T09:24:55.752+0000][7][gc,age      ] GC(270) - age  11:       1440 bytes,     775688 total
[2022-09-29T09:24:55.752+0000][7][gc,age      ] GC(270) - age  12:      18000 bytes,     793688 total
[2022-09-29T09:24:55.753+0000][7][gc,age      ] GC(270) - age  13:      23200 bytes,     816888 total
[2022-09-29T09:24:55.753+0000][7][gc,age      ] GC(270) - age  14:      94528 bytes,     911416 total
[2022-09-29T09:24:55.753+0000][7][gc,age      ] GC(270) - age  15:      10728 bytes,     922144 total
[2022-09-29T09:24:55.753+0000][7][gc,phases   ] GC(270)   Pre Evacuate Collection Set: 0.4ms
[2022-09-29T09:24:55.754+0000][7][gc,phases   ] GC(270)   Merge Heap Roots: 0.1ms
[2022-09-29T09:24:55.754+0000][7][gc,phases   ] GC(270)   Evacuate Collection Set: 1.4ms
[2022-09-29T09:24:55.754+0000][7][gc,phases   ] GC(270)   Post Evacuate Collection Set: 1.3ms
[2022-09-29T09:24:55.754+0000][7][gc,phases   ] GC(270)   Other: 5.7ms
[2022-09-29T09:24:55.755+0000][7][gc,heap     ] GC(270) Eden regions: 19->0(19)
[2022-09-29T09:24:55.755+0000][7][gc,heap     ] GC(270) Survivor regions: 1->1(3)
[2022-09-29T09:24:55.755+0000][7][gc,heap     ] GC(270) Old regions: 26->26
[2022-09-29T09:24:55.755+0000][7][gc,heap     ] GC(270) Archive regions: 2->2
[2022-09-29T09:24:55.756+0000][7][gc,heap     ] GC(270) Humongous regions: 5->5
[2022-09-29T09:24:55.756+0000][7][gc,metaspace] GC(270) Metaspace: 115589K(119964K)->115589K(119964K) NonClass: 100867K(103836K)->100867K(103836K) Class: 14721K(16128K)->14721K(16128K)
[2022-09-29T09:24:55.756+0000][7][gc          ] GC(270) Pause Young (Concurrent Start) (G1 Evacuation Pause) 203M->126M(256M) 11.539ms
[2022-09-29T09:24:55.756+0000][7][gc,cpu      ] GC(270) User=0.00s Sys=0.01s Real=0.01s
[2022-09-29T09:24:55.756+0000][7][gc          ] GC(271) Concurrent Cycle
[2022-09-29T09:24:55.756+0000][7][safepoint   ] Safepoint "G1CollectForAllocation", Time since last: 33994659320 ns, Reaching safepoint: 386997 ns, At safepoint: 12187845 ns, Total: 12574842 ns
[2022-09-29T09:24:55.757+0000][7][gc,marking  ] GC(271) Concurrent Clear Claimed Marks
[2022-09-29T09:24:55.757+0000][7][gc,marking  ] GC(271) Concurrent Clear Claimed Marks 0.566ms
[2022-09-29T09:24:55.757+0000][7][gc,marking  ] GC(271) Concurrent Scan Root Regions
[2022-09-29T09:24:55.760+0000][7][gc,marking  ] GC(271) Concurrent Scan Root Regions 2.092ms
[2022-09-29T09:24:55.760+0000][7][gc,marking  ] GC(271) Concurrent Mark (12104.853s)
[2022-09-29T09:24:55.760+0000][7][gc,marking  ] GC(271) Concurrent Mark From Roots
[2022-09-29T09:24:55.761+0000][7][gc,task     ] GC(271) Using 3 workers of 3 for marking
[2022-09-29T09:24:55.807+0000][7][gc,marking  ] GC(271) Concurrent Mark From Roots 46.140ms
[2022-09-29T09:24:55.807+0000][7][gc,marking  ] GC(271) Concurrent Preclean
[2022-09-29T09:24:55.808+0000][7][gc,marking  ] GC(271) Concurrent Preclean 0.668ms
[2022-09-29T09:24:55.808+0000][7][gc,marking  ] GC(271) Concurrent Mark (12104.853s, 12104.901s) 47.861ms
[2022-09-29T09:24:55.809+0000][7][gc,start    ] GC(271) Pause Remark
[2022-09-29T09:24:55.818+0000][7][gc          ] GC(271) Pause Remark 127M->127M(256M) 8.455ms
[2022-09-29T09:24:55.818+0000][7][gc,cpu      ] GC(271) User=0.04s Sys=0.00s Real=0.01s
[2022-09-29T09:24:55.818+0000][7][safepoint   ] Safepoint "G1Concurrent", Time since last: 52245800 ns, Reaching safepoint: 337674 ns, At safepoint: 9354957 ns, Total: 9692631 ns
[2022-09-29T09:24:55.819+0000][7][gc,marking  ] GC(271) Concurrent Rebuild Remembered Sets
[2022-09-29T09:24:55.844+0000][7][gc,marking  ] GC(271) Concurrent Rebuild Remembered Sets 25.590ms
[2022-09-29T09:24:55.845+0000][7][gc,start    ] GC(271) Pause Cleanup
[2022-09-29T09:24:55.846+0000][7][gc          ] GC(271) Pause Cleanup 127M->127M(256M) 0.682ms
[2022-09-29T09:24:55.847+0000][7][gc,cpu      ] GC(271) User=0.00s Sys=0.00s Real=0.00s
[2022-09-29T09:24:55.847+0000][7][safepoint   ] Safepoint "G1Concurrent", Time since last: 26575865 ns, Reaching safepoint: 356958 ns, At safepoint: 1602033 ns, Total: 1958991 ns
[2022-09-29T09:24:55.847+0000][7][gc,marking  ] GC(271) Concurrent Cleanup for Next Mark
[2022-09-29T09:24:55.848+0000][7][gc,marking  ] GC(271) Concurrent Cleanup for Next Mark 0.805ms
[2022-09-29T09:24:55.849+0000][7][gc          ] GC(271) Concurrent Cycle 92.188ms
[2022-09-29T09:26:02.861+0000][7][safepoint   ] Safepoint "Cleanup", Time since last: 67013312957 ns, Reaching safepoint: 305983 ns, At safepoint: 35999 ns, Total: 341982 ns
[2022-09-29T09:26:09.940+0000][7][gc,start    ] GC(272) Pause Young (Normal) (G1 Evacuation Pause)
[2022-09-29T09:26:09.940+0000][7][gc,task     ] GC(272) Using 6 workers of 13 for evacuation
[2022-09-29T09:26:09.940+0000][7][gc,age      ] GC(272) Desired survivor size 6291456 bytes, new threshold 15 (max threshold 15)
[2022-09-29T09:26:09.946+0000][7][gc,age      ] GC(272) Age table with threshold 15 (max threshold 15)
[2022-09-29T09:26:09.947+0000][7][gc,age      ] GC(272) - age   1:     548872 bytes,     548872 total
[2022-09-29T09:26:09.947+0000][7][gc,age      ] GC(272) - age   2:     302184 bytes,     851056 total
[2022-09-29T09:26:09.947+0000][7][gc,age      ] GC(272) - age   3:      18872 bytes,     869928 total
[2022-09-29T09:26:09.947+0000][7][gc,age      ] GC(272) - age   4:      44376 bytes,     914304 total
[2022-09-29T09:26:09.947+0000][7][gc,age      ] GC(272) - age   5:      46944 bytes,     961248 total
[2022-09-29T09:26:09.948+0000][7][gc,age      ] GC(272) - age   6:     150432 bytes,    1111680 total
[2022-09-29T09:26:09.948+0000][7][gc,age      ] GC(272) - age   7:       1016 bytes,    1112696 total
[2022-09-29T09:26:09.948+0000][7][gc,age      ] GC(272) - age   8:      17400 bytes,    1130096 total
[2022-09-29T09:26:09.948+0000][7][gc,age      ] GC(272) - age   9:      34648 bytes,    1164744 total
[2022-09-29T09:26:09.948+0000][7][gc,age      ] GC(272) - age  10:       1120 bytes,    1165864 total
[2022-09-29T09:26:09.949+0000][7][gc,age      ] GC(272) - age  11:        888 bytes,    1166752 total
[2022-09-29T09:26:09.949+0000][7][gc,age      ] GC(272) - age  12:       1312 bytes,    1168064 total
[2022-09-29T09:26:09.949+0000][7][gc,age      ] GC(272) - age  13:      18000 bytes,    1186064 total
[2022-09-29T09:26:09.949+0000][7][gc,age      ] GC(272) - age  14:      23200 bytes,    1209264 total
[2022-09-29T09:26:09.949+0000][7][gc,age      ] GC(272) - age  15:      94528 bytes,    1303792 total
[2022-09-29T09:26:09.949+0000][7][gc,phases   ] GC(272)   Pre Evacuate Collection Set: 0.2ms
[2022-09-29T09:26:09.950+0000][7][gc,phases   ] GC(272)   Merge Heap Roots: 0.1ms
[2022-09-29T09:26:09.950+0000][7][gc,phases   ] GC(272)   Evacuate Collection Set: 4.1ms
[2022-09-29T09:26:09.950+0000][7][gc,phases   ] GC(272)   Post Evacuate Collection Set: 1.3ms
[2022-09-29T09:26:09.950+0000][7][gc,phases   ] GC(272)   Other: 4.2ms
[2022-09-29T09:26:09.950+0000][7][gc,heap     ] GC(272) Eden regions: 19->0(19)
[2022-09-29T09:26:09.951+0000][7][gc,heap     ] GC(272) Survivor regions: 1->1(3)
[2022-09-29T09:26:09.951+0000][7][gc,heap     ] GC(272) Old regions: 26->26
[2022-09-29T09:26:09.951+0000][7][gc,heap     ] GC(272) Archive regions: 2->2
[2022-09-29T09:26:09.951+0000][7][gc,heap     ] GC(272) Humongous regions: 5->5
[2022-09-29T09:26:09.952+0000][7][gc,metaspace] GC(272) Metaspace: 115592K(119964K)->115592K(119964K) NonClass: 100870K(103836K)->100870K(103836K) Class: 14721K(16128K)->14721K(16128K)
[2022-09-29T09:26:09.952+0000][7][gc          ] GC(272) Pause Young (Normal) (G1 Evacuation Pause) 202M->126M(256M) 12.489ms
[2022-09-29T09:26:09.953+0000][7][gc,cpu      ] GC(272) User=0.03s Sys=0.00s Real=0.01s
[2022-09-29T09:26:09.953+0000][7][safepoint   ] Safepoint "G1CollectForAllocation", Time since last: 7078626552 ns, Reaching safepoint: 277358 ns, At safepoint: 13519223 ns, Total: 13796581 ns
[2022-09-29T09:27:02.964+0000][7][safepoint   ] Safepoint "Cleanup", Time since last: 53010593985 ns, Reaching safepoint: 402917 ns, At safepoint: 68801 ns, Total: 471718 ns
[2022-09-29T09:27:04.980+0000][7][gc,start    ] GC(273) Pause Young (Concurrent Start) (G1 Evacuation Pause)
[2022-09-29T09:27:04.981+0000][7][gc,task     ] GC(273) Using 6 workers of 13 for evacuation
[2022-09-29T09:27:04.982+0000][7][gc,age      ] GC(273) Desired survivor size 6291456 bytes, new threshold 15 (max threshold 15)
[2022-09-29T09:27:04.986+0000][7][gc,age      ] GC(273) Age table with threshold 15 (max threshold 15)
[2022-09-29T09:27:04.987+0000][7][gc,age      ] GC(273) - age   1:     877816 bytes,     877816 total
[2022-09-29T09:27:04.987+0000][7][gc,age      ] GC(273) - age   2:     418976 bytes,    1296792 total
[2022-09-29T09:27:04.988+0000][7][gc,age      ] GC(273) - age   3:     285728 bytes,    1582520 total
[2022-09-29T09:27:04.988+0000][7][gc,age      ] GC(273) - age   4:      18136 bytes,    1600656 total
[2022-09-29T09:27:04.988+0000][7][gc,age      ] GC(273) - age   5:      43568 bytes,    1644224 total
[2022-09-29T09:27:04.989+0000][7][gc,age      ] GC(273) - age   6:      30696 bytes,    1674920 total
[2022-09-29T09:27:04.989+0000][7][gc,age      ] GC(273) - age   7:     150304 bytes,    1825224 total
[2022-09-29T09:27:04.989+0000][7][gc,age      ] GC(273) - age   8:        952 bytes,    1826176 total
[2022-09-29T09:27:04.990+0000][7][gc,age      ] GC(273) - age   9:      16896 bytes,    1843072 total
[2022-09-29T09:27:04.990+0000][7][gc,age      ] GC(273) - age  10:      34648 bytes,    1877720 total
[2022-09-29T09:27:04.991+0000][7][gc,age      ] GC(273) - age  11:        960 bytes,    1878680 total
[2022-09-29T09:27:04.991+0000][7][gc,age      ] GC(273) - age  12:        752 bytes,    1879432 total
[2022-09-29T09:27:04.991+0000][7][gc,age      ] GC(273) - age  13:       1120 bytes,    1880552 total
[2022-09-29T09:27:04.992+0000][7][gc,age      ] GC(273) - age  14:      17896 bytes,    1898448 total
[2022-09-29T09:27:04.992+0000][7][gc,age      ] GC(273) - age  15:      23136 bytes,    1921584 total
[2022-09-29T09:27:04.993+0000][7][gc,phases   ] GC(273)   Pre Evacuate Collection Set: 0.6ms
[2022-09-29T09:27:04.994+0000][7][gc,phases   ] GC(273)   Merge Heap Roots: 0.1ms
[2022-09-29T09:27:04.994+0000][7][gc,phases   ] GC(273)   Evacuate Collection Set: 2.5ms
[2022-09-29T09:27:04.994+0000][7][gc,phases   ] GC(273)   Post Evacuate Collection Set: 1.2ms
[2022-09-29T09:27:04.995+0000][7][gc,phases   ] GC(273)   Other: 8.5ms
[2022-09-29T09:27:04.995+0000][7][gc,heap     ] GC(273) Eden regions: 19->0(19)
[2022-09-29T09:27:04.996+0000][7][gc,heap     ] GC(273) Survivor regions: 1->1(3)
[2022-09-29T09:27:04.996+0000][7][gc,heap     ] GC(273) Old regions: 26->26
[2022-09-29T09:27:04.997+0000][7][gc,heap     ] GC(273) Archive regions: 2->2
[2022-09-29T09:27:04.997+0000][7][gc,heap     ] GC(273) Humongous regions: 5->5
[2022-09-29T09:27:04.998+0000][7][gc,metaspace] GC(273) Metaspace: 115592K(119964K)->115592K(119964K) NonClass: 100870K(103836K)->100870K(103836K) Class: 14721K(16128K)->14721K(16128K)
[2022-09-29T09:27:04.998+0000][7][gc          ] GC(273) Pause Young (Concurrent Start) (G1 Evacuation Pause) 202M->127M(256M) 17.938ms
[2022-09-29T09:27:04.999+0000][7][gc,cpu      ] GC(273) User=0.02s Sys=0.01s Real=0.01s
[2022-09-29T09:27:04.999+0000][7][gc          ] GC(274) Concurrent Cycle
[2022-09-29T09:27:04.999+0000][7][safepoint   ] Safepoint "G1CollectForAllocation", Time since last: 2015770595 ns, Reaching safepoint: 322276 ns, At safepoint: 19163125 ns, Total: 19485401 ns
[2022-09-29T09:27:05.000+0000][7][gc,marking  ] GC(274) Concurrent Clear Claimed Marks
[2022-09-29T09:27:05.001+0000][7][gc,marking  ] GC(274) Concurrent Clear Claimed Marks 0.846ms
[2022-09-29T09:27:05.001+0000][7][gc,marking  ] GC(274) Concurrent Scan Root Regions
[2022-09-29T09:27:05.003+0000][7][gc,marking  ] GC(274) Concurrent Scan Root Regions 1.954ms
[2022-09-29T09:27:05.003+0000][7][gc,marking  ] GC(274) Concurrent Mark (12234.096s)
[2022-09-29T09:27:05.004+0000][7][gc,marking  ] GC(274) Concurrent Mark From Roots
[2022-09-29T09:27:05.004+0000][7][gc,task     ] GC(274) Using 3 workers of 3 for marking
[2022-09-29T09:27:05.079+0000][7][gc,marking  ] GC(274) Concurrent Mark From Roots 74.994ms
[2022-09-29T09:27:05.079+0000][7][gc,marking  ] GC(274) Concurrent Preclean
[2022-09-29T09:27:05.081+0000][7][gc,marking  ] GC(274) Concurrent Preclean 1.133ms
[2022-09-29T09:27:05.081+0000][7][gc,marking  ] GC(274) Concurrent Mark (12234.096s, 12234.174s) 77.738ms
[2022-09-29T09:27:05.082+0000][7][gc,start    ] GC(274) Pause Remark
[2022-09-29T09:27:05.093+0000][7][gc          ] GC(274) Pause Remark 129M->129M(256M) 10.733ms
[2022-09-29T09:27:05.093+0000][7][gc,cpu      ] GC(274) User=0.06s Sys=0.00s Real=0.01s
[2022-09-29T09:27:05.094+0000][7][safepoint   ] Safepoint "G1Concurrent", Time since last: 82258885 ns, Reaching safepoint: 411572 ns, At safepoint: 11893755 ns, Total: 12305327 ns
[2022-09-29T09:27:05.094+0000][7][gc,marking  ] GC(274) Concurrent Rebuild Remembered Sets
[2022-09-29T09:27:05.142+0000][7][gc,marking  ] GC(274) Concurrent Rebuild Remembered Sets 48.115ms
[2022-09-29T09:27:05.144+0000][7][gc,start    ] GC(274) Pause Cleanup
[2022-09-29T09:27:05.145+0000][7][gc          ] GC(274) Pause Cleanup 129M->129M(256M) 1.129ms
[2022-09-29T09:27:05.146+0000][7][gc,cpu      ] GC(274) User=0.00s Sys=0.00s Real=0.00s
[2022-09-29T09:27:05.146+0000][7][safepoint   ] Safepoint "G1Concurrent", Time since last: 49316017 ns, Reaching safepoint: 534899 ns, At safepoint: 2625814 ns, Total: 3160713 ns
[2022-09-29T09:27:05.147+0000][7][gc,marking  ] GC(274) Concurrent Cleanup for Next Mark
[2022-09-29T09:27:05.148+0000][7][gc,marking  ] GC(274) Concurrent Cleanup for Next Mark 1.106ms
[2022-09-29T09:27:05.149+0000][7][gc          ] GC(274) Concurrent Cycle 149.738ms
[2022-09-29T09:27:31.152+0000][7][safepoint   ] Safepoint "Cleanup", Time since last: 26004981343 ns, Reaching safepoint: 256239 ns, At safepoint: 30488 ns, Total: 286727 ns
[2022-09-29T09:27:32.153+0000][7][safepoint   ] Safepoint "Cleanup", Time since last: 1000485621 ns, Reaching safepoint: 513258 ns, At safepoint: 99650 ns, Total: 612908 ns
[2022-09-29T09:28:14.957+0000][7][gc,start    ] GC(275) Pause Young (Normal) (G1 Evacuation Pause)
[2022-09-29T09:28:14.957+0000][7][gc,task     ] GC(275) Using 6 workers of 13 for evacuation
[2022-09-29T09:28:14.958+0000][7][gc,age      ] GC(275) Desired survivor size 6291456 bytes, new threshold 15 (max threshold 15)
[2022-09-29T09:28:14.962+0000][7][gc,age      ] GC(275) Age table with threshold 15 (max threshold 15)
[2022-09-29T09:28:14.962+0000][7][gc,age      ] GC(275) - age   1:     226296 bytes,     226296 total
[2022-09-29T09:28:14.963+0000][7][gc,age      ] GC(275) - age   2:      81656 bytes,     307952 total
[2022-09-29T09:28:14.963+0000][7][gc,age      ] GC(275) - age   3:       4240 bytes,     312192 total
[2022-09-29T09:28:14.963+0000][7][gc,age      ] GC(275) - age   4:     149840 bytes,     462032 total
[2022-09-29T09:28:14.963+0000][7][gc,age      ] GC(275) - age   5:      17880 bytes,     479912 total
[2022-09-29T09:28:14.964+0000][7][gc,age      ] GC(275) - age   6:        672 bytes,     480584 total
[2022-09-29T09:28:14.964+0000][7][gc,age      ] GC(275) - age   7:        928 bytes,     481512 total
[2022-09-29T09:28:14.964+0000][7][gc,age      ] GC(275) - age   8:       2880 bytes,     484392 total
[2022-09-29T09:28:14.964+0000][7][gc,age      ] GC(275) - age   9:        952 bytes,     485344 total
[2022-09-29T09:28:14.965+0000][7][gc,age      ] GC(275) - age  10:      16792 bytes,     502136 total
[2022-09-29T09:28:14.965+0000][7][gc,age      ] GC(275) - age  11:      34544 bytes,     536680 total
[2022-09-29T09:28:14.965+0000][7][gc,age      ] GC(275) - age  12:        832 bytes,     537512 total
[2022-09-29T09:28:14.965+0000][7][gc,age      ] GC(275) - age  13:        688 bytes,     538200 total
[2022-09-29T09:28:14.965+0000][7][gc,age      ] GC(275) - age  14:       1120 bytes,     539320 total
[2022-09-29T09:28:14.966+0000][7][gc,age      ] GC(275) - age  15:      17896 bytes,     557216 total
[2022-09-29T09:28:14.966+0000][7][gc,phases   ] GC(275)   Pre Evacuate Collection Set: 0.3ms
[2022-09-29T09:28:14.966+0000][7][gc,phases   ] GC(275)   Merge Heap Roots: 0.1ms
[2022-09-29T09:28:14.966+0000][7][gc,phases   ] GC(275)   Evacuate Collection Set: 2.0ms
[2022-09-29T09:28:14.967+0000][7][gc,phases   ] GC(275)   Post Evacuate Collection Set: 1.2ms
[2022-09-29T09:28:14.967+0000][7][gc,phases   ] GC(275)   Other: 5.3ms
[2022-09-29T09:28:14.967+0000][7][gc,heap     ] GC(275) Eden regions: 19->0(19)
[2022-09-29T09:28:14.968+0000][7][gc,heap     ] GC(275) Survivor regions: 1->1(3)
[2022-09-29T09:28:14.968+0000][7][gc,heap     ] GC(275) Old regions: 26->26
[2022-09-29T09:28:14.968+0000][7][gc,heap     ] GC(275) Archive regions: 2->2
[2022-09-29T09:28:14.969+0000][7][gc,heap     ] GC(275) Humongous regions: 5->5
[2022-09-29T09:28:14.969+0000][7][gc,metaspace] GC(275) Metaspace: 115593K(119964K)->115593K(119964K) NonClass: 100871K(103836K)->100871K(103836K) Class: 14721K(16128K)->14721K(16128K)
[2022-09-29T09:28:14.970+0000][7][gc          ] GC(275) Pause Young (Normal) (G1 Evacuation Pause) 203M->126M(256M) 12.512ms
[2022-09-29T09:28:14.970+0000][7][gc,cpu      ] GC(275) User=0.02s Sys=0.00s Real=0.02s
[2022-09-29T09:28:14.970+0000][7][safepoint   ] Safepoint "G1CollectForAllocation", Time since last: 42801625217 ns, Reaching safepoint: 2521924 ns, At safepoint: 13448086 ns, Total: 15970010 ns
[2022-09-29T09:29:34.881+0000][7][gc,start    ] GC(276) Pause Young (Concurrent Start) (G1 Evacuation Pause)
[2022-09-29T09:29:34.882+0000][7][gc,task     ] GC(276) Using 6 workers of 13 for evacuation
[2022-09-29T09:29:34.882+0000][7][gc,age      ] GC(276) Desired survivor size 6291456 bytes, new threshold 15 (max threshold 15)
[2022-09-29T09:29:34.886+0000][7][gc,age      ] GC(276) Age table with threshold 15 (max threshold 15)
[2022-09-29T09:29:34.887+0000][7][gc,age      ] GC(276) - age   1:     821384 bytes,     821384 total
[2022-09-29T09:29:34.887+0000][7][gc,age      ] GC(276) - age   2:     167600 bytes,     988984 total
[2022-09-29T09:29:34.887+0000][7][gc,age      ] GC(276) - age   3:      79816 bytes,    1068800 total
[2022-09-29T09:29:34.887+0000][7][gc,age      ] GC(276) - age   4:       4176 bytes,    1072976 total
[2022-09-29T09:29:34.887+0000][7][gc,age      ] GC(276) - age   5:     149376 bytes,    1222352 total
[2022-09-29T09:29:34.888+0000][7][gc,age      ] GC(276) - age   6:      17568 bytes,    1239920 total
[2022-09-29T09:29:34.888+0000][7][gc,age      ] GC(276) - age   7:        544 bytes,    1240464 total
[2022-09-29T09:29:34.888+0000][7][gc,age      ] GC(276) - age   8:        864 bytes,    1241328 total
[2022-09-29T09:29:34.888+0000][7][gc,age      ] GC(276) - age   9:       2744 bytes,    1244072 total
[2022-09-29T09:29:34.889+0000][7][gc,age      ] GC(276) - age  10:        952 bytes,    1245024 total
[2022-09-29T09:29:34.889+0000][7][gc,age      ] GC(276) - age  11:      16552 bytes,    1261576 total
[2022-09-29T09:29:34.890+0000][7][gc,age      ] GC(276) - age  12:      34544 bytes,    1296120 total
[2022-09-29T09:29:34.890+0000][7][gc,age      ] GC(276) - age  13:        832 bytes,    1296952 total
[2022-09-29T09:29:34.891+0000][7][gc,age      ] GC(276) - age  14:        688 bytes,    1297640 total
[2022-09-29T09:29:34.891+0000][7][gc,age      ] GC(276) - age  15:       1056 bytes,    1298696 total
[2022-09-29T09:29:34.892+0000][7][gc,phases   ] GC(276)   Pre Evacuate Collection Set: 0.4ms
[2022-09-29T09:29:34.892+0000][7][gc,phases   ] GC(276)   Merge Heap Roots: 0.2ms
[2022-09-29T09:29:34.893+0000][7][gc,phases   ] GC(276)   Evacuate Collection Set: 1.9ms
[2022-09-29T09:29:34.893+0000][7][gc,phases   ] GC(276)   Post Evacuate Collection Set: 1.0ms
[2022-09-29T09:29:34.893+0000][7][gc,phases   ] GC(276)   Other: 6.7ms
[2022-09-29T09:29:34.894+0000][7][gc,heap     ] GC(276) Eden regions: 19->0(19)
[2022-09-29T09:29:34.894+0000][7][gc,heap     ] GC(276) Survivor regions: 1->1(3)
[2022-09-29T09:29:34.894+0000][7][gc,heap     ] GC(276) Old regions: 26->26
[2022-09-29T09:29:34.894+0000][7][gc,heap     ] GC(276) Archive regions: 2->2
[2022-09-29T09:29:34.895+0000][7][gc,heap     ] GC(276) Humongous regions: 5->5
[2022-09-29T09:29:34.895+0000][7][gc,metaspace] GC(276) Metaspace: 115593K(119964K)->115593K(119964K) NonClass: 100871K(103836K)->100871K(103836K) Class: 14721K(16128K)->14721K(16128K)
[2022-09-29T09:29:34.895+0000][7][gc          ] GC(276) Pause Young (Concurrent Start) (G1 Evacuation Pause) 202M->127M(256M) 13.669ms
[2022-09-29T09:29:34.895+0000][7][gc,cpu      ] GC(276) User=0.02s Sys=0.01s Real=0.01s
[2022-09-29T09:29:34.896+0000][7][gc          ] GC(277) Concurrent Cycle
[2022-09-29T09:29:34.896+0000][7][safepoint   ] Safepoint "G1CollectForAllocation", Time since last: 79910658464 ns, Reaching safepoint: 378273 ns, At safepoint: 14312795 ns, Total: 14691068 ns
[2022-09-29T09:29:34.896+0000][7][gc,marking  ] GC(277) Concurrent Clear Claimed Marks
[2022-09-29T09:29:34.897+0000][7][gc,marking  ] GC(277) Concurrent Clear Claimed Marks 0.752ms
[2022-09-29T09:29:34.897+0000][7][gc,marking  ] GC(277) Concurrent Scan Root Regions
[2022-09-29T09:29:34.899+0000][7][gc,marking  ] GC(277) Concurrent Scan Root Regions 1.775ms
[2022-09-29T09:29:34.899+0000][7][gc,marking  ] GC(277) Concurrent Mark (12383.992s)
[2022-09-29T09:29:34.899+0000][7][gc,marking  ] GC(277) Concurrent Mark From Roots
[2022-09-29T09:29:34.900+0000][7][gc,task     ] GC(277) Using 3 workers of 3 for marking
[2022-09-29T09:29:34.960+0000][7][gc,marking  ] GC(277) Concurrent Mark From Roots 60.975ms
[2022-09-29T09:29:34.961+0000][7][gc,marking  ] GC(277) Concurrent Preclean
[2022-09-29T09:29:34.961+0000][7][gc,marking  ] GC(277) Concurrent Preclean 0.749ms
[2022-09-29T09:29:34.962+0000][7][gc,marking  ] GC(277) Concurrent Mark (12383.992s, 12384.054s) 62.697ms
[2022-09-29T09:29:34.963+0000][7][gc,start    ] GC(277) Pause Remark
[2022-09-29T09:29:34.973+0000][7][gc          ] GC(277) Pause Remark 128M->128M(256M) 10.490ms
[2022-09-29T09:29:34.974+0000][7][gc,cpu      ] GC(277) User=0.06s Sys=0.00s Real=0.01s
[2022-09-29T09:29:34.975+0000][7][safepoint   ] Safepoint "G1Concurrent", Time since last: 66695363 ns, Reaching safepoint: 409821 ns, At safepoint: 12011920 ns, Total: 12421741 ns
[2022-09-29T09:29:34.976+0000][7][gc,marking  ] GC(277) Concurrent Rebuild Remembered Sets
[2022-09-29T09:29:35.027+0000][7][gc,marking  ] GC(277) Concurrent Rebuild Remembered Sets 51.422ms
[2022-09-29T09:29:35.028+0000][7][gc,start    ] GC(277) Pause Cleanup
[2022-09-29T09:29:35.029+0000][7][gc          ] GC(277) Pause Cleanup 129M->129M(256M) 0.765ms
[2022-09-29T09:29:35.030+0000][7][gc,cpu      ] GC(277) User=0.00s Sys=0.00s Real=0.01s
[2022-09-29T09:29:35.030+0000][7][safepoint   ] Safepoint "G1Concurrent", Time since last: 52740177 ns, Reaching safepoint: 478426 ns, At safepoint: 2127795 ns, Total: 2606221 ns
[2022-09-29T09:29:35.031+0000][7][gc,marking  ] GC(277) Concurrent Cleanup for Next Mark
[2022-09-29T09:29:35.033+0000][7][gc,marking  ] GC(277) Concurrent Cleanup for Next Mark 1.536ms
[2022-09-29T09:29:35.033+0000][7][gc          ] GC(277) Concurrent Cycle 137.466ms
[2022-09-29T09:30:38.713+0000][7][gc,start    ] GC(278) Pause Young (Normal) (G1 Evacuation Pause)
[2022-09-29T09:30:38.713+0000][7][gc,task     ] GC(278) Using 6 workers of 13 for evacuation
[2022-09-29T09:30:38.714+0000][7][gc,age      ] GC(278) Desired survivor size 6291456 bytes, new threshold 15 (max threshold 15)
[2022-09-29T09:30:38.718+0000][7][gc,age      ] GC(278) Age table with threshold 15 (max threshold 15)
[2022-09-29T09:30:38.718+0000][7][gc,age      ] GC(278) - age   1:    1021520 bytes,    1021520 total
[2022-09-29T09:30:38.718+0000][7][gc,age      ] GC(278) - age   2:     339088 bytes,    1360608 total
[2022-09-29T09:30:38.719+0000][7][gc,age      ] GC(278) - age   3:     166200 bytes,    1526808 total
[2022-09-29T09:30:38.719+0000][7][gc,age      ] GC(278) - age   4:      62488 bytes,    1589296 total
[2022-09-29T09:30:38.719+0000][7][gc,age      ] GC(278) - age   5:       3888 bytes,    1593184 total
[2022-09-29T09:30:38.719+0000][7][gc,age      ] GC(278) - age   6:     149016 bytes,    1742200 total
[2022-09-29T09:30:38.719+0000][7][gc,age      ] GC(278) - age   7:      17568 bytes,    1759768 total
[2022-09-29T09:30:38.720+0000][7][gc,age      ] GC(278) - age   8:        416 bytes,    1760184 total
[2022-09-29T09:30:38.720+0000][7][gc,age      ] GC(278) - age   9:        608 bytes,    1760792 total
[2022-09-29T09:30:38.721+0000][7][gc,age      ] GC(278) - age  10:       1336 bytes,    1762128 total
[2022-09-29T09:30:38.721+0000][7][gc,age      ] GC(278) - age  11:        952 bytes,    1763080 total
[2022-09-29T09:30:38.721+0000][7][gc,age      ] GC(278) - age  12:      16456 bytes,    1779536 total
[2022-09-29T09:30:38.722+0000][7][gc,age      ] GC(278) - age  13:      34544 bytes,    1814080 total
[2022-09-29T09:30:38.722+0000][7][gc,age      ] GC(278) - age  14:        832 bytes,    1814912 total
[2022-09-29T09:30:38.723+0000][7][gc,age      ] GC(278) - age  15:        688 bytes,    1815600 total
[2022-09-29T09:30:38.723+0000][7][gc,phases   ] GC(278)   Pre Evacuate Collection Set: 0.3ms
[2022-09-29T09:30:38.724+0000][7][gc,phases   ] GC(278)   Merge Heap Roots: 0.2ms
[2022-09-29T09:30:38.724+0000][7][gc,phases   ] GC(278)   Evacuate Collection Set: 1.7ms
[2022-09-29T09:30:38.725+0000][7][gc,phases   ] GC(278)   Post Evacuate Collection Set: 1.3ms
[2022-09-29T09:30:38.725+0000][7][gc,phases   ] GC(278)   Other: 6.6ms
[2022-09-29T09:30:38.725+0000][7][gc,heap     ] GC(278) Eden regions: 19->0(19)
[2022-09-29T09:30:38.726+0000][7][gc,heap     ] GC(278) Survivor regions: 1->1(3)
[2022-09-29T09:30:38.726+0000][7][gc,heap     ] GC(278) Old regions: 26->26
[2022-09-29T09:30:38.726+0000][7][gc,heap     ] GC(278) Archive regions: 2->2
[2022-09-29T09:30:38.726+0000][7][gc,heap     ] GC(278) Humongous regions: 5->5
[2022-09-29T09:30:38.727+0000][7][gc,metaspace] GC(278) Metaspace: 115596K(119964K)->115596K(119964K) NonClass: 100874K(103836K)->100874K(103836K) Class: 14721K(16128K)->14721K(16128K)
[2022-09-29T09:30:38.727+0000][7][gc          ] GC(278) Pause Young (Normal) (G1 Evacuation Pause) 203M->127M(256M) 13.786ms
[2022-09-29T09:30:38.727+0000][7][gc,cpu      ] GC(278) User=0.01s Sys=0.00s Real=0.01s
[2022-09-29T09:30:38.727+0000][7][safepoint   ] Safepoint "G1CollectForAllocation", Time since last: 63682348615 ns, Reaching safepoint: 382599 ns, At safepoint: 14393887 ns, Total: 14776486 ns
[2022-09-29T09:30:39.728+0000][7][safepoint   ] Safepoint "Cleanup", Time since last: 1000354233 ns, Reaching safepoint: 302676 ns, At safepoint: 31150 ns, Total: 333826 ns
[2022-09-29T09:31:02.734+0000][7][safepoint   ] Safepoint "Cleanup", Time since last: 23005431273 ns, Reaching safepoint: 376628 ns, At safepoint: 55786 ns, Total: 432414 ns
[2022-09-29T09:31:06.735+0000][7][safepoint   ] Safepoint "Cleanup", Time since last: 4001149462 ns, Reaching safepoint: 387368 ns, At safepoint: 49013 ns, Total: 436381 ns
[2022-09-29T09:31:28.740+0000][7][safepoint   ] Safepoint "Cleanup", Time since last: 22004611327 ns, Reaching safepoint: 340068 ns, At safepoint: 53051 ns, Total: 393119 ns
[2022-09-29T09:31:48.687+0000][7][gc,start    ] GC(279) Pause Young (Concurrent Start) (G1 Evacuation Pause)
[2022-09-29T09:31:48.687+0000][7][gc,task     ] GC(279) Using 6 workers of 13 for evacuation
[2022-09-29T09:31:48.688+0000][7][gc,age      ] GC(279) Desired survivor size 6291456 bytes, new threshold 15 (max threshold 15)
[2022-09-29T09:31:48.692+0000][7][gc,age      ] GC(279) Age table with threshold 15 (max threshold 15)
[2022-09-29T09:31:48.693+0000][7][gc,age      ] GC(279) - age   1:     692288 bytes,     692288 total
[2022-09-29T09:31:48.694+0000][7][gc,age      ] GC(279) - age   2:     577056 bytes,    1269344 total
[2022-09-29T09:31:48.694+0000][7][gc,age      ] GC(279) - age   3:     337304 bytes,    1606648 total
[2022-09-29T09:31:48.694+0000][7][gc,age      ] GC(279) - age   4:     149456 bytes,    1756104 total
[2022-09-29T09:31:48.695+0000][7][gc,age      ] GC(279) - age   5:      62448 bytes,    1818552 total
[2022-09-29T09:31:48.695+0000][7][gc,age      ] GC(279) - age   6:       3824 bytes,    1822376 total
[2022-09-29T09:31:48.696+0000][7][gc,age      ] GC(279) - age   7:     149016 bytes,    1971392 total
[2022-09-29T09:31:48.696+0000][7][gc,age      ] GC(279) - age   8:      17536 bytes,    1988928 total
[2022-09-29T09:31:48.697+0000][7][gc,age      ] GC(279) - age   9:        416 bytes,    1989344 total
[2022-09-29T09:31:48.697+0000][7][gc,age      ] GC(279) - age  10:        608 bytes,    1989952 total
[2022-09-29T09:31:48.698+0000][7][gc,age      ] GC(279) - age  11:       1336 bytes,    1991288 total
[2022-09-29T09:31:48.698+0000][7][gc,age      ] GC(279) - age  12:        952 bytes,    1992240 total
[2022-09-29T09:31:48.698+0000][7][gc,age      ] GC(279) - age  13:      16456 bytes,    2008696 total
[2022-09-29T09:31:48.699+0000][7][gc,age      ] GC(279) - age  14:      34408 bytes,    2043104 total
[2022-09-29T09:31:48.699+0000][7][gc,age      ] GC(279) - age  15:        832 bytes,    2043936 total
[2022-09-29T09:31:48.700+0000][7][gc,phases   ] GC(279)   Pre Evacuate Collection Set: 0.4ms
[2022-09-29T09:31:48.701+0000][7][gc,phases   ] GC(279)   Merge Heap Roots: 0.2ms
[2022-09-29T09:31:48.701+0000][7][gc,phases   ] GC(279)   Evacuate Collection Set: 2.0ms
[2022-09-29T09:31:48.702+0000][7][gc,phases   ] GC(279)   Post Evacuate Collection Set: 1.5ms
[2022-09-29T09:31:48.702+0000][7][gc,phases   ] GC(279)   Other: 9.4ms
[2022-09-29T09:31:48.702+0000][7][gc,heap     ] GC(279) Eden regions: 19->0(19)
[2022-09-29T09:31:48.703+0000][7][gc,heap     ] GC(279) Survivor regions: 1->1(3)
[2022-09-29T09:31:48.703+0000][7][gc,heap     ] GC(279) Old regions: 26->26
[2022-09-29T09:31:48.703+0000][7][gc,heap     ] GC(279) Archive regions: 2->2
[2022-09-29T09:31:48.704+0000][7][gc,heap     ] GC(279) Humongous regions: 5->5
[2022-09-29T09:31:48.704+0000][7][gc,metaspace] GC(279) Metaspace: 115602K(119964K)->115602K(119964K) NonClass: 100879K(103836K)->100879K(103836K) Class: 14722K(16128K)->14722K(16128K)
[2022-09-29T09:31:48.704+0000][7][gc          ] GC(279) Pause Young (Concurrent Start) (G1 Evacuation Pause) 203M->127M(256M) 17.617ms
[2022-09-29T09:31:48.705+0000][7][gc,cpu      ] GC(279) User=0.02s Sys=0.00s Real=0.02s
[2022-09-29T09:31:48.705+0000][7][gc          ] GC(280) Concurrent Cycle
[2022-09-29T09:31:48.705+0000][7][safepoint   ] Safepoint "G1CollectForAllocation", Time since last: 19945722122 ns, Reaching safepoint: 379883 ns, At safepoint: 18492715 ns, Total: 18872598 ns
[2022-09-29T09:31:48.705+0000][7][gc,marking  ] GC(280) Concurrent Clear Claimed Marks
[2022-09-29T09:31:48.706+0000][7][gc,marking  ] GC(280) Concurrent Clear Claimed Marks 0.962ms
[2022-09-29T09:31:48.707+0000][7][gc,marking  ] GC(280) Concurrent Scan Root Regions
[2022-09-29T09:31:48.711+0000][7][gc,marking  ] GC(280) Concurrent Scan Root Regions 3.697ms
[2022-09-29T09:31:48.711+0000][7][gc,marking  ] GC(280) Concurrent Mark (12517.804s)
[2022-09-29T09:31:48.711+0000][7][gc,marking  ] GC(280) Concurrent Mark From Roots
[2022-09-29T09:31:48.711+0000][7][gc,task     ] GC(280) Using 3 workers of 3 for marking
[2022-09-29T09:31:48.764+0000][7][gc,marking  ] GC(280) Concurrent Mark From Roots 53.200ms
[2022-09-29T09:31:48.765+0000][7][gc,marking  ] GC(280) Concurrent Preclean
[2022-09-29T09:31:48.766+0000][7][gc,marking  ] GC(280) Concurrent Preclean 0.771ms
[2022-09-29T09:31:48.766+0000][7][gc,marking  ] GC(280) Concurrent Mark (12517.804s, 12517.859s) 55.055ms
[2022-09-29T09:31:48.767+0000][7][gc,start    ] GC(280) Pause Remark
[2022-09-29T09:31:48.779+0000][7][gc          ] GC(280) Pause Remark 128M->128M(256M) 11.812ms
[2022-09-29T09:31:48.779+0000][7][gc,cpu      ] GC(280) User=0.06s Sys=0.00s Real=0.02s
[2022-09-29T09:31:48.780+0000][7][safepoint   ] Safepoint "G1Concurrent", Time since last: 61505591 ns, Reaching safepoint: 433375 ns, At safepoint: 12871148 ns, Total: 13304523 ns
[2022-09-29T09:31:48.780+0000][7][gc,marking  ] GC(280) Concurrent Rebuild Remembered Sets
[2022-09-29T09:31:48.825+0000][7][gc,marking  ] GC(280) Concurrent Rebuild Remembered Sets 44.860ms
[2022-09-29T09:31:48.826+0000][7][gc,start    ] GC(280) Pause Cleanup
[2022-09-29T09:31:48.827+0000][7][gc          ] GC(280) Pause Cleanup 128M->128M(256M) 0.616ms
[2022-09-29T09:31:48.827+0000][7][gc,cpu      ] GC(280) User=0.00s Sys=0.00s Real=0.00s
[2022-09-29T09:31:48.828+0000][7][safepoint   ] Safepoint "G1Concurrent", Time since last: 45789819 ns, Reaching safepoint: 429817 ns, At safepoint: 1466387 ns, Total: 1896204 ns
[2022-09-29T09:31:48.828+0000][7][gc,marking  ] GC(280) Concurrent Cleanup for Next Mark
[2022-09-29T09:31:48.829+0000][7][gc,marking  ] GC(280) Concurrent Cleanup for Next Mark 0.663ms
[2022-09-29T09:31:48.829+0000][7][gc          ] GC(280) Concurrent Cycle 124.061ms
[2022-09-29T09:32:44.170+0000][7][gc,start    ] GC(281) Pause Young (Normal) (G1 Evacuation Pause)
[2022-09-29T09:32:44.170+0000][7][gc,task     ] GC(281) Using 6 workers of 13 for evacuation
[2022-09-29T09:32:44.171+0000][7][gc,age      ] GC(281) Desired survivor size 6291456 bytes, new threshold 15 (max threshold 15)
[2022-09-29T09:32:44.175+0000][7][gc,age      ] GC(281) Age table with threshold 15 (max threshold 15)
[2022-09-29T09:32:44.175+0000][7][gc,age      ] GC(281) - age   1:     589672 bytes,     589672 total
[2022-09-29T09:32:44.175+0000][7][gc,age      ] GC(281) - age   2:      24072 bytes,     613744 total
[2022-09-29T09:32:44.176+0000][7][gc,age      ] GC(281) - age   3:     119728 bytes,     733472 total
[2022-09-29T09:32:44.176+0000][7][gc,age      ] GC(281) - age   4:      32000 bytes,     765472 total
[2022-09-29T09:32:44.176+0000][7][gc,age      ] GC(281) - age   5:     149120 bytes,     914592 total
[2022-09-29T09:32:44.176+0000][7][gc,age      ] GC(281) - age   6:      18488 bytes,     933080 total
[2022-09-29T09:32:44.177+0000][7][gc,age      ] GC(281) - age   7:       3424 bytes,     936504 total
[2022-09-29T09:32:44.177+0000][7][gc,age      ] GC(281) - age   8:        912 bytes,     937416 total
[2022-09-29T09:32:44.177+0000][7][gc,age      ] GC(281) - age   9:      17536 bytes,     954952 total
[2022-09-29T09:32:44.177+0000][7][gc,age      ] GC(281) - age  10:        288 bytes,     955240 total
[2022-09-29T09:32:44.177+0000][7][gc,age      ] GC(281) - age  11:        544 bytes,     955784 total
[2022-09-29T09:32:44.178+0000][7][gc,age      ] GC(281) - age  12:       1336 bytes,     957120 total
[2022-09-29T09:32:44.178+0000][7][gc,age      ] GC(281) - age  13:        912 bytes,     958032 total
[2022-09-29T09:32:44.178+0000][7][gc,age      ] GC(281) - age  14:      16424 bytes,     974456 total
[2022-09-29T09:32:44.179+0000][7][gc,age      ] GC(281) - age  15:      34368 bytes,    1008824 total
[2022-09-29T09:32:44.179+0000][7][gc,phases   ] GC(281)   Pre Evacuate Collection Set: 0.3ms
[2022-09-29T09:32:44.179+0000][7][gc,phases   ] GC(281)   Merge Heap Roots: 0.1ms
[2022-09-29T09:32:44.179+0000][7][gc,phases   ] GC(281)   Evacuate Collection Set: 1.4ms
[2022-09-29T09:32:44.180+0000][7][gc,phases   ] GC(281)   Post Evacuate Collection Set: 1.2ms
[2022-09-29T09:32:44.180+0000][7][gc,phases   ] GC(281)   Other: 6.1ms
[2022-09-29T09:32:44.180+0000][7][gc,heap     ] GC(281) Eden regions: 19->0(19)
[2022-09-29T09:32:44.180+0000][7][gc,heap     ] GC(281) Survivor regions: 1->1(3)
[2022-09-29T09:32:44.180+0000][7][gc,heap     ] GC(281) Old regions: 26->26
[2022-09-29T09:32:44.181+0000][7][gc,heap     ] GC(281) Archive regions: 2->2
[2022-09-29T09:32:44.181+0000][7][gc,heap     ] GC(281) Humongous regions: 5->5
[2022-09-29T09:32:44.181+0000][7][gc,metaspace] GC(281) Metaspace: 115604K(119964K)->115604K(119964K) NonClass: 100882K(103836K)->100882K(103836K) Class: 14722K(16128K)->14722K(16128K)
[2022-09-29T09:32:44.181+0000][7][gc          ] GC(281) Pause Young (Normal) (G1 Evacuation Pause) 203M->126M(256M) 11.268ms
[2022-09-29T09:32:44.182+0000][7][gc,cpu      ] GC(281) User=0.01s Sys=0.00s Real=0.01s
[2022-09-29T09:32:44.182+0000][7][safepoint   ] Safepoint "G1CollectForAllocation", Time since last: 55342040891 ns, Reaching safepoint: 286098 ns, At safepoint: 11909973 ns, Total: 12196071 ns
[2022-09-29T09:32:46.183+0000][7][safepoint   ] Safepoint "Cleanup", Time since last: 2000603281 ns, Reaching safepoint: 731677 ns, At safepoint: 81746 ns, Total: 813423 ns
[2022-09-29T09:33:55.814+0000][7][gc,start    ] GC(282) Pause Young (Concurrent Start) (G1 Evacuation Pause)
[2022-09-29T09:33:55.814+0000][7][gc,task     ] GC(282) Using 6 workers of 13 for evacuation
[2022-09-29T09:33:55.815+0000][7][gc,age      ] GC(282) Desired survivor size 6291456 bytes, new threshold 15 (max threshold 15)
[2022-09-29T09:33:55.820+0000][7][gc,age      ] GC(282) Age table with threshold 15 (max threshold 15)
[2022-09-29T09:33:55.821+0000][7][gc,age      ] GC(282) - age   1:     710736 bytes,     710736 total
[2022-09-29T09:33:55.821+0000][7][gc,age      ] GC(282) - age   2:     514992 bytes,    1225728 total
[2022-09-29T09:33:55.822+0000][7][gc,age      ] GC(282) - age   3:      22768 bytes,    1248496 total
[2022-09-29T09:33:55.822+0000][7][gc,age      ] GC(282) - age   4:     119000 bytes,    1367496 total
[2022-09-29T09:33:55.822+0000][7][gc,age      ] GC(282) - age   5:      31864 bytes,    1399360 total
[2022-09-29T09:33:55.822+0000][7][gc,age      ] GC(282) - age   6:     149056 bytes,    1548416 total
[2022-09-29T09:33:55.823+0000][7][gc,age      ] GC(282) - age   7:      18488 bytes,    1566904 total
[2022-09-29T09:33:55.823+0000][7][gc,age      ] GC(282) - age   8:       3072 bytes,    1569976 total
[2022-09-29T09:33:55.823+0000][7][gc,age      ] GC(282) - age   9:        488 bytes,    1570464 total
[2022-09-29T09:33:55.823+0000][7][gc,age      ] GC(282) - age  10:      16736 bytes,    1587200 total
[2022-09-29T09:33:55.823+0000][7][gc,age      ] GC(282) - age  11:        288 bytes,    1587488 total
[2022-09-29T09:33:55.824+0000][7][gc,age      ] GC(282) - age  12:        440 bytes,    1587928 total
[2022-09-29T09:33:55.824+0000][7][gc,age      ] GC(282) - age  13:       1272 bytes,    1589200 total
[2022-09-29T09:33:55.824+0000][7][gc,age      ] GC(282) - age  14:        704 bytes,    1589904 total
[2022-09-29T09:33:55.824+0000][7][gc,age      ] GC(282) - age  15:      16424 bytes,    1606328 total
[2022-09-29T09:33:55.824+0000][7][gc,phases   ] GC(282)   Pre Evacuate Collection Set: 0.4ms
[2022-09-29T09:33:55.824+0000][7][gc,phases   ] GC(282)   Merge Heap Roots: 0.3ms
[2022-09-29T09:33:55.825+0000][7][gc,phases   ] GC(282)   Evacuate Collection Set: 2.7ms
[2022-09-29T09:33:55.825+0000][7][gc,phases   ] GC(282)   Post Evacuate Collection Set: 1.4ms
[2022-09-29T09:33:55.825+0000][7][gc,phases   ] GC(282)   Other: 5.8ms
[2022-09-29T09:33:55.826+0000][7][gc,heap     ] GC(282) Eden regions: 19->0(19)
[2022-09-29T09:33:55.826+0000][7][gc,heap     ] GC(282) Survivor regions: 1->1(3)
[2022-09-29T09:33:55.826+0000][7][gc,heap     ] GC(282) Old regions: 26->26
[2022-09-29T09:33:55.827+0000][7][gc,heap     ] GC(282) Archive regions: 2->2
[2022-09-29T09:33:55.827+0000][7][gc,heap     ] GC(282) Humongous regions: 5->5
[2022-09-29T09:33:55.827+0000][7][gc,metaspace] GC(282) Metaspace: 115635K(120220K)->115635K(120220K) NonClass: 100913K(104092K)->100913K(104092K) Class: 14722K(16128K)->14722K(16128K)
[2022-09-29T09:33:55.827+0000][7][gc          ] GC(282) Pause Young (Concurrent Start) (G1 Evacuation Pause) 202M->127M(256M) 13.515ms
[2022-09-29T09:33:55.827+0000][7][gc,cpu      ] GC(282) User=0.03s Sys=0.00s Real=0.01s
[2022-09-29T09:33:55.828+0000][7][gc          ] GC(283) Concurrent Cycle
[2022-09-29T09:33:55.828+0000][7][safepoint   ] Safepoint "G1CollectForAllocation", Time since last: 69630084380 ns, Reaching safepoint: 383803 ns, At safepoint: 14072267 ns, Total: 14456070 ns
[2022-09-29T09:33:55.828+0000][7][gc,marking  ] GC(283) Concurrent Clear Claimed Marks
[2022-09-29T09:33:55.828+0000][7][gc,marking  ] GC(283) Concurrent Clear Claimed Marks 0.538ms
[2022-09-29T09:33:55.829+0000][7][gc,marking  ] GC(283) Concurrent Scan Root Regions
[2022-09-29T09:33:55.831+0000][7][gc,marking  ] GC(283) Concurrent Scan Root Regions 1.911ms
[2022-09-29T09:33:55.831+0000][7][gc,marking  ] GC(283) Concurrent Mark (12644.924s)
[2022-09-29T09:33:55.831+0000][7][gc,marking  ] GC(283) Concurrent Mark From Roots
[2022-09-29T09:33:55.832+0000][7][gc,task     ] GC(283) Using 3 workers of 3 for marking
[2022-09-29T09:33:55.878+0000][7][gc,marking  ] GC(283) Concurrent Mark From Roots 47.034ms
[2022-09-29T09:33:55.879+0000][7][gc,marking  ] GC(283) Concurrent Preclean
[2022-09-29T09:33:55.879+0000][7][gc,marking  ] GC(283) Concurrent Preclean 0.702ms
[2022-09-29T09:33:55.880+0000][7][gc,marking  ] GC(283) Concurrent Mark (12644.924s, 12644.972s) 48.860ms
[2022-09-29T09:33:55.881+0000][7][gc,start    ] GC(283) Pause Remark
[2022-09-29T09:33:55.892+0000][7][gc          ] GC(283) Pause Remark 128M->128M(256M) 11.367ms
[2022-09-29T09:33:55.892+0000][7][gc,cpu      ] GC(283) User=0.06s Sys=0.00s Real=0.01s
[2022-09-29T09:33:55.893+0000][7][safepoint   ] Safepoint "G1Concurrent", Time since last: 52491876 ns, Reaching safepoint: 316193 ns, At safepoint: 12170444 ns, Total: 12486637 ns
[2022-09-29T09:33:55.893+0000][7][gc,marking  ] GC(283) Concurrent Rebuild Remembered Sets
[2022-09-29T09:33:55.933+0000][7][gc,marking  ] GC(283) Concurrent Rebuild Remembered Sets 40.104ms
[2022-09-29T09:33:55.935+0000][7][gc,start    ] GC(283) Pause Cleanup
[2022-09-29T09:33:55.935+0000][7][gc          ] GC(283) Pause Cleanup 128M->128M(256M) 0.617ms
[2022-09-29T09:33:55.936+0000][7][gc,cpu      ] GC(283) User=0.00s Sys=0.00s Real=0.00s
[2022-09-29T09:33:55.936+0000][7][safepoint   ] Safepoint "G1Concurrent", Time since last: 41539716 ns, Reaching safepoint: 330382 ns, At safepoint: 1318953 ns, Total: 1649335 ns
[2022-09-29T09:33:55.936+0000][7][gc,marking  ] GC(283) Concurrent Cleanup for Next Mark
[2022-09-29T09:33:55.937+0000][7][gc,marking  ] GC(283) Concurrent Cleanup for Next Mark 0.739ms
[2022-09-29T09:33:55.937+0000][7][gc          ] GC(283) Concurrent Cycle 109.734ms
[2022-09-29T09:34:02.938+0000][7][safepoint   ] Safepoint "Cleanup", Time since last: 7001759031 ns, Reaching safepoint: 243043 ns, At safepoint: 36169 ns, Total: 279212 ns
[2022-09-29T09:34:15.941+0000][7][safepoint   ] Safepoint "Cleanup", Time since last: 13002927639 ns, Reaching safepoint: 352649 ns, At safepoint: 34386 ns, Total: 387035 ns
[2022-09-29T09:34:49.949+0000][7][safepoint   ] Safepoint "Cleanup", Time since last: 34007039902 ns, Reaching safepoint: 327935 ns, At safepoint: 46018 ns, Total: 373953 ns
[2022-09-29T09:35:02.952+0000][7][safepoint   ] Safepoint "Cleanup", Time since last: 13003183630 ns, Reaching safepoint: 312656 ns, At safepoint: 28234 ns, Total: 340890 ns
[2022-09-29T09:35:04.816+0000][7][gc,start    ] GC(284) Pause Young (Normal) (G1 Evacuation Pause)
[2022-09-29T09:35:04.816+0000][7][gc,task     ] GC(284) Using 6 workers of 13 for evacuation
[2022-09-29T09:35:04.817+0000][7][gc,age      ] GC(284) Desired survivor size 6291456 bytes, new threshold 15 (max threshold 15)
[2022-09-29T09:35:04.821+0000][7][gc,age      ] GC(284) Age table with threshold 15 (max threshold 15)
[2022-09-29T09:35:04.821+0000][7][gc,age      ] GC(284) - age   1:     717064 bytes,     717064 total
[2022-09-29T09:35:04.822+0000][7][gc,age      ] GC(284) - age   2:     519320 bytes,    1236384 total
[2022-09-29T09:35:04.822+0000][7][gc,age      ] GC(284) - age   3:     514224 bytes,    1750608 total
[2022-09-29T09:35:04.823+0000][7][gc,age      ] GC(284) - age   4:       2320 bytes,    1752928 total
[2022-09-29T09:35:04.823+0000][7][gc,age      ] GC(284) - age   5:     118744 bytes,    1871672 total
[2022-09-29T09:35:04.824+0000][7][gc,age      ] GC(284) - age   6:      31448 bytes,    1903120 total
[2022-09-29T09:35:04.824+0000][7][gc,age      ] GC(284) - age   7:     149056 bytes,    2052176 total
[2022-09-29T09:35:04.824+0000][7][gc,age      ] GC(284) - age   8:      18328 bytes,    2070504 total
[2022-09-29T09:35:04.825+0000][7][gc,age      ] GC(284) - age   9:       3072 bytes,    2073576 total
[2022-09-29T09:35:04.825+0000][7][gc,age      ] GC(284) - age  10:        264 bytes,    2073840 total
[2022-09-29T09:35:04.825+0000][7][gc,age      ] GC(284) - age  11:      16640 bytes,    2090480 total
[2022-09-29T09:35:04.825+0000][7][gc,age      ] GC(284) - age  12:        288 bytes,    2090768 total
[2022-09-29T09:35:04.826+0000][7][gc,age      ] GC(284) - age  13:        336 bytes,    2091104 total
[2022-09-29T09:35:04.826+0000][7][gc,age      ] GC(284) - age  14:       1272 bytes,    2092376 total
[2022-09-29T09:35:04.826+0000][7][gc,age      ] GC(284) - age  15:        704 bytes,    2093080 total
[2022-09-29T09:35:04.827+0000][7][gc,phases   ] GC(284)   Pre Evacuate Collection Set: 0.2ms
[2022-09-29T09:35:04.828+0000][7][gc,phases   ] GC(284)   Merge Heap Roots: 0.1ms
[2022-09-29T09:35:04.828+0000][7][gc,phases   ] GC(284)   Evacuate Collection Set: 1.9ms
[2022-09-29T09:35:04.828+0000][7][gc,phases   ] GC(284)   Post Evacuate Collection Set: 1.7ms
[2022-09-29T09:35:04.829+0000][7][gc,phases   ] GC(284)   Other: 7.5ms
[2022-09-29T09:35:04.829+0000][7][gc,heap     ] GC(284) Eden regions: 19->0(19)
[2022-09-29T09:35:04.830+0000][7][gc,heap     ] GC(284) Survivor regions: 1->1(3)
[2022-09-29T09:35:04.830+0000][7][gc,heap     ] GC(284) Old regions: 26->26
[2022-09-29T09:35:04.831+0000][7][gc,heap     ] GC(284) Archive regions: 2->2
[2022-09-29T09:35:04.831+0000][7][gc,heap     ] GC(284) Humongous regions: 5->5
[2022-09-29T09:35:04.832+0000][7][gc,metaspace] GC(284) Metaspace: 115636K(120220K)->115636K(120220K) NonClass: 100914K(104092K)->100914K(104092K) Class: 14722K(16128K)->14722K(16128K)
[2022-09-29T09:35:04.832+0000][7][gc          ] GC(284) Pause Young (Normal) (G1 Evacuation Pause) 203M->128M(256M) 16.666ms
[2022-09-29T09:35:04.833+0000][7][gc,cpu      ] GC(284) User=0.02s Sys=0.00s Real=0.02s
[2022-09-29T09:35:04.834+0000][7][safepoint   ] Safepoint "G1CollectForAllocation", Time since last: 1862734366 ns, Reaching safepoint: 633818 ns, At safepoint: 18395636 ns, Total: 19029454 ns
[2022-09-29T09:35:52.842+0000][7][safepoint   ] Safepoint "Cleanup", Time since last: 48008127197 ns, Reaching safepoint: 339860 ns, At safepoint: 54043 ns, Total: 393903 ns
[2022-09-29T09:35:53.844+0000][7][safepoint   ] Safepoint "Cleanup", Time since last: 1000538768 ns, Reaching safepoint: 461359 ns, At safepoint: 41168 ns, Total: 502527 ns
[2022-09-29T09:36:02.667+0000][7][gc,start    ] GC(285) Pause Young (Concurrent Start) (G1 Evacuation Pause)
[2022-09-29T09:36:02.668+0000][7][gc,task     ] GC(285) Using 6 workers of 13 for evacuation
[2022-09-29T09:36:02.668+0000][7][gc,age      ] GC(285) Desired survivor size 6291456 bytes, new threshold 15 (max threshold 15)
[2022-09-29T09:36:02.672+0000][7][gc,age      ] GC(285) Age table with threshold 15 (max threshold 15)
[2022-09-29T09:36:02.673+0000][7][gc,age      ] GC(285) - age   1:     232336 bytes,     232336 total
[2022-09-29T09:36:02.673+0000][7][gc,age      ] GC(285) - age   2:      20016 bytes,     252352 total
[2022-09-29T09:36:02.673+0000][7][gc,age      ] GC(285) - age   3:      20312 bytes,     272664 total
[2022-09-29T09:36:02.674+0000][7][gc,age      ] GC(285) - age   4:     196176 bytes,     468840 total
[2022-09-29T09:36:02.674+0000][7][gc,age      ] GC(285) - age   5:       1928 bytes,     470768 total
[2022-09-29T09:36:02.674+0000][7][gc,age      ] GC(285) - age   6:       2504 bytes,     473272 total
[2022-09-29T09:36:02.675+0000][7][gc,age      ] GC(285) - age   7:        864 bytes,     474136 total
[2022-09-29T09:36:02.675+0000][7][gc,age      ] GC(285) - age   8:       1384 bytes,     475520 total
[2022-09-29T09:36:02.675+0000][7][gc,age      ] GC(285) - age   9:       1368 bytes,     476888 total
[2022-09-29T09:36:02.676+0000][7][gc,age      ] GC(285) - age  10:       3016 bytes,     479904 total
[2022-09-29T09:36:02.676+0000][7][gc,age      ] GC(285) - age  11:        224 bytes,     480128 total
[2022-09-29T09:36:02.676+0000][7][gc,age      ] GC(285) - age  12:      16640 bytes,     496768 total
[2022-09-29T09:36:02.676+0000][7][gc,age      ] GC(285) - age  13:        288 bytes,     497056 total
[2022-09-29T09:36:02.677+0000][7][gc,age      ] GC(285) - age  14:        336 bytes,     497392 total
[2022-09-29T09:36:02.677+0000][7][gc,age      ] GC(285) - age  15:       1272 bytes,     498664 total
[2022-09-29T09:36:02.677+0000][7][gc,phases   ] GC(285)   Pre Evacuate Collection Set: 0.4ms
[2022-09-29T09:36:02.678+0000][7][gc,phases   ] GC(285)   Merge Heap Roots: 0.2ms
[2022-09-29T09:36:02.678+0000][7][gc,phases   ] GC(285)   Evacuate Collection Set: 1.8ms
[2022-09-29T09:36:02.678+0000][7][gc,phases   ] GC(285)   Post Evacuate Collection Set: 1.4ms
[2022-09-29T09:36:02.679+0000][7][gc,phases   ] GC(285)   Other: 6.3ms
[2022-09-29T09:36:02.679+0000][7][gc,heap     ] GC(285) Eden regions: 19->0(19)
[2022-09-29T09:36:02.679+0000][7][gc,heap     ] GC(285) Survivor regions: 1->1(3)
[2022-09-29T09:36:02.679+0000][7][gc,heap     ] GC(285) Old regions: 26->26
[2022-09-29T09:36:02.680+0000][7][gc,heap     ] GC(285) Archive regions: 2->2
[2022-09-29T09:36:02.680+0000][7][gc,heap     ] GC(285) Humongous regions: 5->5
[2022-09-29T09:36:02.680+0000][7][gc,metaspace] GC(285) Metaspace: 115638K(120220K)->115638K(120220K) NonClass: 100915K(104092K)->100915K(104092K) Class: 14722K(16128K)->14722K(16128K)
[2022-09-29T09:36:02.680+0000][7][gc          ] GC(285) Pause Young (Concurrent Start) (G1 Evacuation Pause) 204M->126M(256M) 12.977ms
[2022-09-29T09:36:02.681+0000][7][gc,cpu      ] GC(285) User=0.01s Sys=0.01s Real=0.02s
[2022-09-29T09:36:02.681+0000][7][gc          ] GC(286) Concurrent Cycle
[2022-09-29T09:36:02.681+0000][7][safepoint   ] Safepoint "G1CollectForAllocation", Time since last: 8823425882 ns, Reaching safepoint: 367039 ns, At safepoint: 14030216 ns, Total: 14397255 ns
[2022-09-29T09:36:02.682+0000][7][gc,marking  ] GC(286) Concurrent Clear Claimed Marks
[2022-09-29T09:36:02.682+0000][7][gc,marking  ] GC(286) Concurrent Clear Claimed Marks 0.798ms
[2022-09-29T09:36:02.683+0000][7][gc,marking  ] GC(286) Concurrent Scan Root Regions
[2022-09-29T09:36:02.686+0000][7][gc,marking  ] GC(286) Concurrent Scan Root Regions 2.983ms
[2022-09-29T09:36:02.686+0000][7][gc,marking  ] GC(286) Concurrent Mark (12771.779s)
[2022-09-29T09:36:02.687+0000][7][gc,marking  ] GC(286) Concurrent Mark From Roots
[2022-09-29T09:36:02.687+0000][7][gc,task     ] GC(286) Using 3 workers of 3 for marking
[2022-09-29T09:36:02.753+0000][7][gc,marking  ] GC(286) Concurrent Mark From Roots 66.363ms
[2022-09-29T09:36:02.753+0000][7][gc,marking  ] GC(286) Concurrent Preclean
[2022-09-29T09:36:02.755+0000][7][gc,marking  ] GC(286) Concurrent Preclean 1.157ms
[2022-09-29T09:36:02.756+0000][7][gc,marking  ] GC(286) Concurrent Mark (12771.779s, 12771.848s) 69.275ms
[2022-09-29T09:36:02.757+0000][7][gc,start    ] GC(286) Pause Remark
[2022-09-29T09:36:02.768+0000][7][gc          ] GC(286) Pause Remark 127M->127M(256M) 11.266ms
[2022-09-29T09:36:02.768+0000][7][gc,cpu      ] GC(286) User=0.06s Sys=0.00s Real=0.01s
[2022-09-29T09:36:02.769+0000][7][safepoint   ] Safepoint "G1Concurrent", Time since last: 74816681 ns, Reaching safepoint: 396215 ns, At safepoint: 12256015 ns, Total: 12652230 ns
[2022-09-29T09:36:02.769+0000][7][gc,marking  ] GC(286) Concurrent Rebuild Remembered Sets
[2022-09-29T09:36:02.811+0000][7][gc,marking  ] GC(286) Concurrent Rebuild Remembered Sets 41.626ms
[2022-09-29T09:36:02.812+0000][7][gc,start    ] GC(286) Pause Cleanup
[2022-09-29T09:36:02.813+0000][7][gc          ] GC(286) Pause Cleanup 127M->127M(256M) 0.565ms
[2022-09-29T09:36:02.813+0000][7][gc,cpu      ] GC(286) User=0.00s Sys=0.00s Real=0.00s
[2022-09-29T09:36:02.813+0000][7][safepoint   ] Safepoint "G1Concurrent", Time since last: 42738102 ns, Reaching safepoint: 394823 ns, At safepoint: 1428532 ns, Total: 1823355 ns
[2022-09-29T09:36:02.814+0000][7][gc,marking  ] GC(286) Concurrent Cleanup for Next Mark
[2022-09-29T09:36:02.815+0000][7][gc,marking  ] GC(286) Concurrent Cleanup for Next Mark 1.024ms
[2022-09-29T09:36:02.816+0000][7][gc          ] GC(286) Concurrent Cycle 134.236ms
[2022-09-29T09:37:02.825+0000][7][safepoint   ] Safepoint "Cleanup", Time since last: 60011197435 ns, Reaching safepoint: 417556 ns, At safepoint: 36500 ns, Total: 454056 ns
[2022-09-29T09:37:04.828+0000][7][safepoint   ] Safepoint "Cleanup", Time since last: 2000839231 ns, Reaching safepoint: 2520943 ns, At safepoint: 69072 ns, Total: 2590015 ns
[2022-09-29T09:37:10.272+0000][7][gc,start    ] GC(287) Pause Young (Normal) (G1 Evacuation Pause)
[2022-09-29T09:37:10.273+0000][7][gc,task     ] GC(287) Using 6 workers of 13 for evacuation
[2022-09-29T09:37:10.273+0000][7][gc,age      ] GC(287) Desired survivor size 6291456 bytes, new threshold 15 (max threshold 15)
[2022-09-29T09:37:10.276+0000][7][gc,age      ] GC(287) Age table with threshold 15 (max threshold 15)
[2022-09-29T09:37:10.277+0000][7][gc,age      ] GC(287) - age   1:     839424 bytes,     839424 total
[2022-09-29T09:37:10.277+0000][7][gc,age      ] GC(287) - age   2:     151840 bytes,     991264 total
[2022-09-29T09:37:10.277+0000][7][gc,age      ] GC(287) - age   3:      18472 bytes,    1009736 total
[2022-09-29T09:37:10.278+0000][7][gc,age      ] GC(287) - age   4:      19512 bytes,    1029248 total
[2022-09-29T09:37:10.278+0000][7][gc,age      ] GC(287) - age   5:     195568 bytes,    1224816 total
[2022-09-29T09:37:10.278+0000][7][gc,age      ] GC(287) - age   6:       1800 bytes,    1226616 total
[2022-09-29T09:37:10.278+0000][7][gc,age      ] GC(287) - age   7:       2312 bytes,    1228928 total
[2022-09-29T09:37:10.279+0000][7][gc,age      ] GC(287) - age   8:        512 bytes,    1229440 total
[2022-09-29T09:37:10.279+0000][7][gc,age      ] GC(287) - age   9:       1216 bytes,    1230656 total
[2022-09-29T09:37:10.279+0000][7][gc,age      ] GC(287) - age  10:       1304 bytes,    1231960 total
[2022-09-29T09:37:10.279+0000][7][gc,age      ] GC(287) - age  11:       2952 bytes,    1234912 total
[2022-09-29T09:37:10.279+0000][7][gc,age      ] GC(287) - age  12:        160 bytes,    1235072 total
[2022-09-29T09:37:10.280+0000][7][gc,age      ] GC(287) - age  13:      16640 bytes,    1251712 total
[2022-09-29T09:37:10.280+0000][7][gc,age      ] GC(287) - age  14:        288 bytes,    1252000 total
[2022-09-29T09:37:10.280+0000][7][gc,age      ] GC(287) - age  15:        336 bytes,    1252336 total
[2022-09-29T09:37:10.280+0000][7][gc,phases   ] GC(287)   Pre Evacuate Collection Set: 0.2ms
[2022-09-29T09:37:10.280+0000][7][gc,phases   ] GC(287)   Merge Heap Roots: 0.2ms
[2022-09-29T09:37:10.281+0000][7][gc,phases   ] GC(287)   Evacuate Collection Set: 1.4ms
[2022-09-29T09:37:10.281+0000][7][gc,phases   ] GC(287)   Post Evacuate Collection Set: 0.9ms
[2022-09-29T09:37:10.281+0000][7][gc,phases   ] GC(287)   Other: 5.5ms
[2022-09-29T09:37:10.281+0000][7][gc,heap     ] GC(287) Eden regions: 19->0(19)
[2022-09-29T09:37:10.281+0000][7][gc,heap     ] GC(287) Survivor regions: 1->1(3)
[2022-09-29T09:37:10.281+0000][7][gc,heap     ] GC(287) Old regions: 26->26
[2022-09-29T09:37:10.282+0000][7][gc,heap     ] GC(287) Archive regions: 2->2
[2022-09-29T09:37:10.282+0000][7][gc,heap     ] GC(287) Humongous regions: 5->5
[2022-09-29T09:37:10.282+0000][7][gc,metaspace] GC(287) Metaspace: 115639K(120220K)->115639K(120220K) NonClass: 100917K(104092K)->100917K(104092K) Class: 14722K(16128K)->14722K(16128K)
[2022-09-29T09:37:10.282+0000][7][gc          ] GC(287) Pause Young (Normal) (G1 Evacuation Pause) 202M->127M(256M) 10.390ms
[2022-09-29T09:37:10.283+0000][7][gc,cpu      ] GC(287) User=0.01s Sys=0.01s Real=0.01s
[2022-09-29T09:37:10.283+0000][7][safepoint   ] Safepoint "G1CollectForAllocation", Time since last: 5443255091 ns, Reaching safepoint: 313796 ns, At safepoint: 11059515 ns, Total: 11373311 ns
[2022-09-29T09:37:59.295+0000][7][safepoint   ] Safepoint "Cleanup", Time since last: 49011239404 ns, Reaching safepoint: 334447 ns, At safepoint: 51348 ns, Total: 385795 ns
[2022-09-29T09:38:03.296+0000][7][safepoint   ] Safepoint "Cleanup", Time since last: 4001134072 ns, Reaching safepoint: 219408 ns, At safepoint: 29276 ns, Total: 248684 ns
[2022-09-29T09:38:28.721+0000][7][gc,start    ] GC(288) Pause Young (Concurrent Start) (G1 Evacuation Pause)
[2022-09-29T09:38:28.722+0000][7][gc,task     ] GC(288) Using 6 workers of 13 for evacuation
[2022-09-29T09:38:28.722+0000][7][gc,age      ] GC(288) Desired survivor size 6291456 bytes, new threshold 15 (max threshold 15)
[2022-09-29T09:38:28.726+0000][7][gc,age      ] GC(288) Age table with threshold 15 (max threshold 15)
[2022-09-29T09:38:28.726+0000][7][gc,age      ] GC(288) - age   1:     489200 bytes,     489200 total
[2022-09-29T09:38:28.727+0000][7][gc,age      ] GC(288) - age   2:     705808 bytes,    1195008 total
[2022-09-29T09:38:28.727+0000][7][gc,age      ] GC(288) - age   3:     150560 bytes,    1345568 total
[2022-09-29T09:38:28.727+0000][7][gc,age      ] GC(288) - age   4:      17880 bytes,    1363448 total
[2022-09-29T09:38:28.727+0000][7][gc,age      ] GC(288) - age   5:      19320 bytes,    1382768 total
[2022-09-29T09:38:28.727+0000][7][gc,age      ] GC(288) - age   6:     195264 bytes,    1578032 total
[2022-09-29T09:38:28.728+0000][7][gc,age      ] GC(288) - age   7:       1384 bytes,    1579416 total
[2022-09-29T09:38:28.728+0000][7][gc,age      ] GC(288) - age   8:       2248 bytes,    1581664 total
[2022-09-29T09:38:28.729+0000][7][gc,age      ] GC(288) - age   9:        272 bytes,    1581936 total
[2022-09-29T09:38:28.729+0000][7][gc,age      ] GC(288) - age  10:       1184 bytes,    1583120 total
[2022-09-29T09:38:28.729+0000][7][gc,age      ] GC(288) - age  11:       1176 bytes,    1584296 total
[2022-09-29T09:38:28.730+0000][7][gc,age      ] GC(288) - age  12:       2888 bytes,    1587184 total
[2022-09-29T09:38:28.730+0000][7][gc,age      ] GC(288) - age  13:        160 bytes,    1587344 total
[2022-09-29T09:38:28.730+0000][7][gc,age      ] GC(288) - age  14:      16640 bytes,    1603984 total
[2022-09-29T09:38:28.731+0000][7][gc,age      ] GC(288) - age  15:        288 bytes,    1604272 total
[2022-09-29T09:38:28.731+0000][7][gc,phases   ] GC(288)   Pre Evacuate Collection Set: 0.4ms
[2022-09-29T09:38:28.732+0000][7][gc,phases   ] GC(288)   Merge Heap Roots: 0.1ms
[2022-09-29T09:38:28.732+0000][7][gc,phases   ] GC(288)   Evacuate Collection Set: 1.7ms
[2022-09-29T09:38:28.732+0000][7][gc,phases   ] GC(288)   Post Evacuate Collection Set: 1.2ms
[2022-09-29T09:38:28.733+0000][7][gc,phases   ] GC(288)   Other: 6.4ms
[2022-09-29T09:38:28.733+0000][7][gc,heap     ] GC(288) Eden regions: 19->0(19)
[2022-09-29T09:38:28.733+0000][7][gc,heap     ] GC(288) Survivor regions: 1->1(3)
[2022-09-29T09:38:28.734+0000][7][gc,heap     ] GC(288) Old regions: 26->26
[2022-09-29T09:38:28.734+0000][7][gc,heap     ] GC(288) Archive regions: 2->2
[2022-09-29T09:38:28.735+0000][7][gc,heap     ] GC(288) Humongous regions: 5->5
[2022-09-29T09:38:28.735+0000][7][gc,metaspace] GC(288) Metaspace: 115648K(120220K)->115648K(120220K) NonClass: 100926K(104092K)->100926K(104092K) Class: 14722K(16128K)->14722K(16128K)
[2022-09-29T09:38:28.735+0000][7][gc          ] GC(288) Pause Young (Concurrent Start) (G1 Evacuation Pause) 203M->127M(256M) 13.718ms
[2022-09-29T09:38:28.735+0000][7][gc,cpu      ] GC(288) User=0.02s Sys=0.00s Real=0.01s
[2022-09-29T09:38:28.736+0000][7][gc          ] GC(289) Concurrent Cycle
[2022-09-29T09:38:28.736+0000][7][safepoint   ] Safepoint "G1CollectForAllocation", Time since last: 25424882989 ns, Reaching safepoint: 313485 ns, At safepoint: 14557649 ns, Total: 14871134 ns
[2022-09-29T09:38:28.736+0000][7][gc,marking  ] GC(289) Concurrent Clear Claimed Marks
[2022-09-29T09:38:28.737+0000][7][gc,marking  ] GC(289) Concurrent Clear Claimed Marks 0.740ms
[2022-09-29T09:38:28.737+0000][7][gc,marking  ] GC(289) Concurrent Scan Root Regions
[2022-09-29T09:38:28.740+0000][7][gc,marking  ] GC(289) Concurrent Scan Root Regions 3.046ms
[2022-09-29T09:38:28.741+0000][7][gc,marking  ] GC(289) Concurrent Mark (12917.833s)
[2022-09-29T09:38:28.741+0000][7][gc,marking  ] GC(289) Concurrent Mark From Roots
[2022-09-29T09:38:28.741+0000][7][gc,task     ] GC(289) Using 3 workers of 3 for marking
[2022-09-29T09:38:28.797+0000][7][gc,marking  ] GC(289) Concurrent Mark From Roots 56.076ms
[2022-09-29T09:38:28.797+0000][7][gc,marking  ] GC(289) Concurrent Preclean
[2022-09-29T09:38:28.798+0000][7][gc,marking  ] GC(289) Concurrent Preclean 1.086ms
[2022-09-29T09:38:28.799+0000][7][gc,marking  ] GC(289) Concurrent Mark (12917.833s, 12917.892s) 58.448ms
[2022-09-29T09:38:28.800+0000][7][gc,start    ] GC(289) Pause Remark
[2022-09-29T09:38:28.810+0000][7][gc          ] GC(289) Pause Remark 129M->129M(256M) 9.795ms
[2022-09-29T09:38:28.810+0000][7][gc,cpu      ] GC(289) User=0.04s Sys=0.01s Real=0.01s
[2022-09-29T09:38:28.811+0000][7][safepoint   ] Safepoint "G1Concurrent", Time since last: 63806299 ns, Reaching safepoint: 376042 ns, At safepoint: 10561521 ns, Total: 10937563 ns
[2022-09-29T09:38:28.811+0000][7][gc,marking  ] GC(289) Concurrent Rebuild Remembered Sets
[2022-09-29T09:38:28.843+0000][7][gc,marking  ] GC(289) Concurrent Rebuild Remembered Sets 31.709ms
[2022-09-29T09:38:28.844+0000][7][gc,start    ] GC(289) Pause Cleanup
[2022-09-29T09:38:28.845+0000][7][gc          ] GC(289) Pause Cleanup 131M->131M(256M) 0.653ms
[2022-09-29T09:38:28.845+0000][7][gc,cpu      ] GC(289) User=0.00s Sys=0.00s Real=0.00s
[2022-09-29T09:38:28.845+0000][7][safepoint   ] Safepoint "G1Concurrent", Time since last: 32549947 ns, Reaching safepoint: 765840 ns, At safepoint: 1403234 ns, Total: 2169074 ns
[2022-09-29T09:38:28.846+0000][7][gc,marking  ] GC(289) Concurrent Cleanup for Next Mark
[2022-09-29T09:38:28.846+0000][7][gc,marking  ] GC(289) Concurrent Cleanup for Next Mark 0.669ms
[2022-09-29T09:38:28.847+0000][7][gc          ] GC(289) Concurrent Cycle 111.036ms
[2022-09-29T09:39:38.779+0000][7][gc,start    ] GC(290) Pause Young (Normal) (G1 Evacuation Pause)
[2022-09-29T09:39:38.779+0000][7][gc,task     ] GC(290) Using 6 workers of 13 for evacuation
[2022-09-29T09:39:38.780+0000][7][gc,age      ] GC(290) Desired survivor size 6291456 bytes, new threshold 15 (max threshold 15)
[2022-09-29T09:39:38.784+0000][7][gc,age      ] GC(290) Age table with threshold 15 (max threshold 15)
[2022-09-29T09:39:38.785+0000][7][gc,age      ] GC(290) - age   1:     563296 bytes,     563296 total
[2022-09-29T09:39:38.785+0000][7][gc,age      ] GC(290) - age   2:     309024 bytes,     872320 total
[2022-09-29T09:39:38.785+0000][7][gc,age      ] GC(290) - age   3:     688160 bytes,    1560480 total
[2022-09-29T09:39:38.785+0000][7][gc,age      ] GC(290) - age   4:     150032 bytes,    1710512 total
[2022-09-29T09:39:38.785+0000][7][gc,age      ] GC(290) - age   5:       1728 bytes,    1712240 total
[2022-09-29T09:39:38.786+0000][7][gc,age      ] GC(290) - age   6:      19160 bytes,    1731400 total
[2022-09-29T09:39:38.786+0000][7][gc,age      ] GC(290) - age   7:     195104 bytes,    1926504 total
[2022-09-29T09:39:38.786+0000][7][gc,age      ] GC(290) - age   8:       1384 bytes,    1927888 total
[2022-09-29T09:39:38.786+0000][7][gc,age      ] GC(290) - age   9:       2184 bytes,    1930072 total
[2022-09-29T09:39:38.786+0000][7][gc,age      ] GC(290) - age  10:        272 bytes,    1930344 total
[2022-09-29T09:39:38.786+0000][7][gc,age      ] GC(290) - age  11:       1184 bytes,    1931528 total
[2022-09-29T09:39:38.787+0000][7][gc,age      ] GC(290) - age  12:       1176 bytes,    1932704 total
[2022-09-29T09:39:38.787+0000][7][gc,age      ] GC(290) - age  13:       2888 bytes,    1935592 total
[2022-09-29T09:39:38.787+0000][7][gc,age      ] GC(290) - age  14:         96 bytes,    1935688 total
[2022-09-29T09:39:38.787+0000][7][gc,age      ] GC(290) - age  15:      16640 bytes,    1952328 total
[2022-09-29T09:39:38.788+0000][7][gc,phases   ] GC(290)   Pre Evacuate Collection Set: 0.3ms
[2022-09-29T09:39:38.788+0000][7][gc,phases   ] GC(290)   Merge Heap Roots: 0.1ms
[2022-09-29T09:39:38.788+0000][7][gc,phases   ] GC(290)   Evacuate Collection Set: 2.5ms
[2022-09-29T09:39:38.788+0000][7][gc,phases   ] GC(290)   Post Evacuate Collection Set: 1.2ms
[2022-09-29T09:39:38.788+0000][7][gc,phases   ] GC(290)   Other: 4.5ms
[2022-09-29T09:39:38.788+0000][7][gc,heap     ] GC(290) Eden regions: 19->0(19)
[2022-09-29T09:39:38.789+0000][7][gc,heap     ] GC(290) Survivor regions: 1->1(3)
[2022-09-29T09:39:38.789+0000][7][gc,heap     ] GC(290) Old regions: 26->26
[2022-09-29T09:39:38.789+0000][7][gc,heap     ] GC(290) Archive regions: 2->2
[2022-09-29T09:39:38.789+0000][7][gc,heap     ] GC(290) Humongous regions: 5->5
[2022-09-29T09:39:38.789+0000][7][gc,metaspace] GC(290) Metaspace: 115648K(120220K)->115648K(120220K) NonClass: 100926K(104092K)->100926K(104092K) Class: 14722K(16128K)->14722K(16128K)
[2022-09-29T09:39:38.790+0000][7][gc          ] GC(290) Pause Young (Normal) (G1 Evacuation Pause) 203M->128M(256M) 10.492ms
[2022-09-29T09:39:38.790+0000][7][gc,cpu      ] GC(290) User=0.02s Sys=0.01s Real=0.02s
[2022-09-29T09:39:38.790+0000][7][safepoint   ] Safepoint "G1CollectForAllocation", Time since last: 69933391075 ns, Reaching safepoint: 284763 ns, At safepoint: 11093071 ns, Total: 11377834 ns
[2022-09-29T09:39:50.793+0000][7][safepoint   ] Safepoint "Cleanup", Time since last: 12002364773 ns, Reaching safepoint: 196395 ns, At safepoint: 26991 ns, Total: 223386 ns
[2022-09-29T09:40:05.796+0000][7][safepoint   ] Safepoint "Cleanup", Time since last: 15002616844 ns, Reaching safepoint: 292818 ns, At safepoint: 49304 ns, Total: 342122 ns
[2022-09-29T09:40:33.784+0000][7][gc,start    ] GC(291) Pause Young (Concurrent Start) (G1 Evacuation Pause)
[2022-09-29T09:40:33.785+0000][7][gc,task     ] GC(291) Using 6 workers of 13 for evacuation
[2022-09-29T09:40:33.785+0000][7][gc,age      ] GC(291) Desired survivor size 6291456 bytes, new threshold 15 (max threshold 15)
[2022-09-29T09:40:33.788+0000][7][gc,age      ] GC(291) Age table with threshold 15 (max threshold 15)
[2022-09-29T09:40:33.789+0000][7][gc,age      ] GC(291) - age   1:     507728 bytes,     507728 total
[2022-09-29T09:40:33.789+0000][7][gc,age      ] GC(291) - age   2:      19560 bytes,     527288 total
[2022-09-29T09:40:33.789+0000][7][gc,age      ] GC(291) - age   3:       2664 bytes,     529952 total
[2022-09-29T09:40:33.789+0000][7][gc,age      ] GC(291) - age   4:      79520 bytes,     609472 total
[2022-09-29T09:40:33.789+0000][7][gc,age      ] GC(291) - age   5:     149360 bytes,     758832 total
[2022-09-29T09:40:33.790+0000][7][gc,age      ] GC(291) - age   6:       1568 bytes,     760400 total
[2022-09-29T09:40:33.790+0000][7][gc,age      ] GC(291) - age   7:      19096 bytes,     779496 total
[2022-09-29T09:40:33.790+0000][7][gc,age      ] GC(291) - age   8:       1400 bytes,     780896 total
[2022-09-29T09:40:33.790+0000][7][gc,age      ] GC(291) - age   9:       1320 bytes,     782216 total
[2022-09-29T09:40:33.790+0000][7][gc,age      ] GC(291) - age  10:        584 bytes,     782800 total
[2022-09-29T09:40:33.790+0000][7][gc,age      ] GC(291) - age  11:        208 bytes,     783008 total
[2022-09-29T09:40:33.791+0000][7][gc,age      ] GC(291) - age  12:       1120 bytes,     784128 total
[2022-09-29T09:40:33.791+0000][7][gc,age      ] GC(291) - age  13:       1176 bytes,     785304 total
[2022-09-29T09:40:33.791+0000][7][gc,age      ] GC(291) - age  14:       2784 bytes,     788088 total
[2022-09-29T09:40:33.791+0000][7][gc,age      ] GC(291) - age  15:         96 bytes,     788184 total
[2022-09-29T09:40:33.791+0000][7][gc,phases   ] GC(291)   Pre Evacuate Collection Set: 0.3ms
[2022-09-29T09:40:33.792+0000][7][gc,phases   ] GC(291)   Merge Heap Roots: 0.1ms
[2022-09-29T09:40:33.792+0000][7][gc,phases   ] GC(291)   Evacuate Collection Set: 1.4ms
[2022-09-29T09:40:33.792+0000][7][gc,phases   ] GC(291)   Post Evacuate Collection Set: 1.2ms
[2022-09-29T09:40:33.792+0000][7][gc,phases   ] GC(291)   Other: 4.4ms
[2022-09-29T09:40:33.793+0000][7][gc,heap     ] GC(291) Eden regions: 19->0(19)
[2022-09-29T09:40:33.793+0000][7][gc,heap     ] GC(291) Survivor regions: 1->1(3)
[2022-09-29T09:40:33.793+0000][7][gc,heap     ] GC(291) Old regions: 26->26
[2022-09-29T09:40:33.793+0000][7][gc,heap     ] GC(291) Archive regions: 2->2
[2022-09-29T09:40:33.794+0000][7][gc,heap     ] GC(291) Humongous regions: 5->5
[2022-09-29T09:40:33.794+0000][7][gc,metaspace] GC(291) Metaspace: 115654K(120220K)->115654K(120220K) NonClass: 100932K(104092K)->100932K(104092K) Class: 14722K(16128K)->14722K(16128K)
[2022-09-29T09:40:33.794+0000][7][gc          ] GC(291) Pause Young (Concurrent Start) (G1 Evacuation Pause) 204M->126M(256M) 9.868ms
[2022-09-29T09:40:33.795+0000][7][gc,cpu      ] GC(291) User=0.01s Sys=0.00s Real=0.01s
[2022-09-29T09:40:33.795+0000][7][gc          ] GC(292) Concurrent Cycle
[2022-09-29T09:40:33.795+0000][7][safepoint   ] Safepoint "G1CollectForAllocation", Time since last: 27988175221 ns, Reaching safepoint: 276978 ns, At safepoint: 11031549 ns, Total: 11308527 ns
[2022-09-29T09:40:33.795+0000][7][gc,marking  ] GC(292) Concurrent Clear Claimed Marks
[2022-09-29T09:40:33.796+0000][7][gc,marking  ] GC(292) Concurrent Clear Claimed Marks 0.557ms
[2022-09-29T09:40:33.796+0000][7][gc,marking  ] GC(292) Concurrent Scan Root Regions
[2022-09-29T09:40:33.798+0000][7][gc,marking  ] GC(292) Concurrent Scan Root Regions 1.384ms
[2022-09-29T09:40:33.798+0000][7][gc,marking  ] GC(292) Concurrent Mark (13042.890s)
[2022-09-29T09:40:33.798+0000][7][gc,marking  ] GC(292) Concurrent Mark From Roots
[2022-09-29T09:40:33.799+0000][7][gc,task     ] GC(292) Using 3 workers of 3 for marking
[2022-09-29T09:40:33.847+0000][7][gc,marking  ] GC(292) Concurrent Mark From Roots 48.500ms
[2022-09-29T09:40:33.847+0000][7][gc,marking  ] GC(292) Concurrent Preclean
[2022-09-29T09:40:33.848+0000][7][gc,marking  ] GC(292) Concurrent Preclean 0.781ms
[2022-09-29T09:40:33.848+0000][7][gc,marking  ] GC(292) Concurrent Mark (13042.890s, 13042.941s) 50.472ms
[2022-09-29T09:40:33.849+0000][7][gc,start    ] GC(292) Pause Remark
[2022-09-29T09:40:33.858+0000][7][gc          ] GC(292) Pause Remark 127M->127M(256M) 8.490ms
[2022-09-29T09:40:33.858+0000][7][gc,cpu      ] GC(292) User=0.04s Sys=0.01s Real=0.01s
[2022-09-29T09:40:33.859+0000][7][safepoint   ] Safepoint "G1Concurrent", Time since last: 53722674 ns, Reaching safepoint: 341681 ns, At safepoint: 9673344 ns, Total: 10015025 ns
[2022-09-29T09:40:33.859+0000][7][gc,marking  ] GC(292) Concurrent Rebuild Remembered Sets
[2022-09-29T09:40:33.898+0000][7][gc,marking  ] GC(292) Concurrent Rebuild Remembered Sets 38.770ms
[2022-09-29T09:40:33.899+0000][7][gc,start    ] GC(292) Pause Cleanup
[2022-09-29T09:40:33.900+0000][7][gc          ] GC(292) Pause Cleanup 127M->127M(256M) 0.642ms
[2022-09-29T09:40:33.900+0000][7][gc,cpu      ] GC(292) User=0.00s Sys=0.00s Real=0.01s
[2022-09-29T09:40:33.901+0000][7][safepoint   ] Safepoint "G1Concurrent", Time since last: 39920192 ns, Reaching safepoint: 397979 ns, At safepoint: 1402893 ns, Total: 1800872 ns
[2022-09-29T09:40:33.901+0000][7][gc,marking  ] GC(292) Concurrent Cleanup for Next Mark
[2022-09-29T09:40:33.902+0000][7][gc,marking  ] GC(292) Concurrent Cleanup for Next Mark 0.675ms
[2022-09-29T09:40:33.902+0000][7][gc          ] GC(292) Concurrent Cycle 107.023ms
[2022-09-29T09:41:52.917+0000][7][safepoint   ] Safepoint "Cleanup", Time since last: 79015595767 ns, Reaching safepoint: 403028 ns, At safepoint: 63241 ns, Total: 466269 ns
[2022-09-29T09:41:58.732+0000][7][gc,start    ] GC(293) Pause Young (Normal) (G1 Evacuation Pause)
[2022-09-29T09:41:58.732+0000][7][gc,task     ] GC(293) Using 6 workers of 13 for evacuation
[2022-09-29T09:41:58.733+0000][7][gc,age      ] GC(293) Desired survivor size 6291456 bytes, new threshold 15 (max threshold 15)
[2022-09-29T09:41:58.737+0000][7][gc,age      ] GC(293) Age table with threshold 15 (max threshold 15)
[2022-09-29T09:41:58.738+0000][7][gc,age      ] GC(293) - age   1:     466232 bytes,     466232 total
[2022-09-29T09:41:58.738+0000][7][gc,age      ] GC(293) - age   2:     419048 bytes,     885280 total
[2022-09-29T09:41:58.738+0000][7][gc,age      ] GC(293) - age   3:      18336 bytes,     903616 total
[2022-09-29T09:41:58.739+0000][7][gc,age      ] GC(293) - age   4:       1920 bytes,     905536 total
[2022-09-29T09:41:58.739+0000][7][gc,age      ] GC(293) - age   5:      79080 bytes,     984616 total
[2022-09-29T09:41:58.739+0000][7][gc,age      ] GC(293) - age   6:     149320 bytes,    1133936 total
[2022-09-29T09:41:58.740+0000][7][gc,age      ] GC(293) - age   7:       1504 bytes,    1135440 total
[2022-09-29T09:41:58.740+0000][7][gc,age      ] GC(293) - age   8:      19096 bytes,    1154536 total
[2022-09-29T09:41:58.741+0000][7][gc,age      ] GC(293) - age   9:       1400 bytes,    1155936 total
[2022-09-29T09:41:58.741+0000][7][gc,age      ] GC(293) - age  10:       1304 bytes,    1157240 total
[2022-09-29T09:41:58.741+0000][7][gc,age      ] GC(293) - age  11:        584 bytes,    1157824 total
[2022-09-29T09:41:58.742+0000][7][gc,age      ] GC(293) - age  12:        208 bytes,    1158032 total
[2022-09-29T09:41:58.742+0000][7][gc,age      ] GC(293) - age  13:        760 bytes,    1158792 total
[2022-09-29T09:41:58.742+0000][7][gc,age      ] GC(293) - age  14:       1144 bytes,    1159936 total
[2022-09-29T09:41:58.743+0000][7][gc,age      ] GC(293) - age  15:       2608 bytes,    1162544 total
[2022-09-29T09:41:58.743+0000][7][gc,phases   ] GC(293)   Pre Evacuate Collection Set: 0.3ms
[2022-09-29T09:41:58.744+0000][7][gc,phases   ] GC(293)   Merge Heap Roots: 0.2ms
[2022-09-29T09:41:58.744+0000][7][gc,phases   ] GC(293)   Evacuate Collection Set: 1.8ms
[2022-09-29T09:41:58.745+0000][7][gc,phases   ] GC(293)   Post Evacuate Collection Set: 1.3ms
[2022-09-29T09:41:58.745+0000][7][gc,phases   ] GC(293)   Other: 8.3ms
[2022-09-29T09:41:58.746+0000][7][gc,heap     ] GC(293) Eden regions: 19->0(19)
[2022-09-29T09:41:58.746+0000][7][gc,heap     ] GC(293) Survivor regions: 1->1(3)
[2022-09-29T09:41:58.746+0000][7][gc,heap     ] GC(293) Old regions: 26->26
[2022-09-29T09:41:58.747+0000][7][gc,heap     ] GC(293) Archive regions: 2->2
[2022-09-29T09:41:58.747+0000][7][gc,heap     ] GC(293) Humongous regions: 5->5
[2022-09-29T09:41:58.747+0000][7][gc,metaspace] GC(293) Metaspace: 115654K(120220K)->115654K(120220K) NonClass: 100932K(104092K)->100932K(104092K) Class: 14722K(16128K)->14722K(16128K)
[2022-09-29T09:41:58.747+0000][7][gc          ] GC(293) Pause Young (Normal) (G1 Evacuation Pause) 202M->127M(256M) 15.896ms
[2022-09-29T09:41:58.748+0000][7][gc,cpu      ] GC(293) User=0.02s Sys=0.00s Real=0.01s
[2022-09-29T09:41:58.748+0000][7][safepoint   ] Safepoint "G1CollectForAllocation", Time since last: 5814306816 ns, Reaching safepoint: 515333 ns, At safepoint: 16649137 ns, Total: 17164470 ns
[2022-09-29T09:42:05.751+0000][7][safepoint   ] Safepoint "Cleanup", Time since last: 7001876656 ns, Reaching safepoint: 682510 ns, At safepoint: 66918 ns, Total: 749428 ns
[2022-09-29T09:42:11.753+0000][7][safepoint   ] Safepoint "Cleanup", Time since last: 6001520552 ns, Reaching safepoint: 383351 ns, At safepoint: 30899 ns, Total: 414250 ns
[2022-09-29T09:42:46.438+0000][7][gc,start    ] GC(294) Pause Young (Concurrent Start) (G1 Evacuation Pause)
[2022-09-29T09:42:46.439+0000][7][gc,task     ] GC(294) Using 6 workers of 13 for evacuation
[2022-09-29T09:42:46.439+0000][7][gc,age      ] GC(294) Desired survivor size 6291456 bytes, new threshold 15 (max threshold 15)
[2022-09-29T09:42:46.444+0000][7][gc,age      ] GC(294) Age table with threshold 15 (max threshold 15)
[2022-09-29T09:42:46.444+0000][7][gc,age      ] GC(294) - age   1:    1008976 bytes,    1008976 total
[2022-09-29T09:42:46.444+0000][7][gc,age      ] GC(294) - age   2:     324408 bytes,    1333384 total
[2022-09-29T09:42:46.445+0000][7][gc,age      ] GC(294) - age   3:     403040 bytes,    1736424 total
[2022-09-29T09:42:46.445+0000][7][gc,age      ] GC(294) - age   4:       1688 bytes,    1738112 total
[2022-09-29T09:42:46.446+0000][7][gc,age      ] GC(294) - age   5:       1136 bytes,    1739248 total
[2022-09-29T09:42:46.446+0000][7][gc,age      ] GC(294) - age   6:      78784 bytes,    1818032 total
[2022-09-29T09:42:46.447+0000][7][gc,age      ] GC(294) - age   7:     149016 bytes,    1967048 total
[2022-09-29T09:42:46.447+0000][7][gc,age      ] GC(294) - age   8:        960 bytes,    1968008 total
[2022-09-29T09:42:46.447+0000][7][gc,age      ] GC(294) - age   9:      18696 bytes,    1986704 total
[2022-09-29T09:42:46.448+0000][7][gc,age      ] GC(294) - age  10:       1400 bytes,    1988104 total
[2022-09-29T09:42:46.448+0000][7][gc,age      ] GC(294) - age  11:       1200 bytes,    1989304 total
[2022-09-29T09:42:46.449+0000][7][gc,age      ] GC(294) - age  12:        360 bytes,    1989664 total
[2022-09-29T09:42:46.449+0000][7][gc,age      ] GC(294) - age  13:        208 bytes,    1989872 total
[2022-09-29T09:42:46.449+0000][7][gc,age      ] GC(294) - age  14:        728 bytes,    1990600 total
[2022-09-29T09:42:46.449+0000][7][gc,age      ] GC(294) - age  15:       1048 bytes,    1991648 total
[2022-09-29T09:42:46.450+0000][7][gc,phases   ] GC(294)   Pre Evacuate Collection Set: 0.5ms
[2022-09-29T09:42:46.450+0000][7][gc,phases   ] GC(294)   Merge Heap Roots: 0.2ms
[2022-09-29T09:42:46.451+0000][7][gc,phases   ] GC(294)   Evacuate Collection Set: 2.1ms
[2022-09-29T09:42:46.451+0000][7][gc,phases   ] GC(294)   Post Evacuate Collection Set: 1.6ms
[2022-09-29T09:42:46.451+0000][7][gc,phases   ] GC(294)   Other: 7.5ms
[2022-09-29T09:42:46.452+0000][7][gc,heap     ] GC(294) Eden regions: 19->0(19)
[2022-09-29T09:42:46.452+0000][7][gc,heap     ] GC(294) Survivor regions: 1->1(3)
[2022-09-29T09:42:46.452+0000][7][gc,heap     ] GC(294) Old regions: 26->26
[2022-09-29T09:42:46.452+0000][7][gc,heap     ] GC(294) Archive regions: 2->2
[2022-09-29T09:42:46.453+0000][7][gc,heap     ] GC(294) Humongous regions: 5->5
[2022-09-29T09:42:46.453+0000][7][gc,metaspace] GC(294) Metaspace: 115657K(120220K)->115657K(120220K) NonClass: 100934K(104092K)->100934K(104092K) Class: 14722K(16128K)->14722K(16128K)
[2022-09-29T09:42:46.453+0000][7][gc          ] GC(294) Pause Young (Concurrent Start) (G1 Evacuation Pause) 203M->127M(256M) 15.173ms
[2022-09-29T09:42:46.454+0000][7][gc,cpu      ] GC(294) User=0.02s Sys=0.00s Real=0.02s
[2022-09-29T09:42:46.454+0000][7][gc          ] GC(295) Concurrent Cycle
[2022-09-29T09:42:46.454+0000][7][safepoint   ] Safepoint "G1CollectForAllocation", Time since last: 34685070947 ns, Reaching safepoint: 337748 ns, At safepoint: 16011803 ns, Total: 16349551 ns
[2022-09-29T09:42:46.454+0000][7][gc,marking  ] GC(295) Concurrent Clear Claimed Marks
[2022-09-29T09:42:46.455+0000][7][gc,marking  ] GC(295) Concurrent Clear Claimed Marks 0.927ms
[2022-09-29T09:42:46.456+0000][7][gc,marking  ] GC(295) Concurrent Scan Root Regions
[2022-09-29T09:42:46.459+0000][7][gc,marking  ] GC(295) Concurrent Scan Root Regions 3.013ms
[2022-09-29T09:42:46.459+0000][7][gc,marking  ] GC(295) Concurrent Mark (13175.552s)
[2022-09-29T09:42:46.460+0000][7][gc,marking  ] GC(295) Concurrent Mark From Roots
[2022-09-29T09:42:46.460+0000][7][gc,task     ] GC(295) Using 3 workers of 3 for marking
[2022-09-29T09:42:46.520+0000][7][gc,marking  ] GC(295) Concurrent Mark From Roots 60.091ms
[2022-09-29T09:42:46.520+0000][7][gc,marking  ] GC(295) Concurrent Preclean
[2022-09-29T09:42:46.521+0000][7][gc,marking  ] GC(295) Concurrent Preclean 1.017ms
[2022-09-29T09:42:46.522+0000][7][gc,marking  ] GC(295) Concurrent Mark (13175.552s, 13175.614s) 62.510ms
[2022-09-29T09:42:46.523+0000][7][gc,start    ] GC(295) Pause Remark
[2022-09-29T09:42:46.535+0000][7][gc          ] GC(295) Pause Remark 128M->128M(256M) 11.946ms
[2022-09-29T09:42:46.535+0000][7][gc,cpu      ] GC(295) User=0.06s Sys=0.00s Real=0.01s
[2022-09-29T09:42:46.536+0000][7][safepoint   ] Safepoint "G1Concurrent", Time since last: 68132613 ns, Reaching safepoint: 371661 ns, At safepoint: 13113767 ns, Total: 13485428 ns
[2022-09-29T09:42:46.536+0000][7][gc,marking  ] GC(295) Concurrent Rebuild Remembered Sets
[2022-09-29T09:42:46.578+0000][7][gc,marking  ] GC(295) Concurrent Rebuild Remembered Sets 42.152ms
[2022-09-29T09:42:46.580+0000][7][gc,start    ] GC(295) Pause Cleanup
[2022-09-29T09:42:46.580+0000][7][gc          ] GC(295) Pause Cleanup 128M->128M(256M) 0.717ms
[2022-09-29T09:42:46.581+0000][7][gc,cpu      ] GC(295) User=0.01s Sys=0.00s Real=0.00s
[2022-09-29T09:42:46.581+0000][7][safepoint   ] Safepoint "G1Concurrent", Time since last: 43314230 ns, Reaching safepoint: 460738 ns, At safepoint: 1721531 ns, Total: 2182269 ns
[2022-09-29T09:42:46.582+0000][7][gc,marking  ] GC(295) Concurrent Cleanup for Next Mark
[2022-09-29T09:42:46.583+0000][7][gc,marking  ] GC(295) Concurrent Cleanup for Next Mark 0.891ms
[2022-09-29T09:42:46.583+0000][7][gc          ] GC(295) Concurrent Cycle 129.053ms
[2022-09-29T09:43:14.587+0000][7][safepoint   ] Safepoint "Cleanup", Time since last: 28005506866 ns, Reaching safepoint: 471839 ns, At safepoint: 34897 ns, Total: 506736 ns
[2022-09-29T09:43:15.589+0000][7][safepoint   ] Safepoint "Cleanup", Time since last: 1000850526 ns, Reaching safepoint: 539112 ns, At safepoint: 84461 ns, Total: 623573 ns
[2022-09-29T09:43:50.464+0000][7][gc,start    ] GC(296) Pause Young (Normal) (G1 Evacuation Pause)
[2022-09-29T09:43:50.464+0000][7][gc,task     ] GC(296) Using 6 workers of 13 for evacuation
[2022-09-29T09:43:50.465+0000][7][gc,age      ] GC(296) Desired survivor size 6291456 bytes, new threshold 15 (max threshold 15)
[2022-09-29T09:43:50.469+0000][7][gc,age      ] GC(296) Age table with threshold 15 (max threshold 15)
[2022-09-29T09:43:50.470+0000][7][gc,age      ] GC(296) - age   1:     448264 bytes,     448264 total
[2022-09-29T09:43:50.470+0000][7][gc,age      ] GC(296) - age   2:      36704 bytes,     484968 total
[2022-09-29T09:43:50.471+0000][7][gc,age      ] GC(296) - age   3:      18088 bytes,     503056 total
[2022-09-29T09:43:50.471+0000][7][gc,age      ] GC(296) - age   4:     120192 bytes,     623248 total
[2022-09-29T09:43:50.471+0000][7][gc,age      ] GC(296) - age   5:       1624 bytes,     624872 total
[2022-09-29T09:43:50.472+0000][7][gc,age      ] GC(296) - age   6:       1136 bytes,     626008 total
[2022-09-29T09:43:50.472+0000][7][gc,age      ] GC(296) - age   7:      78688 bytes,     704696 total
[2022-09-29T09:43:50.472+0000][7][gc,age      ] GC(296) - age   8:     148920 bytes,     853616 total
[2022-09-29T09:43:50.473+0000][7][gc,age      ] GC(296) - age   9:        920 bytes,     854536 total
[2022-09-29T09:43:50.473+0000][7][gc,age      ] GC(296) - age  10:      18104 bytes,     872640 total
[2022-09-29T09:43:50.473+0000][7][gc,age      ] GC(296) - age  11:       1400 bytes,     874040 total
[2022-09-29T09:43:50.474+0000][7][gc,age      ] GC(296) - age  12:       1200 bytes,     875240 total
[2022-09-29T09:43:50.474+0000][7][gc,age      ] GC(296) - age  13:        320 bytes,     875560 total
[2022-09-29T09:43:50.474+0000][7][gc,age      ] GC(296) - age  14:        208 bytes,     875768 total
[2022-09-29T09:43:50.474+0000][7][gc,age      ] GC(296) - age  15:        728 bytes,     876496 total
[2022-09-29T09:43:50.475+0000][7][gc,phases   ] GC(296)   Pre Evacuate Collection Set: 0.3ms
[2022-09-29T09:43:50.475+0000][7][gc,phases   ] GC(296)   Merge Heap Roots: 0.2ms
[2022-09-29T09:43:50.475+0000][7][gc,phases   ] GC(296)   Evacuate Collection Set: 1.6ms
[2022-09-29T09:43:50.476+0000][7][gc,phases   ] GC(296)   Post Evacuate Collection Set: 1.8ms
[2022-09-29T09:43:50.476+0000][7][gc,phases   ] GC(296)   Other: 7.4ms
[2022-09-29T09:43:50.477+0000][7][gc,heap     ] GC(296) Eden regions: 19->0(19)
[2022-09-29T09:43:50.477+0000][7][gc,heap     ] GC(296) Survivor regions: 1->1(3)
[2022-09-29T09:43:50.478+0000][7][gc,heap     ] GC(296) Old regions: 26->26
[2022-09-29T09:43:50.478+0000][7][gc,heap     ] GC(296) Archive regions: 2->2
[2022-09-29T09:43:50.479+0000][7][gc,heap     ] GC(296) Humongous regions: 5->5
[2022-09-29T09:43:50.479+0000][7][gc,metaspace] GC(296) Metaspace: 115657K(120220K)->115657K(120220K) NonClass: 100934K(104092K)->100934K(104092K) Class: 14722K(16128K)->14722K(16128K)
[2022-09-29T09:43:50.480+0000][7][gc          ] GC(296) Pause Young (Normal) (G1 Evacuation Pause) 203M->127M(256M) 16.028ms
[2022-09-29T09:43:50.480+0000][7][gc,cpu      ] GC(296) User=0.00s Sys=0.01s Real=0.02s
[2022-09-29T09:43:50.480+0000][7][safepoint   ] Safepoint "G1CollectForAllocation", Time since last: 34874217767 ns, Reaching safepoint: 508829 ns, At safepoint: 17064449 ns, Total: 17573278 ns
[2022-09-29T09:44:17.487+0000][7][safepoint   ] Safepoint "Cleanup", Time since last: 27005952920 ns, Reaching safepoint: 356569 ns, At safepoint: 55075 ns, Total: 411644 ns
[2022-09-29T09:45:05.513+0000][7][gc,start    ] GC(297) Pause Young (Concurrent Start) (G1 Evacuation Pause)
[2022-09-29T09:45:05.513+0000][7][gc,task     ] GC(297) Using 6 workers of 13 for evacuation
[2022-09-29T09:45:05.513+0000][7][gc,age      ] GC(297) Desired survivor size 6291456 bytes, new threshold 15 (max threshold 15)
[2022-09-29T09:45:05.516+0000][7][gc,age      ] GC(297) Age table with threshold 15 (max threshold 15)
[2022-09-29T09:45:05.516+0000][7][gc,age      ] GC(297) - age   1:     539696 bytes,     539696 total
[2022-09-29T09:45:05.517+0000][7][gc,age      ] GC(297) - age   2:     357520 bytes,     897216 total
[2022-09-29T09:45:05.517+0000][7][gc,age      ] GC(297) - age   3:      35552 bytes,     932768 total
[2022-09-29T09:45:05.517+0000][7][gc,age      ] GC(297) - age   4:      18088 bytes,     950856 total
[2022-09-29T09:45:05.517+0000][7][gc,age      ] GC(297) - age   5:     120072 bytes,    1070928 total
[2022-09-29T09:45:05.517+0000][7][gc,age      ] GC(297) - age   6:       1624 bytes,    1072552 total
[2022-09-29T09:45:05.518+0000][7][gc,age      ] GC(297) - age   7:       1040 bytes,    1073592 total
[2022-09-29T09:45:05.518+0000][7][gc,age      ] GC(297) - age   8:      78688 bytes,    1152280 total
[2022-09-29T09:45:05.518+0000][7][gc,age      ] GC(297) - age   9:     148856 bytes,    1301136 total
[2022-09-29T09:45:05.518+0000][7][gc,age      ] GC(297) - age  10:        664 bytes,    1301800 total
[2022-09-29T09:45:05.518+0000][7][gc,age      ] GC(297) - age  11:      17744 bytes,    1319544 total
[2022-09-29T09:45:05.519+0000][7][gc,age      ] GC(297) - age  12:       1400 bytes,    1320944 total
[2022-09-29T09:45:05.519+0000][7][gc,age      ] GC(297) - age  13:       1064 bytes,    1322008 total
[2022-09-29T09:45:05.519+0000][7][gc,age      ] GC(297) - age  14:        320 bytes,    1322328 total
[2022-09-29T09:45:05.519+0000][7][gc,age      ] GC(297) - age  15:        208 bytes,    1322536 total
[2022-09-29T09:45:05.519+0000][7][gc,phases   ] GC(297)   Pre Evacuate Collection Set: 0.3ms
[2022-09-29T09:45:05.520+0000][7][gc,phases   ] GC(297)   Merge Heap Roots: 0.1ms
[2022-09-29T09:45:05.520+0000][7][gc,phases   ] GC(297)   Evacuate Collection Set: 1.4ms
[2022-09-29T09:45:05.520+0000][7][gc,phases   ] GC(297)   Post Evacuate Collection Set: 0.8ms
[2022-09-29T09:45:05.521+0000][7][gc,phases   ] GC(297)   Other: 4.3ms
[2022-09-29T09:45:05.521+0000][7][gc,heap     ] GC(297) Eden regions: 19->0(19)
[2022-09-29T09:45:05.521+0000][7][gc,heap     ] GC(297) Survivor regions: 1->1(3)
[2022-09-29T09:45:05.522+0000][7][gc,heap     ] GC(297) Old regions: 26->26
[2022-09-29T09:45:05.522+0000][7][gc,heap     ] GC(297) Archive regions: 2->2
[2022-09-29T09:45:05.522+0000][7][gc,heap     ] GC(297) Humongous regions: 5->5
[2022-09-29T09:45:05.522+0000][7][gc,metaspace] GC(297) Metaspace: 115657K(120220K)->115657K(120220K) NonClass: 100934K(104092K)->100934K(104092K) Class: 14722K(16128K)->14722K(16128K)
[2022-09-29T09:45:05.522+0000][7][gc          ] GC(297) Pause Young (Concurrent Start) (G1 Evacuation Pause) 203M->127M(256M) 9.820ms
[2022-09-29T09:45:05.523+0000][7][gc,cpu      ] GC(297) User=0.01s Sys=0.00s Real=0.01s
[2022-09-29T09:45:05.523+0000][7][gc          ] GC(298) Concurrent Cycle
[2022-09-29T09:45:05.523+0000][7][gc,marking  ] GC(298) Concurrent Clear Claimed Marks
[2022-09-29T09:45:05.523+0000][7][safepoint   ] Safepoint "G1CollectForAllocation", Time since last: 48025337993 ns, Reaching safepoint: 271026 ns, At safepoint: 10474270 ns, Total: 10745296 ns
[2022-09-29T09:45:05.525+0000][7][gc,marking  ] GC(298) Concurrent Clear Claimed Marks 2.219ms
[2022-09-29T09:45:05.527+0000][7][gc,marking  ] GC(298) Concurrent Scan Root Regions
[2022-09-29T09:45:05.532+0000][7][gc,marking  ] GC(298) Concurrent Scan Root Regions 4.722ms
[2022-09-29T09:45:05.533+0000][7][gc,marking  ] GC(298) Concurrent Mark (13314.625s)
[2022-09-29T09:45:05.534+0000][7][gc,marking  ] GC(298) Concurrent Mark From Roots
[2022-09-29T09:45:05.535+0000][7][gc,task     ] GC(298) Using 3 workers of 3 for marking
[2022-09-29T09:45:05.610+0000][7][gc,marking  ] GC(298) Concurrent Mark From Roots 76.248ms
[2022-09-29T09:45:05.611+0000][7][gc,marking  ] GC(298) Concurrent Preclean
[2022-09-29T09:45:05.611+0000][7][gc,marking  ] GC(298) Concurrent Preclean 0.770ms
[2022-09-29T09:45:05.612+0000][7][gc,marking  ] GC(298) Concurrent Mark (13314.625s, 13314.704s) 78.862ms
[2022-09-29T09:45:05.613+0000][7][gc,start    ] GC(298) Pause Remark
[2022-09-29T09:45:05.623+0000][7][gc          ] GC(298) Pause Remark 129M->129M(256M) 10.478ms
[2022-09-29T09:45:05.623+0000][7][gc,cpu      ] GC(298) User=0.07s Sys=0.00s Real=0.01s
[2022-09-29T09:45:05.624+0000][7][safepoint   ] Safepoint "G1Concurrent", Time since last: 89207577 ns, Reaching safepoint: 335026 ns, At safepoint: 11293772 ns, Total: 11628798 ns
[2022-09-29T09:45:05.624+0000][7][gc,marking  ] GC(298) Concurrent Rebuild Remembered Sets
[2022-09-29T09:45:05.660+0000][7][gc,marking  ] GC(298) Concurrent Rebuild Remembered Sets 36.282ms
[2022-09-29T09:45:05.661+0000][7][gc,start    ] GC(298) Pause Cleanup
[2022-09-29T09:45:05.662+0000][7][gc          ] GC(298) Pause Cleanup 129M->129M(256M) 0.679ms
[2022-09-29T09:45:05.663+0000][7][gc,cpu      ] GC(298) User=0.00s Sys=0.00s Real=0.00s
[2022-09-29T09:45:05.663+0000][7][safepoint   ] Safepoint "G1Concurrent", Time since last: 37287204 ns, Reaching safepoint: 369284 ns, At safepoint: 1558230 ns, Total: 1927514 ns
[2022-09-29T09:45:05.664+0000][7][gc,marking  ] GC(298) Concurrent Cleanup for Next Mark
[2022-09-29T09:45:05.665+0000][7][gc,marking  ] GC(298) Concurrent Cleanup for Next Mark 1.327ms
[2022-09-29T09:45:05.666+0000][7][gc          ] GC(298) Concurrent Cycle 142.920ms
[2022-09-29T09:45:06.665+0000][7][safepoint   ] Safepoint "Cleanup", Time since last: 1001327797 ns, Reaching safepoint: 490092 ns, At safepoint: 107064 ns, Total: 597156 ns
[2022-09-29T09:46:06.678+0000][7][safepoint   ] Safepoint "Cleanup", Time since last: 60012837283 ns, Reaching safepoint: 406011 ns, At safepoint: 72218 ns, Total: 478229 ns
[2022-09-29T09:46:08.680+0000][7][safepoint   ] Safepoint "Cleanup", Time since last: 2000909435 ns, Reaching safepoint: 697368 ns, At safepoint: 75685 ns, Total: 773053 ns
[2022-09-29T09:46:22.907+0000][7][gc,start    ] GC(299) Pause Young (Normal) (G1 Evacuation Pause)
[2022-09-29T09:46:22.908+0000][7][gc,task     ] GC(299) Using 6 workers of 13 for evacuation
[2022-09-29T09:46:22.909+0000][7][gc,age      ] GC(299) Desired survivor size 6291456 bytes, new threshold 15 (max threshold 15)
[2022-09-29T09:46:22.915+0000][7][gc,age      ] GC(299) Age table with threshold 15 (max threshold 15)
[2022-09-29T09:46:22.915+0000][7][gc,age      ] GC(299) - age   1:     561840 bytes,     561840 total
[2022-09-29T09:46:22.915+0000][7][gc,age      ] GC(299) - age   2:     324288 bytes,     886128 total
[2022-09-29T09:46:22.915+0000][7][gc,age      ] GC(299) - age   3:     315880 bytes,    1202008 total
[2022-09-29T09:46:22.916+0000][7][gc,age      ] GC(299) - age   4:      18408 bytes,    1220416 total
[2022-09-29T09:46:22.916+0000][7][gc,age      ] GC(299) - age   5:       1680 bytes,    1222096 total
[2022-09-29T09:46:22.916+0000][7][gc,age      ] GC(299) - age   6:     119624 bytes,    1341720 total
[2022-09-29T09:46:22.916+0000][7][gc,age      ] GC(299) - age   7:       1488 bytes,    1343208 total
[2022-09-29T09:46:22.916+0000][7][gc,age      ] GC(299) - age   8:        840 bytes,    1344048 total
[2022-09-29T09:46:22.917+0000][7][gc,age      ] GC(299) - age   9:      78656 bytes,    1422704 total
[2022-09-29T09:46:22.917+0000][7][gc,age      ] GC(299) - age  10:     148680 bytes,    1571384 total
[2022-09-29T09:46:22.917+0000][7][gc,age      ] GC(299) - age  11:        600 bytes,    1571984 total
[2022-09-29T09:46:22.917+0000][7][gc,age      ] GC(299) - age  12:      17408 bytes,    1589392 total
[2022-09-29T09:46:22.917+0000][7][gc,age      ] GC(299) - age  13:       1400 bytes,    1590792 total
[2022-09-29T09:46:22.918+0000][7][gc,age      ] GC(299) - age  14:        960 bytes,    1591752 total
[2022-09-29T09:46:22.918+0000][7][gc,age      ] GC(299) - age  15:        256 bytes,    1592008 total
[2022-09-29T09:46:22.918+0000][7][gc,phases   ] GC(299)   Pre Evacuate Collection Set: 0.4ms
[2022-09-29T09:46:22.918+0000][7][gc,phases   ] GC(299)   Merge Heap Roots: 0.2ms
[2022-09-29T09:46:22.918+0000][7][gc,phases   ] GC(299)   Evacuate Collection Set: 3.6ms
[2022-09-29T09:46:22.919+0000][7][gc,phases   ] GC(299)   Post Evacuate Collection Set: 1.2ms
[2022-09-29T09:46:22.919+0000][7][gc,phases   ] GC(299)   Other: 5.1ms
[2022-09-29T09:46:22.919+0000][7][gc,heap     ] GC(299) Eden regions: 19->0(19)
[2022-09-29T09:46:22.919+0000][7][gc,heap     ] GC(299) Survivor regions: 1->1(3)
[2022-09-29T09:46:22.919+0000][7][gc,heap     ] GC(299) Old regions: 26->26
[2022-09-29T09:46:22.920+0000][7][gc,heap     ] GC(299) Archive regions: 2->2
[2022-09-29T09:46:22.920+0000][7][gc,heap     ] GC(299) Humongous regions: 5->5
[2022-09-29T09:46:22.920+0000][7][gc,metaspace] GC(299) Metaspace: 115668K(120220K)->115668K(120220K) NonClass: 100945K(104092K)->100945K(104092K) Class: 14722K(16128K)->14722K(16128K)
[2022-09-29T09:46:22.920+0000][7][gc          ] GC(299) Pause Young (Normal) (G1 Evacuation Pause) 203M->127M(256M) 12.698ms
[2022-09-29T09:46:22.920+0000][7][gc,cpu      ] GC(299) User=0.01s Sys=0.01s Real=0.02s
[2022-09-29T09:46:22.921+0000][7][safepoint   ] Safepoint "G1CollectForAllocation", Time since last: 14226937637 ns, Reaching safepoint: 533344 ns, At safepoint: 13320203 ns, Total: 13853547 ns
[2022-09-29T09:46:29.923+0000][7][safepoint   ] Safepoint "Cleanup", Time since last: 7001314736 ns, Reaching safepoint: 476278 ns, At safepoint: 55235 ns, Total: 531513 ns
[2022-09-29T09:47:09.151+0000][7][gc,start    ] GC(300) Pause Young (Concurrent Start) (G1 Evacuation Pause)
[2022-09-29T09:47:09.151+0000][7][gc,task     ] GC(300) Using 6 workers of 13 for evacuation
[2022-09-29T09:47:09.152+0000][7][gc,age      ] GC(300) Desired survivor size 6291456 bytes, new threshold 15 (max threshold 15)
[2022-09-29T09:47:09.158+0000][7][gc,age      ] GC(300) Age table with threshold 15 (max threshold 15)
[2022-09-29T09:47:09.158+0000][7][gc,age      ] GC(300) - age   1:    1414416 bytes,    1414416 total
[2022-09-29T09:47:09.158+0000][7][gc,age      ] GC(300) - age   2:     343088 bytes,    1757504 total
[2022-09-29T09:47:09.159+0000][7][gc,age      ] GC(300) - age   3:     306832 bytes,    2064336 total
[2022-09-29T09:47:09.159+0000][7][gc,age      ] GC(300) - age   4:     300664 bytes,    2365000 total
[2022-09-29T09:47:09.159+0000][7][gc,age      ] GC(300) - age   5:       1888 bytes,    2366888 total
[2022-09-29T09:47:09.159+0000][7][gc,age      ] GC(300) - age   6:       1184 bytes,    2368072 total
[2022-09-29T09:47:09.160+0000][7][gc,age      ] GC(300) - age   7:     110760 bytes,    2478832 total
[2022-09-29T09:47:09.160+0000][7][gc,age      ] GC(300) - age   8:       1128 bytes,    2479960 total
[2022-09-29T09:47:09.160+0000][7][gc,age      ] GC(300) - age   9:        800 bytes,    2480760 total
[2022-09-29T09:47:09.161+0000][7][gc,age      ] GC(300) - age  10:      78256 bytes,    2559016 total
[2022-09-29T09:47:09.161+0000][7][gc,age      ] GC(300) - age  11:     148680 bytes,    2707696 total
[2022-09-29T09:47:09.161+0000][7][gc,age      ] GC(300) - age  12:        536 bytes,    2708232 total
[2022-09-29T09:47:09.161+0000][7][gc,age      ] GC(300) - age  13:      17264 bytes,    2725496 total
[2022-09-29T09:47:09.162+0000][7][gc,age      ] GC(300) - age  14:       1304 bytes,    2726800 total
[2022-09-29T09:47:09.162+0000][7][gc,age      ] GC(300) - age  15:        960 bytes,    2727760 total
[2022-09-29T09:47:09.163+0000][7][gc,phases   ] GC(300)   Pre Evacuate Collection Set: 0.5ms
[2022-09-29T09:47:09.164+0000][7][gc,phases   ] GC(300)   Merge Heap Roots: 0.2ms
[2022-09-29T09:47:09.164+0000][7][gc,phases   ] GC(300)   Evacuate Collection Set: 3.0ms
[2022-09-29T09:47:09.164+0000][7][gc,phases   ] GC(300)   Post Evacuate Collection Set: 1.4ms
[2022-09-29T09:47:09.165+0000][7][gc,phases   ] GC(300)   Other: 7.1ms
[2022-09-29T09:47:09.165+0000][7][gc,heap     ] GC(300) Eden regions: 19->0(19)
[2022-09-29T09:47:09.165+0000][7][gc,heap     ] GC(300) Survivor regions: 1->1(3)
[2022-09-29T09:47:09.166+0000][7][gc,heap     ] GC(300) Old regions: 26->26
[2022-09-29T09:47:09.166+0000][7][gc,heap     ] GC(300) Archive regions: 2->2
[2022-09-29T09:47:09.166+0000][7][gc,heap     ] GC(300) Humongous regions: 5->5
[2022-09-29T09:47:09.167+0000][7][gc,metaspace] GC(300) Metaspace: 115669K(120220K)->115669K(120220K) NonClass: 100947K(104092K)->100947K(104092K) Class: 14722K(16128K)->14722K(16128K)
[2022-09-29T09:47:09.167+0000][7][gc          ] GC(300) Pause Young (Concurrent Start) (G1 Evacuation Pause) 203M->128M(256M) 16.043ms
[2022-09-29T09:47:09.167+0000][7][gc,cpu      ] GC(300) User=0.02s Sys=0.01s Real=0.01s
[2022-09-29T09:47:09.167+0000][7][gc          ] GC(301) Concurrent Cycle
[2022-09-29T09:47:09.167+0000][7][safepoint   ] Safepoint "G1CollectForAllocation", Time since last: 39227794552 ns, Reaching safepoint: 348827 ns, At safepoint: 16792748 ns, Total: 17141575 ns
[2022-09-29T09:47:09.168+0000][7][gc,marking  ] GC(301) Concurrent Clear Claimed Marks
[2022-09-29T09:47:09.169+0000][7][gc,marking  ] GC(301) Concurrent Clear Claimed Marks 1.168ms
[2022-09-29T09:47:09.169+0000][7][gc,marking  ] GC(301) Concurrent Scan Root Regions
[2022-09-29T09:47:09.174+0000][7][gc,marking  ] GC(301) Concurrent Scan Root Regions 4.402ms
[2022-09-29T09:47:09.174+0000][7][gc,marking  ] GC(301) Concurrent Mark (13438.267s)
[2022-09-29T09:47:09.175+0000][7][gc,marking  ] GC(301) Concurrent Mark From Roots
[2022-09-29T09:47:09.175+0000][7][gc,task     ] GC(301) Using 3 workers of 3 for marking
[2022-09-29T09:47:09.267+0000][7][gc,marking  ] GC(301) Concurrent Mark From Roots 92.484ms
[2022-09-29T09:47:09.268+0000][7][gc,marking  ] GC(301) Concurrent Preclean
[2022-09-29T09:47:09.270+0000][7][gc,marking  ] GC(301) Concurrent Preclean 1.897ms
[2022-09-29T09:47:09.271+0000][7][gc,marking  ] GC(301) Concurrent Mark (13438.267s, 13438.363s) 96.292ms
[2022-09-29T09:47:09.273+0000][7][gc,start    ] GC(301) Pause Remark
[2022-09-29T09:47:09.287+0000][7][gc          ] GC(301) Pause Remark 134M->134M(256M) 14.322ms
[2022-09-29T09:47:09.288+0000][7][gc,cpu      ] GC(301) User=0.09s Sys=0.00s Real=0.01s
[2022-09-29T09:47:09.288+0000][7][safepoint   ] Safepoint "G1Concurrent", Time since last: 104593990 ns, Reaching safepoint: 539854 ns, At safepoint: 15834494 ns, Total: 16374348 ns
[2022-09-29T09:47:09.289+0000][7][gc,marking  ] GC(301) Concurrent Rebuild Remembered Sets
[2022-09-29T09:47:09.352+0000][7][gc,marking  ] GC(301) Concurrent Rebuild Remembered Sets 62.349ms
[2022-09-29T09:47:09.353+0000][7][gc,start    ] GC(301) Pause Cleanup
[2022-09-29T09:47:09.355+0000][7][gc          ] GC(301) Pause Cleanup 135M->135M(256M) 1.258ms
[2022-09-29T09:47:09.356+0000][7][gc,cpu      ] GC(301) User=0.00s Sys=0.00s Real=0.00s
[2022-09-29T09:47:09.357+0000][7][safepoint   ] Safepoint "G1Concurrent", Time since last: 64294550 ns, Reaching safepoint: 664439 ns, At safepoint: 3091970 ns, Total: 3756409 ns
[2022-09-29T09:47:09.357+0000][7][gc,marking  ] GC(301) Concurrent Cleanup for Next Mark
[2022-09-29T09:47:09.359+0000][7][gc,marking  ] GC(301) Concurrent Cleanup for Next Mark 1.580ms
[2022-09-29T09:47:09.360+0000][7][gc          ] GC(301) Concurrent Cycle 192.232ms
[2022-09-29T09:48:18.894+0000][7][gc,start    ] GC(302) Pause Young (Normal) (G1 Evacuation Pause)
[2022-09-29T09:48:18.895+0000][7][gc,task     ] GC(302) Using 6 workers of 13 for evacuation
[2022-09-29T09:48:18.895+0000][7][gc,age      ] GC(302) Desired survivor size 6291456 bytes, new threshold 15 (max threshold 15)
[2022-09-29T09:48:18.900+0000][7][gc,age      ] GC(302) Age table with threshold 15 (max threshold 15)
[2022-09-29T09:48:18.900+0000][7][gc,age      ] GC(302) - age   1:     744624 bytes,     744624 total
[2022-09-29T09:48:18.901+0000][7][gc,age      ] GC(302) - age   2:      85608 bytes,     830232 total
[2022-09-29T09:48:18.901+0000][7][gc,age      ] GC(302) - age   3:      36792 bytes,     867024 total
[2022-09-29T09:48:18.901+0000][7][gc,age      ] GC(302) - age   4:       1744 bytes,     868768 total
[2022-09-29T09:48:18.901+0000][7][gc,age      ] GC(302) - age   5:     164904 bytes,    1033672 total
[2022-09-29T09:48:18.901+0000][7][gc,age      ] GC(302) - age   6:       1528 bytes,    1035200 total
[2022-09-29T09:48:18.901+0000][7][gc,age      ] GC(302) - age   7:        880 bytes,    1036080 total
[2022-09-29T09:48:18.902+0000][7][gc,age      ] GC(302) - age   8:      19400 bytes,    1055480 total
[2022-09-29T09:48:18.902+0000][7][gc,age      ] GC(302) - age   9:        816 bytes,    1056296 total
[2022-09-29T09:48:18.902+0000][7][gc,age      ] GC(302) - age  10:        800 bytes,    1057096 total
[2022-09-29T09:48:18.902+0000][7][gc,age      ] GC(302) - age  11:        400 bytes,    1057496 total
[2022-09-29T09:48:18.902+0000][7][gc,age      ] GC(302) - age  12:        640 bytes,    1058136 total
[2022-09-29T09:48:18.902+0000][7][gc,age      ] GC(302) - age  13:        536 bytes,    1058672 total
[2022-09-29T09:48:18.903+0000][7][gc,age      ] GC(302) - age  14:      17224 bytes,    1075896 total
[2022-09-29T09:48:18.903+0000][7][gc,age      ] GC(302) - age  15:       1304 bytes,    1077200 total
[2022-09-29T09:48:18.903+0000][7][gc,phases   ] GC(302)   Pre Evacuate Collection Set: 0.3ms
[2022-09-29T09:48:18.903+0000][7][gc,phases   ] GC(302)   Merge Heap Roots: 0.2ms
[2022-09-29T09:48:18.903+0000][7][gc,phases   ] GC(302)   Evacuate Collection Set: 3.3ms
[2022-09-29T09:48:18.904+0000][7][gc,phases   ] GC(302)   Post Evacuate Collection Set: 1.0ms
[2022-09-29T09:48:18.904+0000][7][gc,phases   ] GC(302)   Other: 4.1ms
[2022-09-29T09:48:18.904+0000][7][gc,heap     ] GC(302) Eden regions: 19->0(19)
[2022-09-29T09:48:18.904+0000][7][gc,heap     ] GC(302) Survivor regions: 1->1(3)
[2022-09-29T09:48:18.904+0000][7][gc,heap     ] GC(302) Old regions: 26->26
[2022-09-29T09:48:18.904+0000][7][gc,heap     ] GC(302) Archive regions: 2->2
[2022-09-29T09:48:18.905+0000][7][gc,heap     ] GC(302) Humongous regions: 5->5
[2022-09-29T09:48:18.905+0000][7][gc,metaspace] GC(302) Metaspace: 115669K(120220K)->115669K(120220K) NonClass: 100947K(104092K)->100947K(104092K) Class: 14722K(16128K)->14722K(16128K)
[2022-09-29T09:48:18.905+0000][7][gc          ] GC(302) Pause Young (Normal) (G1 Evacuation Pause) 204M->127M(256M) 10.673ms
[2022-09-29T09:48:18.905+0000][7][gc,cpu      ] GC(302) User=0.02s Sys=0.00s Real=0.01s
[2022-09-29T09:48:18.905+0000][7][safepoint   ] Safepoint "G1CollectForAllocation", Time since last: 69537368221 ns, Reaching safepoint: 260537 ns, At safepoint: 11190034 ns, Total: 11450571 ns
[2022-09-29T09:49:32.055+0000][7][gc,start    ] GC(303) Pause Young (Concurrent Start) (G1 Evacuation Pause)
[2022-09-29T09:49:32.055+0000][7][gc,task     ] GC(303) Using 6 workers of 13 for evacuation
[2022-09-29T09:49:32.056+0000][7][gc,age      ] GC(303) Desired survivor size 6291456 bytes, new threshold 15 (max threshold 15)
[2022-09-29T09:49:32.061+0000][7][gc,age      ] GC(303) Age table with threshold 15 (max threshold 15)
[2022-09-29T09:49:32.062+0000][7][gc,age      ] GC(303) - age   1:     859616 bytes,     859616 total
[2022-09-29T09:49:32.062+0000][7][gc,age      ] GC(303) - age   2:     629128 bytes,    1488744 total
[2022-09-29T09:49:32.063+0000][7][gc,age      ] GC(303) - age   3:      83896 bytes,    1572640 total
[2022-09-29T09:49:32.063+0000][7][gc,age      ] GC(303) - age   4:      20080 bytes,    1592720 total
[2022-09-29T09:49:32.063+0000][7][gc,age      ] GC(303) - age   5:       1112 bytes,    1593832 total
[2022-09-29T09:49:32.063+0000][7][gc,age      ] GC(303) - age   6:     164840 bytes,    1758672 total
[2022-09-29T09:49:32.064+0000][7][gc,age      ] GC(303) - age   7:       1136 bytes,    1759808 total
[2022-09-29T09:49:32.064+0000][7][gc,age      ] GC(303) - age   8:        880 bytes,    1760688 total
[2022-09-29T09:49:32.064+0000][7][gc,age      ] GC(303) - age   9:      19208 bytes,    1779896 total
[2022-09-29T09:49:32.064+0000][7][gc,age      ] GC(303) - age  10:        752 bytes,    1780648 total
[2022-09-29T09:49:32.064+0000][7][gc,age      ] GC(303) - age  11:        800 bytes,    1781448 total
[2022-09-29T09:49:32.065+0000][7][gc,age      ] GC(303) - age  12:        400 bytes,    1781848 total
[2022-09-29T09:49:32.065+0000][7][gc,age      ] GC(303) - age  13:        640 bytes,    1782488 total
[2022-09-29T09:49:32.065+0000][7][gc,age      ] GC(303) - age  14:        536 bytes,    1783024 total
[2022-09-29T09:49:32.065+0000][7][gc,age      ] GC(303) - age  15:      17016 bytes,    1800040 total
[2022-09-29T09:49:32.066+0000][7][gc,phases   ] GC(303)   Pre Evacuate Collection Set: 0.5ms
[2022-09-29T09:49:32.066+0000][7][gc,phases   ] GC(303)   Merge Heap Roots: 0.2ms
[2022-09-29T09:49:32.066+0000][7][gc,phases   ] GC(303)   Evacuate Collection Set: 2.7ms
[2022-09-29T09:49:32.066+0000][7][gc,phases   ] GC(303)   Post Evacuate Collection Set: 1.8ms
[2022-09-29T09:49:32.067+0000][7][gc,phases   ] GC(303)   Other: 6.0ms
[2022-09-29T09:49:32.067+0000][7][gc,heap     ] GC(303) Eden regions: 19->0(19)
[2022-09-29T09:49:32.068+0000][7][gc,heap     ] GC(303) Survivor regions: 1->1(3)
[2022-09-29T09:49:32.068+0000][7][gc,heap     ] GC(303) Old regions: 26->26
[2022-09-29T09:49:32.069+0000][7][gc,heap     ] GC(303) Archive regions: 2->2
[2022-09-29T09:49:32.069+0000][7][gc,heap     ] GC(303) Humongous regions: 5->5
[2022-09-29T09:49:32.070+0000][7][gc,metaspace] GC(303) Metaspace: 115669K(120220K)->115669K(120220K) NonClass: 100947K(104092K)->100947K(104092K) Class: 14722K(16128K)->14722K(16128K)
[2022-09-29T09:49:32.070+0000][7][gc          ] GC(303) Pause Young (Concurrent Start) (G1 Evacuation Pause) 203M->127M(256M) 15.409ms
[2022-09-29T09:49:32.070+0000][7][gc,cpu      ] GC(303) User=0.02s Sys=0.00s Real=0.02s
[2022-09-29T09:49:32.071+0000][7][gc          ] GC(304) Concurrent Cycle
[2022-09-29T09:49:32.071+0000][7][safepoint   ] Safepoint "G1CollectForAllocation", Time since last: 73148826009 ns, Reaching safepoint: 325530 ns, At safepoint: 16435049 ns, Total: 16760579 ns
[2022-09-29T09:49:32.071+0000][7][gc,marking  ] GC(304) Concurrent Clear Claimed Marks
[2022-09-29T09:49:32.072+0000][7][gc,marking  ] GC(304) Concurrent Clear Claimed Marks 0.943ms
[2022-09-29T09:49:32.073+0000][7][gc,marking  ] GC(304) Concurrent Scan Root Regions
[2022-09-29T09:49:32.075+0000][7][gc,marking  ] GC(304) Concurrent Scan Root Regions 2.455ms
[2022-09-29T09:49:32.076+0000][7][gc,marking  ] GC(304) Concurrent Mark (13581.168s)
[2022-09-29T09:49:32.076+0000][7][gc,marking  ] GC(304) Concurrent Mark From Roots
[2022-09-29T09:49:32.076+0000][7][gc,task     ] GC(304) Using 3 workers of 3 for marking
[2022-09-29T09:49:32.149+0000][7][gc,marking  ] GC(304) Concurrent Mark From Roots 72.604ms
[2022-09-29T09:49:32.149+0000][7][gc,marking  ] GC(304) Concurrent Preclean
[2022-09-29T09:49:32.150+0000][7][gc,marking  ] GC(304) Concurrent Preclean 0.955ms
[2022-09-29T09:49:32.151+0000][7][gc,marking  ] GC(304) Concurrent Mark (13581.168s, 13581.243s) 74.759ms
[2022-09-29T09:49:32.151+0000][7][gc,start    ] GC(304) Pause Remark
[2022-09-29T09:49:32.163+0000][7][gc          ] GC(304) Pause Remark 130M->130M(256M) 11.299ms
[2022-09-29T09:49:32.163+0000][7][gc,cpu      ] GC(304) User=0.05s Sys=0.00s Real=0.01s
[2022-09-29T09:49:32.164+0000][7][safepoint   ] Safepoint "G1Concurrent", Time since last: 80107360 ns, Reaching safepoint: 384004 ns, At safepoint: 12288395 ns, Total: 12672399 ns
[2022-09-29T09:49:32.164+0000][7][gc,marking  ] GC(304) Concurrent Rebuild Remembered Sets
[2022-09-29T09:49:32.206+0000][7][gc,marking  ] GC(304) Concurrent Rebuild Remembered Sets 41.599ms
[2022-09-29T09:49:32.207+0000][7][gc,start    ] GC(304) Pause Cleanup
[2022-09-29T09:49:32.208+0000][7][gc          ] GC(304) Pause Cleanup 130M->130M(256M) 0.766ms
[2022-09-29T09:49:32.208+0000][7][gc,cpu      ] GC(304) User=0.00s Sys=0.00s Real=0.00s
[2022-09-29T09:49:32.209+0000][7][safepoint   ] Safepoint "G1Concurrent", Time since last: 42649393 ns, Reaching safepoint: 527235 ns, At safepoint: 1730139 ns, Total: 2257374 ns
[2022-09-29T09:49:32.209+0000][7][gc,marking  ] GC(304) Concurrent Cleanup for Next Mark
[2022-09-29T09:49:32.210+0000][7][gc,marking  ] GC(304) Concurrent Cleanup for Next Mark 0.894ms
[2022-09-29T09:49:32.211+0000][7][gc          ] GC(304) Concurrent Cycle 139.653ms
[2022-09-29T09:50:06.217+0000][7][safepoint   ] Safepoint "Cleanup", Time since last: 34007703136 ns, Reaching safepoint: 330470 ns, At safepoint: 7544 ns, Total: 338014 ns
[2022-09-29T09:50:35.277+0000][7][gc,start    ] GC(305) Pause Young (Normal) (G1 Evacuation Pause)
[2022-09-29T09:50:35.277+0000][7][gc,task     ] GC(305) Using 6 workers of 13 for evacuation
[2022-09-29T09:50:35.278+0000][7][gc,age      ] GC(305) Desired survivor size 6291456 bytes, new threshold 15 (max threshold 15)
[2022-09-29T09:50:35.282+0000][7][gc,age      ] GC(305) Age table with threshold 15 (max threshold 15)
[2022-09-29T09:50:35.283+0000][7][gc,age      ] GC(305) - age   1:     761928 bytes,     761928 total
[2022-09-29T09:50:35.283+0000][7][gc,age      ] GC(305) - age   2:     325080 bytes,    1087008 total
[2022-09-29T09:50:35.283+0000][7][gc,age      ] GC(305) - age   3:     627672 bytes,    1714680 total
[2022-09-29T09:50:35.284+0000][7][gc,age      ] GC(305) - age   4:      67024 bytes,    1781704 total
[2022-09-29T09:50:35.284+0000][7][gc,age      ] GC(305) - age   5:      19528 bytes,    1801232 total
[2022-09-29T09:50:35.284+0000][7][gc,age      ] GC(305) - age   6:        760 bytes,    1801992 total
[2022-09-29T09:50:35.284+0000][7][gc,age      ] GC(305) - age   7:     164840 bytes,    1966832 total
[2022-09-29T09:50:35.285+0000][7][gc,age      ] GC(305) - age   8:        928 bytes,    1967760 total
[2022-09-29T09:50:35.285+0000][7][gc,age      ] GC(305) - age   9:        816 bytes,    1968576 total
[2022-09-29T09:50:35.286+0000][7][gc,age      ] GC(305) - age  10:      17672 bytes,    1986248 total
[2022-09-29T09:50:35.286+0000][7][gc,age      ] GC(305) - age  11:        688 bytes,    1986936 total
[2022-09-29T09:50:35.286+0000][7][gc,age      ] GC(305) - age  12:        800 bytes,    1987736 total
[2022-09-29T09:50:35.287+0000][7][gc,age      ] GC(305) - age  13:        400 bytes,    1988136 total
[2022-09-29T09:50:35.287+0000][7][gc,age      ] GC(305) - age  14:        544 bytes,    1988680 total
[2022-09-29T09:50:35.287+0000][7][gc,age      ] GC(305) - age  15:        408 bytes,    1989088 total
[2022-09-29T09:50:35.288+0000][7][gc,phases   ] GC(305)   Pre Evacuate Collection Set: 0.2ms
[2022-09-29T09:50:35.288+0000][7][gc,phases   ] GC(305)   Merge Heap Roots: 0.2ms
[2022-09-29T09:50:35.289+0000][7][gc,phases   ] GC(305)   Evacuate Collection Set: 2.1ms
[2022-09-29T09:50:35.289+0000][7][gc,phases   ] GC(305)   Post Evacuate Collection Set: 1.8ms
[2022-09-29T09:50:35.290+0000][7][gc,phases   ] GC(305)   Other: 6.6ms
[2022-09-29T09:50:35.290+0000][7][gc,heap     ] GC(305) Eden regions: 19->0(19)
[2022-09-29T09:50:35.290+0000][7][gc,heap     ] GC(305) Survivor regions: 1->1(3)
[2022-09-29T09:50:35.291+0000][7][gc,heap     ] GC(305) Old regions: 26->26
[2022-09-29T09:50:35.292+0000][7][gc,heap     ] GC(305) Archive regions: 2->2
[2022-09-29T09:50:35.292+0000][7][gc,heap     ] GC(305) Humongous regions: 5->5
[2022-09-29T09:50:35.292+0000][7][gc,metaspace] GC(305) Metaspace: 115669K(120220K)->115669K(120220K) NonClass: 100947K(104092K)->100947K(104092K) Class: 14722K(16128K)->14722K(16128K)
[2022-09-29T09:50:35.293+0000][7][gc          ] GC(305) Pause Young (Normal) (G1 Evacuation Pause) 203M->128M(256M) 15.806ms
[2022-09-29T09:50:35.293+0000][7][gc,cpu      ] GC(305) User=0.04s Sys=0.00s Real=0.02s
[2022-09-29T09:50:35.293+0000][7][safepoint   ] Safepoint "G1CollectForAllocation", Time since last: 29059761087 ns, Reaching safepoint: 328336 ns, At safepoint: 16508108 ns, Total: 16836444 ns
[2022-09-29T09:50:36.294+0000][7][safepoint   ] Safepoint "Cleanup", Time since last: 1000495004 ns, Reaching safepoint: 511920 ns, At safepoint: 61537 ns, Total: 573457 ns
[2022-09-29T09:51:03.302+0000][7][safepoint   ] Safepoint "Cleanup", Time since last: 27006985529 ns, Reaching safepoint: 509215 ns, At safepoint: 37030 ns, Total: 546245 ns
[2022-09-29T09:51:39.488+0000][7][gc,start    ] GC(306) Pause Young (Concurrent Start) (G1 Evacuation Pause)
[2022-09-29T09:51:39.488+0000][7][gc,task     ] GC(306) Using 6 workers of 13 for evacuation
[2022-09-29T09:51:39.489+0000][7][gc,age      ] GC(306) Desired survivor size 6291456 bytes, new threshold 15 (max threshold 15)
[2022-09-29T09:51:39.494+0000][7][gc,age      ] GC(306) Age table with threshold 15 (max threshold 15)
[2022-09-29T09:51:39.495+0000][7][gc,age      ] GC(306) - age   1:     574088 bytes,     574088 total
[2022-09-29T09:51:39.495+0000][7][gc,age      ] GC(306) - age   2:      20880 bytes,     594968 total
[2022-09-29T09:51:39.495+0000][7][gc,age      ] GC(306) - age   3:       2256 bytes,     597224 total
[2022-09-29T09:51:39.496+0000][7][gc,age      ] GC(306) - age   4:       2184 bytes,     599408 total
[2022-09-29T09:51:39.496+0000][7][gc,age      ] GC(306) - age   5:      64984 bytes,     664392 total
[2022-09-29T09:51:39.496+0000][7][gc,age      ] GC(306) - age   6:      19240 bytes,     683632 total
[2022-09-29T09:51:39.497+0000][7][gc,age      ] GC(306) - age   7:        760 bytes,     684392 total
[2022-09-29T09:51:39.497+0000][7][gc,age      ] GC(306) - age   8:     164840 bytes,     849232 total
[2022-09-29T09:51:39.498+0000][7][gc,age      ] GC(306) - age   9:        800 bytes,     850032 total
[2022-09-29T09:51:39.498+0000][7][gc,age      ] GC(306) - age  10:        752 bytes,     850784 total
[2022-09-29T09:51:39.499+0000][7][gc,age      ] GC(306) - age  11:      17608 bytes,     868392 total
[2022-09-29T09:51:39.499+0000][7][gc,age      ] GC(306) - age  12:        688 bytes,     869080 total
[2022-09-29T09:51:39.499+0000][7][gc,age      ] GC(306) - age  13:        736 bytes,     869816 total
[2022-09-29T09:51:39.500+0000][7][gc,age      ] GC(306) - age  14:        400 bytes,     870216 total
[2022-09-29T09:51:39.500+0000][7][gc,age      ] GC(306) - age  15:        544 bytes,     870760 total
[2022-09-29T09:51:39.500+0000][7][gc,phases   ] GC(306)   Pre Evacuate Collection Set: 0.6ms
[2022-09-29T09:51:39.501+0000][7][gc,phases   ] GC(306)   Merge Heap Roots: 0.2ms
[2022-09-29T09:51:39.501+0000][7][gc,phases   ] GC(306)   Evacuate Collection Set: 2.1ms
[2022-09-29T09:51:39.501+0000][7][gc,phases   ] GC(306)   Post Evacuate Collection Set: 2.0ms
[2022-09-29T09:51:39.501+0000][7][gc,phases   ] GC(306)   Other: 7.7ms
[2022-09-29T09:51:39.501+0000][7][gc,heap     ] GC(306) Eden regions: 19->0(19)
[2022-09-29T09:51:39.502+0000][7][gc,heap     ] GC(306) Survivor regions: 1->1(3)
[2022-09-29T09:51:39.502+0000][7][gc,heap     ] GC(306) Old regions: 26->26
[2022-09-29T09:51:39.502+0000][7][gc,heap     ] GC(306) Archive regions: 2->2
[2022-09-29T09:51:39.503+0000][7][gc,heap     ] GC(306) Humongous regions: 5->5
[2022-09-29T09:51:39.503+0000][7][gc,metaspace] GC(306) Metaspace: 115671K(120220K)->115671K(120220K) NonClass: 100948K(104092K)->100948K(104092K) Class: 14722K(16128K)->14722K(16128K)
[2022-09-29T09:51:39.504+0000][7][gc          ] GC(306) Pause Young (Concurrent Start) (G1 Evacuation Pause) 204M->127M(256M) 15.814ms
[2022-09-29T09:51:39.504+0000][7][gc,cpu      ] GC(306) User=0.00s Sys=0.02s Real=0.02s
[2022-09-29T09:51:39.504+0000][7][gc          ] GC(307) Concurrent Cycle
[2022-09-29T09:51:39.505+0000][7][safepoint   ] Safepoint "G1CollectForAllocation", Time since last: 36185023897 ns, Reaching safepoint: 748361 ns, At safepoint: 16955736 ns, Total: 17704097 ns
[2022-09-29T09:51:39.505+0000][7][gc,marking  ] GC(307) Concurrent Clear Claimed Marks
[2022-09-29T09:51:39.506+0000][7][gc,marking  ] GC(307) Concurrent Clear Claimed Marks 1.092ms
[2022-09-29T09:51:39.507+0000][7][gc,marking  ] GC(307) Concurrent Scan Root Regions
[2022-09-29T09:51:39.510+0000][7][gc,marking  ] GC(307) Concurrent Scan Root Regions 3.331ms
[2022-09-29T09:51:39.511+0000][7][gc,marking  ] GC(307) Concurrent Mark (13708.603s)
[2022-09-29T09:51:39.511+0000][7][gc,marking  ] GC(307) Concurrent Mark From Roots
[2022-09-29T09:51:39.511+0000][7][gc,task     ] GC(307) Using 3 workers of 3 for marking
[2022-09-29T09:51:39.576+0000][7][gc,marking  ] GC(307) Concurrent Mark From Roots 64.637ms
[2022-09-29T09:51:39.576+0000][7][gc,marking  ] GC(307) Concurrent Preclean
[2022-09-29T09:51:39.577+0000][7][gc,marking  ] GC(307) Concurrent Preclean 0.891ms
[2022-09-29T09:51:39.578+0000][7][gc,marking  ] GC(307) Concurrent Mark (13708.603s, 13708.670s) 67.004ms
[2022-09-29T09:51:39.579+0000][7][gc,start    ] GC(307) Pause Remark
[2022-09-29T09:51:39.590+0000][7][gc          ] GC(307) Pause Remark 127M->127M(256M) 11.252ms
[2022-09-29T09:51:39.591+0000][7][gc,cpu      ] GC(307) User=0.05s Sys=0.00s Real=0.02s
[2022-09-29T09:51:39.591+0000][7][safepoint   ] Safepoint "G1Concurrent", Time since last: 73699221 ns, Reaching safepoint: 439899 ns, At safepoint: 12410128 ns, Total: 12850027 ns
[2022-09-29T09:51:39.592+0000][7][gc,marking  ] GC(307) Concurrent Rebuild Remembered Sets
[2022-09-29T09:51:39.635+0000][7][gc,marking  ] GC(307) Concurrent Rebuild Remembered Sets 43.605ms
[2022-09-29T09:51:39.636+0000][7][gc,start    ] GC(307) Pause Cleanup
[2022-09-29T09:51:39.637+0000][7][gc          ] GC(307) Pause Cleanup 127M->127M(256M) 0.652ms
[2022-09-29T09:51:39.638+0000][7][gc,cpu      ] GC(307) User=0.00s Sys=0.00s Real=0.00s
[2022-09-29T09:51:39.638+0000][7][safepoint   ] Safepoint "G1Concurrent", Time since last: 44820732 ns, Reaching safepoint: 384332 ns, At safepoint: 1735177 ns, Total: 2119509 ns
[2022-09-29T09:51:39.639+0000][7][gc,marking  ] GC(307) Concurrent Cleanup for Next Mark
[2022-09-29T09:51:39.640+0000][7][gc,marking  ] GC(307) Concurrent Cleanup for Next Mark 1.150ms
[2022-09-29T09:51:39.640+0000][7][gc          ] GC(307) Concurrent Cycle 135.781ms
[2022-09-29T09:52:03.644+0000][7][safepoint   ] Safepoint "Cleanup", Time since last: 24005548371 ns, Reaching safepoint: 260572 ns, At safepoint: 38633 ns, Total: 299205 ns
[2022-09-29T09:52:11.646+0000][7][safepoint   ] Safepoint "Cleanup", Time since last: 8001480222 ns, Reaching safepoint: 237984 ns, At safepoint: 37171 ns, Total: 275155 ns
[2022-09-29T09:52:41.652+0000][7][safepoint   ] Safepoint "Cleanup", Time since last: 30006217191 ns, Reaching safepoint: 344527 ns, At safepoint: 14617 ns, Total: 359144 ns
[2022-09-29T09:52:41.827+0000][7][gc,start    ] GC(308) Pause Young (Normal) (G1 Evacuation Pause)
[2022-09-29T09:52:41.827+0000][7][gc,task     ] GC(308) Using 6 workers of 13 for evacuation
[2022-09-29T09:52:41.827+0000][7][gc,age      ] GC(308) Desired survivor size 6291456 bytes, new threshold 15 (max threshold 15)
[2022-09-29T09:52:41.831+0000][7][gc,age      ] GC(308) Age table with threshold 15 (max threshold 15)
[2022-09-29T09:52:41.831+0000][7][gc,age      ] GC(308) - age   1:    1321624 bytes,    1321624 total
[2022-09-29T09:52:41.832+0000][7][gc,age      ] GC(308) - age   2:     412408 bytes,    1734032 total
[2022-09-29T09:52:41.832+0000][7][gc,age      ] GC(308) - age   3:      19928 bytes,    1753960 total
[2022-09-29T09:52:41.833+0000][7][gc,age      ] GC(308) - age   4:       1768 bytes,    1755728 total
[2022-09-29T09:52:41.833+0000][7][gc,age      ] GC(308) - age   5:        968 bytes,    1756696 total
[2022-09-29T09:52:41.834+0000][7][gc,age      ] GC(308) - age   6:      64944 bytes,    1821640 total
[2022-09-29T09:52:41.834+0000][7][gc,age      ] GC(308) - age   7:      19144 bytes,    1840784 total
[2022-09-29T09:52:41.834+0000][7][gc,age      ] GC(308) - age   8:        760 bytes,    1841544 total
[2022-09-29T09:52:41.834+0000][7][gc,age      ] GC(308) - age   9:     164840 bytes,    2006384 total
[2022-09-29T09:52:41.834+0000][7][gc,age      ] GC(308) - age  10:        768 bytes,    2007152 total
[2022-09-29T09:52:41.835+0000][7][gc,age      ] GC(308) - age  11:        680 bytes,    2007832 total
[2022-09-29T09:52:41.835+0000][7][gc,age      ] GC(308) - age  12:      17608 bytes,    2025440 total
[2022-09-29T09:52:41.836+0000][7][gc,age      ] GC(308) - age  13:        688 bytes,    2026128 total
[2022-09-29T09:52:41.836+0000][7][gc,age      ] GC(308) - age  14:        736 bytes,    2026864 total
[2022-09-29T09:52:41.836+0000][7][gc,age      ] GC(308) - age  15:        400 bytes,    2027264 total
[2022-09-29T09:52:41.836+0000][7][gc,phases   ] GC(308)   Pre Evacuate Collection Set: 0.2ms
[2022-09-29T09:52:41.837+0000][7][gc,phases   ] GC(308)   Merge Heap Roots: 0.1ms
[2022-09-29T09:52:41.837+0000][7][gc,phases   ] GC(308)   Evacuate Collection Set: 1.7ms
[2022-09-29T09:52:41.837+0000][7][gc,phases   ] GC(308)   Post Evacuate Collection Set: 0.9ms
[2022-09-29T09:52:41.838+0000][7][gc,phases   ] GC(308)   Other: 6.8ms
[2022-09-29T09:52:41.838+0000][7][gc,heap     ] GC(308) Eden regions: 19->0(19)
[2022-09-29T09:52:41.838+0000][7][gc,heap     ] GC(308) Survivor regions: 1->1(3)
[2022-09-29T09:52:41.839+0000][7][gc,heap     ] GC(308) Old regions: 26->26
[2022-09-29T09:52:41.839+0000][7][gc,heap     ] GC(308) Archive regions: 2->2
[2022-09-29T09:52:41.839+0000][7][gc,heap     ] GC(308) Humongous regions: 5->5
[2022-09-29T09:52:41.840+0000][7][gc,metaspace] GC(308) Metaspace: 115671K(120220K)->115671K(120220K) NonClass: 100948K(104092K)->100948K(104092K) Class: 14722K(16128K)->14722K(16128K)
[2022-09-29T09:52:41.840+0000][7][gc          ] GC(308) Pause Young (Normal) (G1 Evacuation Pause) 203M->128M(256M) 13.489ms
[2022-09-29T09:52:41.840+0000][7][gc,cpu      ] GC(308) User=0.01s Sys=0.00s Real=0.02s
[2022-09-29T09:52:41.841+0000][7][safepoint   ] Safepoint "G1CollectForAllocation", Time since last: 174115508 ns, Reaching safepoint: 331229 ns, At safepoint: 14112904 ns, Total: 14444133 ns
[2022-09-29T09:53:45.853+0000][7][safepoint   ] Safepoint "Cleanup", Time since last: 64011664030 ns, Reaching safepoint: 378619 ns, At safepoint: 50597 ns, Total: 429216 ns
[2022-09-29T09:53:55.752+0000][7][gc,start    ] GC(309) Pause Young (Concurrent Start) (G1 Evacuation Pause)
[2022-09-29T09:53:55.752+0000][7][gc,task     ] GC(309) Using 6 workers of 13 for evacuation
[2022-09-29T09:53:55.753+0000][7][gc,age      ] GC(309) Desired survivor size 6291456 bytes, new threshold 15 (max threshold 15)
[2022-09-29T09:53:55.757+0000][7][gc,age      ] GC(309) Age table with threshold 15 (max threshold 15)
[2022-09-29T09:53:55.757+0000][7][gc,age      ] GC(309) - age   1:     693216 bytes,     693216 total
[2022-09-29T09:53:55.757+0000][7][gc,age      ] GC(309) - age   2:     603152 bytes,    1296368 total
[2022-09-29T09:53:55.758+0000][7][gc,age      ] GC(309) - age   3:     411856 bytes,    1708224 total
[2022-09-29T09:53:55.758+0000][7][gc,age      ] GC(309) - age   4:       3552 bytes,    1711776 total
[2022-09-29T09:53:55.758+0000][7][gc,age      ] GC(309) - age   5:       1408 bytes,    1713184 total
[2022-09-29T09:53:55.758+0000][7][gc,age      ] GC(309) - age   6:        968 bytes,    1714152 total
[2022-09-29T09:53:55.759+0000][7][gc,age      ] GC(309) - age   7:      48624 bytes,    1762776 total
[2022-09-29T09:53:55.759+0000][7][gc,age      ] GC(309) - age   8:      18792 bytes,    1781568 total
[2022-09-29T09:53:55.759+0000][7][gc,age      ] GC(309) - age   9:        760 bytes,    1782328 total
[2022-09-29T09:53:55.759+0000][7][gc,age      ] GC(309) - age  10:     164248 bytes,    1946576 total
[2022-09-29T09:53:55.759+0000][7][gc,age      ] GC(309) - age  11:        728 bytes,    1947304 total
[2022-09-29T09:53:55.760+0000][7][gc,age      ] GC(309) - age  12:        616 bytes,    1947920 total
[2022-09-29T09:53:55.760+0000][7][gc,age      ] GC(309) - age  13:      17608 bytes,    1965528 total
[2022-09-29T09:53:55.760+0000][7][gc,age      ] GC(309) - age  14:        688 bytes,    1966216 total
[2022-09-29T09:53:55.760+0000][7][gc,age      ] GC(309) - age  15:        736 bytes,    1966952 total
[2022-09-29T09:53:55.760+0000][7][gc,phases   ] GC(309)   Pre Evacuate Collection Set: 0.3ms
[2022-09-29T09:53:55.761+0000][7][gc,phases   ] GC(309)   Merge Heap Roots: 0.1ms
[2022-09-29T09:53:55.761+0000][7][gc,phases   ] GC(309)   Evacuate Collection Set: 1.7ms
[2022-09-29T09:53:55.761+0000][7][gc,phases   ] GC(309)   Post Evacuate Collection Set: 1.4ms
[2022-09-29T09:53:55.761+0000][7][gc,phases   ] GC(309)   Other: 5.1ms
[2022-09-29T09:53:55.761+0000][7][gc,heap     ] GC(309) Eden regions: 19->0(19)
[2022-09-29T09:53:55.762+0000][7][gc,heap     ] GC(309) Survivor regions: 1->1(3)
[2022-09-29T09:53:55.762+0000][7][gc,heap     ] GC(309) Old regions: 26->26
[2022-09-29T09:53:55.762+0000][7][gc,heap     ] GC(309) Archive regions: 2->2
[2022-09-29T09:53:55.763+0000][7][gc,heap     ] GC(309) Humongous regions: 5->5
[2022-09-29T09:53:55.763+0000][7][gc,metaspace] GC(309) Metaspace: 115671K(120220K)->115671K(120220K) NonClass: 100949K(104092K)->100949K(104092K) Class: 14722K(16128K)->14722K(16128K)
[2022-09-29T09:53:55.764+0000][7][gc          ] GC(309) Pause Young (Concurrent Start) (G1 Evacuation Pause) 204M->128M(256M) 11.932ms
[2022-09-29T09:53:55.764+0000][7][gc,cpu      ] GC(309) User=0.01s Sys=0.00s Real=0.01s
[2022-09-29T09:53:55.765+0000][7][gc          ] GC(310) Concurrent Cycle
[2022-09-29T09:53:55.765+0000][7][safepoint   ] Safepoint "G1CollectForAllocation", Time since last: 9898468048 ns, Reaching safepoint: 442405 ns, At safepoint: 12876946 ns, Total: 13319351 ns
[2022-09-29T09:53:55.765+0000][7][gc,marking  ] GC(310) Concurrent Clear Claimed Marks
[2022-09-29T09:53:55.766+0000][7][gc,marking  ] GC(310) Concurrent Clear Claimed Marks 1.186ms
[2022-09-29T09:53:55.767+0000][7][gc,marking  ] GC(310) Concurrent Scan Root Regions
[2022-09-29T09:53:55.770+0000][7][gc,marking  ] GC(310) Concurrent Scan Root Regions 3.430ms
[2022-09-29T09:53:55.771+0000][7][gc,marking  ] GC(310) Concurrent Mark (13844.863s)
[2022-09-29T09:53:55.771+0000][7][gc,marking  ] GC(310) Concurrent Mark From Roots
[2022-09-29T09:53:55.772+0000][7][gc,task     ] GC(310) Using 3 workers of 3 for marking
[2022-09-29T09:53:55.831+0000][7][gc,marking  ] GC(310) Concurrent Mark From Roots 59.411ms
[2022-09-29T09:53:55.831+0000][7][gc,marking  ] GC(310) Concurrent Preclean
[2022-09-29T09:53:55.832+0000][7][gc,marking  ] GC(310) Concurrent Preclean 0.938ms
[2022-09-29T09:53:55.833+0000][7][gc,marking  ] GC(310) Concurrent Mark (13844.863s, 13844.925s) 62.155ms
[2022-09-29T09:53:55.834+0000][7][gc,start    ] GC(310) Pause Remark
[2022-09-29T09:53:55.844+0000][7][gc          ] GC(310) Pause Remark 129M->129M(256M) 9.801ms
[2022-09-29T09:53:55.844+0000][7][gc,cpu      ] GC(310) User=0.05s Sys=0.00s Real=0.01s
[2022-09-29T09:53:55.845+0000][7][safepoint   ] Safepoint "G1Concurrent", Time since last: 68932450 ns, Reaching safepoint: 350746 ns, At safepoint: 10809669 ns, Total: 11160415 ns
[2022-09-29T09:53:55.845+0000][7][gc,marking  ] GC(310) Concurrent Rebuild Remembered Sets
[2022-09-29T09:53:55.882+0000][7][gc,marking  ] GC(310) Concurrent Rebuild Remembered Sets 36.849ms
[2022-09-29T09:53:55.883+0000][7][gc,start    ] GC(310) Pause Cleanup
[2022-09-29T09:53:55.884+0000][7][gc          ] GC(310) Pause Cleanup 129M->129M(256M) 0.799ms
[2022-09-29T09:53:55.885+0000][7][gc,cpu      ] GC(310) User=0.00s Sys=0.00s Real=0.00s
[2022-09-29T09:53:55.885+0000][7][safepoint   ] Safepoint "G1Concurrent", Time since last: 38177512 ns, Reaching safepoint: 433476 ns, At safepoint: 1705943 ns, Total: 2139419 ns
[2022-09-29T09:53:55.885+0000][7][gc,marking  ] GC(310) Concurrent Cleanup for Next Mark
[2022-09-29T09:53:55.886+0000][7][gc,marking  ] GC(310) Concurrent Cleanup for Next Mark 0.651ms
[2022-09-29T09:53:55.887+0000][7][gc          ] GC(310) Concurrent Cycle 122.015ms
[2022-09-29T09:54:52.996+0000][7][gc,start    ] GC(311) Pause Young (Normal) (G1 Evacuation Pause)
[2022-09-29T09:54:52.997+0000][7][gc,task     ] GC(311) Using 6 workers of 13 for evacuation
[2022-09-29T09:54:52.997+0000][7][gc,age      ] GC(311) Desired survivor size 6291456 bytes, new threshold 15 (max threshold 15)
[2022-09-29T09:54:53.000+0000][7][gc,age      ] GC(311) Age table with threshold 15 (max threshold 15)
[2022-09-29T09:54:53.000+0000][7][gc,age      ] GC(311) - age   1:     476376 bytes,     476376 total
[2022-09-29T09:54:53.001+0000][7][gc,age      ] GC(311) - age   2:      44960 bytes,     521336 total
[2022-09-29T09:54:53.001+0000][7][gc,age      ] GC(311) - age   3:      67408 bytes,     588744 total
[2022-09-29T09:54:53.002+0000][7][gc,age      ] GC(311) - age   4:     183064 bytes,     771808 total
[2022-09-29T09:54:53.002+0000][7][gc,age      ] GC(311) - age   5:       3360 bytes,     775168 total
[2022-09-29T09:54:53.003+0000][7][gc,age      ] GC(311) - age   6:       1016 bytes,     776184 total
[2022-09-29T09:54:53.003+0000][7][gc,age      ] GC(311) - age   7:        872 bytes,     777056 total
[2022-09-29T09:54:53.003+0000][7][gc,age      ] GC(311) - age   8:        912 bytes,     777968 total
[2022-09-29T09:54:53.003+0000][7][gc,age      ] GC(311) - age   9:      18600 bytes,     796568 total
[2022-09-29T09:54:53.004+0000][7][gc,age      ] GC(311) - age  10:        568 bytes,     797136 total
[2022-09-29T09:54:53.004+0000][7][gc,age      ] GC(311) - age  11:      17328 bytes,     814464 total
[2022-09-29T09:54:53.004+0000][7][gc,age      ] GC(311) - age  12:        664 bytes,     815128 total
[2022-09-29T09:54:53.004+0000][7][gc,age      ] GC(311) - age  13:        616 bytes,     815744 total
[2022-09-29T09:54:53.004+0000][7][gc,age      ] GC(311) - age  14:      17480 bytes,     833224 total
[2022-09-29T09:54:53.005+0000][7][gc,age      ] GC(311) - age  15:        688 bytes,     833912 total
[2022-09-29T09:54:53.005+0000][7][gc,phases   ] GC(311)   Pre Evacuate Collection Set: 0.2ms
[2022-09-29T09:54:53.005+0000][7][gc,phases   ] GC(311)   Merge Heap Roots: 0.1ms
[2022-09-29T09:54:53.005+0000][7][gc,phases   ] GC(311)   Evacuate Collection Set: 1.2ms
[2022-09-29T09:54:53.005+0000][7][gc,phases   ] GC(311)   Post Evacuate Collection Set: 1.4ms
[2022-09-29T09:54:53.006+0000][7][gc,phases   ] GC(311)   Other: 6.0ms
[2022-09-29T09:54:53.006+0000][7][gc,heap     ] GC(311) Eden regions: 19->0(19)
[2022-09-29T09:54:53.006+0000][7][gc,heap     ] GC(311) Survivor regions: 1->1(3)
[2022-09-29T09:54:53.007+0000][7][gc,heap     ] GC(311) Old regions: 26->26
[2022-09-29T09:54:53.007+0000][7][gc,heap     ] GC(311) Archive regions: 2->2
[2022-09-29T09:54:53.007+0000][7][gc,heap     ] GC(311) Humongous regions: 5->5
[2022-09-29T09:54:53.007+0000][7][gc,metaspace] GC(311) Metaspace: 115673K(120220K)->115673K(120220K) NonClass: 100950K(104092K)->100950K(104092K) Class: 14722K(16128K)->14722K(16128K)
[2022-09-29T09:54:53.007+0000][7][gc          ] GC(311) Pause Young (Normal) (G1 Evacuation Pause) 204M->127M(256M) 11.287ms
[2022-09-29T09:54:53.008+0000][7][gc,cpu      ] GC(311) User=0.01s Sys=0.00s Real=0.01s
[2022-09-29T09:54:53.008+0000][7][safepoint   ] Safepoint "G1CollectForAllocation", Time since last: 57110655524 ns, Reaching safepoint: 332516 ns, At safepoint: 11898156 ns, Total: 12230672 ns
[2022-09-29T09:55:03.011+0000][7][safepoint   ] Safepoint "Cleanup", Time since last: 10002347077 ns, Reaching safepoint: 341140 ns, At safepoint: 182927 ns, Total: 524067 ns
[2022-09-29T09:55:35.019+0000][7][safepoint   ] Safepoint "Cleanup", Time since last: 32007877462 ns, Reaching safepoint: 314590 ns, At safepoint: 41308 ns, Total: 355898 ns
[2022-09-29T09:56:08.015+0000][7][gc,start    ] GC(312) Pause Young (Concurrent Start) (G1 Evacuation Pause)
[2022-09-29T09:56:08.015+0000][7][gc,task     ] GC(312) Using 6 workers of 13 for evacuation
[2022-09-29T09:56:08.016+0000][7][gc,age      ] GC(312) Desired survivor size 6291456 bytes, new threshold 15 (max threshold 15)
[2022-09-29T09:56:08.019+0000][7][gc,age      ] GC(312) Age table with threshold 15 (max threshold 15)
[2022-09-29T09:56:08.020+0000][7][gc,age      ] GC(312) - age   1:     644040 bytes,     644040 total
[2022-09-29T09:56:08.020+0000][7][gc,age      ] GC(312) - age   2:     300912 bytes,     944952 total
[2022-09-29T09:56:08.020+0000][7][gc,age      ] GC(312) - age   3:       3312 bytes,     948264 total
[2022-09-29T09:56:08.021+0000][7][gc,age      ] GC(312) - age   4:      66088 bytes,    1014352 total
[2022-09-29T09:56:08.021+0000][7][gc,age      ] GC(312) - age   5:     182288 bytes,    1196640 total
[2022-09-29T09:56:08.021+0000][7][gc,age      ] GC(312) - age   6:       3360 bytes,    1200000 total
[2022-09-29T09:56:08.022+0000][7][gc,age      ] GC(312) - age   7:        976 bytes,    1200976 total
[2022-09-29T09:56:08.022+0000][7][gc,age      ] GC(312) - age   8:        872 bytes,    1201848 total
[2022-09-29T09:56:08.022+0000][7][gc,age      ] GC(312) - age   9:        784 bytes,    1202632 total
[2022-09-29T09:56:08.022+0000][7][gc,age      ] GC(312) - age  10:      18504 bytes,    1221136 total
[2022-09-29T09:56:08.023+0000][7][gc,age      ] GC(312) - age  11:        256 bytes,    1221392 total
[2022-09-29T09:56:08.023+0000][7][gc,age      ] GC(312) - age  12:      16784 bytes,    1238176 total
[2022-09-29T09:56:08.023+0000][7][gc,age      ] GC(312) - age  13:        624 bytes,    1238800 total
[2022-09-29T09:56:08.023+0000][7][gc,age      ] GC(312) - age  14:        576 bytes,    1239376 total
[2022-09-29T09:56:08.024+0000][7][gc,age      ] GC(312) - age  15:      17480 bytes,    1256856 total
[2022-09-29T09:56:08.024+0000][7][gc,phases   ] GC(312)   Pre Evacuate Collection Set: 0.4ms
[2022-09-29T09:56:08.024+0000][7][gc,phases   ] GC(312)   Merge Heap Roots: 0.2ms
[2022-09-29T09:56:08.025+0000][7][gc,phases   ] GC(312)   Evacuate Collection Set: 1.5ms
[2022-09-29T09:56:08.025+0000][7][gc,phases   ] GC(312)   Post Evacuate Collection Set: 1.4ms
[2022-09-29T09:56:08.025+0000][7][gc,phases   ] GC(312)   Other: 5.9ms
[2022-09-29T09:56:08.026+0000][7][gc,heap     ] GC(312) Eden regions: 19->0(19)
[2022-09-29T09:56:08.028+0000][7][gc,heap     ] GC(312) Survivor regions: 1->1(3)
[2022-09-29T09:56:08.028+0000][7][gc,heap     ] GC(312) Old regions: 26->26
[2022-09-29T09:56:08.028+0000][7][gc,heap     ] GC(312) Archive regions: 2->2
[2022-09-29T09:56:08.028+0000][7][gc,heap     ] GC(312) Humongous regions: 5->5
[2022-09-29T09:56:08.029+0000][7][gc,metaspace] GC(312) Metaspace: 115673K(120220K)->115673K(120220K) NonClass: 100950K(104092K)->100950K(104092K) Class: 14722K(16128K)->14722K(16128K)
[2022-09-29T09:56:08.029+0000][7][gc          ] GC(312) Pause Young (Concurrent Start) (G1 Evacuation Pause) 203M->127M(256M) 14.073ms
[2022-09-29T09:56:08.029+0000][7][gc,cpu      ] GC(312) User=0.00s Sys=0.01s Real=0.01s
[2022-09-29T09:56:08.029+0000][7][gc          ] GC(313) Concurrent Cycle
[2022-09-29T09:56:08.029+0000][7][safepoint   ] Safepoint "G1CollectForAllocation", Time since last: 32995287546 ns, Reaching safepoint: 360188 ns, At safepoint: 14647430 ns, Total: 15007618 ns
[2022-09-29T09:56:08.030+0000][7][gc,marking  ] GC(313) Concurrent Clear Claimed Marks
[2022-09-29T09:56:08.030+0000][7][gc,marking  ] GC(313) Concurrent Clear Claimed Marks 0.651ms
[2022-09-29T09:56:08.031+0000][7][gc,marking  ] GC(313) Concurrent Scan Root Regions
[2022-09-29T09:56:08.032+0000][7][gc,marking  ] GC(313) Concurrent Scan Root Regions 1.899ms
[2022-09-29T09:56:08.033+0000][7][gc,marking  ] GC(313) Concurrent Mark (13977.125s)
[2022-09-29T09:56:08.033+0000][7][gc,marking  ] GC(313) Concurrent Mark From Roots
[2022-09-29T09:56:08.033+0000][7][gc,task     ] GC(313) Using 3 workers of 3 for marking
[2022-09-29T09:56:08.084+0000][7][gc,marking  ] GC(313) Concurrent Mark From Roots 51.115ms
[2022-09-29T09:56:08.085+0000][7][gc,marking  ] GC(313) Concurrent Preclean
[2022-09-29T09:56:08.085+0000][7][gc,marking  ] GC(313) Concurrent Preclean 0.743ms
[2022-09-29T09:56:08.086+0000][7][gc,marking  ] GC(313) Concurrent Mark (13977.125s, 13977.178s) 53.005ms
[2022-09-29T09:56:08.087+0000][7][gc,start    ] GC(313) Pause Remark
[2022-09-29T09:56:08.098+0000][7][gc          ] GC(313) Pause Remark 128M->128M(256M) 11.715ms
[2022-09-29T09:56:08.099+0000][7][gc,cpu      ] GC(313) User=0.07s Sys=0.00s Real=0.01s
[2022-09-29T09:56:08.099+0000][7][safepoint   ] Safepoint "G1Concurrent", Time since last: 56972480 ns, Reaching safepoint: 330079 ns, At safepoint: 12652117 ns, Total: 12982196 ns
[2022-09-29T09:56:08.100+0000][7][gc,marking  ] GC(313) Concurrent Rebuild Remembered Sets
[2022-09-29T09:56:08.138+0000][7][gc,marking  ] GC(313) Concurrent Rebuild Remembered Sets 38.016ms
[2022-09-29T09:56:08.139+0000][7][gc,start    ] GC(313) Pause Cleanup
[2022-09-29T09:56:08.139+0000][7][gc          ] GC(313) Pause Cleanup 128M->128M(256M) 0.733ms
[2022-09-29T09:56:08.140+0000][7][gc,cpu      ] GC(313) User=0.00s Sys=0.00s Real=0.01s
[2022-09-29T09:56:08.140+0000][7][safepoint   ] Safepoint "G1Concurrent", Time since last: 38978628 ns, Reaching safepoint: 364505 ns, At safepoint: 1768425 ns, Total: 2132930 ns
[2022-09-29T09:56:08.141+0000][7][gc,marking  ] GC(313) Concurrent Cleanup for Next Mark
[2022-09-29T09:56:08.142+0000][7][gc,marking  ] GC(313) Concurrent Cleanup for Next Mark 1.058ms
[2022-09-29T09:56:08.143+0000][7][gc          ] GC(313) Concurrent Cycle 113.328ms
[2022-09-29T09:56:54.150+0000][7][safepoint   ] Safepoint "Cleanup", Time since last: 46009067661 ns, Reaching safepoint: 422605 ns, At safepoint: 62820 ns, Total: 485425 ns
[2022-09-29T09:57:09.154+0000][7][safepoint   ] Safepoint "Cleanup", Time since last: 15003365192 ns, Reaching safepoint: 284960 ns, At safepoint: 64844 ns, Total: 349804 ns
[2022-09-29T09:57:14.308+0000][7][safepoint   ] Safepoint "Cleanup", Time since last: 5153679882 ns, Reaching safepoint: 456691 ns, At safepoint: 39004 ns, Total: 495695 ns
[2022-09-29T09:57:15.143+0000][7][gc,start    ] GC(314) Pause Young (Normal) (G1 Evacuation Pause)
[2022-09-29T09:57:15.143+0000][7][gc,task     ] GC(314) Using 6 workers of 13 for evacuation
[2022-09-29T09:57:15.144+0000][7][gc,age      ] GC(314) Desired survivor size 6291456 bytes, new threshold 15 (max threshold 15)
[2022-09-29T09:57:15.150+0000][7][gc,age      ] GC(314) Age table with threshold 15 (max threshold 15)
[2022-09-29T09:57:15.150+0000][7][gc,age      ] GC(314) - age   1:    1641536 bytes,    1641536 total
[2022-09-29T09:57:15.150+0000][7][gc,age      ] GC(314) - age   2:     425224 bytes,    2066760 total
[2022-09-29T09:57:15.151+0000][7][gc,age      ] GC(314) - age   3:     284536 bytes,    2351296 total
[2022-09-29T09:57:15.151+0000][7][gc,age      ] GC(314) - age   4:       2312 bytes,    2353608 total
[2022-09-29T09:57:15.151+0000][7][gc,age      ] GC(314) - age   5:      65632 bytes,    2419240 total
[2022-09-29T09:57:15.152+0000][7][gc,age      ] GC(314) - age   6:     181864 bytes,    2601104 total
[2022-09-29T09:57:15.152+0000][7][gc,age      ] GC(314) - age   7:       3072 bytes,    2604176 total
[2022-09-29T09:57:15.152+0000][7][gc,age      ] GC(314) - age   8:        680 bytes,    2604856 total
[2022-09-29T09:57:15.153+0000][7][gc,age      ] GC(314) - age   9:        872 bytes,    2605728 total
[2022-09-29T09:57:15.153+0000][7][gc,age      ] GC(314) - age  10:        480 bytes,    2606208 total
[2022-09-29T09:57:15.153+0000][7][gc,age      ] GC(314) - age  11:      18408 bytes,    2624616 total
[2022-09-29T09:57:15.153+0000][7][gc,age      ] GC(314) - age  12:        256 bytes,    2624872 total
[2022-09-29T09:57:15.154+0000][7][gc,age      ] GC(314) - age  13:      16720 bytes,    2641592 total
[2022-09-29T09:57:15.154+0000][7][gc,age      ] GC(314) - age  14:        624 bytes,    2642216 total
[2022-09-29T09:57:15.155+0000][7][gc,age      ] GC(314) - age  15:        576 bytes,    2642792 total
[2022-09-29T09:57:15.155+0000][7][gc,phases   ] GC(314)   Pre Evacuate Collection Set: 0.3ms
[2022-09-29T09:57:15.156+0000][7][gc,phases   ] GC(314)   Merge Heap Roots: 0.2ms
[2022-09-29T09:57:15.156+0000][7][gc,phases   ] GC(314)   Evacuate Collection Set: 2.8ms
[2022-09-29T09:57:15.157+0000][7][gc,phases   ] GC(314)   Post Evacuate Collection Set: 1.7ms
[2022-09-29T09:57:15.157+0000][7][gc,phases   ] GC(314)   Other: 7.5ms
[2022-09-29T09:57:15.157+0000][7][gc,heap     ] GC(314) Eden regions: 19->0(19)
[2022-09-29T09:57:15.158+0000][7][gc,heap     ] GC(314) Survivor regions: 1->1(3)
[2022-09-29T09:57:15.158+0000][7][gc,heap     ] GC(314) Old regions: 26->26
[2022-09-29T09:57:15.158+0000][7][gc,heap     ] GC(314) Archive regions: 2->2
[2022-09-29T09:57:15.159+0000][7][gc,heap     ] GC(314) Humongous regions: 5->5
[2022-09-29T09:57:15.159+0000][7][gc,metaspace] GC(314) Metaspace: 115674K(120220K)->115674K(120220K) NonClass: 100952K(104092K)->100952K(104092K) Class: 14722K(16128K)->14722K(16128K)
[2022-09-29T09:57:15.159+0000][7][gc          ] GC(314) Pause Young (Normal) (G1 Evacuation Pause) 203M->128M(256M) 16.242ms
[2022-09-29T09:57:15.160+0000][7][gc,cpu      ] GC(314) User=0.01s Sys=0.01s Real=0.02s
[2022-09-29T09:57:15.160+0000][7][safepoint   ] Safepoint "G1CollectForAllocation", Time since last: 833866330 ns, Reaching safepoint: 1115476 ns, At safepoint: 17069788 ns, Total: 18185264 ns
[2022-09-29T09:57:57.169+0000][7][safepoint   ] Safepoint "Cleanup", Time since last: 42008282118 ns, Reaching safepoint: 343382 ns, At safepoint: 36901 ns, Total: 380283 ns
[2022-09-29T09:58:03.170+0000][7][safepoint   ] Safepoint "Cleanup", Time since last: 6001258122 ns, Reaching safepoint: 334863 ns, At safepoint: 49675 ns, Total: 384538 ns
[2022-09-29T09:58:05.172+0000][7][safepoint   ] Safepoint "Cleanup", Time since last: 2000783850 ns, Reaching safepoint: 377169 ns, At safepoint: 772552 ns, Total: 1149721 ns
[2022-09-29T09:58:10.883+0000][7][gc,start    ] GC(315) Pause Young (Concurrent Start) (G1 Evacuation Pause)
[2022-09-29T09:58:10.884+0000][7][gc,task     ] GC(315) Using 6 workers of 13 for evacuation
[2022-09-29T09:58:10.884+0000][7][gc,age      ] GC(315) Desired survivor size 6291456 bytes, new threshold 15 (max threshold 15)
[2022-09-29T09:58:10.889+0000][7][gc,age      ] GC(315) Age table with threshold 15 (max threshold 15)
[2022-09-29T09:58:10.890+0000][7][gc,age      ] GC(315) - age   1:     216880 bytes,     216880 total
[2022-09-29T09:58:10.890+0000][7][gc,age      ] GC(315) - age   2:     103600 bytes,     320480 total
[2022-09-29T09:58:10.890+0000][7][gc,age      ] GC(315) - age   3:      19904 bytes,     340384 total
[2022-09-29T09:58:10.890+0000][7][gc,age      ] GC(315) - age   4:     148776 bytes,     489160 total
[2022-09-29T09:58:10.891+0000][7][gc,age      ] GC(315) - age   5:       1976 bytes,     491136 total
[2022-09-29T09:58:10.891+0000][7][gc,age      ] GC(315) - age   6:       1160 bytes,     492296 total
[2022-09-29T09:58:10.891+0000][7][gc,age      ] GC(315) - age   7:        984 bytes,     493280 total
[2022-09-29T09:58:10.891+0000][7][gc,age      ] GC(315) - age   8:       3072 bytes,     496352 total
[2022-09-29T09:58:10.892+0000][7][gc,age      ] GC(315) - age   9:        680 bytes,     497032 total
[2022-09-29T09:58:10.892+0000][7][gc,age      ] GC(315) - age  10:        840 bytes,     497872 total
[2022-09-29T09:58:10.892+0000][7][gc,age      ] GC(315) - age  11:        416 bytes,     498288 total
[2022-09-29T09:58:10.892+0000][7][gc,age      ] GC(315) - age  12:      18368 bytes,     516656 total
[2022-09-29T09:58:10.893+0000][7][gc,age      ] GC(315) - age  13:        256 bytes,     516912 total
[2022-09-29T09:58:10.893+0000][7][gc,age      ] GC(315) - age  14:      16720 bytes,     533632 total
[2022-09-29T09:58:10.893+0000][7][gc,age      ] GC(315) - age  15:        624 bytes,     534256 total
[2022-09-29T09:58:10.894+0000][7][gc,phases   ] GC(315)   Pre Evacuate Collection Set: 0.5ms
[2022-09-29T09:58:10.894+0000][7][gc,phases   ] GC(315)   Merge Heap Roots: 0.2ms
[2022-09-29T09:58:10.895+0000][7][gc,phases   ] GC(315)   Evacuate Collection Set: 1.7ms
[2022-09-29T09:58:10.896+0000][7][gc,phases   ] GC(315)   Post Evacuate Collection Set: 1.8ms
[2022-09-29T09:58:10.896+0000][7][gc,phases   ] GC(315)   Other: 6.2ms
[2022-09-29T09:58:10.897+0000][7][gc,heap     ] GC(315) Eden regions: 19->0(19)
[2022-09-29T09:58:10.897+0000][7][gc,heap     ] GC(315) Survivor regions: 1->1(3)
[2022-09-29T09:58:10.897+0000][7][gc,heap     ] GC(315) Old regions: 26->26
[2022-09-29T09:58:10.898+0000][7][gc,heap     ] GC(315) Archive regions: 2->2
[2022-09-29T09:58:10.898+0000][7][gc,heap     ] GC(315) Humongous regions: 5->5
[2022-09-29T09:58:10.898+0000][7][gc,metaspace] GC(315) Metaspace: 115676K(120220K)->115676K(120220K) NonClass: 100954K(104092K)->100954K(104092K) Class: 14722K(16128K)->14722K(16128K)
[2022-09-29T09:58:10.899+0000][7][gc          ] GC(315) Pause Young (Concurrent Start) (G1 Evacuation Pause) 204M->126M(256M) 15.388ms
[2022-09-29T09:58:10.899+0000][7][gc,cpu      ] GC(315) User=0.02s Sys=0.01s Real=0.01s
[2022-09-29T09:58:10.899+0000][7][gc          ] GC(316) Concurrent Cycle
[2022-09-29T09:58:10.900+0000][7][safepoint   ] Safepoint "G1CollectForAllocation", Time since last: 5710741662 ns, Reaching safepoint: 443496 ns, At safepoint: 16244936 ns, Total: 16688432 ns
[2022-09-29T09:58:10.900+0000][7][gc,marking  ] GC(316) Concurrent Clear Claimed Marks
[2022-09-29T09:58:10.901+0000][7][gc,marking  ] GC(316) Concurrent Clear Claimed Marks 0.951ms
[2022-09-29T09:58:10.901+0000][7][gc,marking  ] GC(316) Concurrent Scan Root Regions
[2022-09-29T09:58:10.904+0000][7][gc,marking  ] GC(316) Concurrent Scan Root Regions 2.258ms
[2022-09-29T09:58:10.904+0000][7][gc,marking  ] GC(316) Concurrent Mark (14099.997s)
[2022-09-29T09:58:10.904+0000][7][gc,marking  ] GC(316) Concurrent Mark From Roots
[2022-09-29T09:58:10.905+0000][7][gc,task     ] GC(316) Using 3 workers of 3 for marking
[2022-09-29T09:58:10.975+0000][7][gc,marking  ] GC(316) Concurrent Mark From Roots 70.991ms
[2022-09-29T09:58:10.976+0000][7][gc,marking  ] GC(316) Concurrent Preclean
[2022-09-29T09:58:10.977+0000][7][gc,marking  ] GC(316) Concurrent Preclean 1.022ms
[2022-09-29T09:58:10.978+0000][7][gc,marking  ] GC(316) Concurrent Mark (14099.997s, 14100.070s) 73.549ms
[2022-09-29T09:58:10.979+0000][7][gc,start    ] GC(316) Pause Remark
[2022-09-29T09:58:10.991+0000][7][gc          ] GC(316) Pause Remark 128M->128M(256M) 11.933ms
[2022-09-29T09:58:10.991+0000][7][gc,cpu      ] GC(316) User=0.06s Sys=0.00s Real=0.02s
[2022-09-29T09:58:10.991+0000][7][safepoint   ] Safepoint "G1Concurrent", Time since last: 78682608 ns, Reaching safepoint: 473021 ns, At safepoint: 12757621 ns, Total: 13230642 ns
[2022-09-29T09:58:10.992+0000][7][gc,marking  ] GC(316) Concurrent Rebuild Remembered Sets
[2022-09-29T09:58:11.042+0000][7][gc,marking  ] GC(316) Concurrent Rebuild Remembered Sets 49.720ms
[2022-09-29T09:58:11.043+0000][7][gc,start    ] GC(316) Pause Cleanup
[2022-09-29T09:58:11.044+0000][7][gc          ] GC(316) Pause Cleanup 128M->128M(256M) 0.844ms
[2022-09-29T09:58:11.044+0000][7][gc,cpu      ] GC(316) User=0.00s Sys=0.00s Real=0.00s
[2022-09-29T09:58:11.045+0000][7][safepoint   ] Safepoint "G1Concurrent", Time since last: 50753577 ns, Reaching safepoint: 398970 ns, At safepoint: 1955015 ns, Total: 2353985 ns
[2022-09-29T09:58:11.045+0000][7][gc,marking  ] GC(316) Concurrent Cleanup for Next Mark
[2022-09-29T09:58:11.046+0000][7][gc,marking  ] GC(316) Concurrent Cleanup for Next Mark 1.194ms
[2022-09-29T09:58:11.047+0000][7][gc          ] GC(316) Concurrent Cycle 147.797ms
[2022-09-29T09:59:29.036+0000][7][gc,start    ] GC(317) Pause Young (Normal) (G1 Evacuation Pause)
[2022-09-29T09:59:29.036+0000][7][gc,task     ] GC(317) Using 6 workers of 13 for evacuation
[2022-09-29T09:59:29.037+0000][7][gc,age      ] GC(317) Desired survivor size 6291456 bytes, new threshold 15 (max threshold 15)
[2022-09-29T09:59:29.040+0000][7][gc,age      ] GC(317) Age table with threshold 15 (max threshold 15)
[2022-09-29T09:59:29.040+0000][7][gc,age      ] GC(317) - age   1:     671504 bytes,     671504 total
[2022-09-29T09:59:29.040+0000][7][gc,age      ] GC(317) - age   2:     166088 bytes,     837592 total
[2022-09-29T09:59:29.040+0000][7][gc,age      ] GC(317) - age   3:     102056 bytes,     939648 total
[2022-09-29T09:59:29.041+0000][7][gc,age      ] GC(317) - age   4:      19552 bytes,     959200 total
[2022-09-29T09:59:29.041+0000][7][gc,age      ] GC(317) - age   5:     148712 bytes,    1107912 total
[2022-09-29T09:59:29.041+0000][7][gc,age      ] GC(317) - age   6:       1976 bytes,    1109888 total
[2022-09-29T09:59:29.041+0000][7][gc,age      ] GC(317) - age   7:        848 bytes,    1110736 total
[2022-09-29T09:59:29.041+0000][7][gc,age      ] GC(317) - age   8:        952 bytes,    1111688 total
[2022-09-29T09:59:29.042+0000][7][gc,age      ] GC(317) - age   9:       2640 bytes,    1114328 total
[2022-09-29T09:59:29.042+0000][7][gc,age      ] GC(317) - age  10:        576 bytes,    1114904 total
[2022-09-29T09:59:29.042+0000][7][gc,age      ] GC(317) - age  11:        840 bytes,    1115744 total
[2022-09-29T09:59:29.042+0000][7][gc,age      ] GC(317) - age  12:        416 bytes,    1116160 total
[2022-09-29T09:59:29.042+0000][7][gc,age      ] GC(317) - age  13:      18368 bytes,    1134528 total
[2022-09-29T09:59:29.042+0000][7][gc,age      ] GC(317) - age  14:        256 bytes,    1134784 total
[2022-09-29T09:59:29.043+0000][7][gc,age      ] GC(317) - age  15:      16528 bytes,    1151312 total
[2022-09-29T09:59:29.043+0000][7][gc,phases   ] GC(317)   Pre Evacuate Collection Set: 0.4ms
[2022-09-29T09:59:29.043+0000][7][gc,phases   ] GC(317)   Merge Heap Roots: 0.2ms
[2022-09-29T09:59:29.043+0000][7][gc,phases   ] GC(317)   Evacuate Collection Set: 1.3ms
[2022-09-29T09:59:29.043+0000][7][gc,phases   ] GC(317)   Post Evacuate Collection Set: 0.9ms
[2022-09-29T09:59:29.044+0000][7][gc,phases   ] GC(317)   Other: 4.5ms
[2022-09-29T09:59:29.044+0000][7][gc,heap     ] GC(317) Eden regions: 19->0(19)
[2022-09-29T09:59:29.044+0000][7][gc,heap     ] GC(317) Survivor regions: 1->1(3)
[2022-09-29T09:59:29.044+0000][7][gc,heap     ] GC(317) Old regions: 26->26
[2022-09-29T09:59:29.044+0000][7][gc,heap     ] GC(317) Archive regions: 2->2
[2022-09-29T09:59:29.045+0000][7][gc,heap     ] GC(317) Humongous regions: 5->5
[2022-09-29T09:59:29.045+0000][7][gc,metaspace] GC(317) Metaspace: 115677K(120220K)->115677K(120220K) NonClass: 100955K(104092K)->100955K(104092K) Class: 14722K(16128K)->14722K(16128K)
[2022-09-29T09:59:29.045+0000][7][gc          ] GC(317) Pause Young (Normal) (G1 Evacuation Pause) 202M->127M(256M) 9.240ms
[2022-09-29T09:59:29.045+0000][7][gc,cpu      ] GC(317) User=0.02s Sys=0.00s Real=0.01s
[2022-09-29T09:59:29.046+0000][7][safepoint   ] Safepoint "G1CollectForAllocation", Time since last: 77990703880 ns, Reaching safepoint: 397851 ns, At safepoint: 9908446 ns, Total: 10306297 ns
[2022-09-29T10:00:03.052+0000][7][safepoint   ] Safepoint "Cleanup", Time since last: 34006296481 ns, Reaching safepoint: 364832 ns, At safepoint: 67128 ns, Total: 431960 ns
[2022-09-29T10:00:32.384+0000][7][gc,start    ] GC(318) Pause Young (Concurrent Start) (G1 Evacuation Pause)
[2022-09-29T10:00:32.385+0000][7][gc,task     ] GC(318) Using 6 workers of 13 for evacuation
[2022-09-29T10:00:32.385+0000][7][gc,age      ] GC(318) Desired survivor size 6291456 bytes, new threshold 15 (max threshold 15)
[2022-09-29T10:00:32.389+0000][7][gc,age      ] GC(318) Age table with threshold 15 (max threshold 15)
[2022-09-29T10:00:32.389+0000][7][gc,age      ] GC(318) - age   1:     896264 bytes,     896264 total
[2022-09-29T10:00:32.390+0000][7][gc,age      ] GC(318) - age   2:     472224 bytes,    1368488 total
[2022-09-29T10:00:32.390+0000][7][gc,age      ] GC(318) - age   3:     148672 bytes,    1517160 total
[2022-09-29T10:00:32.391+0000][7][gc,age      ] GC(318) - age   4:      84424 bytes,    1601584 total
[2022-09-29T10:00:32.391+0000][7][gc,age      ] GC(318) - age   5:      18936 bytes,    1620520 total
[2022-09-29T10:00:32.391+0000][7][gc,age      ] GC(318) - age   6:     148648 bytes,    1769168 total
[2022-09-29T10:00:32.391+0000][7][gc,age      ] GC(318) - age   7:       1848 bytes,    1771016 total
[2022-09-29T10:00:32.391+0000][7][gc,age      ] GC(318) - age   8:        592 bytes,    1771608 total
[2022-09-29T10:00:32.392+0000][7][gc,age      ] GC(318) - age   9:        664 bytes,    1772272 total
[2022-09-29T10:00:32.392+0000][7][gc,age      ] GC(318) - age  10:       1104 bytes,    1773376 total
[2022-09-29T10:00:32.392+0000][7][gc,age      ] GC(318) - age  11:        416 bytes,    1773792 total
[2022-09-29T10:00:32.392+0000][7][gc,age      ] GC(318) - age  12:        840 bytes,    1774632 total
[2022-09-29T10:00:32.392+0000][7][gc,age      ] GC(318) - age  13:        416 bytes,    1775048 total
[2022-09-29T10:00:32.393+0000][7][gc,age      ] GC(318) - age  14:      18160 bytes,    1793208 total
[2022-09-29T10:00:32.393+0000][7][gc,age      ] GC(318) - age  15:        256 bytes,    1793464 total
[2022-09-29T10:00:32.393+0000][7][gc,phases   ] GC(318)   Pre Evacuate Collection Set: 0.4ms
[2022-09-29T10:00:32.393+0000][7][gc,phases   ] GC(318)   Merge Heap Roots: 0.1ms
[2022-09-29T10:00:32.394+0000][7][gc,phases   ] GC(318)   Evacuate Collection Set: 1.6ms
[2022-09-29T10:00:32.394+0000][7][gc,phases   ] GC(318)   Post Evacuate Collection Set: 1.4ms
[2022-09-29T10:00:32.394+0000][7][gc,phases   ] GC(318)   Other: 5.5ms
[2022-09-29T10:00:32.394+0000][7][gc,heap     ] GC(318) Eden regions: 19->0(19)
[2022-09-29T10:00:32.395+0000][7][gc,heap     ] GC(318) Survivor regions: 1->1(3)
[2022-09-29T10:00:32.395+0000][7][gc,heap     ] GC(318) Old regions: 26->26
[2022-09-29T10:00:32.395+0000][7][gc,heap     ] GC(318) Archive regions: 2->2
[2022-09-29T10:00:32.395+0000][7][gc,heap     ] GC(318) Humongous regions: 5->5
[2022-09-29T10:00:32.395+0000][7][gc,metaspace] GC(318) Metaspace: 115687K(120220K)->115687K(120220K) NonClass: 100964K(104092K)->100964K(104092K) Class: 14722K(16128K)->14722K(16128K)
[2022-09-29T10:00:32.396+0000][7][gc          ] GC(318) Pause Young (Concurrent Start) (G1 Evacuation Pause) 203M->127M(256M) 11.557ms
[2022-09-29T10:00:32.396+0000][7][gc,cpu      ] GC(318) User=0.01s Sys=0.00s Real=0.01s
[2022-09-29T10:00:32.396+0000][7][gc          ] GC(319) Concurrent Cycle
[2022-09-29T10:00:32.396+0000][7][safepoint   ] Safepoint "G1CollectForAllocation", Time since last: 29330318022 ns, Reaching safepoint: 1400639 ns, At safepoint: 12192439 ns, Total: 13593078 ns
[2022-09-29T10:00:32.397+0000][7][gc,marking  ] GC(319) Concurrent Clear Claimed Marks
[2022-09-29T10:00:32.397+0000][7][gc,marking  ] GC(319) Concurrent Clear Claimed Marks 0.665ms
[2022-09-29T10:00:32.398+0000][7][gc,marking  ] GC(319) Concurrent Scan Root Regions
[2022-09-29T10:00:32.400+0000][7][gc,marking  ] GC(319) Concurrent Scan Root Regions 2.420ms
[2022-09-29T10:00:32.401+0000][7][gc,marking  ] GC(319) Concurrent Mark (14241.493s)
[2022-09-29T10:00:32.401+0000][7][gc,marking  ] GC(319) Concurrent Mark From Roots
[2022-09-29T10:00:32.401+0000][7][gc,task     ] GC(319) Using 3 workers of 3 for marking
[2022-09-29T10:00:32.464+0000][7][gc,marking  ] GC(319) Concurrent Mark From Roots 62.977ms
[2022-09-29T10:00:32.465+0000][7][gc,marking  ] GC(319) Concurrent Preclean
[2022-09-29T10:00:32.466+0000][7][gc,marking  ] GC(319) Concurrent Preclean 1.099ms
[2022-09-29T10:00:32.466+0000][7][gc,marking  ] GC(319) Concurrent Mark (14241.493s, 14241.559s) 65.529ms
[2022-09-29T10:00:32.467+0000][7][gc,start    ] GC(319) Pause Remark
[2022-09-29T10:00:32.480+0000][7][gc          ] GC(319) Pause Remark 128M->128M(256M) 13.401ms
[2022-09-29T10:00:32.481+0000][7][gc,cpu      ] GC(319) User=0.07s Sys=0.00s Real=0.02s
[2022-09-29T10:00:32.482+0000][7][safepoint   ] Safepoint "G1Concurrent", Time since last: 70317162 ns, Reaching safepoint: 418467 ns, At safepoint: 14574128 ns, Total: 14992595 ns
[2022-09-29T10:00:32.482+0000][7][gc,marking  ] GC(319) Concurrent Rebuild Remembered Sets
[2022-09-29T10:00:32.525+0000][7][gc,marking  ] GC(319) Concurrent Rebuild Remembered Sets 43.337ms
[2022-09-29T10:00:32.526+0000][7][gc,start    ] GC(319) Pause Cleanup
[2022-09-29T10:00:32.527+0000][7][gc          ] GC(319) Pause Cleanup 130M->130M(256M) 0.679ms
[2022-09-29T10:00:32.527+0000][7][gc,cpu      ] GC(319) User=0.00s Sys=0.00s Real=0.00s
[2022-09-29T10:00:32.528+0000][7][safepoint   ] Safepoint "G1Concurrent", Time since last: 44361470 ns, Reaching safepoint: 373111 ns, At safepoint: 1621776 ns, Total: 1994887 ns
[2022-09-29T10:00:32.528+0000][7][gc,marking  ] GC(319) Concurrent Cleanup for Next Mark
[2022-09-29T10:00:32.529+0000][7][gc,marking  ] GC(319) Concurrent Cleanup for Next Mark 0.920ms
[2022-09-29T10:00:32.530+0000][7][gc          ] GC(319) Concurrent Cycle 133.680ms
[2022-09-29T10:00:33.529+0000][7][safepoint   ] Safepoint "Cleanup", Time since last: 1000664126 ns, Reaching safepoint: 589584 ns, At safepoint: 82096 ns, Total: 671680 ns
[2022-09-29T10:00:34.531+0000][7][safepoint   ] Safepoint "Cleanup", Time since last: 1001156973 ns, Reaching safepoint: 414317 ns, At safepoint: 17133 ns, Total: 431450 ns
[2022-09-29T10:01:05.539+0000][7][safepoint   ] Safepoint "Cleanup", Time since last: 31006928472 ns, Reaching safepoint: 717871 ns, At safepoint: 104369 ns, Total: 822240 ns
[2022-09-29T10:01:06.540+0000][7][safepoint   ] Safepoint "Cleanup", Time since last: 1000844978 ns, Reaching safepoint: 476323 ns, At safepoint: 100552 ns, Total: 576875 ns
[2022-09-29T10:01:07.541+0000][7][safepoint   ] Safepoint "Cleanup", Time since last: 1000892206 ns, Reaching safepoint: 373622 ns, At safepoint: 56507 ns, Total: 430129 ns
[2022-09-29T10:01:26.002+0000][7][gc,start    ] GC(320) Pause Young (Normal) (G1 Evacuation Pause)
[2022-09-29T10:01:26.002+0000][7][gc,task     ] GC(320) Using 6 workers of 13 for evacuation
[2022-09-29T10:01:26.003+0000][7][gc,age      ] GC(320) Desired survivor size 6291456 bytes, new threshold 15 (max threshold 15)
[2022-09-29T10:01:26.007+0000][7][gc,age      ] GC(320) Age table with threshold 15 (max threshold 15)
[2022-09-29T10:01:26.007+0000][7][gc,age      ] GC(320) - age   1:     249512 bytes,     249512 total
[2022-09-29T10:01:26.007+0000][7][gc,age      ] GC(320) - age   2:     176616 bytes,     426128 total
[2022-09-29T10:01:26.008+0000][7][gc,age      ] GC(320) - age   3:      37088 bytes,     463216 total
[2022-09-29T10:01:26.008+0000][7][gc,age      ] GC(320) - age   4:     148016 bytes,     611232 total
[2022-09-29T10:01:26.008+0000][7][gc,age      ] GC(320) - age   5:      19192 bytes,     630424 total
[2022-09-29T10:01:26.009+0000][7][gc,age      ] GC(320) - age   6:      18840 bytes,     649264 total
[2022-09-29T10:01:26.009+0000][7][gc,age      ] GC(320) - age   7:       1368 bytes,     650632 total
[2022-09-29T10:01:26.009+0000][7][gc,age      ] GC(320) - age   8:       1848 bytes,     652480 total
[2022-09-29T10:01:26.009+0000][7][gc,age      ] GC(320) - age   9:        424 bytes,     652904 total
[2022-09-29T10:01:26.009+0000][7][gc,age      ] GC(320) - age  10:        624 bytes,     653528 total
[2022-09-29T10:01:26.010+0000][7][gc,age      ] GC(320) - age  11:       1064 bytes,     654592 total
[2022-09-29T10:01:26.010+0000][7][gc,age      ] GC(320) - age  12:        352 bytes,     654944 total
[2022-09-29T10:01:26.010+0000][7][gc,age      ] GC(320) - age  13:        840 bytes,     655784 total
[2022-09-29T10:01:26.011+0000][7][gc,age      ] GC(320) - age  14:        384 bytes,     656168 total
[2022-09-29T10:01:26.011+0000][7][gc,age      ] GC(320) - age  15:      18104 bytes,     674272 total
[2022-09-29T10:01:26.011+0000][7][gc,phases   ] GC(320)   Pre Evacuate Collection Set: 0.2ms
[2022-09-29T10:01:26.012+0000][7][gc,phases   ] GC(320)   Merge Heap Roots: 0.2ms
[2022-09-29T10:01:26.012+0000][7][gc,phases   ] GC(320)   Evacuate Collection Set: 1.6ms
[2022-09-29T10:01:26.012+0000][7][gc,phases   ] GC(320)   Post Evacuate Collection Set: 1.6ms
[2022-09-29T10:01:26.012+0000][7][gc,phases   ] GC(320)   Other: 5.9ms
[2022-09-29T10:01:26.012+0000][7][gc,heap     ] GC(320) Eden regions: 19->0(19)
[2022-09-29T10:01:26.013+0000][7][gc,heap     ] GC(320) Survivor regions: 1->1(3)
[2022-09-29T10:01:26.013+0000][7][gc,heap     ] GC(320) Old regions: 26->26
[2022-09-29T10:01:26.013+0000][7][gc,heap     ] GC(320) Archive regions: 2->2
[2022-09-29T10:01:26.014+0000][7][gc,heap     ] GC(320) Humongous regions: 5->5
[2022-09-29T10:01:26.014+0000][7][gc,metaspace] GC(320) Metaspace: 115691K(120220K)->115691K(120220K) NonClass: 100968K(104092K)->100968K(104092K) Class: 14722K(16128K)->14722K(16128K)
[2022-09-29T10:01:26.014+0000][7][gc          ] GC(320) Pause Young (Normal) (G1 Evacuation Pause) 203M->126M(256M) 12.020ms
[2022-09-29T10:01:26.014+0000][7][gc,cpu      ] GC(320) User=0.01s Sys=0.00s Real=0.01s
[2022-09-29T10:01:26.015+0000][7][safepoint   ] Safepoint "G1CollectForAllocation", Time since last: 18460187541 ns, Reaching safepoint: 321142 ns, At safepoint: 12797897 ns, Total: 13119039 ns
[2022-09-29T10:01:36.018+0000][7][safepoint   ] Safepoint "Cleanup", Time since last: 10002415221 ns, Reaching safepoint: 507147 ns, At safepoint: 72758 ns, Total: 579905 ns
[2022-09-29T10:01:38.019+0000][7][safepoint   ] Safepoint "Cleanup", Time since last: 2000912620 ns, Reaching safepoint: 619551 ns, At safepoint: 69553 ns, Total: 689104 ns
[2022-09-29T10:02:03.024+0000][7][safepoint   ] Safepoint "Cleanup", Time since last: 25004759980 ns, Reaching safepoint: 236250 ns, At safepoint: 33695 ns, Total: 269945 ns
[2022-09-29T10:02:09.026+0000][7][safepoint   ] Safepoint "Cleanup", Time since last: 6001203553 ns, Reaching safepoint: 397820 ns, At safepoint: 49374 ns, Total: 447194 ns
[2022-09-29T10:02:14.028+0000][7][safepoint   ] Safepoint "Cleanup", Time since last: 5001250249 ns, Reaching safepoint: 405044 ns, At safepoint: 48272 ns, Total: 453316 ns
[2022-09-29T10:02:18.030+0000][7][safepoint   ] Safepoint "Cleanup", Time since last: 4001174109 ns, Reaching safepoint: 678743 ns, At safepoint: 95081 ns, Total: 773824 ns
[2022-09-29T10:02:29.061+0000][7][gc,start    ] GC(321) Pause Young (Concurrent Start) (G1 Evacuation Pause)
[2022-09-29T10:02:29.061+0000][7][gc,task     ] GC(321) Using 6 workers of 13 for evacuation
[2022-09-29T10:02:29.062+0000][7][gc,age      ] GC(321) Desired survivor size 6291456 bytes, new threshold 15 (max threshold 15)
[2022-09-29T10:02:29.069+0000][7][gc,age      ] GC(321) Age table with threshold 15 (max threshold 15)
[2022-09-29T10:02:29.069+0000][7][gc,age      ] GC(321) - age   1:     901320 bytes,     901320 total
[2022-09-29T10:02:29.069+0000][7][gc,age      ] GC(321) - age   2:     193296 bytes,    1094616 total
[2022-09-29T10:02:29.070+0000][7][gc,age      ] GC(321) - age   3:     159512 bytes,    1254128 total
[2022-09-29T10:02:29.070+0000][7][gc,age      ] GC(321) - age   4:      36904 bytes,    1291032 total
[2022-09-29T10:02:29.070+0000][7][gc,age      ] GC(321) - age   5:     147920 bytes,    1438952 total
[2022-09-29T10:02:29.070+0000][7][gc,age      ] GC(321) - age   6:      19128 bytes,    1458080 total
[2022-09-29T10:02:29.071+0000][7][gc,age      ] GC(321) - age   7:      18488 bytes,    1476568 total
[2022-09-29T10:02:29.071+0000][7][gc,age      ] GC(321) - age   8:       1272 bytes,    1477840 total
[2022-09-29T10:02:29.071+0000][7][gc,age      ] GC(321) - age   9:       1480 bytes,    1479320 total
[2022-09-29T10:02:29.071+0000][7][gc,age      ] GC(321) - age  10:        424 bytes,    1479744 total
[2022-09-29T10:02:29.072+0000][7][gc,age      ] GC(321) - age  11:        584 bytes,    1480328 total
[2022-09-29T10:02:29.072+0000][7][gc,age      ] GC(321) - age  12:        936 bytes,    1481264 total
[2022-09-29T10:02:29.072+0000][7][gc,age      ] GC(321) - age  13:        288 bytes,    1481552 total
[2022-09-29T10:02:29.073+0000][7][gc,age      ] GC(321) - age  14:        712 bytes,    1482264 total
[2022-09-29T10:02:29.074+0000][7][gc,age      ] GC(321) - age  15:        384 bytes,    1482648 total
[2022-09-29T10:02:29.074+0000][7][gc,phases   ] GC(321)   Pre Evacuate Collection Set: 0.5ms
[2022-09-29T10:02:29.075+0000][7][gc,phases   ] GC(321)   Merge Heap Roots: 0.2ms
[2022-09-29T10:02:29.075+0000][7][gc,phases   ] GC(321)   Evacuate Collection Set: 4.3ms
[2022-09-29T10:02:29.075+0000][7][gc,phases   ] GC(321)   Post Evacuate Collection Set: 1.0ms
[2022-09-29T10:02:29.075+0000][7][gc,phases   ] GC(321)   Other: 7.5ms
[2022-09-29T10:02:29.075+0000][7][gc,heap     ] GC(321) Eden regions: 19->0(19)
[2022-09-29T10:02:29.076+0000][7][gc,heap     ] GC(321) Survivor regions: 1->1(3)
[2022-09-29T10:02:29.076+0000][7][gc,heap     ] GC(321) Old regions: 26->26
[2022-09-29T10:02:29.076+0000][7][gc,heap     ] GC(321) Archive regions: 2->2
[2022-09-29T10:02:29.076+0000][7][gc,heap     ] GC(321) Humongous regions: 5->5
[2022-09-29T10:02:29.076+0000][7][gc,metaspace] GC(321) Metaspace: 115691K(120220K)->115691K(120220K) NonClass: 100969K(104092K)->100969K(104092K) Class: 14722K(16128K)->14722K(16128K)
[2022-09-29T10:02:29.076+0000][7][gc          ] GC(321) Pause Young (Concurrent Start) (G1 Evacuation Pause) 202M->127M(256M) 15.595ms
[2022-09-29T10:02:29.077+0000][7][gc,cpu      ] GC(321) User=0.02s Sys=0.00s Real=0.01s
[2022-09-29T10:02:29.077+0000][7][gc          ] GC(322) Concurrent Cycle
[2022-09-29T10:02:29.077+0000][7][safepoint   ] Safepoint "G1CollectForAllocation", Time since last: 11030808706 ns, Reaching safepoint: 408857 ns, At safepoint: 16185242 ns, Total: 16594099 ns
[2022-09-29T10:02:29.077+0000][7][gc,marking  ] GC(322) Concurrent Clear Claimed Marks
[2022-09-29T10:02:29.078+0000][7][gc,marking  ] GC(322) Concurrent Clear Claimed Marks 0.542ms
[2022-09-29T10:02:29.078+0000][7][gc,marking  ] GC(322) Concurrent Scan Root Regions
[2022-09-29T10:02:29.080+0000][7][gc,marking  ] GC(322) Concurrent Scan Root Regions 1.936ms
[2022-09-29T10:02:29.080+0000][7][gc,marking  ] GC(322) Concurrent Mark (14358.173s)
[2022-09-29T10:02:29.080+0000][7][gc,marking  ] GC(322) Concurrent Mark From Roots
[2022-09-29T10:02:29.081+0000][7][gc,task     ] GC(322) Using 3 workers of 3 for marking
[2022-09-29T10:02:29.134+0000][7][gc,marking  ] GC(322) Concurrent Mark From Roots 53.088ms
[2022-09-29T10:02:29.134+0000][7][gc,marking  ] GC(322) Concurrent Preclean
[2022-09-29T10:02:29.135+0000][7][gc,marking  ] GC(322) Concurrent Preclean 0.864ms
[2022-09-29T10:02:29.135+0000][7][gc,marking  ] GC(322) Concurrent Mark (14358.173s, 14358.228s) 55.100ms
[2022-09-29T10:02:29.136+0000][7][gc,start    ] GC(322) Pause Remark
[2022-09-29T10:02:29.149+0000][7][gc          ] GC(322) Pause Remark 128M->128M(256M) 12.590ms
[2022-09-29T10:02:29.149+0000][7][gc,cpu      ] GC(322) User=0.07s Sys=0.00s Real=0.02s
[2022-09-29T10:02:29.150+0000][7][safepoint   ] Safepoint "G1Concurrent", Time since last: 58831612 ns, Reaching safepoint: 351620 ns, At safepoint: 13633510 ns, Total: 13985130 ns
[2022-09-29T10:02:29.150+0000][7][gc,marking  ] GC(322) Concurrent Rebuild Remembered Sets
[2022-09-29T10:02:29.189+0000][7][gc,marking  ] GC(322) Concurrent Rebuild Remembered Sets 38.894ms
[2022-09-29T10:02:29.190+0000][7][gc,start    ] GC(322) Pause Cleanup
[2022-09-29T10:02:29.191+0000][7][gc          ] GC(322) Pause Cleanup 128M->128M(256M) 0.565ms
[2022-09-29T10:02:29.191+0000][7][gc,cpu      ] GC(322) User=0.00s Sys=0.00s Real=0.00s
[2022-09-29T10:02:29.191+0000][7][safepoint   ] Safepoint "G1Concurrent", Time since last: 39860482 ns, Reaching safepoint: 354923 ns, At safepoint: 1369137 ns, Total: 1724060 ns
[2022-09-29T10:02:29.192+0000][7][gc,marking  ] GC(322) Concurrent Cleanup for Next Mark
[2022-09-29T10:02:29.193+0000][7][gc,marking  ] GC(322) Concurrent Cleanup for Next Mark 1.157ms
[2022-09-29T10:02:29.194+0000][7][gc          ] GC(322) Concurrent Cycle 116.612ms
[2022-09-29T10:03:13.204+0000][7][safepoint   ] Safepoint "Cleanup", Time since last: 44011732623 ns, Reaching safepoint: 756166 ns, At safepoint: 49945 ns, Total: 806111 ns
[2022-09-29T10:03:21.206+0000][7][safepoint   ] Safepoint "Cleanup", Time since last: 8001487646 ns, Reaching safepoint: 239712 ns, At safepoint: 35648 ns, Total: 275360 ns
[2022-09-29T10:03:47.072+0000][7][gc,start    ] GC(323) Pause Young (Normal) (G1 Evacuation Pause)
[2022-09-29T10:03:47.072+0000][7][gc,task     ] GC(323) Using 6 workers of 13 for evacuation
[2022-09-29T10:03:47.073+0000][7][gc,age      ] GC(323) Desired survivor size 6291456 bytes, new threshold 15 (max threshold 15)
[2022-09-29T10:03:47.079+0000][7][gc,age      ] GC(323) Age table with threshold 15 (max threshold 15)
[2022-09-29T10:03:47.079+0000][7][gc,age      ] GC(323) - age   1:     532576 bytes,     532576 total
[2022-09-29T10:03:47.080+0000][7][gc,age      ] GC(323) - age   2:     677552 bytes,    1210128 total
[2022-09-29T10:03:47.080+0000][7][gc,age      ] GC(323) - age   3:     191968 bytes,    1402096 total
[2022-09-29T10:03:47.081+0000][7][gc,age      ] GC(323) - age   4:     142776 bytes,    1544872 total
[2022-09-29T10:03:47.081+0000][7][gc,age      ] GC(323) - age   5:      36840 bytes,    1581712 total
[2022-09-29T10:03:47.081+0000][7][gc,age      ] GC(323) - age   6:     147920 bytes,    1729632 total
[2022-09-29T10:03:47.082+0000][7][gc,age      ] GC(323) - age   7:      18680 bytes,    1748312 total
[2022-09-29T10:03:47.082+0000][7][gc,age      ] GC(323) - age   8:      18128 bytes,    1766440 total
[2022-09-29T10:03:47.082+0000][7][gc,age      ] GC(323) - age   9:       1208 bytes,    1767648 total
[2022-09-29T10:03:47.083+0000][7][gc,age      ] GC(323) - age  10:        920 bytes,    1768568 total
[2022-09-29T10:03:47.083+0000][7][gc,age      ] GC(323) - age  11:        424 bytes,    1768992 total
[2022-09-29T10:03:47.083+0000][7][gc,age      ] GC(323) - age  12:        584 bytes,    1769576 total
[2022-09-29T10:03:47.084+0000][7][gc,age      ] GC(323) - age  13:        872 bytes,    1770448 total
[2022-09-29T10:03:47.084+0000][7][gc,age      ] GC(323) - age  14:         80 bytes,    1770528 total
[2022-09-29T10:03:47.084+0000][7][gc,age      ] GC(323) - age  15:        648 bytes,    1771176 total
[2022-09-29T10:03:47.085+0000][7][gc,phases   ] GC(323)   Pre Evacuate Collection Set: 0.3ms
[2022-09-29T10:03:47.085+0000][7][gc,phases   ] GC(323)   Merge Heap Roots: 0.2ms
[2022-09-29T10:03:47.085+0000][7][gc,phases   ] GC(323)   Evacuate Collection Set: 2.0ms
[2022-09-29T10:03:47.086+0000][7][gc,phases   ] GC(323)   Post Evacuate Collection Set: 2.8ms
[2022-09-29T10:03:47.086+0000][7][gc,phases   ] GC(323)   Other: 7.9ms
[2022-09-29T10:03:47.086+0000][7][gc,heap     ] GC(323) Eden regions: 19->0(19)
[2022-09-29T10:03:47.086+0000][7][gc,heap     ] GC(323) Survivor regions: 1->1(3)
[2022-09-29T10:03:47.087+0000][7][gc,heap     ] GC(323) Old regions: 26->26
[2022-09-29T10:03:47.087+0000][7][gc,heap     ] GC(323) Archive regions: 2->2
[2022-09-29T10:03:47.087+0000][7][gc,heap     ] GC(323) Humongous regions: 5->5
[2022-09-29T10:03:47.087+0000][7][gc,metaspace] GC(323) Metaspace: 115692K(120220K)->115692K(120220K) NonClass: 100970K(104092K)->100970K(104092K) Class: 14722K(16128K)->14722K(16128K)
[2022-09-29T10:03:47.087+0000][7][gc          ] GC(323) Pause Young (Normal) (G1 Evacuation Pause) 203M->128M(256M) 15.892ms
[2022-09-29T10:03:47.088+0000][7][gc,cpu      ] GC(323) User=0.01s Sys=0.01s Real=0.01s
[2022-09-29T10:03:47.088+0000][7][safepoint   ] Safepoint "G1CollectForAllocation", Time since last: 25865369523 ns, Reaching safepoint: 440018 ns, At safepoint: 16494552 ns, Total: 16934570 ns
[2022-09-29T10:04:15.094+0000][7][safepoint   ] Safepoint "Cleanup", Time since last: 28005293350 ns, Reaching safepoint: 417618 ns, At safepoint: 59022 ns, Total: 476640 ns
[2022-09-29T10:04:58.768+0000][7][gc,start    ] GC(324) Pause Young (Concurrent Start) (G1 Evacuation Pause)
[2022-09-29T10:04:58.769+0000][7][gc,task     ] GC(324) Using 6 workers of 13 for evacuation
[2022-09-29T10:04:58.769+0000][7][gc,age      ] GC(324) Desired survivor size 6291456 bytes, new threshold 15 (max threshold 15)
[2022-09-29T10:04:58.774+0000][7][gc,age      ] GC(324) Age table with threshold 15 (max threshold 15)
[2022-09-29T10:04:58.774+0000][7][gc,age      ] GC(324) - age   1:     543864 bytes,     543864 total
[2022-09-29T10:04:58.774+0000][7][gc,age      ] GC(324) - age   2:     350472 bytes,     894336 total
[2022-09-29T10:04:58.775+0000][7][gc,age      ] GC(324) - age   3:     660512 bytes,    1554848 total
[2022-09-29T10:04:58.775+0000][7][gc,age      ] GC(324) - age   4:     158816 bytes,    1713664 total
[2022-09-29T10:04:58.775+0000][7][gc,age      ] GC(324) - age   5:     142776 bytes,    1856440 total
[2022-09-29T10:04:58.776+0000][7][gc,age      ] GC(324) - age   6:      36448 bytes,    1892888 total
[2022-09-29T10:04:58.776+0000][7][gc,age      ] GC(324) - age   7:     147576 bytes,    2040464 total
[2022-09-29T10:04:58.776+0000][7][gc,age      ] GC(324) - age   8:      18456 bytes,    2058920 total
[2022-09-29T10:04:58.776+0000][7][gc,age      ] GC(324) - age   9:      18128 bytes,    2077048 total
[2022-09-29T10:04:58.777+0000][7][gc,age      ] GC(324) - age  10:        704 bytes,    2077752 total
[2022-09-29T10:04:58.777+0000][7][gc,age      ] GC(324) - age  11:        848 bytes,    2078600 total
[2022-09-29T10:04:58.777+0000][7][gc,age      ] GC(324) - age  12:        360 bytes,    2078960 total
[2022-09-29T10:04:58.777+0000][7][gc,age      ] GC(324) - age  13:        584 bytes,    2079544 total
[2022-09-29T10:04:58.778+0000][7][gc,age      ] GC(324) - age  14:        872 bytes,    2080416 total
[2022-09-29T10:04:58.778+0000][7][gc,age      ] GC(324) - age  15:         80 bytes,    2080496 total
[2022-09-29T10:04:58.779+0000][7][gc,phases   ] GC(324)   Pre Evacuate Collection Set: 0.5ms
[2022-09-29T10:04:58.779+0000][7][gc,phases   ] GC(324)   Merge Heap Roots: 0.1ms
[2022-09-29T10:04:58.779+0000][7][gc,phases   ] GC(324)   Evacuate Collection Set: 1.9ms
[2022-09-29T10:04:58.779+0000][7][gc,phases   ] GC(324)   Post Evacuate Collection Set: 1.4ms
[2022-09-29T10:04:58.780+0000][7][gc,phases   ] GC(324)   Other: 6.6ms
[2022-09-29T10:04:58.780+0000][7][gc,heap     ] GC(324) Eden regions: 19->0(19)
[2022-09-29T10:04:58.780+0000][7][gc,heap     ] GC(324) Survivor regions: 1->1(3)
[2022-09-29T10:04:58.780+0000][7][gc,heap     ] GC(324) Old regions: 26->26
[2022-09-29T10:04:58.780+0000][7][gc,heap     ] GC(324) Archive regions: 2->2
[2022-09-29T10:04:58.781+0000][7][gc,heap     ] GC(324) Humongous regions: 5->5
[2022-09-29T10:04:58.781+0000][7][gc,metaspace] GC(324) Metaspace: 115692K(120220K)->115692K(120220K) NonClass: 100970K(104092K)->100970K(104092K) Class: 14722K(16128K)->14722K(16128K)
[2022-09-29T10:04:58.781+0000][7][gc          ] GC(324) Pause Young (Concurrent Start) (G1 Evacuation Pause) 204M->128M(256M) 12.833ms
[2022-09-29T10:04:58.781+0000][7][gc,cpu      ] GC(324) User=0.02s Sys=0.01s Real=0.02s
[2022-09-29T10:04:58.782+0000][7][gc          ] GC(325) Concurrent Cycle
[2022-09-29T10:04:58.782+0000][7][safepoint   ] Safepoint "G1CollectForAllocation", Time since last: 43673942786 ns, Reaching safepoint: 412739 ns, At safepoint: 13524440 ns, Total: 13937179 ns
[2022-09-29T10:04:58.782+0000][7][gc,marking  ] GC(325) Concurrent Clear Claimed Marks
[2022-09-29T10:04:58.783+0000][7][gc,marking  ] GC(325) Concurrent Clear Claimed Marks 0.668ms
[2022-09-29T10:04:58.783+0000][7][gc,marking  ] GC(325) Concurrent Scan Root Regions
[2022-09-29T10:04:58.787+0000][7][gc,marking  ] GC(325) Concurrent Scan Root Regions 3.815ms
[2022-09-29T10:04:58.787+0000][7][gc,marking  ] GC(325) Concurrent Mark (14507.880s)
[2022-09-29T10:04:58.788+0000][7][gc,marking  ] GC(325) Concurrent Mark From Roots
[2022-09-29T10:04:58.788+0000][7][gc,task     ] GC(325) Using 3 workers of 3 for marking
[2022-09-29T10:04:58.847+0000][7][gc,marking  ] GC(325) Concurrent Mark From Roots 59.375ms
[2022-09-29T10:04:58.848+0000][7][gc,marking  ] GC(325) Concurrent Preclean
[2022-09-29T10:04:58.849+0000][7][gc,marking  ] GC(325) Concurrent Preclean 1.024ms
[2022-09-29T10:04:58.849+0000][7][gc,marking  ] GC(325) Concurrent Mark (14507.880s, 14507.942s) 62.078ms
[2022-09-29T10:04:58.850+0000][7][gc,start    ] GC(325) Pause Remark
[2022-09-29T10:04:58.863+0000][7][gc          ] GC(325) Pause Remark 128M->128M(256M) 12.991ms
[2022-09-29T10:04:58.864+0000][7][gc,cpu      ] GC(325) User=0.06s Sys=0.00s Real=0.01s
[2022-09-29T10:04:58.864+0000][7][safepoint   ] Safepoint "G1Concurrent", Time since last: 68243868 ns, Reaching safepoint: 355868 ns, At safepoint: 13884687 ns, Total: 14240555 ns
[2022-09-29T10:04:58.865+0000][7][gc,marking  ] GC(325) Concurrent Rebuild Remembered Sets
[2022-09-29T10:04:58.903+0000][7][gc,marking  ] GC(325) Concurrent Rebuild Remembered Sets 38.824ms
[2022-09-29T10:04:58.904+0000][7][gc,start    ] GC(325) Pause Cleanup
[2022-09-29T10:04:58.905+0000][7][gc          ] GC(325) Pause Cleanup 128M->128M(256M) 0.773ms
[2022-09-29T10:04:58.906+0000][7][gc,cpu      ] GC(325) User=0.00s Sys=0.00s Real=0.00s
[2022-09-29T10:04:58.906+0000][7][safepoint   ] Safepoint "G1Concurrent", Time since last: 39856871 ns, Reaching safepoint: 408489 ns, At safepoint: 1872779 ns, Total: 2281268 ns
[2022-09-29T10:04:58.907+0000][7][gc,marking  ] GC(325) Concurrent Cleanup for Next Mark
[2022-09-29T10:04:58.908+0000][7][gc,marking  ] GC(325) Concurrent Cleanup for Next Mark 1.067ms
[2022-09-29T10:04:58.909+0000][7][gc          ] GC(325) Concurrent Cycle 127.021ms
[2022-09-29T10:05:17.911+0000][7][safepoint   ] Safepoint "Cleanup", Time since last: 19004394897 ns, Reaching safepoint: 308818 ns, At safepoint: 11132 ns, Total: 319950 ns
[2022-09-29T10:05:54.044+0000][7][gc,start    ] GC(326) Pause Young (Normal) (G1 Evacuation Pause)
[2022-09-29T10:05:54.044+0000][7][gc,task     ] GC(326) Using 6 workers of 13 for evacuation
[2022-09-29T10:05:54.045+0000][7][gc,age      ] GC(326) Desired survivor size 6291456 bytes, new threshold 15 (max threshold 15)
[2022-09-29T10:05:54.048+0000][7][gc,age      ] GC(326) Age table with threshold 15 (max threshold 15)
[2022-09-29T10:05:54.048+0000][7][gc,age      ] GC(326) - age   1:     532152 bytes,     532152 total
[2022-09-29T10:05:54.049+0000][7][gc,age      ] GC(326) - age   2:      19792 bytes,     551944 total
[2022-09-29T10:05:54.049+0000][7][gc,age      ] GC(326) - age   3:      19312 bytes,     571256 total
[2022-09-29T10:05:54.049+0000][7][gc,age      ] GC(326) - age   4:      51768 bytes,     623024 total
[2022-09-29T10:05:54.050+0000][7][gc,age      ] GC(326) - age   5:     158584 bytes,     781608 total
[2022-09-29T10:05:54.050+0000][7][gc,age      ] GC(326) - age   6:       5848 bytes,     787456 total
[2022-09-29T10:05:54.050+0000][7][gc,age      ] GC(326) - age   7:        928 bytes,     788384 total
[2022-09-29T10:05:54.050+0000][7][gc,age      ] GC(326) - age   8:        832 bytes,     789216 total
[2022-09-29T10:05:54.051+0000][7][gc,age      ] GC(326) - age   9:      18296 bytes,     807512 total
[2022-09-29T10:05:54.051+0000][7][gc,age      ] GC(326) - age  10:      17960 bytes,     825472 total
[2022-09-29T10:05:54.051+0000][7][gc,age      ] GC(326) - age  11:        704 bytes,     826176 total
[2022-09-29T10:05:54.051+0000][7][gc,age      ] GC(326) - age  12:        784 bytes,     826960 total
[2022-09-29T10:05:54.051+0000][7][gc,age      ] GC(326) - age  13:        360 bytes,     827320 total
[2022-09-29T10:05:54.051+0000][7][gc,age      ] GC(326) - age  14:        584 bytes,     827904 total
[2022-09-29T10:05:54.052+0000][7][gc,age      ] GC(326) - age  15:        872 bytes,     828776 total
[2022-09-29T10:05:54.052+0000][7][gc,phases   ] GC(326)   Pre Evacuate Collection Set: 0.2ms
[2022-09-29T10:05:54.052+0000][7][gc,phases   ] GC(326)   Merge Heap Roots: 0.1ms
[2022-09-29T10:05:54.052+0000][7][gc,phases   ] GC(326)   Evacuate Collection Set: 1.3ms
[2022-09-29T10:05:54.052+0000][7][gc,phases   ] GC(326)   Post Evacuate Collection Set: 1.3ms
[2022-09-29T10:05:54.053+0000][7][gc,phases   ] GC(326)   Other: 5.2ms
[2022-09-29T10:05:54.053+0000][7][gc,heap     ] GC(326) Eden regions: 19->0(19)
[2022-09-29T10:05:54.053+0000][7][gc,heap     ] GC(326) Survivor regions: 1->1(3)
[2022-09-29T10:05:54.053+0000][7][gc,heap     ] GC(326) Old regions: 26->26
[2022-09-29T10:05:54.053+0000][7][gc,heap     ] GC(326) Archive regions: 2->2
[2022-09-29T10:05:54.053+0000][7][gc,heap     ] GC(326) Humongous regions: 5->5
[2022-09-29T10:05:54.054+0000][7][gc,metaspace] GC(326) Metaspace: 115695K(120220K)->115695K(120220K) NonClass: 100973K(104092K)->100973K(104092K) Class: 14722K(16128K)->14722K(16128K)
[2022-09-29T10:05:54.054+0000][7][gc          ] GC(326) Pause Young (Normal) (G1 Evacuation Pause) 204M->127M(256M) 10.006ms
[2022-09-29T10:05:54.054+0000][7][gc,cpu      ] GC(326) User=0.01s Sys=0.01s Real=0.01s
[2022-09-29T10:05:54.054+0000][7][safepoint   ] Safepoint "G1CollectForAllocation", Time since last: 36132076782 ns, Reaching safepoint: 678253 ns, At safepoint: 10682216 ns, Total: 11360469 ns
[2022-09-29T10:07:16.164+0000][7][gc,start    ] GC(327) Pause Young (Concurrent Start) (G1 Evacuation Pause)
[2022-09-29T10:07:16.164+0000][7][gc,task     ] GC(327) Using 6 workers of 13 for evacuation
[2022-09-29T10:07:16.165+0000][7][gc,age      ] GC(327) Desired survivor size 6291456 bytes, new threshold 15 (max threshold 15)
[2022-09-29T10:07:16.168+0000][7][gc,age      ] GC(327) Age table with threshold 15 (max threshold 15)
[2022-09-29T10:07:16.169+0000][7][gc,age      ] GC(327) - age   1:     475592 bytes,     475592 total
[2022-09-29T10:07:16.169+0000][7][gc,age      ] GC(327) - age   2:     441520 bytes,     917112 total
[2022-09-29T10:07:16.169+0000][7][gc,age      ] GC(327) - age   3:      18120 bytes,     935232 total
[2022-09-29T10:07:16.169+0000][7][gc,age      ] GC(327) - age   4:      18648 bytes,     953880 total
[2022-09-29T10:07:16.170+0000][7][gc,age      ] GC(327) - age   5:      51704 bytes,    1005584 total
[2022-09-29T10:07:16.170+0000][7][gc,age      ] GC(327) - age   6:     158584 bytes,    1164168 total
[2022-09-29T10:07:16.170+0000][7][gc,age      ] GC(327) - age   7:       5784 bytes,    1169952 total
[2022-09-29T10:07:16.171+0000][7][gc,age      ] GC(327) - age   8:        928 bytes,    1170880 total
[2022-09-29T10:07:16.171+0000][7][gc,age      ] GC(327) - age   9:        704 bytes,    1171584 total
[2022-09-29T10:07:16.171+0000][7][gc,age      ] GC(327) - age  10:      18256 bytes,    1189840 total
[2022-09-29T10:07:16.172+0000][7][gc,age      ] GC(327) - age  11:      17960 bytes,    1207800 total
[2022-09-29T10:07:16.172+0000][7][gc,age      ] GC(327) - age  12:        704 bytes,    1208504 total
[2022-09-29T10:07:16.172+0000][7][gc,age      ] GC(327) - age  13:        784 bytes,    1209288 total
[2022-09-29T10:07:16.173+0000][7][gc,age      ] GC(327) - age  14:        256 bytes,    1209544 total
[2022-09-29T10:07:16.173+0000][7][gc,age      ] GC(327) - age  15:        584 bytes,    1210128 total
[2022-09-29T10:07:16.173+0000][7][gc,phases   ] GC(327)   Pre Evacuate Collection Set: 0.5ms
[2022-09-29T10:07:16.174+0000][7][gc,phases   ] GC(327)   Merge Heap Roots: 0.1ms
[2022-09-29T10:07:16.174+0000][7][gc,phases   ] GC(327)   Evacuate Collection Set: 1.5ms
[2022-09-29T10:07:16.174+0000][7][gc,phases   ] GC(327)   Post Evacuate Collection Set: 0.9ms
[2022-09-29T10:07:16.175+0000][7][gc,phases   ] GC(327)   Other: 6.3ms
[2022-09-29T10:07:16.175+0000][7][gc,heap     ] GC(327) Eden regions: 19->0(19)
[2022-09-29T10:07:16.175+0000][7][gc,heap     ] GC(327) Survivor regions: 1->1(3)
[2022-09-29T10:07:16.175+0000][7][gc,heap     ] GC(327) Old regions: 26->26
[2022-09-29T10:07:16.176+0000][7][gc,heap     ] GC(327) Archive regions: 2->2
[2022-09-29T10:07:16.176+0000][7][gc,heap     ] GC(327) Humongous regions: 5->5
[2022-09-29T10:07:16.176+0000][7][gc,metaspace] GC(327) Metaspace: 115696K(120220K)->115696K(120220K) NonClass: 100973K(104092K)->100973K(104092K) Class: 14723K(16128K)->14723K(16128K)
[2022-09-29T10:07:16.176+0000][7][gc          ] GC(327) Pause Young (Concurrent Start) (G1 Evacuation Pause) 203M->127M(256M) 12.358ms
[2022-09-29T10:07:16.177+0000][7][gc,cpu      ] GC(327) User=0.02s Sys=0.00s Real=0.01s
[2022-09-29T10:07:16.177+0000][7][gc          ] GC(328) Concurrent Cycle
[2022-09-29T10:07:16.177+0000][7][safepoint   ] Safepoint "G1CollectForAllocation", Time since last: 82109218805 ns, Reaching safepoint: 314898 ns, At safepoint: 13454942 ns, Total: 13769840 ns
[2022-09-29T10:07:16.178+0000][7][gc,marking  ] GC(328) Concurrent Clear Claimed Marks
[2022-09-29T10:07:16.179+0000][7][gc,marking  ] GC(328) Concurrent Clear Claimed Marks 1.154ms
[2022-09-29T10:07:16.179+0000][7][gc,marking  ] GC(328) Concurrent Scan Root Regions
[2022-09-29T10:07:16.183+0000][7][gc,marking  ] GC(328) Concurrent Scan Root Regions 3.735ms
[2022-09-29T10:07:16.184+0000][7][gc,marking  ] GC(328) Concurrent Mark (14645.276s)
[2022-09-29T10:07:16.184+0000][7][gc,marking  ] GC(328) Concurrent Mark From Roots
[2022-09-29T10:07:16.184+0000][7][gc,task     ] GC(328) Using 3 workers of 3 for marking
[2022-09-29T10:07:16.257+0000][7][gc,marking  ] GC(328) Concurrent Mark From Roots 73.185ms
[2022-09-29T10:07:16.258+0000][7][gc,marking  ] GC(328) Concurrent Preclean
[2022-09-29T10:07:16.259+0000][7][gc,marking  ] GC(328) Concurrent Preclean 1.030ms
[2022-09-29T10:07:16.259+0000][7][gc,marking  ] GC(328) Concurrent Mark (14645.276s, 14645.352s) 75.623ms
[2022-09-29T10:07:16.260+0000][7][gc,start    ] GC(328) Pause Remark
[2022-09-29T10:07:16.274+0000][7][gc          ] GC(328) Pause Remark 128M->128M(256M) 13.998ms
[2022-09-29T10:07:16.275+0000][7][gc,cpu      ] GC(328) User=0.07s Sys=0.00s Real=0.01s
[2022-09-29T10:07:16.275+0000][7][safepoint   ] Safepoint "G1Concurrent", Time since last: 82480182 ns, Reaching safepoint: 490074 ns, At safepoint: 15076102 ns, Total: 15566176 ns
[2022-09-29T10:07:16.276+0000][7][gc,marking  ] GC(328) Concurrent Rebuild Remembered Sets
[2022-09-29T10:07:16.323+0000][7][gc,marking  ] GC(328) Concurrent Rebuild Remembered Sets 47.271ms
[2022-09-29T10:07:16.324+0000][7][gc,start    ] GC(328) Pause Cleanup
[2022-09-29T10:07:16.325+0000][7][gc          ] GC(328) Pause Cleanup 128M->128M(256M) 0.712ms
[2022-09-29T10:07:16.325+0000][7][gc,cpu      ] GC(328) User=0.00s Sys=0.00s Real=0.00s
[2022-09-29T10:07:16.326+0000][7][safepoint   ] Safepoint "G1Concurrent", Time since last: 48371497 ns, Reaching safepoint: 413345 ns, At safepoint: 1714793 ns, Total: 2128138 ns
[2022-09-29T10:07:16.327+0000][7][gc,marking  ] GC(328) Concurrent Cleanup for Next Mark
[2022-09-29T10:07:16.328+0000][7][gc,marking  ] GC(328) Concurrent Cleanup for Next Mark 1.116ms
[2022-09-29T10:07:16.328+0000][7][gc          ] GC(328) Concurrent Cycle 151.039ms
[2022-09-29T10:08:08.119+0000][7][gc,start    ] GC(329) Pause Young (Normal) (G1 Evacuation Pause)
[2022-09-29T10:08:08.120+0000][7][gc,task     ] GC(329) Using 6 workers of 13 for evacuation
[2022-09-29T10:08:08.120+0000][7][gc,age      ] GC(329) Desired survivor size 6291456 bytes, new threshold 15 (max threshold 15)
[2022-09-29T10:08:08.127+0000][7][gc,age      ] GC(329) Age table with threshold 15 (max threshold 15)
[2022-09-29T10:08:08.127+0000][7][gc,age      ] GC(329) - age   1:     971056 bytes,     971056 total
[2022-09-29T10:08:08.128+0000][7][gc,age      ] GC(329) - age   2:     342584 bytes,    1313640 total
[2022-09-29T10:08:08.128+0000][7][gc,age      ] GC(329) - age   3:     423184 bytes,    1736824 total
[2022-09-29T10:08:08.128+0000][7][gc,age      ] GC(329) - age   4:      17296 bytes,    1754120 total
[2022-09-29T10:08:08.128+0000][7][gc,age      ] GC(329) - age   5:       2368 bytes,    1756488 total
[2022-09-29T10:08:08.128+0000][7][gc,age      ] GC(329) - age   6:      51576 bytes,    1808064 total
[2022-09-29T10:08:08.128+0000][7][gc,age      ] GC(329) - age   7:     158520 bytes,    1966584 total
[2022-09-29T10:08:08.129+0000][7][gc,age      ] GC(329) - age   8:       5352 bytes,    1971936 total
[2022-09-29T10:08:08.129+0000][7][gc,age      ] GC(329) - age   9:        464 bytes,    1972400 total
[2022-09-29T10:08:08.129+0000][7][gc,age      ] GC(329) - age  10:        704 bytes,    1973104 total
[2022-09-29T10:08:08.129+0000][7][gc,age      ] GC(329) - age  11:      18216 bytes,    1991320 total
[2022-09-29T10:08:08.129+0000][7][gc,age      ] GC(329) - age  12:      17824 bytes,    2009144 total
[2022-09-29T10:08:08.129+0000][7][gc,age      ] GC(329) - age  13:        704 bytes,    2009848 total
[2022-09-29T10:08:08.130+0000][7][gc,age      ] GC(329) - age  14:        720 bytes,    2010568 total
[2022-09-29T10:08:08.130+0000][7][gc,age      ] GC(329) - age  15:        256 bytes,    2010824 total
[2022-09-29T10:08:08.130+0000][7][gc,phases   ] GC(329)   Pre Evacuate Collection Set: 0.3ms
[2022-09-29T10:08:08.130+0000][7][gc,phases   ] GC(329)   Merge Heap Roots: 0.2ms
[2022-09-29T10:08:08.130+0000][7][gc,phases   ] GC(329)   Evacuate Collection Set: 4.7ms
[2022-09-29T10:08:08.131+0000][7][gc,phases   ] GC(329)   Post Evacuate Collection Set: 1.2ms
[2022-09-29T10:08:08.131+0000][7][gc,phases   ] GC(329)   Other: 4.6ms
[2022-09-29T10:08:08.131+0000][7][gc,heap     ] GC(329) Eden regions: 19->0(19)
[2022-09-29T10:08:08.131+0000][7][gc,heap     ] GC(329) Survivor regions: 1->1(3)
[2022-09-29T10:08:08.131+0000][7][gc,heap     ] GC(329) Old regions: 26->26
[2022-09-29T10:08:08.131+0000][7][gc,heap     ] GC(329) Archive regions: 2->2
[2022-09-29T10:08:08.132+0000][7][gc,heap     ] GC(329) Humongous regions: 5->5
[2022-09-29T10:08:08.132+0000][7][gc,metaspace] GC(329) Metaspace: 115696K(120220K)->115696K(120220K) NonClass: 100973K(104092K)->100973K(104092K) Class: 14723K(16128K)->14723K(16128K)
[2022-09-29T10:08:08.132+0000][7][gc          ] GC(329) Pause Young (Normal) (G1 Evacuation Pause) 203M->128M(256M) 12.902ms
[2022-09-29T10:08:08.132+0000][7][gc,cpu      ] GC(329) User=0.01s Sys=0.02s Real=0.02s
[2022-09-29T10:08:08.133+0000][7][safepoint   ] Safepoint "G1CollectForAllocation", Time since last: 51792719311 ns, Reaching safepoint: 441574 ns, At safepoint: 13648160 ns, Total: 14089734 ns
[2022-09-29T10:08:28.138+0000][7][safepoint   ] Safepoint "Cleanup", Time since last: 20004359103 ns, Reaching safepoint: 401506 ns, At safepoint: 77157 ns, Total: 478663 ns
[2022-09-29T10:09:17.125+0000][7][gc,start    ] GC(330) Pause Young (Concurrent Start) (G1 Evacuation Pause)
[2022-09-29T10:09:17.125+0000][7][gc,task     ] GC(330) Using 6 workers of 13 for evacuation
[2022-09-29T10:09:17.126+0000][7][gc,age      ] GC(330) Desired survivor size 6291456 bytes, new threshold 15 (max threshold 15)
[2022-09-29T10:09:17.129+0000][7][gc,age      ] GC(330) Age table with threshold 15 (max threshold 15)
[2022-09-29T10:09:17.130+0000][7][gc,age      ] GC(330) - age   1:     257888 bytes,     257888 total
[2022-09-29T10:09:17.130+0000][7][gc,age      ] GC(330) - age   2:      88048 bytes,     345936 total
[2022-09-29T10:09:17.130+0000][7][gc,age      ] GC(330) - age   3:      18160 bytes,     364096 total
[2022-09-29T10:09:17.130+0000][7][gc,age      ] GC(330) - age   4:     151424 bytes,     515520 total
[2022-09-29T10:09:17.131+0000][7][gc,age      ] GC(330) - age   5:      16936 bytes,     532456 total
[2022-09-29T10:09:17.131+0000][7][gc,age      ] GC(330) - age   6:       2016 bytes,     534472 total
[2022-09-29T10:09:17.131+0000][7][gc,age      ] GC(330) - age   7:        920 bytes,     535392 total
[2022-09-29T10:09:17.131+0000][7][gc,age      ] GC(330) - age   8:      11984 bytes,     547376 total
[2022-09-29T10:09:17.132+0000][7][gc,age      ] GC(330) - age   9:       5352 bytes,     552728 total
[2022-09-29T10:09:17.132+0000][7][gc,age      ] GC(330) - age  10:        464 bytes,     553192 total
[2022-09-29T10:09:17.132+0000][7][gc,age      ] GC(330) - age  11:        608 bytes,     553800 total
[2022-09-29T10:09:17.132+0000][7][gc,age      ] GC(330) - age  12:      18176 bytes,     571976 total
[2022-09-29T10:09:17.132+0000][7][gc,age      ] GC(330) - age  13:      17824 bytes,     589800 total
[2022-09-29T10:09:17.132+0000][7][gc,age      ] GC(330) - age  14:        704 bytes,     590504 total
[2022-09-29T10:09:17.133+0000][7][gc,age      ] GC(330) - age  15:        656 bytes,     591160 total
[2022-09-29T10:09:17.133+0000][7][gc,phases   ] GC(330)   Pre Evacuate Collection Set: 0.7ms
[2022-09-29T10:09:17.133+0000][7][gc,phases   ] GC(330)   Merge Heap Roots: 0.1ms
[2022-09-29T10:09:17.133+0000][7][gc,phases   ] GC(330)   Evacuate Collection Set: 1.3ms
[2022-09-29T10:09:17.134+0000][7][gc,phases   ] GC(330)   Post Evacuate Collection Set: 1.1ms
[2022-09-29T10:09:17.134+0000][7][gc,phases   ] GC(330)   Other: 5.1ms
[2022-09-29T10:09:17.134+0000][7][gc,heap     ] GC(330) Eden regions: 19->0(19)
[2022-09-29T10:09:17.134+0000][7][gc,heap     ] GC(330) Survivor regions: 1->1(3)
[2022-09-29T10:09:17.134+0000][7][gc,heap     ] GC(330) Old regions: 26->26
[2022-09-29T10:09:17.134+0000][7][gc,heap     ] GC(330) Archive regions: 2->2
[2022-09-29T10:09:17.135+0000][7][gc,heap     ] GC(330) Humongous regions: 5->5
[2022-09-29T10:09:17.135+0000][7][gc,metaspace] GC(330) Metaspace: 115701K(120220K)->115701K(120220K) NonClass: 100978K(104092K)->100978K(104092K) Class: 14723K(16128K)->14723K(16128K)
[2022-09-29T10:09:17.135+0000][7][gc          ] GC(330) Pause Young (Concurrent Start) (G1 Evacuation Pause) 204M->126M(256M) 10.254ms
[2022-09-29T10:09:17.135+0000][7][gc,cpu      ] GC(330) User=0.00s Sys=0.01s Real=0.01s
[2022-09-29T10:09:17.135+0000][7][gc          ] GC(331) Concurrent Cycle
[2022-09-29T10:09:17.135+0000][7][safepoint   ] Safepoint "G1CollectForAllocation", Time since last: 48986648996 ns, Reaching safepoint: 333115 ns, At safepoint: 10878410 ns, Total: 11211525 ns
[2022-09-29T10:09:17.136+0000][7][gc,marking  ] GC(331) Concurrent Clear Claimed Marks
[2022-09-29T10:09:17.136+0000][7][gc,marking  ] GC(331) Concurrent Clear Claimed Marks 0.678ms
[2022-09-29T10:09:17.137+0000][7][gc,marking  ] GC(331) Concurrent Scan Root Regions
[2022-09-29T10:09:17.139+0000][7][gc,marking  ] GC(331) Concurrent Scan Root Regions 2.049ms
[2022-09-29T10:09:17.139+0000][7][gc,marking  ] GC(331) Concurrent Mark (14766.232s)
[2022-09-29T10:09:17.139+0000][7][gc,marking  ] GC(331) Concurrent Mark From Roots
[2022-09-29T10:09:17.140+0000][7][gc,task     ] GC(331) Using 3 workers of 3 for marking
[2022-09-29T10:09:17.186+0000][7][gc,marking  ] GC(331) Concurrent Mark From Roots 46.328ms
[2022-09-29T10:09:17.186+0000][7][gc,marking  ] GC(331) Concurrent Preclean
[2022-09-29T10:09:17.187+0000][7][gc,marking  ] GC(331) Concurrent Preclean 0.817ms
[2022-09-29T10:09:17.187+0000][7][gc,marking  ] GC(331) Concurrent Mark (14766.232s, 14766.280s) 48.304ms
[2022-09-29T10:09:17.188+0000][7][gc,start    ] GC(331) Pause Remark
[2022-09-29T10:09:17.200+0000][7][gc          ] GC(331) Pause Remark 127M->127M(256M) 11.849ms
[2022-09-29T10:09:17.201+0000][7][gc,cpu      ] GC(331) User=0.07s Sys=0.00s Real=0.02s
[2022-09-29T10:09:17.201+0000][7][safepoint   ] Safepoint "G1Concurrent", Time since last: 52351003 ns, Reaching safepoint: 373882 ns, At safepoint: 12833105 ns, Total: 13206987 ns
[2022-09-29T10:09:17.201+0000][7][gc,marking  ] GC(331) Concurrent Rebuild Remembered Sets
[2022-09-29T10:09:17.238+0000][7][gc,marking  ] GC(331) Concurrent Rebuild Remembered Sets 37.029ms
[2022-09-29T10:09:17.239+0000][7][gc,start    ] GC(331) Pause Cleanup
[2022-09-29T10:09:17.240+0000][7][gc          ] GC(331) Pause Cleanup 127M->127M(256M) 0.815ms
[2022-09-29T10:09:17.241+0000][7][gc,cpu      ] GC(331) User=0.00s Sys=0.00s Real=0.00s
[2022-09-29T10:09:17.241+0000][7][safepoint   ] Safepoint "G1Concurrent", Time since last: 38011545 ns, Reaching safepoint: 320461 ns, At safepoint: 1828973 ns, Total: 2149434 ns
[2022-09-29T10:09:17.242+0000][7][gc,marking  ] GC(331) Concurrent Cleanup for Next Mark
[2022-09-29T10:09:17.242+0000][7][gc,marking  ] GC(331) Concurrent Cleanup for Next Mark 0.723ms
[2022-09-29T10:09:17.243+0000][7][gc          ] GC(331) Concurrent Cycle 107.398ms
[2022-09-29T10:10:14.254+0000][7][safepoint   ] Safepoint "Cleanup", Time since last: 57012009455 ns, Reaching safepoint: 344078 ns, At safepoint: 44866 ns, Total: 388944 ns
[2022-09-29T10:10:32.149+0000][7][gc,start    ] GC(332) Pause Young (Normal) (G1 Evacuation Pause)
[2022-09-29T10:10:32.149+0000][7][gc,task     ] GC(332) Using 6 workers of 13 for evacuation
[2022-09-29T10:10:32.149+0000][7][gc,age      ] GC(332) Desired survivor size 6291456 bytes, new threshold 15 (max threshold 15)
[2022-09-29T10:10:32.154+0000][7][gc,age      ] GC(332) Age table with threshold 15 (max threshold 15)
[2022-09-29T10:10:32.155+0000][7][gc,age      ] GC(332) - age   1:    1555992 bytes,    1555992 total
[2022-09-29T10:10:32.155+0000][7][gc,age      ] GC(332) - age   2:     147728 bytes,    1703720 total
[2022-09-29T10:10:32.156+0000][7][gc,age      ] GC(332) - age   3:      86512 bytes,    1790232 total
[2022-09-29T10:10:32.156+0000][7][gc,age      ] GC(332) - age   4:      18160 bytes,    1808392 total
[2022-09-29T10:10:32.156+0000][7][gc,age      ] GC(332) - age   5:     150456 bytes,    1958848 total
[2022-09-29T10:10:32.156+0000][7][gc,age      ] GC(332) - age   6:      16752 bytes,    1975600 total
[2022-09-29T10:10:32.157+0000][7][gc,age      ] GC(332) - age   7:       1784 bytes,    1977384 total
[2022-09-29T10:10:32.157+0000][7][gc,age      ] GC(332) - age   8:        496 bytes,    1977880 total
[2022-09-29T10:10:32.157+0000][7][gc,age      ] GC(332) - age   9:      11944 bytes,    1989824 total
[2022-09-29T10:10:32.157+0000][7][gc,age      ] GC(332) - age  10:       3568 bytes,    1993392 total
[2022-09-29T10:10:32.158+0000][7][gc,age      ] GC(332) - age  11:        424 bytes,    1993816 total
[2022-09-29T10:10:32.158+0000][7][gc,age      ] GC(332) - age  12:        608 bytes,    1994424 total
[2022-09-29T10:10:32.158+0000][7][gc,age      ] GC(332) - age  13:      18112 bytes,    2012536 total
[2022-09-29T10:10:32.158+0000][7][gc,age      ] GC(332) - age  14:      17784 bytes,    2030320 total
[2022-09-29T10:10:32.158+0000][7][gc,age      ] GC(332) - age  15:        704 bytes,    2031024 total
[2022-09-29T10:10:32.159+0000][7][gc,phases   ] GC(332)   Pre Evacuate Collection Set: 0.2ms
[2022-09-29T10:10:32.159+0000][7][gc,phases   ] GC(332)   Merge Heap Roots: 0.1ms
[2022-09-29T10:10:32.159+0000][7][gc,phases   ] GC(332)   Evacuate Collection Set: 3.6ms
[2022-09-29T10:10:32.159+0000][7][gc,phases   ] GC(332)   Post Evacuate Collection Set: 0.9ms
[2022-09-29T10:10:32.159+0000][7][gc,phases   ] GC(332)   Other: 5.2ms
[2022-09-29T10:10:32.160+0000][7][gc,heap     ] GC(332) Eden regions: 19->0(19)
[2022-09-29T10:10:32.160+0000][7][gc,heap     ] GC(332) Survivor regions: 1->1(3)
[2022-09-29T10:10:32.160+0000][7][gc,heap     ] GC(332) Old regions: 26->26
[2022-09-29T10:10:32.160+0000][7][gc,heap     ] GC(332) Archive regions: 2->2
[2022-09-29T10:10:32.161+0000][7][gc,heap     ] GC(332) Humongous regions: 5->5
[2022-09-29T10:10:32.161+0000][7][gc,metaspace] GC(332) Metaspace: 115706K(120220K)->115706K(120220K) NonClass: 100983K(104092K)->100983K(104092K) Class: 14723K(16128K)->14723K(16128K)
[2022-09-29T10:10:32.161+0000][7][gc          ] GC(332) Pause Young (Normal) (G1 Evacuation Pause) 202M->128M(256M) 12.368ms
[2022-09-29T10:10:32.161+0000][7][gc,cpu      ] GC(332) User=0.01s Sys=0.00s Real=0.02s
[2022-09-29T10:10:32.162+0000][7][safepoint   ] Safepoint "G1CollectForAllocation", Time since last: 17894735601 ns, Reaching safepoint: 326671 ns, At safepoint: 12897297 ns, Total: 13223968 ns
[2022-09-29T10:10:33.162+0000][7][safepoint   ] Safepoint "Cleanup", Time since last: 1000344918 ns, Reaching safepoint: 276547 ns, At safepoint: 25889 ns, Total: 302436 ns
[2022-09-29T10:11:03.168+0000][7][safepoint   ] Safepoint "Cleanup", Time since last: 30005653157 ns, Reaching safepoint: 354716 ns, At safepoint: 32422 ns, Total: 387138 ns
[2022-09-29T10:11:35.927+0000][7][gc,start    ] GC(333) Pause Young (Concurrent Start) (G1 Evacuation Pause)
[2022-09-29T10:11:35.927+0000][7][gc,task     ] GC(333) Using 6 workers of 13 for evacuation
[2022-09-29T10:11:35.928+0000][7][gc,age      ] GC(333) Desired survivor size 6291456 bytes, new threshold 15 (max threshold 15)
[2022-09-29T10:11:35.933+0000][7][gc,age      ] GC(333) Age table with threshold 15 (max threshold 15)
[2022-09-29T10:11:35.934+0000][7][gc,age      ] GC(333) - age   1:    1629728 bytes,    1629728 total
[2022-09-29T10:11:35.934+0000][7][gc,age      ] GC(333) - age   2:     503360 bytes,    2133088 total
[2022-09-29T10:11:35.934+0000][7][gc,age      ] GC(333) - age   3:     146616 bytes,    2279704 total
[2022-09-29T10:11:35.935+0000][7][gc,age      ] GC(333) - age   4:      69800 bytes,    2349504 total
[2022-09-29T10:11:35.935+0000][7][gc,age      ] GC(333) - age   5:      17760 bytes,    2367264 total
[2022-09-29T10:11:35.935+0000][7][gc,age      ] GC(333) - age   6:     150056 bytes,    2517320 total
[2022-09-29T10:11:35.936+0000][7][gc,age      ] GC(333) - age   7:        504 bytes,    2517824 total
[2022-09-29T10:11:35.936+0000][7][gc,age      ] GC(333) - age   8:       1344 bytes,    2519168 total
[2022-09-29T10:11:35.937+0000][7][gc,age      ] GC(333) - age   9:        392 bytes,    2519560 total
[2022-09-29T10:11:35.937+0000][7][gc,age      ] GC(333) - age  10:      11776 bytes,    2531336 total
[2022-09-29T10:11:35.938+0000][7][gc,age      ] GC(333) - age  11:       3368 bytes,    2534704 total
[2022-09-29T10:11:35.938+0000][7][gc,age      ] GC(333) - age  12:        424 bytes,    2535128 total
[2022-09-29T10:11:35.939+0000][7][gc,age      ] GC(333) - age  13:        608 bytes,    2535736 total
[2022-09-29T10:11:35.939+0000][7][gc,age      ] GC(333) - age  14:      18112 bytes,    2553848 total
[2022-09-29T10:11:35.940+0000][7][gc,age      ] GC(333) - age  15:      17784 bytes,    2571632 total
[2022-09-29T10:11:35.940+0000][7][gc,phases   ] GC(333)   Pre Evacuate Collection Set: 0.5ms
[2022-09-29T10:11:35.940+0000][7][gc,phases   ] GC(333)   Merge Heap Roots: 0.2ms
[2022-09-29T10:11:35.941+0000][7][gc,phases   ] GC(333)   Evacuate Collection Set: 2.2ms
[2022-09-29T10:11:35.941+0000][7][gc,phases   ] GC(333)   Post Evacuate Collection Set: 2.0ms
[2022-09-29T10:11:35.941+0000][7][gc,phases   ] GC(333)   Other: 8.6ms
[2022-09-29T10:11:35.942+0000][7][gc,heap     ] GC(333) Eden regions: 19->0(19)
[2022-09-29T10:11:35.942+0000][7][gc,heap     ] GC(333) Survivor regions: 1->1(3)
[2022-09-29T10:11:35.943+0000][7][gc,heap     ] GC(333) Old regions: 26->26
[2022-09-29T10:11:35.943+0000][7][gc,heap     ] GC(333) Archive regions: 2->2
[2022-09-29T10:11:35.944+0000][7][gc,heap     ] GC(333) Humongous regions: 5->5
[2022-09-29T10:11:35.944+0000][7][gc,metaspace] GC(333) Metaspace: 115729K(120220K)->115729K(120220K) NonClass: 101006K(104092K)->101006K(104092K) Class: 14723K(16128K)->14723K(16128K)
[2022-09-29T10:11:35.945+0000][7][gc          ] GC(333) Pause Young (Concurrent Start) (G1 Evacuation Pause) 204M->128M(256M) 17.917ms
[2022-09-29T10:11:35.945+0000][7][gc,cpu      ] GC(333) User=0.02s Sys=0.00s Real=0.02s
[2022-09-29T10:11:35.946+0000][7][gc          ] GC(334) Concurrent Cycle
[2022-09-29T10:11:35.946+0000][7][safepoint   ] Safepoint "G1CollectForAllocation", Time since last: 32757601645 ns, Reaching safepoint: 670408 ns, At safepoint: 19134462 ns, Total: 19804870 ns
[2022-09-29T10:11:35.946+0000][7][gc,marking  ] GC(334) Concurrent Clear Claimed Marks
[2022-09-29T10:11:35.947+0000][7][gc,marking  ] GC(334) Concurrent Clear Claimed Marks 0.906ms
[2022-09-29T10:11:35.947+0000][7][gc,marking  ] GC(334) Concurrent Scan Root Regions
[2022-09-29T10:11:35.950+0000][7][gc,marking  ] GC(334) Concurrent Scan Root Regions 2.645ms
[2022-09-29T10:11:35.951+0000][7][gc,marking  ] GC(334) Concurrent Mark (14905.043s)
[2022-09-29T10:11:35.951+0000][7][gc,marking  ] GC(334) Concurrent Mark From Roots
[2022-09-29T10:11:35.951+0000][7][gc,task     ] GC(334) Using 3 workers of 3 for marking
[2022-09-29T10:11:36.025+0000][7][gc,marking  ] GC(334) Concurrent Mark From Roots 74.324ms
[2022-09-29T10:11:36.026+0000][7][gc,marking  ] GC(334) Concurrent Preclean
[2022-09-29T10:11:36.027+0000][7][gc,marking  ] GC(334) Concurrent Preclean 1.004ms
[2022-09-29T10:11:36.028+0000][7][gc,marking  ] GC(334) Concurrent Mark (14905.043s, 14905.120s) 76.956ms
[2022-09-29T10:11:36.029+0000][7][gc,start    ] GC(334) Pause Remark
[2022-09-29T10:11:36.042+0000][7][gc          ] GC(334) Pause Remark 128M->128M(256M) 13.971ms
[2022-09-29T10:11:36.043+0000][7][gc,cpu      ] GC(334) User=0.07s Sys=0.00s Real=0.02s
[2022-09-29T10:11:36.044+0000][7][safepoint   ] Safepoint "G1Concurrent", Time since last: 82427590 ns, Reaching safepoint: 419269 ns, At safepoint: 15139890 ns, Total: 15559159 ns
[2022-09-29T10:11:36.044+0000][7][gc,marking  ] GC(334) Concurrent Rebuild Remembered Sets
[2022-09-29T10:11:36.099+0000][7][gc,marking  ] GC(334) Concurrent Rebuild Remembered Sets 54.770ms
[2022-09-29T10:11:36.100+0000][7][gc,start    ] GC(334) Pause Cleanup
[2022-09-29T10:11:36.101+0000][7][gc          ] GC(334) Pause Cleanup 128M->128M(256M) 0.835ms
[2022-09-29T10:11:36.102+0000][7][gc,cpu      ] GC(334) User=0.00s Sys=0.00s Real=0.00s
[2022-09-29T10:11:36.102+0000][7][safepoint   ] Safepoint "G1Concurrent", Time since last: 56329632 ns, Reaching safepoint: 443496 ns, At safepoint: 2070746 ns, Total: 2514242 ns
[2022-09-29T10:11:36.103+0000][7][gc,marking  ] GC(334) Concurrent Cleanup for Next Mark
[2022-09-29T10:11:36.104+0000][7][gc,marking  ] GC(334) Concurrent Cleanup for Next Mark 1.052ms
[2022-09-29T10:11:36.105+0000][7][gc          ] GC(334) Concurrent Cycle 159.054ms
