[2022-09-29T05:31:03.166+0000][8][gc] Using G1
[2022-09-29T05:31:03.280+0000][8][gc,init] Version: 15.0.1+9 (release)
[2022-09-29T05:31:03.281+0000][8][gc,init] CPUs: 16 total, 16 available
[2022-09-29T05:31:03.281+0000][8][gc,init] Memory: 7629M
[2022-09-29T05:31:03.281+0000][8][gc,init] Large Page Support: Disabled
[2022-09-29T05:31:03.282+0000][8][gc,init] NUMA Support: Disabled
[2022-09-29T05:31:03.282+0000][8][gc,init] Compressed Oops: Enabled (32-bit)
[2022-09-29T05:31:03.282+0000][8][gc,init] Heap Region Size: 4M
[2022-09-29T05:31:03.282+0000][8][gc,init] Heap Min Capacity: 256M
[2022-09-29T05:31:03.283+0000][8][gc,init] Heap Initial Capacity: 256M
[2022-09-29T05:31:03.284+0000][8][gc,init] Heap Max Capacity: 256M
[2022-09-29T05:31:03.284+0000][8][gc,init] Pre-touch: Enabled
[2022-09-29T05:31:03.284+0000][8][gc,init] Parallel Workers: 13
[2022-09-29T05:31:03.284+0000][8][gc,init] Concurrent Workers: 3
[2022-09-29T05:31:03.285+0000][8][gc,init] Concurrent Refinement Workers: 13
[2022-09-29T05:31:03.285+0000][8][gc,init] Periodic GC: Disabled
[2022-09-29T05:31:03.285+0000][8][gc,cds ] Mark closed archive regions in map: [0x00000000ffc00000, 0x00000000ffc7bff8]
[2022-09-29T05:31:03.286+0000][8][gc,cds ] Mark open archive regions in map: [0x00000000ffb00000, 0x00000000ffb51ff8]
[2022-09-29T05:31:03.286+0000][8][gc,metaspace] CDS archive(s) mapped at: [0x0000000800000000-0x0000000800b2a000-0x0000000800b2a000), size 11706368, SharedBaseAddress: 0x0000000800000000, ArchiveRelocationMode: 0.
[2022-09-29T05:31:03.286+0000][8][gc,metaspace] Compressed class space mapped at: 0x0000000800b2c000-0x0000000840b2c000, size: 1073741824
[2022-09-29T05:31:03.286+0000][8][gc,metaspace] Narrow klass base: 0x0000000800000000, Narrow klass shift: 3, Narrow klass range: 0x100000000
[2022-09-29T05:31:03.765+0000][8][safepoint   ] Safepoint "ICBufferFull", Time since last: 469215282 ns, Reaching safepoint: 212435 ns, At safepoint: 19617 ns, Total: 232052 ns
[2022-09-29T05:31:03.844+0000][8][gc,start    ] GC(0) Pause Young (Normal) (G1 Evacuation Pause)
[2022-09-29T05:31:03.845+0000][8][gc,task     ] GC(0) Using 6 workers of 13 for evacuation
[2022-09-29T05:31:03.846+0000][8][gc,age      ] GC(0) Desired survivor size 2097152 bytes, new threshold 15 (max threshold 15)
[2022-09-29T05:31:03.849+0000][8][gc,age      ] GC(0) Age table with threshold 15 (max threshold 15)
[2022-09-29T05:31:03.849+0000][8][gc,age      ] GC(0) - age   1:    3616512 bytes,    3616512 total
[2022-09-29T05:31:03.849+0000][8][gc,phases   ] GC(0)   Pre Evacuate Collection Set: 0.2ms
[2022-09-29T05:31:03.850+0000][8][gc,phases   ] GC(0)   Merge Heap Roots: 0.1ms
[2022-09-29T05:31:03.850+0000][8][gc,phases   ] GC(0)   Evacuate Collection Set: 1.7ms
[2022-09-29T05:31:03.850+0000][8][gc,phases   ] GC(0)   Post Evacuate Collection Set: 0.8ms
[2022-09-29T05:31:03.850+0000][8][gc,phases   ] GC(0)   Other: 2.7ms
[2022-09-29T05:31:03.850+0000][8][gc,heap     ] GC(0) Eden regions: 5->0(5)
[2022-09-29T05:31:03.851+0000][8][gc,heap     ] GC(0) Survivor regions: 0->1(1)
[2022-09-29T05:31:03.851+0000][8][gc,heap     ] GC(0) Old regions: 0->0
[2022-09-29T05:31:03.851+0000][8][gc,heap     ] GC(0) Archive regions: 2->2
[2022-09-29T05:31:03.851+0000][8][gc,heap     ] GC(0) Humongous regions: 0->0
[2022-09-29T05:31:03.852+0000][8][gc,metaspace] GC(0) Metaspace: 6376K(8576K)->6376K(8576K) NonClass: 5692K(7680K)->5692K(7680K) Class: 683K(896K)->683K(896K)
[2022-09-29T05:31:03.852+0000][8][gc          ] GC(0) Pause Young (Normal) (G1 Evacuation Pause) 23M->7M(256M) 7.922ms
[2022-09-29T05:31:03.852+0000][8][gc,cpu      ] GC(0) User=0.02s Sys=0.00s Real=0.01s
[2022-09-29T05:31:03.852+0000][8][safepoint   ] Safepoint "G1CollectForAllocation", Time since last: 78671567 ns, Reaching safepoint: 167429 ns, At safepoint: 8505779 ns, Total: 8673208 ns
[2022-09-29T05:31:04.646+0000][8][safepoint   ] Safepoint "ICBufferFull", Time since last: 793742894 ns, Reaching safepoint: 308949 ns, At safepoint: 82668 ns, Total: 391617 ns
[2022-09-29T05:31:04.736+0000][8][gc,start    ] GC(1) Pause Young (Normal) (G1 Evacuation Pause)
[2022-09-29T05:31:04.736+0000][8][gc,task     ] GC(1) Using 6 workers of 13 for evacuation
[2022-09-29T05:31:04.737+0000][8][gc,age      ] GC(1) Desired survivor size 2097152 bytes, new threshold 1 (max threshold 15)
[2022-09-29T05:31:04.742+0000][8][gc,age      ] GC(1) Age table with threshold 1 (max threshold 15)
[2022-09-29T05:31:04.742+0000][8][gc,age      ] GC(1) - age   1:    2023528 bytes,    2023528 total
[2022-09-29T05:31:04.742+0000][8][gc,phases   ] GC(1)   Pre Evacuate Collection Set: 0.2ms
[2022-09-29T05:31:04.743+0000][8][gc,phases   ] GC(1)   Merge Heap Roots: 0.1ms
[2022-09-29T05:31:04.743+0000][8][gc,phases   ] GC(1)   Evacuate Collection Set: 3.6ms
[2022-09-29T05:31:04.743+0000][8][gc,phases   ] GC(1)   Post Evacuate Collection Set: 0.8ms
[2022-09-29T05:31:04.743+0000][8][gc,phases   ] GC(1)   Other: 2.1ms
[2022-09-29T05:31:04.744+0000][8][gc,heap     ] GC(1) Eden regions: 5->0(11)
[2022-09-29T05:31:04.744+0000][8][gc,heap     ] GC(1) Survivor regions: 1->1(1)
[2022-09-29T05:31:04.744+0000][8][gc,heap     ] GC(1) Old regions: 0->1
[2022-09-29T05:31:04.744+0000][8][gc,heap     ] GC(1) Archive regions: 2->2
[2022-09-29T05:31:04.744+0000][8][gc,heap     ] GC(1) Humongous regions: 0->0
[2022-09-29T05:31:04.745+0000][8][gc,metaspace] GC(1) Metaspace: 11973K(12288K)->11973K(12288K) NonClass: 10553K(10752K)->10553K(10752K) Class: 1419K(1536K)->1419K(1536K)
[2022-09-29T05:31:04.745+0000][8][gc          ] GC(1) Pause Young (Normal) (G1 Evacuation Pause) 27M->9M(256M) 9.285ms
[2022-09-29T05:31:04.745+0000][8][gc,cpu      ] GC(1) User=0.05s Sys=0.00s Real=0.01s
[2022-09-29T05:31:04.746+0000][8][safepoint   ] Safepoint "G1CollectForAllocation", Time since last: 88942644 ns, Reaching safepoint: 192687 ns, At safepoint: 10022719 ns, Total: 10215406 ns
[2022-09-29T05:31:05.435+0000][8][safepoint   ] Safepoint "ICBufferFull", Time since last: 689150139 ns, Reaching safepoint: 270726 ns, At safepoint: 45977 ns, Total: 316703 ns
[2022-09-29T05:31:05.582+0000][8][gc,start    ] GC(2) Pause Young (Normal) (G1 Evacuation Pause)
[2022-09-29T05:31:05.582+0000][8][gc,task     ] GC(2) Using 6 workers of 13 for evacuation
[2022-09-29T05:31:05.583+0000][8][gc,age      ] GC(2) Desired survivor size 4194304 bytes, new threshold 15 (max threshold 15)
[2022-09-29T05:31:05.588+0000][8][gc,age      ] GC(2) Age table with threshold 15 (max threshold 15)
[2022-09-29T05:31:05.588+0000][8][gc,age      ] GC(2) - age   1:    1785664 bytes,    1785664 total
[2022-09-29T05:31:05.588+0000][8][gc,age      ] GC(2) - age   2:    1925960 bytes,    3711624 total
[2022-09-29T05:31:05.589+0000][8][gc,phases   ] GC(2)   Pre Evacuate Collection Set: 0.3ms
[2022-09-29T05:31:05.589+0000][8][gc,phases   ] GC(2)   Merge Heap Roots: 0.1ms
[2022-09-29T05:31:05.590+0000][8][gc,phases   ] GC(2)   Evacuate Collection Set: 2.9ms
[2022-09-29T05:31:05.590+0000][8][gc,phases   ] GC(2)   Post Evacuate Collection Set: 1.3ms
[2022-09-29T05:31:05.590+0000][8][gc,phases   ] GC(2)   Other: 2.4ms
[2022-09-29T05:31:05.590+0000][8][gc,heap     ] GC(2) Eden regions: 11->0(36)
[2022-09-29T05:31:05.591+0000][8][gc,heap     ] GC(2) Survivor regions: 1->1(2)
[2022-09-29T05:31:05.591+0000][8][gc,heap     ] GC(2) Old regions: 1->1
[2022-09-29T05:31:05.591+0000][8][gc,heap     ] GC(2) Archive regions: 2->2
[2022-09-29T05:31:05.591+0000][8][gc,heap     ] GC(2) Humongous regions: 0->0
[2022-09-29T05:31:05.592+0000][8][gc,metaspace] GC(2) Metaspace: 14847K(15360K)->14847K(15360K) NonClass: 13158K(13568K)->13158K(13568K) Class: 1689K(1792K)->1689K(1792K)
[2022-09-29T05:31:05.592+0000][8][gc          ] GC(2) Pause Young (Normal) (G1 Evacuation Pause) 53M->10M(256M) 9.957ms
[2022-09-29T05:31:05.592+0000][8][gc,cpu      ] GC(2) User=0.05s Sys=0.00s Real=0.01s
[2022-09-29T05:31:05.593+0000][8][safepoint   ] Safepoint "G1CollectForAllocation", Time since last: 146446519 ns, Reaching safepoint: 270766 ns, At safepoint: 10699665 ns, Total: 10970431 ns
[2022-09-29T05:31:05.868+0000][8][safepoint   ] Safepoint "ICBufferFull", Time since last: 274756342 ns, Reaching safepoint: 207025 ns, At safepoint: 47821 ns, Total: 254846 ns
[2022-09-29T05:31:05.877+0000][8][safepoint   ] Safepoint "ICBufferFull", Time since last: 9058882 ns, Reaching safepoint: 187608 ns, At safepoint: 44835 ns, Total: 232443 ns
[2022-09-29T05:31:05.882+0000][8][safepoint   ] Safepoint "ICBufferFull", Time since last: 5188217 ns, Reaching safepoint: 198889 ns, At safepoint: 27542 ns, Total: 226431 ns
[2022-09-29T05:31:05.889+0000][8][safepoint   ] Safepoint "ICBufferFull", Time since last: 6634766 ns, Reaching safepoint: 242763 ns, At safepoint: 48532 ns, Total: 291295 ns
[2022-09-29T05:31:05.899+0000][8][safepoint   ] Safepoint "ICBufferFull", Time since last: 9727915 ns, Reaching safepoint: 152661 ns, At safepoint: 27162 ns, Total: 179823 ns
[2022-09-29T05:31:05.903+0000][8][safepoint   ] Safepoint "ICBufferFull", Time since last: 3244217 ns, Reaching safepoint: 179061 ns, At safepoint: 25038 ns, Total: 204099 ns
[2022-09-29T05:31:05.906+0000][8][safepoint   ] Safepoint "ICBufferFull", Time since last: 2848305 ns, Reaching safepoint: 156649 ns, At safepoint: 26781 ns, Total: 183430 ns
[2022-09-29T05:31:05.909+0000][8][safepoint   ] Safepoint "ICBufferFull", Time since last: 2769978 ns, Reaching safepoint: 155146 ns, At safepoint: 26440 ns, Total: 181586 ns
[2022-09-29T05:31:05.912+0000][8][safepoint   ] Safepoint "ICBufferFull", Time since last: 3133992 ns, Reaching safepoint: 165185 ns, At safepoint: 21852 ns, Total: 187037 ns
[2022-09-29T05:31:05.917+0000][8][safepoint   ] Safepoint "ICBufferFull", Time since last: 4849150 ns, Reaching safepoint: 178060 ns, At safepoint: 22783 ns, Total: 200843 ns
[2022-09-29T05:31:05.922+0000][8][safepoint   ] Safepoint "ICBufferFull", Time since last: 4825776 ns, Reaching safepoint: 202306 ns, At safepoint: 26861 ns, Total: 229167 ns
[2022-09-29T05:31:05.927+0000][8][safepoint   ] Safepoint "ICBufferFull", Time since last: 4895868 ns, Reaching safepoint: 173691 ns, At safepoint: 25328 ns, Total: 199019 ns
[2022-09-29T05:31:05.931+0000][8][safepoint   ] Safepoint "ICBufferFull", Time since last: 4143505 ns, Reaching safepoint: 184362 ns, At safepoint: 25729 ns, Total: 210091 ns
[2022-09-29T05:31:05.937+0000][8][safepoint   ] Safepoint "ICBufferFull", Time since last: 5549385 ns, Reaching safepoint: 285203 ns, At safepoint: 42441 ns, Total: 327644 ns
[2022-09-29T05:31:06.049+0000][8][safepoint   ] Safepoint "ICBufferFull", Time since last: 111111625 ns, Reaching safepoint: 268221 ns, At safepoint: 45136 ns, Total: 313357 ns
[2022-09-29T05:31:06.413+0000][8][gc,start    ] GC(3) Pause Young (Normal) (G1 Evacuation Pause)
[2022-09-29T05:31:06.414+0000][8][gc,task     ] GC(3) Using 6 workers of 13 for evacuation
[2022-09-29T05:31:06.414+0000][8][gc,age      ] GC(3) Desired survivor size 10485760 bytes, new threshold 15 (max threshold 15)
[2022-09-29T05:31:06.420+0000][8][gc,age      ] GC(3) Age table with threshold 15 (max threshold 15)
[2022-09-29T05:31:06.420+0000][8][gc,age      ] GC(3) - age   1:    3617496 bytes,    3617496 total
[2022-09-29T05:31:06.421+0000][8][gc,age      ] GC(3) - age   2:    1732424 bytes,    5349920 total
[2022-09-29T05:31:06.421+0000][8][gc,age      ] GC(3) - age   3:    1910560 bytes,    7260480 total
[2022-09-29T05:31:06.421+0000][8][gc,phases   ] GC(3)   Pre Evacuate Collection Set: 0.2ms
[2022-09-29T05:31:06.422+0000][8][gc,phases   ] GC(3)   Merge Heap Roots: 0.1ms
[2022-09-29T05:31:06.422+0000][8][gc,phases   ] GC(3)   Evacuate Collection Set: 3.5ms
[2022-09-29T05:31:06.422+0000][8][gc,phases   ] GC(3)   Post Evacuate Collection Set: 1.4ms
[2022-09-29T05:31:06.422+0000][8][gc,phases   ] GC(3)   Other: 2.8ms
[2022-09-29T05:31:06.422+0000][8][gc,heap     ] GC(3) Eden regions: 36->0(36)
[2022-09-29T05:31:06.423+0000][8][gc,heap     ] GC(3) Survivor regions: 1->2(5)
[2022-09-29T05:31:06.423+0000][8][gc,heap     ] GC(3) Old regions: 1->1
[2022-09-29T05:31:06.423+0000][8][gc,heap     ] GC(3) Archive regions: 2->2
[2022-09-29T05:31:06.423+0000][8][gc,heap     ] GC(3) Humongous regions: 0->0
[2022-09-29T05:31:06.424+0000][8][gc,metaspace] GC(3) Metaspace: 18175K(18688K)->18175K(18688K) NonClass: 16039K(16384K)->16039K(16384K) Class: 2135K(2304K)->2135K(2304K)
[2022-09-29T05:31:06.424+0000][8][gc          ] GC(3) Pause Young (Normal) (G1 Evacuation Pause) 154M->14M(256M) 10.655ms
[2022-09-29T05:31:06.424+0000][8][gc,cpu      ] GC(3) User=0.06s Sys=0.00s Real=0.01s
[2022-09-29T05:31:06.425+0000][8][safepoint   ] Safepoint "G1CollectForAllocation", Time since last: 364239757 ns, Reaching safepoint: 329949 ns, At safepoint: 11266410 ns, Total: 11596359 ns
[2022-09-29T05:31:06.752+0000][8][gc,start    ] GC(4) Pause Young (Normal) (G1 Evacuation Pause)
[2022-09-29T05:31:06.752+0000][8][gc,task     ] GC(4) Using 6 workers of 13 for evacuation
[2022-09-29T05:31:06.753+0000][8][gc,age      ] GC(4) Desired survivor size 10485760 bytes, new threshold 15 (max threshold 15)
[2022-09-29T05:31:06.759+0000][8][gc,age      ] GC(4) Age table with threshold 15 (max threshold 15)
[2022-09-29T05:31:06.760+0000][8][gc,age      ] GC(4) - age   1:    2413176 bytes,    2413176 total
[2022-09-29T05:31:06.760+0000][8][gc,age      ] GC(4) - age   2:    3007400 bytes,    5420576 total
[2022-09-29T05:31:06.760+0000][8][gc,age      ] GC(4) - age   3:    1732424 bytes,    7153000 total
[2022-09-29T05:31:06.761+0000][8][gc,age      ] GC(4) - age   4:    1910560 bytes,    9063560 total
[2022-09-29T05:31:06.761+0000][8][gc,phases   ] GC(4)   Pre Evacuate Collection Set: 0.2ms
[2022-09-29T05:31:06.761+0000][8][gc,phases   ] GC(4)   Merge Heap Roots: 0.1ms
[2022-09-29T05:31:06.762+0000][8][gc,phases   ] GC(4)   Evacuate Collection Set: 4.9ms
[2022-09-29T05:31:06.762+0000][8][gc,phases   ] GC(4)   Post Evacuate Collection Set: 1.0ms
[2022-09-29T05:31:06.762+0000][8][gc,phases   ] GC(4)   Other: 3.1ms
[2022-09-29T05:31:06.762+0000][8][gc,heap     ] GC(4) Eden regions: 36->0(35)
[2022-09-29T05:31:06.763+0000][8][gc,heap     ] GC(4) Survivor regions: 2->3(5)
[2022-09-29T05:31:06.763+0000][8][gc,heap     ] GC(4) Old regions: 1->1
[2022-09-29T05:31:06.764+0000][8][gc,heap     ] GC(4) Archive regions: 2->2
[2022-09-29T05:31:06.764+0000][8][gc,heap     ] GC(4) Humongous regions: 0->0
[2022-09-29T05:31:06.764+0000][8][gc,metaspace] GC(4) Metaspace: 18672K(19328K)->18672K(19328K) NonClass: 16473K(16896K)->16473K(16896K) Class: 2199K(2432K)->2199K(2432K)
[2022-09-29T05:31:06.765+0000][8][gc          ] GC(4) Pause Young (Normal) (G1 Evacuation Pause) 158M->16M(256M) 12.944ms
[2022-09-29T05:31:06.765+0000][8][gc,cpu      ] GC(4) User=0.05s Sys=0.02s Real=0.01s
[2022-09-29T05:31:06.765+0000][8][safepoint   ] Safepoint "G1CollectForAllocation", Time since last: 326824198 ns, Reaching safepoint: 245818 ns, At safepoint: 13669900 ns, Total: 13915718 ns
[2022-09-29T05:31:07.126+0000][8][gc,start    ] GC(5) Pause Young (Normal) (G1 Evacuation Pause)
[2022-09-29T05:31:07.126+0000][8][gc,task     ] GC(5) Using 6 workers of 13 for evacuation
[2022-09-29T05:31:07.127+0000][8][gc,age      ] GC(5) Desired survivor size 10485760 bytes, new threshold 15 (max threshold 15)
[2022-09-29T05:31:07.134+0000][8][gc,age      ] GC(5) Age table with threshold 15 (max threshold 15)
[2022-09-29T05:31:07.134+0000][8][gc,age      ] GC(5) - age   1:    1105328 bytes,    1105328 total
[2022-09-29T05:31:07.135+0000][8][gc,age      ] GC(5) - age   2:    1828000 bytes,    2933328 total
[2022-09-29T05:31:07.135+0000][8][gc,age      ] GC(5) - age   3:    3007208 bytes,    5940536 total
[2022-09-29T05:31:07.135+0000][8][gc,age      ] GC(5) - age   4:    1732424 bytes,    7672960 total
[2022-09-29T05:31:07.136+0000][8][gc,age      ] GC(5) - age   5:    1910560 bytes,    9583520 total
[2022-09-29T05:31:07.136+0000][8][gc,phases   ] GC(5)   Pre Evacuate Collection Set: 0.3ms
[2022-09-29T05:31:07.136+0000][8][gc,phases   ] GC(5)   Merge Heap Roots: 0.2ms
[2022-09-29T05:31:07.137+0000][8][gc,phases   ] GC(5)   Evacuate Collection Set: 4.3ms
[2022-09-29T05:31:07.137+0000][8][gc,phases   ] GC(5)   Post Evacuate Collection Set: 2.0ms
[2022-09-29T05:31:07.137+0000][8][gc,phases   ] GC(5)   Other: 3.5ms
[2022-09-29T05:31:07.138+0000][8][gc,heap     ] GC(5) Eden regions: 35->0(35)
[2022-09-29T05:31:07.138+0000][8][gc,heap     ] GC(5) Survivor regions: 3->3(5)
[2022-09-29T05:31:07.139+0000][8][gc,heap     ] GC(5) Old regions: 1->1
[2022-09-29T05:31:07.139+0000][8][gc,heap     ] GC(5) Archive regions: 2->2
[2022-09-29T05:31:07.139+0000][8][gc,heap     ] GC(5) Humongous regions: 0->0
[2022-09-29T05:31:07.140+0000][8][gc,metaspace] GC(5) Metaspace: 18989K(19968K)->18989K(19968K) NonClass: 16725K(17408K)->16725K(17408K) Class: 2263K(2560K)->2263K(2560K)
[2022-09-29T05:31:07.140+0000][8][gc          ] GC(5) Pause Young (Normal) (G1 Evacuation Pause) 156M->17M(256M) 14.349ms
[2022-09-29T05:31:07.141+0000][8][gc,cpu      ] GC(5) User=0.07s Sys=0.01s Real=0.02s
[2022-09-29T05:31:07.141+0000][8][safepoint   ] Safepoint "G1CollectForAllocation", Time since last: 360328464 ns, Reaching safepoint: 201934 ns, At safepoint: 15377775 ns, Total: 15579709 ns
[2022-09-29T05:31:07.402+0000][8][gc,start    ] GC(6) Pause Young (Normal) (G1 Evacuation Pause)
[2022-09-29T05:31:07.403+0000][8][gc,task     ] GC(6) Using 6 workers of 13 for evacuation
[2022-09-29T05:31:07.403+0000][8][gc,age      ] GC(6) Desired survivor size 10485760 bytes, new threshold 15 (max threshold 15)
[2022-09-29T05:31:07.409+0000][8][gc,age      ] GC(6) Age table with threshold 15 (max threshold 15)
[2022-09-29T05:31:07.409+0000][8][gc,age      ] GC(6) - age   1:    1672584 bytes,    1672584 total
[2022-09-29T05:31:07.409+0000][8][gc,age      ] GC(6) - age   2:    1054248 bytes,    2726832 total
[2022-09-29T05:31:07.410+0000][8][gc,age      ] GC(6) - age   3:    1828000 bytes,    4554832 total
[2022-09-29T05:31:07.410+0000][8][gc,age      ] GC(6) - age   4:    3006296 bytes,    7561128 total
[2022-09-29T05:31:07.410+0000][8][gc,age      ] GC(6) - age   5:    1732424 bytes,    9293552 total
[2022-09-29T05:31:07.410+0000][8][gc,age      ] GC(6) - age   6:    1910560 bytes,   11204112 total
[2022-09-29T05:31:07.411+0000][8][gc,phases   ] GC(6)   Pre Evacuate Collection Set: 0.2ms
[2022-09-29T05:31:07.411+0000][8][gc,phases   ] GC(6)   Merge Heap Roots: 0.2ms
[2022-09-29T05:31:07.411+0000][8][gc,phases   ] GC(6)   Evacuate Collection Set: 4.2ms
[2022-09-29T05:31:07.412+0000][8][gc,phases   ] GC(6)   Post Evacuate Collection Set: 1.0ms
[2022-09-29T05:31:07.412+0000][8][gc,phases   ] GC(6)   Other: 3.0ms
[2022-09-29T05:31:07.412+0000][8][gc,heap     ] GC(6) Eden regions: 35->0(35)
[2022-09-29T05:31:07.412+0000][8][gc,heap     ] GC(6) Survivor regions: 3->3(5)
[2022-09-29T05:31:07.412+0000][8][gc,heap     ] GC(6) Old regions: 1->1
[2022-09-29T05:31:07.413+0000][8][gc,heap     ] GC(6) Archive regions: 2->2
[2022-09-29T05:31:07.413+0000][8][gc,heap     ] GC(6) Humongous regions: 0->0
[2022-09-29T05:31:07.413+0000][8][gc,metaspace] GC(6) Metaspace: 19237K(20224K)->19237K(20224K) NonClass: 16950K(17664K)->16950K(17664K) Class: 2287K(2560K)->2287K(2560K)
[2022-09-29T05:31:07.414+0000][8][gc          ] GC(6) Pause Young (Normal) (G1 Evacuation Pause) 157M->18M(256M) 11.598ms
[2022-09-29T05:31:07.414+0000][8][gc,cpu      ] GC(6) User=0.06s Sys=0.00s Real=0.01s
[2022-09-29T05:31:07.414+0000][8][safepoint   ] Safepoint "G1CollectForAllocation", Time since last: 260682147 ns, Reaching safepoint: 197135 ns, At safepoint: 12322552 ns, Total: 12519687 ns
[2022-09-29T05:31:07.572+0000][8][gc,start    ] GC(7) Pause Young (Normal) (G1 Evacuation Pause)
[2022-09-29T05:31:07.573+0000][8][gc,task     ] GC(7) Using 6 workers of 13 for evacuation
[2022-09-29T05:31:07.573+0000][8][gc,age      ] GC(7) Desired survivor size 10485760 bytes, new threshold 6 (max threshold 15)
[2022-09-29T05:31:07.579+0000][8][gc,age      ] GC(7) Age table with threshold 6 (max threshold 15)
[2022-09-29T05:31:07.579+0000][8][gc,age      ] GC(7) - age   1:    1166336 bytes,    1166336 total
[2022-09-29T05:31:07.579+0000][8][gc,age      ] GC(7) - age   2:    1382184 bytes,    2548520 total
[2022-09-29T05:31:07.580+0000][8][gc,age      ] GC(7) - age   3:    1054128 bytes,    3602648 total
[2022-09-29T05:31:07.580+0000][8][gc,age      ] GC(7) - age   4:    1828000 bytes,    5430648 total
[2022-09-29T05:31:07.580+0000][8][gc,age      ] GC(7) - age   5:    3006296 bytes,    8436944 total
[2022-09-29T05:31:07.580+0000][8][gc,age      ] GC(7) - age   6:    1732424 bytes,   10169368 total
[2022-09-29T05:31:07.581+0000][8][gc,phases   ] GC(7)   Pre Evacuate Collection Set: 0.2ms
[2022-09-29T05:31:07.581+0000][8][gc,phases   ] GC(7)   Merge Heap Roots: 0.2ms
[2022-09-29T05:31:07.581+0000][8][gc,phases   ] GC(7)   Evacuate Collection Set: 4.0ms
[2022-09-29T05:31:07.581+0000][8][gc,phases   ] GC(7)   Post Evacuate Collection Set: 1.1ms
[2022-09-29T05:31:07.581+0000][8][gc,phases   ] GC(7)   Other: 3.2ms
[2022-09-29T05:31:07.582+0000][8][gc,heap     ] GC(7) Eden regions: 35->0(35)
[2022-09-29T05:31:07.582+0000][8][gc,heap     ] GC(7) Survivor regions: 3->3(5)
[2022-09-29T05:31:07.582+0000][8][gc,heap     ] GC(7) Old regions: 1->2
[2022-09-29T05:31:07.583+0000][8][gc,heap     ] GC(7) Archive regions: 2->2
[2022-09-29T05:31:07.583+0000][8][gc,heap     ] GC(7) Humongous regions: 0->0
[2022-09-29T05:31:07.583+0000][8][gc,metaspace] GC(7) Metaspace: 19480K(20480K)->19480K(20480K) NonClass: 17167K(17920K)->17167K(17920K) Class: 2312K(2560K)->2312K(2560K)
[2022-09-29T05:31:07.583+0000][8][gc          ] GC(7) Pause Young (Normal) (G1 Evacuation Pause) 158M->19M(256M) 11.389ms
[2022-09-29T05:31:07.584+0000][8][gc,cpu      ] GC(7) User=0.04s Sys=0.01s Real=0.01s
[2022-09-29T05:31:07.584+0000][8][safepoint   ] Safepoint "G1CollectForAllocation", Time since last: 157381670 ns, Reaching safepoint: 239637 ns, At safepoint: 12013861 ns, Total: 12253498 ns
[2022-09-29T05:31:07.736+0000][8][gc,start    ] GC(8) Pause Young (Normal) (G1 Evacuation Pause)
[2022-09-29T05:31:07.737+0000][8][gc,task     ] GC(8) Using 6 workers of 13 for evacuation
[2022-09-29T05:31:07.737+0000][8][gc,age      ] GC(8) Desired survivor size 10485760 bytes, new threshold 15 (max threshold 15)
[2022-09-29T05:31:07.741+0000][8][gc,age      ] GC(8) Age table with threshold 15 (max threshold 15)
[2022-09-29T05:31:07.742+0000][8][gc,age      ] GC(8) - age   1:     428480 bytes,     428480 total
[2022-09-29T05:31:07.742+0000][8][gc,age      ] GC(8) - age   2:     407088 bytes,     835568 total
[2022-09-29T05:31:07.743+0000][8][gc,age      ] GC(8) - age   3:    1381840 bytes,    2217408 total
[2022-09-29T05:31:07.743+0000][8][gc,age      ] GC(8) - age   4:    1053664 bytes,    3271072 total
[2022-09-29T05:31:07.743+0000][8][gc,age      ] GC(8) - age   5:    1827968 bytes,    5099040 total
[2022-09-29T05:31:07.743+0000][8][gc,age      ] GC(8) - age   6:    3002344 bytes,    8101384 total
[2022-09-29T05:31:07.744+0000][8][gc,age      ] GC(8) - age   7:    1732424 bytes,    9833808 total
[2022-09-29T05:31:07.744+0000][8][gc,phases   ] GC(8)   Pre Evacuate Collection Set: 0.1ms
[2022-09-29T05:31:07.744+0000][8][gc,phases   ] GC(8)   Merge Heap Roots: 0.1ms
[2022-09-29T05:31:07.745+0000][8][gc,phases   ] GC(8)   Evacuate Collection Set: 2.9ms
[2022-09-29T05:31:07.745+0000][8][gc,phases   ] GC(8)   Post Evacuate Collection Set: 0.9ms
[2022-09-29T05:31:07.745+0000][8][gc,phases   ] GC(8)   Other: 3.5ms
[2022-09-29T05:31:07.745+0000][8][gc,heap     ] GC(8) Eden regions: 35->0(35)
[2022-09-29T05:31:07.745+0000][8][gc,heap     ] GC(8) Survivor regions: 3->3(5)
[2022-09-29T05:31:07.746+0000][8][gc,heap     ] GC(8) Old regions: 2->2
[2022-09-29T05:31:07.746+0000][8][gc,heap     ] GC(8) Archive regions: 2->2
[2022-09-29T05:31:07.746+0000][8][gc,heap     ] GC(8) Humongous regions: 0->0
[2022-09-29T05:31:07.746+0000][8][gc,metaspace] GC(8) Metaspace: 19644K(20736K)->19644K(20736K) NonClass: 17301K(18176K)->17301K(18176K) Class: 2343K(2560K)->2343K(2560K)
[2022-09-29T05:31:07.746+0000][8][gc          ] GC(8) Pause Young (Normal) (G1 Evacuation Pause) 159M->18M(256M) 10.004ms
[2022-09-29T05:31:07.747+0000][8][gc,cpu      ] GC(8) User=0.04s Sys=0.00s Real=0.01s
[2022-09-29T05:31:07.747+0000][8][safepoint   ] Safepoint "G1CollectForAllocation", Time since last: 152176701 ns, Reaching safepoint: 185113 ns, At safepoint: 10415596 ns, Total: 10600709 ns
[2022-09-29T05:31:07.888+0000][8][gc,start    ] GC(9) Pause Young (Normal) (G1 Evacuation Pause)
[2022-09-29T05:31:07.889+0000][8][gc,task     ] GC(9) Using 6 workers of 13 for evacuation
[2022-09-29T05:31:07.889+0000][8][gc,age      ] GC(9) Desired survivor size 10485760 bytes, new threshold 15 (max threshold 15)
[2022-09-29T05:31:07.894+0000][8][gc,age      ] GC(9) Age table with threshold 15 (max threshold 15)
[2022-09-29T05:31:07.894+0000][8][gc,age      ] GC(9) - age   1:     730736 bytes,     730736 total
[2022-09-29T05:31:07.894+0000][8][gc,age      ] GC(9) - age   2:     235544 bytes,     966280 total
[2022-09-29T05:31:07.895+0000][8][gc,age      ] GC(9) - age   3:     407088 bytes,    1373368 total
[2022-09-29T05:31:07.895+0000][8][gc,age      ] GC(9) - age   4:    1381840 bytes,    2755208 total
[2022-09-29T05:31:07.895+0000][8][gc,age      ] GC(9) - age   5:    1053664 bytes,    3808872 total
[2022-09-29T05:31:07.895+0000][8][gc,age      ] GC(9) - age   6:    1827968 bytes,    5636840 total
[2022-09-29T05:31:07.895+0000][8][gc,age      ] GC(9) - age   7:    3002344 bytes,    8639184 total
[2022-09-29T05:31:07.896+0000][8][gc,age      ] GC(9) - age   8:    1732424 bytes,   10371608 total
[2022-09-29T05:31:07.896+0000][8][gc,phases   ] GC(9)   Pre Evacuate Collection Set: 0.3ms
[2022-09-29T05:31:07.896+0000][8][gc,phases   ] GC(9)   Merge Heap Roots: 0.2ms
[2022-09-29T05:31:07.896+0000][8][gc,phases   ] GC(9)   Evacuate Collection Set: 2.6ms
[2022-09-29T05:31:07.897+0000][8][gc,phases   ] GC(9)   Post Evacuate Collection Set: 0.9ms
[2022-09-29T05:31:07.897+0000][8][gc,phases   ] GC(9)   Other: 3.6ms
[2022-09-29T05:31:07.897+0000][8][gc,heap     ] GC(9) Eden regions: 35->0(35)
[2022-09-29T05:31:07.897+0000][8][gc,heap     ] GC(9) Survivor regions: 3->3(5)
[2022-09-29T05:31:07.897+0000][8][gc,heap     ] GC(9) Old regions: 2->2
[2022-09-29T05:31:07.898+0000][8][gc,heap     ] GC(9) Archive regions: 2->2
[2022-09-29T05:31:07.898+0000][8][gc,heap     ] GC(9) Humongous regions: 0->0
[2022-09-29T05:31:07.898+0000][8][gc,metaspace] GC(9) Metaspace: 19820K(21120K)->19820K(21120K) NonClass: 17443K(18432K)->17443K(18432K) Class: 2376K(2688K)->2376K(2688K)
[2022-09-29T05:31:07.898+0000][8][gc          ] GC(9) Pause Young (Normal) (G1 Evacuation Pause) 158M->19M(256M) 9.843ms
[2022-09-29T05:31:07.898+0000][8][gc,cpu      ] GC(9) User=0.02s Sys=0.01s Real=0.01s
[2022-09-29T05:31:07.899+0000][8][safepoint   ] Safepoint "G1CollectForAllocation", Time since last: 141283981 ns, Reaching safepoint: 253103 ns, At safepoint: 10316178 ns, Total: 10569281 ns
[2022-09-29T05:31:08.013+0000][8][gc,start    ] GC(10) Pause Young (Normal) (G1 Evacuation Pause)
[2022-09-29T05:31:08.014+0000][8][gc,task     ] GC(10) Using 6 workers of 13 for evacuation
[2022-09-29T05:31:08.014+0000][8][gc,age      ] GC(10) Desired survivor size 10485760 bytes, new threshold 15 (max threshold 15)
[2022-09-29T05:31:08.019+0000][8][gc,age      ] GC(10) Age table with threshold 15 (max threshold 15)
[2022-09-29T05:31:08.019+0000][8][gc,age      ] GC(10) - age   1:    1417760 bytes,    1417760 total
[2022-09-29T05:31:08.019+0000][8][gc,age      ] GC(10) - age   2:     205376 bytes,    1623136 total
[2022-09-29T05:31:08.019+0000][8][gc,age      ] GC(10) - age   3:     235392 bytes,    1858528 total
[2022-09-29T05:31:08.020+0000][8][gc,age      ] GC(10) - age   4:     407088 bytes,    2265616 total
[2022-09-29T05:31:08.020+0000][8][gc,age      ] GC(10) - age   5:    1381840 bytes,    3647456 total
[2022-09-29T05:31:08.020+0000][8][gc,age      ] GC(10) - age   6:    1052992 bytes,    4700448 total
[2022-09-29T05:31:08.020+0000][8][gc,age      ] GC(10) - age   7:    1827680 bytes,    6528128 total
[2022-09-29T05:31:08.020+0000][8][gc,age      ] GC(10) - age   8:    3002216 bytes,    9530344 total
[2022-09-29T05:31:08.021+0000][8][gc,age      ] GC(10) - age   9:    1732424 bytes,   11262768 total
[2022-09-29T05:31:08.021+0000][8][gc,phases   ] GC(10)   Pre Evacuate Collection Set: 0.1ms
[2022-09-29T05:31:08.021+0000][8][gc,phases   ] GC(10)   Merge Heap Roots: 0.1ms
[2022-09-29T05:31:08.021+0000][8][gc,phases   ] GC(10)   Evacuate Collection Set: 2.9ms
[2022-09-29T05:31:08.021+0000][8][gc,phases   ] GC(10)   Post Evacuate Collection Set: 0.9ms
[2022-09-29T05:31:08.022+0000][8][gc,phases   ] GC(10)   Other: 3.5ms
[2022-09-29T05:31:08.022+0000][8][gc,heap     ] GC(10) Eden regions: 35->0(35)
[2022-09-29T05:31:08.022+0000][8][gc,heap     ] GC(10) Survivor regions: 3->3(5)
[2022-09-29T05:31:08.022+0000][8][gc,heap     ] GC(10) Old regions: 2->2
[2022-09-29T05:31:08.022+0000][8][gc,heap     ] GC(10) Archive regions: 2->2
[2022-09-29T05:31:08.023+0000][8][gc,heap     ] GC(10) Humongous regions: 0->0
[2022-09-29T05:31:08.023+0000][8][gc,metaspace] GC(10) Metaspace: 19870K(21120K)->19870K(21120K) NonClass: 17484K(18432K)->17484K(18432K) Class: 2386K(2688K)->2386K(2688K)
[2022-09-29T05:31:08.023+0000][8][gc          ] GC(10) Pause Young (Normal) (G1 Evacuation Pause) 159M->20M(256M) 9.951ms
[2022-09-29T05:31:08.024+0000][8][gc,cpu      ] GC(10) User=0.02s Sys=0.00s Real=0.01s
[2022-09-29T05:31:08.024+0000][8][safepoint   ] Safepoint "G1CollectForAllocation", Time since last: 114311383 ns, Reaching safepoint: 259714 ns, At safepoint: 10621290 ns, Total: 10881004 ns
[2022-09-29T05:31:08.168+0000][8][gc,start    ] GC(11) Pause Young (Normal) (G1 Evacuation Pause)
[2022-09-29T05:31:08.169+0000][8][gc,task     ] GC(11) Using 6 workers of 13 for evacuation
[2022-09-29T05:31:08.169+0000][8][gc,age      ] GC(11) Desired survivor size 10485760 bytes, new threshold 9 (max threshold 15)
[2022-09-29T05:31:08.174+0000][8][gc,age      ] GC(11) Age table with threshold 9 (max threshold 15)
[2022-09-29T05:31:08.175+0000][8][gc,age      ] GC(11) - age   1:    1730944 bytes,    1730944 total
[2022-09-29T05:31:08.175+0000][8][gc,age      ] GC(11) - age   2:     186248 bytes,    1917192 total
[2022-09-29T05:31:08.175+0000][8][gc,age      ] GC(11) - age   3:     205376 bytes,    2122568 total
[2022-09-29T05:31:08.175+0000][8][gc,age      ] GC(11) - age   4:     235392 bytes,    2357960 total
[2022-09-29T05:31:08.176+0000][8][gc,age      ] GC(11) - age   5:     407088 bytes,    2765048 total
[2022-09-29T05:31:08.176+0000][8][gc,age      ] GC(11) - age   6:    1380800 bytes,    4145848 total
[2022-09-29T05:31:08.176+0000][8][gc,age      ] GC(11) - age   7:    1052992 bytes,    5198840 total
[2022-09-29T05:31:08.176+0000][8][gc,age      ] GC(11) - age   8:    1827680 bytes,    7026520 total
[2022-09-29T05:31:08.177+0000][8][gc,age      ] GC(11) - age   9:    3002112 bytes,   10028632 total
[2022-09-29T05:31:08.177+0000][8][gc,phases   ] GC(11)   Pre Evacuate Collection Set: 0.3ms
[2022-09-29T05:31:08.177+0000][8][gc,phases   ] GC(11)   Merge Heap Roots: 0.1ms
[2022-09-29T05:31:08.177+0000][8][gc,phases   ] GC(11)   Evacuate Collection Set: 3.4ms
[2022-09-29T05:31:08.177+0000][8][gc,phases   ] GC(11)   Post Evacuate Collection Set: 1.0ms
[2022-09-29T05:31:08.177+0000][8][gc,phases   ] GC(11)   Other: 3.6ms
[2022-09-29T05:31:08.178+0000][8][gc,heap     ] GC(11) Eden regions: 35->0(35)
[2022-09-29T05:31:08.178+0000][8][gc,heap     ] GC(11) Survivor regions: 3->3(5)
[2022-09-29T05:31:08.178+0000][8][gc,heap     ] GC(11) Old regions: 2->2
[2022-09-29T05:31:08.178+0000][8][gc,heap     ] GC(11) Archive regions: 2->2
[2022-09-29T05:31:08.178+0000][8][gc,heap     ] GC(11) Humongous regions: 0->0
[2022-09-29T05:31:08.179+0000][8][gc,metaspace] GC(11) Metaspace: 20079K(21120K)->20079K(21120K) NonClass: 17656K(18432K)->17656K(18432K) Class: 2422K(2688K)->2422K(2688K)
[2022-09-29T05:31:08.179+0000][8][gc          ] GC(11) Pause Young (Normal) (G1 Evacuation Pause) 160M->20M(256M) 10.350ms
[2022-09-29T05:31:08.179+0000][8][gc,cpu      ] GC(11) User=0.02s Sys=0.01s Real=0.01s
[2022-09-29T05:31:08.179+0000][8][safepoint   ] Safepoint "G1CollectForAllocation", Time since last: 144236899 ns, Reaching safepoint: 282368 ns, At safepoint: 10914769 ns, Total: 11197137 ns
[2022-09-29T05:31:08.237+0000][8][gc,start    ] GC(12) Pause Young (Concurrent Start) (Metadata GC Threshold)
[2022-09-29T05:31:08.237+0000][8][gc,task     ] GC(12) Using 6 workers of 13 for evacuation
[2022-09-29T05:31:08.238+0000][8][gc,age      ] GC(12) Desired survivor size 10485760 bytes, new threshold 15 (max threshold 15)
[2022-09-29T05:31:08.243+0000][8][gc,age      ] GC(12) Age table with threshold 15 (max threshold 15)
[2022-09-29T05:31:08.244+0000][8][gc,age      ] GC(12) - age   1:     492720 bytes,     492720 total
[2022-09-29T05:31:08.244+0000][8][gc,age      ] GC(12) - age   2:    1413376 bytes,    1906096 total
[2022-09-29T05:31:08.244+0000][8][gc,age      ] GC(12) - age   3:     186248 bytes,    2092344 total
[2022-09-29T05:31:08.244+0000][8][gc,age      ] GC(12) - age   4:     205376 bytes,    2297720 total
[2022-09-29T05:31:08.245+0000][8][gc,age      ] GC(12) - age   5:     235392 bytes,    2533112 total
[2022-09-29T05:31:08.245+0000][8][gc,age      ] GC(12) - age   6:     407088 bytes,    2940200 total
[2022-09-29T05:31:08.245+0000][8][gc,age      ] GC(12) - age   7:    1380800 bytes,    4321000 total
[2022-09-29T05:31:08.246+0000][8][gc,age      ] GC(12) - age   8:    1052992 bytes,    5373992 total
[2022-09-29T05:31:08.246+0000][8][gc,age      ] GC(12) - age   9:    1827680 bytes,    7201672 total
[2022-09-29T05:31:08.246+0000][8][gc,age      ] GC(12) - age  10:    3002112 bytes,   10203784 total
[2022-09-29T05:31:08.247+0000][8][gc,phases   ] GC(12)   Pre Evacuate Collection Set: 0.2ms
[2022-09-29T05:31:08.247+0000][8][gc,phases   ] GC(12)   Merge Heap Roots: 0.1ms
[2022-09-29T05:31:08.247+0000][8][gc,phases   ] GC(12)   Evacuate Collection Set: 3.3ms
[2022-09-29T05:31:08.247+0000][8][gc,phases   ] GC(12)   Post Evacuate Collection Set: 0.8ms
[2022-09-29T05:31:08.248+0000][8][gc,phases   ] GC(12)   Other: 5.2ms
[2022-09-29T05:31:08.248+0000][8][gc,heap     ] GC(12) Eden regions: 13->0(35)
[2022-09-29T05:31:08.248+0000][8][gc,heap     ] GC(12) Survivor regions: 3->3(5)
[2022-09-29T05:31:08.249+0000][8][gc,heap     ] GC(12) Old regions: 2->2
[2022-09-29T05:31:08.249+0000][8][gc,heap     ] GC(12) Archive regions: 2->2
[2022-09-29T05:31:08.249+0000][8][gc,heap     ] GC(12) Humongous regions: 0->0
[2022-09-29T05:31:08.249+0000][8][gc,metaspace] GC(12) Metaspace: 20149K(21296K)->20149K(21296K) NonClass: 17716K(18608K)->17716K(18608K) Class: 2433K(2688K)->2433K(2688K)
[2022-09-29T05:31:08.250+0000][8][gc          ] GC(12) Pause Young (Concurrent Start) (Metadata GC Threshold) 70M->21M(256M) 12.772ms
[2022-09-29T05:31:08.250+0000][8][gc,cpu      ] GC(12) User=0.05s Sys=0.00s Real=0.02s
[2022-09-29T05:31:08.250+0000][8][gc          ] GC(13) Concurrent Cycle
[2022-09-29T05:31:08.250+0000][8][safepoint   ] Safepoint "CollectForMetadataAllocation", Time since last: 57327003 ns, Reaching safepoint: 257591 ns, At safepoint: 13586390 ns, Total: 13843981 ns
[2022-09-29T05:31:08.251+0000][8][gc,marking  ] GC(13) Concurrent Clear Claimed Marks
[2022-09-29T05:31:08.251+0000][8][gc,marking  ] GC(13) Concurrent Clear Claimed Marks 0.438ms
[2022-09-29T05:31:08.251+0000][8][gc,marking  ] GC(13) Concurrent Scan Root Regions
[2022-09-29T05:31:08.253+0000][8][gc,marking  ] GC(13) Concurrent Scan Root Regions 2.037ms
[2022-09-29T05:31:08.254+0000][8][gc,marking  ] GC(13) Concurrent Mark (5.109s)
[2022-09-29T05:31:08.254+0000][8][gc,marking  ] GC(13) Concurrent Mark From Roots
[2022-09-29T05:31:08.254+0000][8][gc,task     ] GC(13) Using 3 workers of 3 for marking
[2022-09-29T05:31:08.259+0000][8][gc,marking  ] GC(13) Concurrent Mark From Roots 4.622ms
[2022-09-29T05:31:08.259+0000][8][gc,marking  ] GC(13) Concurrent Preclean
[2022-09-29T05:31:08.260+0000][8][gc,marking  ] GC(13) Concurrent Preclean 0.546ms
[2022-09-29T05:31:08.260+0000][8][gc,marking  ] GC(13) Concurrent Mark (5.109s, 5.115s) 6.238ms
[2022-09-29T05:31:08.261+0000][8][gc,start    ] GC(13) Pause Remark
[2022-09-29T05:31:08.263+0000][8][gc          ] GC(13) Pause Remark 29M->29M(256M) 2.295ms
[2022-09-29T05:31:08.263+0000][8][gc,cpu      ] GC(13) User=0.01s Sys=0.00s Real=0.00s
[2022-09-29T05:31:08.264+0000][8][safepoint   ] Safepoint "G1Concurrent", Time since last: 9932668 ns, Reaching safepoint: 139376 ns, At safepoint: 3091030 ns, Total: 3230406 ns
[2022-09-29T05:31:08.264+0000][8][gc,marking  ] GC(13) Concurrent Rebuild Remembered Sets
[2022-09-29T05:31:08.267+0000][8][gc,marking  ] GC(13) Concurrent Rebuild Remembered Sets 2.554ms
[2022-09-29T05:31:08.268+0000][8][gc,start    ] GC(13) Pause Cleanup
[2022-09-29T05:31:08.268+0000][8][gc          ] GC(13) Pause Cleanup 35M->35M(256M) 0.542ms
[2022-09-29T05:31:08.269+0000][8][gc,cpu      ] GC(13) User=0.00s Sys=0.00s Real=0.00s
[2022-09-29T05:31:08.269+0000][8][safepoint   ] Safepoint "G1Concurrent", Time since last: 3574301 ns, Reaching safepoint: 728158 ns, At safepoint: 1089816 ns, Total: 1817974 ns
[2022-09-29T05:31:08.269+0000][8][gc,marking  ] GC(13) Concurrent Cleanup for Next Mark
[2022-09-29T05:31:08.270+0000][8][gc,marking  ] GC(13) Concurrent Cleanup for Next Mark 1.107ms
[2022-09-29T05:31:08.271+0000][8][gc          ] GC(13) Concurrent Cycle 20.561ms
[2022-09-29T05:31:08.358+0000][8][gc,start    ] GC(14) Pause Young (Normal) (G1 Evacuation Pause)
[2022-09-29T05:31:08.359+0000][8][gc,task     ] GC(14) Using 6 workers of 13 for evacuation
[2022-09-29T05:31:08.359+0000][8][gc,age      ] GC(14) Desired survivor size 10485760 bytes, new threshold 15 (max threshold 15)
[2022-09-29T05:31:08.365+0000][8][gc,age      ] GC(14) Age table with threshold 15 (max threshold 15)
[2022-09-29T05:31:08.365+0000][8][gc,age      ] GC(14) - age   1:    2538016 bytes,    2538016 total
[2022-09-29T05:31:08.365+0000][8][gc,age      ] GC(14) - age   2:     450168 bytes,    2988184 total
[2022-09-29T05:31:08.366+0000][8][gc,age      ] GC(14) - age   3:    1413376 bytes,    4401560 total
[2022-09-29T05:31:08.366+0000][8][gc,age      ] GC(14) - age   4:     184648 bytes,    4586208 total
[2022-09-29T05:31:08.366+0000][8][gc,age      ] GC(14) - age   5:     205312 bytes,    4791520 total
[2022-09-29T05:31:08.366+0000][8][gc,age      ] GC(14) - age   6:     235328 bytes,    5026848 total
[2022-09-29T05:31:08.367+0000][8][gc,age      ] GC(14) - age   7:     407088 bytes,    5433936 total
[2022-09-29T05:31:08.367+0000][8][gc,age      ] GC(14) - age   8:    1380800 bytes,    6814736 total
[2022-09-29T05:31:08.367+0000][8][gc,age      ] GC(14) - age   9:    1052992 bytes,    7867728 total
[2022-09-29T05:31:08.367+0000][8][gc,age      ] GC(14) - age  10:    1827488 bytes,    9695216 total
[2022-09-29T05:31:08.368+0000][8][gc,age      ] GC(14) - age  11:    3001920 bytes,   12697136 total
[2022-09-29T05:31:08.368+0000][8][gc,phases   ] GC(14)   Pre Evacuate Collection Set: 0.1ms
[2022-09-29T05:31:08.368+0000][8][gc,phases   ] GC(14)   Merge Heap Roots: 0.1ms
[2022-09-29T05:31:08.368+0000][8][gc,phases   ] GC(14)   Evacuate Collection Set: 3.8ms
[2022-09-29T05:31:08.369+0000][8][gc,phases   ] GC(14)   Post Evacuate Collection Set: 1.1ms
[2022-09-29T05:31:08.369+0000][8][gc,phases   ] GC(14)   Other: 4.7ms
[2022-09-29T05:31:08.369+0000][8][gc,heap     ] GC(14) Eden regions: 35->0(34)
[2022-09-29T05:31:08.369+0000][8][gc,heap     ] GC(14) Survivor regions: 3->4(5)
[2022-09-29T05:31:08.369+0000][8][gc,heap     ] GC(14) Old regions: 2->2
[2022-09-29T05:31:08.370+0000][8][gc,heap     ] GC(14) Archive regions: 2->2
[2022-09-29T05:31:08.370+0000][8][gc,heap     ] GC(14) Humongous regions: 0->0
[2022-09-29T05:31:08.370+0000][8][gc,metaspace] GC(14) Metaspace: 20248K(21552K)->20248K(21552K) NonClass: 17793K(18864K)->17793K(18864K) Class: 2454K(2688K)->2454K(2688K)
[2022-09-29T05:31:08.370+0000][8][gc          ] GC(14) Pause Young (Normal) (G1 Evacuation Pause) 161M->23M(256M) 11.960ms
[2022-09-29T05:31:08.370+0000][8][gc,cpu      ] GC(14) User=0.02s Sys=0.00s Real=0.02s
[2022-09-29T05:31:08.371+0000][8][safepoint   ] Safepoint "G1CollectForAllocation", Time since last: 88836838 ns, Reaching safepoint: 254315 ns, At safepoint: 12443903 ns, Total: 12698218 ns
[2022-09-29T05:31:08.474+0000][8][gc,start    ] GC(15) Pause Young (Normal) (G1 Evacuation Pause)
[2022-09-29T05:31:08.474+0000][8][gc,task     ] GC(15) Using 6 workers of 13 for evacuation
[2022-09-29T05:31:08.475+0000][8][gc,age      ] GC(15) Desired survivor size 10485760 bytes, new threshold 11 (max threshold 15)
[2022-09-29T05:31:08.479+0000][8][gc,age      ] GC(15) Age table with threshold 11 (max threshold 15)
[2022-09-29T05:31:08.480+0000][8][gc,age      ] GC(15) - age   1:     313064 bytes,     313064 total
[2022-09-29T05:31:08.480+0000][8][gc,age      ] GC(15) - age   2:     358976 bytes,     672040 total
[2022-09-29T05:31:08.480+0000][8][gc,age      ] GC(15) - age   3:     450168 bytes,    1122208 total
[2022-09-29T05:31:08.480+0000][8][gc,age      ] GC(15) - age   4:    1413376 bytes,    2535584 total
[2022-09-29T05:31:08.481+0000][8][gc,age      ] GC(15) - age   5:     184432 bytes,    2720016 total
[2022-09-29T05:31:08.481+0000][8][gc,age      ] GC(15) - age   6:     205312 bytes,    2925328 total
[2022-09-29T05:31:08.481+0000][8][gc,age      ] GC(15) - age   7:     234784 bytes,    3160112 total
[2022-09-29T05:31:08.482+0000][8][gc,age      ] GC(15) - age   8:     407088 bytes,    3567200 total
[2022-09-29T05:31:08.482+0000][8][gc,age      ] GC(15) - age   9:    1380800 bytes,    4948000 total
[2022-09-29T05:31:08.482+0000][8][gc,age      ] GC(15) - age  10:    1052992 bytes,    6000992 total
[2022-09-29T05:31:08.483+0000][8][gc,age      ] GC(15) - age  11:    1827488 bytes,    7828480 total
[2022-09-29T05:31:08.483+0000][8][gc,phases   ] GC(15)   Pre Evacuate Collection Set: 0.2ms
[2022-09-29T05:31:08.483+0000][8][gc,phases   ] GC(15)   Merge Heap Roots: 0.1ms
[2022-09-29T05:31:08.484+0000][8][gc,phases   ] GC(15)   Evacuate Collection Set: 3.0ms
[2022-09-29T05:31:08.484+0000][8][gc,phases   ] GC(15)   Post Evacuate Collection Set: 0.9ms
[2022-09-29T05:31:08.484+0000][8][gc,phases   ] GC(15)   Other: 4.9ms
[2022-09-29T05:31:08.485+0000][8][gc,heap     ] GC(15) Eden regions: 34->0(35)
[2022-09-29T05:31:08.485+0000][8][gc,heap     ] GC(15) Survivor regions: 4->3(5)
[2022-09-29T05:31:08.485+0000][8][gc,heap     ] GC(15) Old regions: 2->3
[2022-09-29T05:31:08.485+0000][8][gc,heap     ] GC(15) Archive regions: 2->2
[2022-09-29T05:31:08.485+0000][8][gc,heap     ] GC(15) Humongous regions: 0->0
[2022-09-29T05:31:08.486+0000][8][gc,metaspace] GC(15) Metaspace: 20272K(21552K)->20272K(21552K) NonClass: 17813K(18864K)->17813K(18864K) Class: 2458K(2688K)->2458K(2688K)
[2022-09-29T05:31:08.486+0000][8][gc          ] GC(15) Pause Young (Normal) (G1 Evacuation Pause) 159M->21M(256M) 11.848ms
[2022-09-29T05:31:08.486+0000][8][gc,cpu      ] GC(15) User=0.02s Sys=0.01s Real=0.01s
[2022-09-29T05:31:08.486+0000][8][safepoint   ] Safepoint "G1CollectForAllocation", Time since last: 103142219 ns, Reaching safepoint: 308077 ns, At safepoint: 12437431 ns, Total: 12745508 ns
[2022-09-29T05:31:08.639+0000][8][gc,start    ] GC(16) Pause Young (Normal) (G1 Evacuation Pause)
[2022-09-29T05:31:08.639+0000][8][gc,task     ] GC(16) Using 6 workers of 13 for evacuation
[2022-09-29T05:31:08.640+0000][8][gc,age      ] GC(16) Desired survivor size 10485760 bytes, new threshold 15 (max threshold 15)
[2022-09-29T05:31:08.644+0000][8][gc,age      ] GC(16) Age table with threshold 15 (max threshold 15)
[2022-09-29T05:31:08.645+0000][8][gc,age      ] GC(16) - age   1:     542608 bytes,     542608 total
[2022-09-29T05:31:08.645+0000][8][gc,age      ] GC(16) - age   2:     266288 bytes,     808896 total
[2022-09-29T05:31:08.646+0000][8][gc,age      ] GC(16) - age   3:     358976 bytes,    1167872 total
[2022-09-29T05:31:08.646+0000][8][gc,age      ] GC(16) - age   4:     450024 bytes,    1617896 total
[2022-09-29T05:31:08.646+0000][8][gc,age      ] GC(16) - age   5:    1413376 bytes,    3031272 total
[2022-09-29T05:31:08.647+0000][8][gc,age      ] GC(16) - age   6:     184432 bytes,    3215704 total
[2022-09-29T05:31:08.647+0000][8][gc,age      ] GC(16) - age   7:     205168 bytes,    3420872 total
[2022-09-29T05:31:08.647+0000][8][gc,age      ] GC(16) - age   8:     234784 bytes,    3655656 total
[2022-09-29T05:31:08.647+0000][8][gc,age      ] GC(16) - age   9:     406944 bytes,    4062600 total
[2022-09-29T05:31:08.648+0000][8][gc,age      ] GC(16) - age  10:    1380504 bytes,    5443104 total
[2022-09-29T05:31:08.648+0000][8][gc,age      ] GC(16) - age  11:    1052832 bytes,    6495936 total
[2022-09-29T05:31:08.649+0000][8][gc,age      ] GC(16) - age  12:    1827216 bytes,    8323152 total
[2022-09-29T05:31:08.649+0000][8][gc,phases   ] GC(16)   Pre Evacuate Collection Set: 0.2ms
[2022-09-29T05:31:08.649+0000][8][gc,phases   ] GC(16)   Merge Heap Roots: 0.1ms
[2022-09-29T05:31:08.650+0000][8][gc,phases   ] GC(16)   Evacuate Collection Set: 2.9ms
[2022-09-29T05:31:08.650+0000][8][gc,phases   ] GC(16)   Post Evacuate Collection Set: 0.9ms
[2022-09-29T05:31:08.650+0000][8][gc,phases   ] GC(16)   Other: 6.1ms
[2022-09-29T05:31:08.651+0000][8][gc,heap     ] GC(16) Eden regions: 35->0(35)
[2022-09-29T05:31:08.651+0000][8][gc,heap     ] GC(16) Survivor regions: 3->3(5)
[2022-09-29T05:31:08.651+0000][8][gc,heap     ] GC(16) Old regions: 3->3
[2022-09-29T05:31:08.651+0000][8][gc,heap     ] GC(16) Archive regions: 2->2
[2022-09-29T05:31:08.652+0000][8][gc,heap     ] GC(16) Humongous regions: 0->0
[2022-09-29T05:31:08.652+0000][8][gc,metaspace] GC(16) Metaspace: 20355K(21680K)->20355K(21680K) NonClass: 17874K(18864K)->17874K(18864K) Class: 2480K(2816K)->2480K(2816K)
[2022-09-29T05:31:08.652+0000][8][gc          ] GC(16) Pause Young (Normal) (G1 Evacuation Pause) 161M->22M(256M) 13.405ms
[2022-09-29T05:31:08.653+0000][8][gc,cpu      ] GC(16) User=0.03s Sys=0.01s Real=0.02s
[2022-09-29T05:31:08.653+0000][8][safepoint   ] Safepoint "G1CollectForAllocation", Time since last: 152080197 ns, Reaching safepoint: 298619 ns, At safepoint: 14173176 ns, Total: 14471795 ns
[2022-09-29T05:31:09.428+0000][8][safepoint   ] Safepoint "ICBufferFull", Time since last: 774973095 ns, Reaching safepoint: 295854 ns, At safepoint: 27162 ns, Total: 323016 ns
[2022-09-29T05:31:10.075+0000][8][safepoint   ] Safepoint "ICBufferFull", Time since last: 645369407 ns, Reaching safepoint: 909068 ns, At safepoint: 147031 ns, Total: 1056099 ns
[2022-09-29T05:31:11.077+0000][8][safepoint   ] Safepoint "Cleanup", Time since last: 1001669972 ns, Reaching safepoint: 365111 ns, At safepoint: 59514 ns, Total: 424625 ns
[2022-09-29T05:31:11.126+0000][8][gc,start    ] GC(17) Pause Young (Normal) (G1 Evacuation Pause)
[2022-09-29T05:31:11.129+0000][8][gc,task     ] GC(17) Using 6 workers of 13 for evacuation
[2022-09-29T05:31:11.131+0000][8][gc,age      ] GC(17) Desired survivor size 10485760 bytes, new threshold 15 (max threshold 15)
[2022-09-29T05:31:11.150+0000][8][gc,age      ] GC(17) Age table with threshold 15 (max threshold 15)
[2022-09-29T05:31:11.151+0000][8][gc,age      ] GC(17) - age   1:   12530520 bytes,   12530520 total
[2022-09-29T05:31:11.151+0000][8][gc,age      ] GC(17) - age   2:     530624 bytes,   13061144 total
[2022-09-29T05:31:11.151+0000][8][gc,age      ] GC(17) - age   3:     266288 bytes,   13327432 total
[2022-09-29T05:31:11.152+0000][8][gc,age      ] GC(17) - age   4:     358376 bytes,   13685808 total
[2022-09-29T05:31:11.152+0000][8][gc,age      ] GC(17) - age   5:     447600 bytes,   14133408 total
[2022-09-29T05:31:11.152+0000][8][gc,age      ] GC(17) - age   6:    1411720 bytes,   15545128 total
[2022-09-29T05:31:11.152+0000][8][gc,age      ] GC(17) - age   7:     184008 bytes,   15729136 total
[2022-09-29T05:31:11.153+0000][8][gc,age      ] GC(17) - age   8:     204880 bytes,   15934016 total
[2022-09-29T05:31:11.153+0000][8][gc,age      ] GC(17) - age   9:     227736 bytes,   16161752 total
[2022-09-29T05:31:11.153+0000][8][gc,age      ] GC(17) - age  10:     404544 bytes,   16566296 total
[2022-09-29T05:31:11.153+0000][8][gc,age      ] GC(17) - age  11:    1378024 bytes,   17944320 total
[2022-09-29T05:31:11.154+0000][8][gc,age      ] GC(17) - age  12:    1051608 bytes,   18995928 total
[2022-09-29T05:31:11.154+0000][8][gc,age      ] GC(17) - age  13:    1820360 bytes,   20816288 total
[2022-09-29T05:31:11.155+0000][8][gc,phases   ] GC(17)   Pre Evacuate Collection Set: 0.2ms
[2022-09-29T05:31:11.155+0000][8][gc,phases   ] GC(17)   Merge Heap Roots: 0.1ms
[2022-09-29T05:31:11.156+0000][8][gc,phases   ] GC(17)   Evacuate Collection Set: 16.4ms
[2022-09-29T05:31:11.156+0000][8][gc,phases   ] GC(17)   Post Evacuate Collection Set: 2.1ms
[2022-09-29T05:31:11.156+0000][8][gc,phases   ] GC(17)   Other: 9.8ms
[2022-09-29T05:31:11.156+0000][8][gc,heap     ] GC(17) Eden regions: 35->0(33)
[2022-09-29T05:31:11.157+0000][8][gc,heap     ] GC(17) Survivor regions: 3->5(5)
[2022-09-29T05:31:11.157+0000][8][gc,heap     ] GC(17) Old regions: 3->4
[2022-09-29T05:31:11.157+0000][8][gc,heap     ] GC(17) Archive regions: 2->2
[2022-09-29T05:31:11.157+0000][8][gc,heap     ] GC(17) Humongous regions: 0->0
[2022-09-29T05:31:11.158+0000][8][gc,metaspace] GC(17) Metaspace: 30014K(32176K)->30014K(32176K) NonClass: 26285K(27824K)->26285K(27824K) Class: 3729K(4352K)->3729K(4352K)
[2022-09-29T05:31:11.158+0000][8][gc          ] GC(17) Pause Young (Normal) (G1 Evacuation Pause) 162M->38M(256M) 31.609ms
[2022-09-29T05:31:11.158+0000][8][gc,cpu      ] GC(17) User=0.17s Sys=0.01s Real=0.03s
[2022-09-29T05:31:11.159+0000][8][safepoint   ] Safepoint "G1CollectForAllocation", Time since last: 49130818 ns, Reaching safepoint: 235369 ns, At safepoint: 32427195 ns, Total: 32662564 ns
[2022-09-29T05:31:11.978+0000][8][safepoint   ] Safepoint "ICBufferFull", Time since last: 818814917 ns, Reaching safepoint: 498991 ns, At safepoint: 97716 ns, Total: 596707 ns
[2022-09-29T05:31:12.078+0000][8][gc,start    ] GC(18) Pause Young (Normal) (G1 Evacuation Pause)
[2022-09-29T05:31:12.078+0000][8][gc,task     ] GC(18) Using 6 workers of 13 for evacuation
[2022-09-29T05:31:12.079+0000][8][gc,age      ] GC(18) Desired survivor size 10485760 bytes, new threshold 1 (max threshold 15)
[2022-09-29T05:31:12.100+0000][8][gc,age      ] GC(18) Age table with threshold 1 (max threshold 15)
[2022-09-29T05:31:12.100+0000][8][gc,age      ] GC(18) - age   1:   19674328 bytes,   19674328 total
[2022-09-29T05:31:12.101+0000][8][gc,phases   ] GC(18)   Pre Evacuate Collection Set: 0.2ms
[2022-09-29T05:31:12.101+0000][8][gc,phases   ] GC(18)   Merge Heap Roots: 0.2ms
[2022-09-29T05:31:12.101+0000][8][gc,phases   ] GC(18)   Evacuate Collection Set: 19.4ms
[2022-09-29T05:31:12.102+0000][8][gc,phases   ] GC(18)   Post Evacuate Collection Set: 1.1ms
[2022-09-29T05:31:12.102+0000][8][gc,phases   ] GC(18)   Other: 2.3ms
[2022-09-29T05:31:12.102+0000][8][gc,heap     ] GC(18) Eden regions: 33->0(30)
[2022-09-29T05:31:12.103+0000][8][gc,heap     ] GC(18) Survivor regions: 5->5(5)
[2022-09-29T05:31:12.103+0000][8][gc,heap     ] GC(18) Old regions: 4->9
[2022-09-29T05:31:12.103+0000][8][gc,heap     ] GC(18) Archive regions: 2->2
[2022-09-29T05:31:12.103+0000][8][gc,heap     ] GC(18) Humongous regions: 0->0
[2022-09-29T05:31:12.104+0000][8][gc,metaspace] GC(18) Metaspace: 31535K(33712K)->31535K(33712K) NonClass: 27585K(29104K)->27585K(29104K) Class: 3949K(4608K)->3949K(4608K)
[2022-09-29T05:31:12.104+0000][8][gc          ] GC(18) Pause Young (Normal) (G1 Evacuation Pause) 170M->58M(256M) 26.645ms
[2022-09-29T05:31:12.105+0000][8][gc,cpu      ] GC(18) User=0.12s Sys=0.01s Real=0.03s
[2022-09-29T05:31:12.105+0000][8][safepoint   ] Safepoint "G1CollectForAllocation", Time since last: 98887831 ns, Reaching safepoint: 593213 ns, At safepoint: 27493629 ns, Total: 28086842 ns
[2022-09-29T05:31:12.371+0000][8][gc,start    ] GC(19) Pause Young (Concurrent Start) (Metadata GC Threshold)
[2022-09-29T05:31:12.372+0000][8][gc,task     ] GC(19) Using 6 workers of 13 for evacuation
[2022-09-29T05:31:12.372+0000][8][gc,age      ] GC(19) Desired survivor size 10485760 bytes, new threshold 1 (max threshold 15)
[2022-09-29T05:31:12.382+0000][8][gc,age      ] GC(19) Age table with threshold 1 (max threshold 15)
[2022-09-29T05:31:12.382+0000][8][gc,age      ] GC(19) - age   1:     939872 bytes,     939872 total
[2022-09-29T05:31:12.382+0000][8][gc,phases   ] GC(19)   Pre Evacuate Collection Set: 0.3ms
[2022-09-29T05:31:12.383+0000][8][gc,phases   ] GC(19)   Merge Heap Roots: 0.1ms
[2022-09-29T05:31:12.383+0000][8][gc,phases   ] GC(19)   Evacuate Collection Set: 7.8ms
[2022-09-29T05:31:12.383+0000][8][gc,phases   ] GC(19)   Post Evacuate Collection Set: 0.9ms
[2022-09-29T05:31:12.383+0000][8][gc,phases   ] GC(19)   Other: 2.1ms
[2022-09-29T05:31:12.384+0000][8][gc,heap     ] GC(19) Eden regions: 6->0(30)
[2022-09-29T05:31:12.384+0000][8][gc,heap     ] GC(19) Survivor regions: 5->1(5)
[2022-09-29T05:31:12.384+0000][8][gc,heap     ] GC(19) Old regions: 9->14
[2022-09-29T05:31:12.385+0000][8][gc,heap     ] GC(19) Archive regions: 2->2
[2022-09-29T05:31:12.385+0000][8][gc,heap     ] GC(19) Humongous regions: 0->0
[2022-09-29T05:31:12.385+0000][8][gc,metaspace] GC(19) Metaspace: 33763K(35888K)->33763K(35888K) NonClass: 29412K(30896K)->29412K(30896K) Class: 4350K(4992K)->4350K(4992K)
[2022-09-29T05:31:12.385+0000][8][gc          ] GC(19) Pause Young (Concurrent Start) (Metadata GC Threshold) 80M->62M(256M) 13.880ms
[2022-09-29T05:31:12.385+0000][8][gc,cpu      ] GC(19) User=0.09s Sys=0.00s Real=0.01s
[2022-09-29T05:31:12.386+0000][8][gc          ] GC(20) Concurrent Cycle
[2022-09-29T05:31:12.386+0000][8][gc,marking  ] GC(20) Concurrent Clear Claimed Marks
[2022-09-29T05:31:12.386+0000][8][safepoint   ] Safepoint "CollectForMetadataAllocation", Time since last: 265958182 ns, Reaching safepoint: 309570 ns, At safepoint: 14603148 ns, Total: 14912718 ns
[2022-09-29T05:31:12.386+0000][8][gc,marking  ] GC(20) Concurrent Clear Claimed Marks 0.349ms
[2022-09-29T05:31:12.387+0000][8][gc,marking  ] GC(20) Concurrent Scan Root Regions
[2022-09-29T05:31:12.393+0000][8][gc,marking  ] GC(20) Concurrent Scan Root Regions 6.078ms
[2022-09-29T05:31:12.393+0000][8][gc,marking  ] GC(20) Concurrent Mark (9.249s)
[2022-09-29T05:31:12.394+0000][8][gc,marking  ] GC(20) Concurrent Mark From Roots
[2022-09-29T05:31:12.394+0000][8][gc,task     ] GC(20) Using 3 workers of 3 for marking
[2022-09-29T05:31:12.408+0000][8][safepoint   ] Safepoint "CollectForMetadataAllocation", Time since last: 21555847 ns, Reaching safepoint: 342773 ns, At safepoint: 204690 ns, Total: 547463 ns
[2022-09-29T05:31:12.413+0000][8][gc,marking  ] GC(20) Concurrent Mark From Roots 19.579ms
[2022-09-29T05:31:12.414+0000][8][gc,marking  ] GC(20) Concurrent Preclean
[2022-09-29T05:31:12.414+0000][8][gc,marking  ] GC(20) Concurrent Preclean 0.493ms
[2022-09-29T05:31:12.415+0000][8][gc,marking  ] GC(20) Concurrent Mark (9.249s, 9.270s) 21.263ms
[2022-09-29T05:31:12.415+0000][8][gc,start    ] GC(20) Pause Remark
[2022-09-29T05:31:12.418+0000][8][gc          ] GC(20) Pause Remark 64M->64M(256M) 2.595ms
[2022-09-29T05:31:12.418+0000][8][gc,cpu      ] GC(20) User=0.01s Sys=0.00s Real=0.00s
[2022-09-29T05:31:12.419+0000][8][safepoint   ] Safepoint "G1Concurrent", Time since last: 6919977 ns, Reaching safepoint: 332378 ns, At safepoint: 3382240 ns, Total: 3714618 ns
[2022-09-29T05:31:12.419+0000][8][gc,marking  ] GC(20) Concurrent Rebuild Remembered Sets
[2022-09-29T05:31:12.445+0000][8][gc,marking  ] GC(20) Concurrent Rebuild Remembered Sets 26.335ms
[2022-09-29T05:31:12.446+0000][8][gc,start    ] GC(20) Pause Cleanup
[2022-09-29T05:31:12.447+0000][8][gc          ] GC(20) Pause Cleanup 66M->66M(256M) 0.560ms
[2022-09-29T05:31:12.447+0000][8][gc,cpu      ] GC(20) User=0.00s Sys=0.00s Real=0.00s
[2022-09-29T05:31:12.448+0000][8][safepoint   ] Safepoint "G1Concurrent", Time since last: 27166013 ns, Reaching safepoint: 685115 ns, At safepoint: 1166884 ns, Total: 1851999 ns
[2022-09-29T05:31:12.448+0000][8][gc,marking  ] GC(20) Concurrent Cleanup for Next Mark
[2022-09-29T05:31:12.449+0000][8][gc,marking  ] GC(20) Concurrent Cleanup for Next Mark 0.897ms
[2022-09-29T05:31:12.449+0000][8][gc          ] GC(20) Concurrent Cycle 63.514ms
[2022-09-29T05:31:12.716+0000][8][gc,start    ] GC(21) Pause Young (Concurrent Start) (G1 Evacuation Pause)
[2022-09-29T05:31:12.716+0000][8][gc,task     ] GC(21) Using 6 workers of 13 for evacuation
[2022-09-29T05:31:12.717+0000][8][gc,age      ] GC(21) Desired survivor size 8388608 bytes, new threshold 15 (max threshold 15)
[2022-09-29T05:31:12.721+0000][8][gc,age      ] GC(21) Age table with threshold 15 (max threshold 15)
[2022-09-29T05:31:12.721+0000][8][gc,age      ] GC(21) - age   1:    1592376 bytes,    1592376 total
[2022-09-29T05:31:12.721+0000][8][gc,age      ] GC(21) - age   2:     915440 bytes,    2507816 total
[2022-09-29T05:31:12.722+0000][8][gc,phases   ] GC(21)   Pre Evacuate Collection Set: 0.3ms
[2022-09-29T05:31:12.722+0000][8][gc,phases   ] GC(21)   Merge Heap Roots: 0.2ms
[2022-09-29T05:31:12.722+0000][8][gc,phases   ] GC(21)   Evacuate Collection Set: 2.2ms
[2022-09-29T05:31:12.723+0000][8][gc,phases   ] GC(21)   Post Evacuate Collection Set: 1.0ms
[2022-09-29T05:31:12.723+0000][8][gc,phases   ] GC(21)   Other: 2.3ms
[2022-09-29T05:31:12.723+0000][8][gc,heap     ] GC(21) Eden regions: 30->0(31)
[2022-09-29T05:31:12.723+0000][8][gc,heap     ] GC(21) Survivor regions: 1->1(4)
[2022-09-29T05:31:12.724+0000][8][gc,heap     ] GC(21) Old regions: 14->14
[2022-09-29T05:31:12.724+0000][8][gc,heap     ] GC(21) Archive regions: 2->2
[2022-09-29T05:31:12.724+0000][8][gc,heap     ] GC(21) Humongous regions: 0->0
[2022-09-29T05:31:12.724+0000][8][gc,metaspace] GC(21) Metaspace: 36191K(38448K)->36191K(38448K) NonClass: 31607K(33200K)->31607K(33200K) Class: 4584K(5248K)->4584K(5248K)
[2022-09-29T05:31:12.725+0000][8][gc          ] GC(21) Pause Young (Concurrent Start) (G1 Evacuation Pause) 182M->61M(256M) 8.708ms
[2022-09-29T05:31:12.725+0000][8][gc,cpu      ] GC(21) User=0.05s Sys=0.00s Real=0.01s
[2022-09-29T05:31:12.725+0000][8][gc          ] GC(22) Concurrent Cycle
[2022-09-29T05:31:12.726+0000][8][gc,marking  ] GC(22) Concurrent Clear Claimed Marks
[2022-09-29T05:31:12.726+0000][8][safepoint   ] Safepoint "G1CollectForAllocation", Time since last: 268038646 ns, Reaching safepoint: 282825 ns, At safepoint: 9769035 ns, Total: 10051860 ns
[2022-09-29T05:31:12.726+0000][8][gc,marking  ] GC(22) Concurrent Clear Claimed Marks 0.683ms
[2022-09-29T05:31:12.727+0000][8][gc,marking  ] GC(22) Concurrent Scan Root Regions
[2022-09-29T05:31:12.731+0000][8][gc,marking  ] GC(22) Concurrent Scan Root Regions 3.813ms
[2022-09-29T05:31:12.732+0000][8][gc,marking  ] GC(22) Concurrent Mark (9.587s)
[2022-09-29T05:31:12.732+0000][8][gc,marking  ] GC(22) Concurrent Mark From Roots
[2022-09-29T05:31:12.732+0000][8][gc,task     ] GC(22) Using 3 workers of 3 for marking
[2022-09-29T05:31:12.772+0000][8][gc,marking  ] GC(22) Concurrent Mark From Roots 40.230ms
[2022-09-29T05:31:12.773+0000][8][gc,marking  ] GC(22) Concurrent Preclean
[2022-09-29T05:31:12.774+0000][8][gc,marking  ] GC(22) Concurrent Preclean 0.700ms
[2022-09-29T05:31:12.774+0000][8][gc,marking  ] GC(22) Concurrent Mark (9.587s, 9.629s) 42.585ms
[2022-09-29T05:31:12.775+0000][8][gc,start    ] GC(22) Pause Remark
[2022-09-29T05:31:12.779+0000][8][gc          ] GC(22) Pause Remark 67M->67M(256M) 3.918ms
[2022-09-29T05:31:12.780+0000][8][gc,cpu      ] GC(22) User=0.08s Sys=0.00s Real=0.01s
[2022-09-29T05:31:12.780+0000][8][safepoint   ] Safepoint "G1Concurrent", Time since last: 49234612 ns, Reaching safepoint: 258482 ns, At safepoint: 5000108 ns, Total: 5258590 ns
[2022-09-29T05:31:12.781+0000][8][gc,marking  ] GC(22) Concurrent Rebuild Remembered Sets
[2022-09-29T05:31:12.812+0000][8][gc,marking  ] GC(22) Concurrent Rebuild Remembered Sets 31.017ms
[2022-09-29T05:31:12.813+0000][8][gc,start    ] GC(22) Pause Cleanup
[2022-09-29T05:31:12.814+0000][8][gc          ] GC(22) Pause Cleanup 69M->69M(256M) 0.636ms
[2022-09-29T05:31:12.815+0000][8][gc,cpu      ] GC(22) User=0.00s Sys=0.00s Real=0.00s
[2022-09-29T05:31:12.815+0000][8][safepoint   ] Safepoint "G1Concurrent", Time since last: 32860269 ns, Reaching safepoint: 373332 ns, At safepoint: 1647008 ns, Total: 2020340 ns
[2022-09-29T05:31:12.816+0000][8][gc,marking  ] GC(22) Concurrent Cleanup for Next Mark
[2022-09-29T05:31:12.816+0000][8][gc,marking  ] GC(22) Concurrent Cleanup for Next Mark 0.862ms
[2022-09-29T05:31:12.817+0000][8][gc          ] GC(22) Concurrent Cycle 91.701ms
[2022-09-29T05:31:13.816+0000][8][safepoint   ] Safepoint "Cleanup", Time since last: 1000265868 ns, Reaching safepoint: 174713 ns, At safepoint: 22973 ns, Total: 197686 ns
[2022-09-29T05:31:14.342+0000][8][gc,start    ] GC(23) Pause Young (Normal) (G1 Evacuation Pause)
[2022-09-29T05:31:14.342+0000][8][gc,task     ] GC(23) Using 6 workers of 13 for evacuation
[2022-09-29T05:31:14.343+0000][8][gc,age      ] GC(23) Desired survivor size 8388608 bytes, new threshold 15 (max threshold 15)
[2022-09-29T05:31:14.351+0000][8][gc,age      ] GC(23) Age table with threshold 15 (max threshold 15)
[2022-09-29T05:31:14.352+0000][8][gc,age      ] GC(23) - age   1:    5218048 bytes,    5218048 total
[2022-09-29T05:31:14.352+0000][8][gc,age      ] GC(23) - age   2:    1316632 bytes,    6534680 total
[2022-09-29T05:31:14.352+0000][8][gc,age      ] GC(23) - age   3:     893992 bytes,    7428672 total
[2022-09-29T05:31:14.352+0000][8][gc,phases   ] GC(23)   Pre Evacuate Collection Set: 0.2ms
[2022-09-29T05:31:14.353+0000][8][gc,phases   ] GC(23)   Merge Heap Roots: 0.1ms
[2022-09-29T05:31:14.353+0000][8][gc,phases   ] GC(23)   Evacuate Collection Set: 5.7ms
[2022-09-29T05:31:14.353+0000][8][gc,phases   ] GC(23)   Post Evacuate Collection Set: 1.9ms
[2022-09-29T05:31:14.353+0000][8][gc,phases   ] GC(23)   Other: 2.7ms
[2022-09-29T05:31:14.354+0000][8][gc,heap     ] GC(23) Eden regions: 31->0(30)
[2022-09-29T05:31:14.354+0000][8][gc,heap     ] GC(23) Survivor regions: 1->2(4)
[2022-09-29T05:31:14.354+0000][8][gc,heap     ] GC(23) Old regions: 14->14
[2022-09-29T05:31:14.354+0000][8][gc,heap     ] GC(23) Archive regions: 2->2
[2022-09-29T05:31:14.355+0000][8][gc,heap     ] GC(23) Humongous regions: 0->0
[2022-09-29T05:31:14.355+0000][8][gc,metaspace] GC(23) Metaspace: 51933K(54832K)->51933K(54832K) NonClass: 45002K(47024K)->45002K(47024K) Class: 6931K(7808K)->6931K(7808K)
[2022-09-29T05:31:14.355+0000][8][gc          ] GC(23) Pause Young (Normal) (G1 Evacuation Pause) 185M->65M(256M) 13.394ms
[2022-09-29T05:31:14.355+0000][8][gc,cpu      ] GC(23) User=0.09s Sys=0.01s Real=0.01s
[2022-09-29T05:31:14.356+0000][8][safepoint   ] Safepoint "G1CollectForAllocation", Time since last: 525881338 ns, Reaching safepoint: 295984 ns, At safepoint: 13999117 ns, Total: 14295101 ns
[2022-09-29T05:31:14.438+0000][8][safepoint   ] Safepoint "ICBufferFull", Time since last: 81287462 ns, Reaching safepoint: 489973 ns, At safepoint: 78710 ns, Total: 568683 ns
[2022-09-29T05:31:15.067+0000][8][safepoint   ] Safepoint "ICBufferFull", Time since last: 628636383 ns, Reaching safepoint: 373725 ns, At safepoint: 34135 ns, Total: 407860 ns
[2022-09-29T05:31:15.530+0000][8][gc,start    ] GC(24) Pause Young (Concurrent Start) (Metadata GC Threshold)
[2022-09-29T05:31:15.530+0000][8][gc,task     ] GC(24) Using 6 workers of 13 for evacuation
[2022-09-29T05:31:15.531+0000][8][gc,age      ] GC(24) Desired survivor size 8388608 bytes, new threshold 15 (max threshold 15)
[2022-09-29T05:31:15.540+0000][8][gc,age      ] GC(24) Age table with threshold 15 (max threshold 15)
[2022-09-29T05:31:15.541+0000][8][gc,age      ] GC(24) - age   1:    4325968 bytes,    4325968 total
[2022-09-29T05:31:15.541+0000][8][gc,age      ] GC(24) - age   2:    5049968 bytes,    9375936 total
[2022-09-29T05:31:15.541+0000][8][gc,age      ] GC(24) - age   3:    1314976 bytes,   10690912 total
[2022-09-29T05:31:15.542+0000][8][gc,age      ] GC(24) - age   4:     893336 bytes,   11584248 total
[2022-09-29T05:31:15.542+0000][8][gc,phases   ] GC(24)   Pre Evacuate Collection Set: 0.3ms
[2022-09-29T05:31:15.542+0000][8][gc,phases   ] GC(24)   Merge Heap Roots: 0.1ms
[2022-09-29T05:31:15.543+0000][8][gc,phases   ] GC(24)   Evacuate Collection Set: 6.5ms
[2022-09-29T05:31:15.543+0000][8][gc,phases   ] GC(24)   Post Evacuate Collection Set: 2.5ms
[2022-09-29T05:31:15.543+0000][8][gc,phases   ] GC(24)   Other: 2.7ms
[2022-09-29T05:31:15.543+0000][8][gc,heap     ] GC(24) Eden regions: 27->0(30)
[2022-09-29T05:31:15.544+0000][8][gc,heap     ] GC(24) Survivor regions: 2->3(4)
[2022-09-29T05:31:15.544+0000][8][gc,heap     ] GC(24) Old regions: 14->14
[2022-09-29T05:31:15.544+0000][8][gc,heap     ] GC(24) Archive regions: 2->2
[2022-09-29T05:31:15.545+0000][8][gc,heap     ] GC(24) Humongous regions: 0->0
[2022-09-29T05:31:15.545+0000][8][gc,metaspace] GC(24) Metaspace: 61388K(64508K)->61388K(64508K) NonClass: 53166K(55420K)->53166K(55420K) Class: 8222K(9088K)->8222K(9088K)
[2022-09-29T05:31:15.545+0000][8][gc          ] GC(24) Pause Young (Concurrent Start) (Metadata GC Threshold) 171M->70M(256M) 15.329ms
[2022-09-29T05:31:15.545+0000][8][gc,cpu      ] GC(24) User=0.03s Sys=0.02s Real=0.01s
[2022-09-29T05:31:15.546+0000][8][gc          ] GC(25) Concurrent Cycle
[2022-09-29T05:31:15.546+0000][8][gc,marking  ] GC(25) Concurrent Clear Claimed Marks
[2022-09-29T05:31:15.546+0000][8][safepoint   ] Safepoint "CollectForMetadataAllocation", Time since last: 462620181 ns, Reaching safepoint: 572031 ns, At safepoint: 16055122 ns, Total: 16627153 ns
[2022-09-29T05:31:15.546+0000][8][gc,marking  ] GC(25) Concurrent Clear Claimed Marks 0.389ms
[2022-09-29T05:31:15.547+0000][8][gc,marking  ] GC(25) Concurrent Scan Root Regions
[2022-09-29T05:31:15.552+0000][8][gc,marking  ] GC(25) Concurrent Scan Root Regions 4.696ms
[2022-09-29T05:31:15.552+0000][8][gc,marking  ] GC(25) Concurrent Mark (12.408s)
[2022-09-29T05:31:15.553+0000][8][gc,marking  ] GC(25) Concurrent Mark From Roots
[2022-09-29T05:31:15.553+0000][8][gc,task     ] GC(25) Using 3 workers of 3 for marking
[2022-09-29T05:31:15.580+0000][8][gc,marking  ] GC(25) Concurrent Mark From Roots 27.144ms
[2022-09-29T05:31:15.580+0000][8][gc,marking  ] GC(25) Concurrent Preclean
[2022-09-29T05:31:15.580+0000][8][safepoint   ] Safepoint "CollectForMetadataAllocation", Time since last: 33912346 ns, Reaching safepoint: 195613 ns, At safepoint: 136931 ns, Total: 332544 ns
[2022-09-29T05:31:15.581+0000][8][gc,marking  ] GC(25) Concurrent Preclean 0.648ms
[2022-09-29T05:31:15.581+0000][8][gc,marking  ] GC(25) Concurrent Mark (12.408s, 12.436s) 28.955ms
[2022-09-29T05:31:15.582+0000][8][gc,start    ] GC(25) Pause Remark
[2022-09-29T05:31:15.585+0000][8][gc          ] GC(25) Pause Remark 73M->73M(256M) 2.761ms
[2022-09-29T05:31:15.585+0000][8][gc,cpu      ] GC(25) User=0.02s Sys=0.00s Real=0.00s
[2022-09-29T05:31:15.585+0000][8][safepoint   ] Safepoint "G1Concurrent", Time since last: 1492682 ns, Reaching safepoint: 287367 ns, At safepoint: 3542150 ns, Total: 3829517 ns
[2022-09-29T05:31:15.586+0000][8][gc,marking  ] GC(25) Concurrent Rebuild Remembered Sets
[2022-09-29T05:31:15.610+0000][8][gc,marking  ] GC(25) Concurrent Rebuild Remembered Sets 24.215ms
[2022-09-29T05:31:15.611+0000][8][gc,start    ] GC(25) Pause Cleanup
[2022-09-29T05:31:15.612+0000][8][gc          ] GC(25) Pause Cleanup 76M->76M(256M) 0.619ms
[2022-09-29T05:31:15.612+0000][8][gc,cpu      ] GC(25) User=0.00s Sys=0.00s Real=0.00s
[2022-09-29T05:31:15.613+0000][8][safepoint   ] Safepoint "G1Concurrent", Time since last: 25195794 ns, Reaching safepoint: 837285 ns, At safepoint: 1510248 ns, Total: 2347533 ns
[2022-09-29T05:31:15.613+0000][8][gc,marking  ] GC(25) Concurrent Cleanup for Next Mark
[2022-09-29T05:31:15.615+0000][8][gc,marking  ] GC(25) Concurrent Cleanup for Next Mark 1.063ms
[2022-09-29T05:31:15.615+0000][8][gc          ] GC(25) Concurrent Cycle 69.258ms
[2022-09-29T05:31:16.831+0000][8][safepoint   ] Safepoint "Cleanup", Time since last: 1216182907 ns, Reaching safepoint: 1436368 ns, At safepoint: 89480 ns, Total: 1525848 ns
[2022-09-29T05:31:17.832+0000][8][safepoint   ] Safepoint "Cleanup", Time since last: 1000851852 ns, Reaching safepoint: 463558 ns, At safepoint: 117294 ns, Total: 580852 ns
[2022-09-29T05:31:18.265+0000][8][gc,start    ] GC(26) Pause Young (Concurrent Start) (G1 Evacuation Pause)
[2022-09-29T05:31:18.265+0000][8][gc,task     ] GC(26) Using 6 workers of 13 for evacuation
[2022-09-29T05:31:18.266+0000][8][gc,age      ] GC(26) Desired survivor size 10485760 bytes, new threshold 3 (max threshold 15)
[2022-09-29T05:31:18.279+0000][8][gc,age      ] GC(26) Age table with threshold 3 (max threshold 15)
[2022-09-29T05:31:18.279+0000][8][gc,age      ] GC(26) - age   1:    6676160 bytes,    6676160 total
[2022-09-29T05:31:18.279+0000][8][gc,age      ] GC(26) - age   2:    4221952 bytes,   10898112 total
[2022-09-29T05:31:18.279+0000][8][gc,age      ] GC(26) - age   3:    5015872 bytes,   15913984 total
[2022-09-29T05:31:18.280+0000][8][gc,phases   ] GC(26)   Pre Evacuate Collection Set: 0.3ms
[2022-09-29T05:31:18.280+0000][8][gc,phases   ] GC(26)   Merge Heap Roots: 0.1ms
[2022-09-29T05:31:18.280+0000][8][gc,phases   ] GC(26)   Evacuate Collection Set: 10.9ms
[2022-09-29T05:31:18.280+0000][8][gc,phases   ] GC(26)   Post Evacuate Collection Set: 1.5ms
[2022-09-29T05:31:18.281+0000][8][gc,phases   ] GC(26)   Other: 2.0ms
[2022-09-29T05:31:18.281+0000][8][gc,heap     ] GC(26) Eden regions: 30->0(28)
[2022-09-29T05:31:18.281+0000][8][gc,heap     ] GC(26) Survivor regions: 3->4(5)
[2022-09-29T05:31:18.281+0000][8][gc,heap     ] GC(26) Old regions: 14->15
[2022-09-29T05:31:18.281+0000][8][gc,heap     ] GC(26) Archive regions: 2->2
[2022-09-29T05:31:18.282+0000][8][gc,heap     ] GC(26) Humongous regions: 0->0
[2022-09-29T05:31:18.282+0000][8][gc,metaspace] GC(26) Metaspace: 81309K(84680K)->81309K(84680K) NonClass: 70431K(72776K)->70431K(72776K) Class: 10877K(11904K)->10877K(11904K)
[2022-09-29T05:31:18.282+0000][8][gc          ] GC(26) Pause Young (Concurrent Start) (G1 Evacuation Pause) 190M->76M(256M) 17.196ms
[2022-09-29T05:31:18.282+0000][8][gc,cpu      ] GC(26) User=0.08s Sys=0.00s Real=0.02s
[2022-09-29T05:31:18.282+0000][8][gc          ] GC(27) Concurrent Cycle
[2022-09-29T05:31:18.283+0000][8][safepoint   ] Safepoint "G1CollectForAllocation", Time since last: 432323450 ns, Reaching safepoint: 366326 ns, At safepoint: 17799434 ns, Total: 18165760 ns
[2022-09-29T05:31:18.283+0000][8][gc,marking  ] GC(27) Concurrent Clear Claimed Marks
[2022-09-29T05:31:18.285+0000][8][gc,marking  ] GC(27) Concurrent Clear Claimed Marks 2.208ms
[2022-09-29T05:31:18.286+0000][8][gc,marking  ] GC(27) Concurrent Scan Root Regions
[2022-09-29T05:31:18.293+0000][8][gc,marking  ] GC(27) Concurrent Scan Root Regions 7.858ms
[2022-09-29T05:31:18.294+0000][8][gc,marking  ] GC(27) Concurrent Mark (15.149s)
[2022-09-29T05:31:18.295+0000][8][gc,marking  ] GC(27) Concurrent Mark From Roots
[2022-09-29T05:31:18.295+0000][8][gc,task     ] GC(27) Using 3 workers of 3 for marking
[2022-09-29T05:31:18.328+0000][8][gc,marking  ] GC(27) Concurrent Mark From Roots 33.493ms
[2022-09-29T05:31:18.328+0000][8][gc,marking  ] GC(27) Concurrent Preclean
[2022-09-29T05:31:18.329+0000][8][gc,marking  ] GC(27) Concurrent Preclean 0.624ms
[2022-09-29T05:31:18.329+0000][8][gc,marking  ] GC(27) Concurrent Mark (15.149s, 15.185s) 35.457ms
[2022-09-29T05:31:18.330+0000][8][gc,start    ] GC(27) Pause Remark
[2022-09-29T05:31:18.333+0000][8][gc          ] GC(27) Pause Remark 82M->82M(256M) 3.095ms
[2022-09-29T05:31:18.334+0000][8][gc,cpu      ] GC(27) User=0.01s Sys=0.00s Real=0.00s
[2022-09-29T05:31:18.334+0000][8][safepoint   ] Safepoint "G1Concurrent", Time since last: 47327537 ns, Reaching safepoint: 232533 ns, At safepoint: 4347029 ns, Total: 4579562 ns
[2022-09-29T05:31:18.335+0000][8][gc,marking  ] GC(27) Concurrent Rebuild Remembered Sets
[2022-09-29T05:31:18.355+0000][8][gc,marking  ] GC(27) Concurrent Rebuild Remembered Sets 20.427ms
[2022-09-29T05:31:18.356+0000][8][gc,start    ] GC(27) Pause Cleanup
[2022-09-29T05:31:18.357+0000][8][gc          ] GC(27) Pause Cleanup 82M->82M(256M) 0.492ms
[2022-09-29T05:31:18.357+0000][8][gc,cpu      ] GC(27) User=0.01s Sys=0.00s Real=0.00s
[2022-09-29T05:31:18.358+0000][8][safepoint   ] Safepoint "G1Concurrent", Time since last: 21514584 ns, Reaching safepoint: 440188 ns, At safepoint: 1202131 ns, Total: 1642319 ns
[2022-09-29T05:31:18.358+0000][8][gc,marking  ] GC(27) Concurrent Cleanup for Next Mark
[2022-09-29T05:31:18.359+0000][8][gc,marking  ] GC(27) Concurrent Cleanup for Next Mark 0.826ms
[2022-09-29T05:31:18.359+0000][8][gc          ] GC(27) Concurrent Cycle 76.808ms
[2022-09-29T05:31:19.049+0000][8][safepoint   ] Safepoint "ICBufferFull", Time since last: 690706922 ns, Reaching safepoint: 304338 ns, At safepoint: 90513 ns, Total: 394851 ns
[2022-09-29T05:31:20.050+0000][8][safepoint   ] Safepoint "Cleanup", Time since last: 1000884691 ns, Reaching safepoint: 251379 ns, At safepoint: 29677 ns, Total: 281056 ns
[2022-09-29T05:31:22.052+0000][8][safepoint   ] Safepoint "Cleanup", Time since last: 2001102374 ns, Reaching safepoint: 461047 ns, At safepoint: 32241 ns, Total: 493288 ns
[2022-09-29T05:31:23.053+0000][8][safepoint   ] Safepoint "Cleanup", Time since last: 1000671215 ns, Reaching safepoint: 437223 ns, At safepoint: 35047 ns, Total: 472270 ns
[2022-09-29T05:31:24.054+0000][8][safepoint   ] Safepoint "Cleanup", Time since last: 1000759052 ns, Reaching safepoint: 256760 ns, At safepoint: 41018 ns, Total: 297778 ns
[2022-09-29T05:31:26.055+0000][8][safepoint   ] Safepoint "Cleanup", Time since last: 2000846835 ns, Reaching safepoint: 201614 ns, At safepoint: 5120 ns, Total: 206734 ns
[2022-09-29T05:31:30.056+0000][8][safepoint   ] Safepoint "Cleanup", Time since last: 4000889669 ns, Reaching safepoint: 271898 ns, At safepoint: 30909 ns, Total: 302807 ns
[2022-09-29T05:31:43.059+0000][8][safepoint   ] Safepoint "Cleanup", Time since last: 13002435175 ns, Reaching safepoint: 213529 ns, At safepoint: 24738 ns, Total: 238267 ns
[2022-09-29T05:31:46.060+0000][8][safepoint   ] Safepoint "Cleanup", Time since last: 3001019478 ns, Reaching safepoint: 318737 ns, At safepoint: 37081 ns, Total: 355818 ns
[2022-09-29T05:31:47.061+0000][8][safepoint   ] Safepoint "Cleanup", Time since last: 1000725999 ns, Reaching safepoint: 466099 ns, At safepoint: 56938 ns, Total: 523037 ns
[2022-09-29T05:31:49.063+0000][8][safepoint   ] Safepoint "Cleanup", Time since last: 2000913271 ns, Reaching safepoint: 301385 ns, At safepoint: 45266 ns, Total: 346651 ns
[2022-09-29T05:31:50.065+0000][8][safepoint   ] Safepoint "Cleanup", Time since last: 1001386799 ns, Reaching safepoint: 648616 ns, At safepoint: 67418 ns, Total: 716034 ns
[2022-09-29T05:31:54.066+0000][8][safepoint   ] Safepoint "Cleanup", Time since last: 4001391705 ns, Reaching safepoint: 271861 ns, At safepoint: 54123 ns, Total: 325984 ns
[2022-09-29T05:32:00.068+0000][8][safepoint   ] Safepoint "Cleanup", Time since last: 6001246628 ns, Reaching safepoint: 194731 ns, At safepoint: 23966 ns, Total: 218697 ns
[2022-09-29T05:32:08.070+0000][8][safepoint   ] Safepoint "Cleanup", Time since last: 8001511376 ns, Reaching safepoint: 215130 ns, At safepoint: 23084 ns, Total: 238214 ns
[2022-09-29T05:32:09.071+0000][8][safepoint   ] Safepoint "Cleanup", Time since last: 1000651429 ns, Reaching safepoint: 311704 ns, At safepoint: 45297 ns, Total: 357001 ns
[2022-09-29T05:32:10.071+0000][8][safepoint   ] Safepoint "Cleanup", Time since last: 1000672284 ns, Reaching safepoint: 205482 ns, At safepoint: 30799 ns, Total: 236281 ns
[2022-09-29T05:32:11.072+0000][8][safepoint   ] Safepoint "Cleanup", Time since last: 1000450293 ns, Reaching safepoint: 297046 ns, At safepoint: 26852 ns, Total: 323898 ns
[2022-09-29T05:32:13.073+0000][8][safepoint   ] Safepoint "Cleanup", Time since last: 2000767363 ns, Reaching safepoint: 264515 ns, At safepoint: 23905 ns, Total: 288420 ns
[2022-09-29T05:32:14.074+0000][8][safepoint   ] Safepoint "Cleanup", Time since last: 1000501692 ns, Reaching safepoint: 301294 ns, At safepoint: 52220 ns, Total: 353514 ns
[2022-09-29T05:32:18.076+0000][8][safepoint   ] Safepoint "Cleanup", Time since last: 4001092074 ns, Reaching safepoint: 240681 ns, At safepoint: 24957 ns, Total: 265638 ns
[2022-09-29T05:32:19.076+0000][8][safepoint   ] Safepoint "Cleanup", Time since last: 1000496570 ns, Reaching safepoint: 214308 ns, At safepoint: 22303 ns, Total: 236611 ns
[2022-09-29T05:32:20.077+0000][8][safepoint   ] Safepoint "Cleanup", Time since last: 1000458740 ns, Reaching safepoint: 195272 ns, At safepoint: 19788 ns, Total: 215060 ns
[2022-09-29T05:32:28.078+0000][8][safepoint   ] Safepoint "Cleanup", Time since last: 8001360771 ns, Reaching safepoint: 201595 ns, At safepoint: 5500 ns, Total: 207095 ns
[2022-09-29T05:32:38.081+0000][8][safepoint   ] Safepoint "Cleanup", Time since last: 10002271134 ns, Reaching safepoint: 193048 ns, At safepoint: 23414 ns, Total: 216462 ns
[2022-09-29T05:32:43.082+0000][8][safepoint   ] Safepoint "Cleanup", Time since last: 5001066792 ns, Reaching safepoint: 167670 ns, At safepoint: 27041 ns, Total: 194711 ns
[2022-09-29T05:32:49.084+0000][8][safepoint   ] Safepoint "Cleanup", Time since last: 6001504211 ns, Reaching safepoint: 188520 ns, At safepoint: 6011 ns, Total: 194531 ns
[2022-09-29T05:33:02.090+0000][8][safepoint   ] Safepoint "Cleanup", Time since last: 13002853137 ns, Reaching safepoint: 2996100 ns, At safepoint: 34876 ns, Total: 3030976 ns
[2022-09-29T05:33:03.092+0000][8][safepoint   ] Safepoint "Cleanup", Time since last: 1001646619 ns, Reaching safepoint: 219708 ns, At safepoint: 19407 ns, Total: 239115 ns
[2022-09-29T05:33:04.094+0000][8][safepoint   ] Safepoint "Cleanup", Time since last: 1001474125 ns, Reaching safepoint: 419011 ns, At safepoint: 50797 ns, Total: 469808 ns
[2022-09-29T05:33:11.096+0000][8][safepoint   ] Safepoint "Cleanup", Time since last: 7001703564 ns, Reaching safepoint: 198318 ns, At safepoint: 27793 ns, Total: 226111 ns
[2022-09-29T05:33:13.097+0000][8][safepoint   ] Safepoint "Cleanup", Time since last: 2000991752 ns, Reaching safepoint: 525301 ns, At safepoint: 52941 ns, Total: 578242 ns
[2022-09-29T05:33:24.100+0000][8][safepoint   ] Safepoint "Cleanup", Time since last: 11002068265 ns, Reaching safepoint: 287958 ns, At safepoint: 32282 ns, Total: 320240 ns
[2022-09-29T05:33:25.100+0000][8][safepoint   ] Safepoint "Cleanup", Time since last: 1000658974 ns, Reaching safepoint: 258811 ns, At safepoint: 27222 ns, Total: 286033 ns
[2022-09-29T05:33:37.104+0000][8][safepoint   ] Safepoint "Cleanup", Time since last: 12003188154 ns, Reaching safepoint: 387594 ns, At safepoint: 29346 ns, Total: 416940 ns
[2022-09-29T05:33:49.108+0000][8][safepoint   ] Safepoint "Cleanup", Time since last: 12003287289 ns, Reaching safepoint: 472500 ns, At safepoint: 59784 ns, Total: 532284 ns
[2022-09-29T05:33:55.110+0000][8][safepoint   ] Safepoint "Cleanup", Time since last: 6001903793 ns, Reaching safepoint: 316974 ns, At safepoint: 40317 ns, Total: 357291 ns
[2022-09-29T05:34:19.116+0000][8][safepoint   ] Safepoint "Cleanup", Time since last: 24004944902 ns, Reaching safepoint: 382348 ns, At safepoint: 41600 ns, Total: 423948 ns
[2022-09-29T05:34:28.118+0000][8][safepoint   ] Safepoint "Cleanup", Time since last: 9002159096 ns, Reaching safepoint: 197757 ns, At safepoint: 19627 ns, Total: 217384 ns
[2022-09-29T05:34:29.119+0000][8][safepoint   ] Safepoint "Cleanup", Time since last: 1000669755 ns, Reaching safepoint: 561440 ns, At safepoint: 222163 ns, Total: 783603 ns
[2022-09-29T05:35:19.130+0000][8][safepoint   ] Safepoint "Cleanup", Time since last: 50010152765 ns, Reaching safepoint: 271382 ns, At safepoint: 10239 ns, Total: 281621 ns
[2022-09-29T05:36:06.140+0000][8][safepoint   ] Safepoint "Cleanup", Time since last: 47010299063 ns, Reaching safepoint: 225480 ns, At safepoint: 25108 ns, Total: 250588 ns
[2022-09-29T05:36:39.148+0000][8][safepoint   ] Safepoint "Cleanup", Time since last: 33007007685 ns, Reaching safepoint: 416003 ns, At safepoint: 61617 ns, Total: 477620 ns
[2022-09-29T05:36:49.151+0000][8][safepoint   ] Safepoint "Cleanup", Time since last: 10002286495 ns, Reaching safepoint: 298930 ns, At safepoint: 95211 ns, Total: 394141 ns
[2022-09-29T05:37:08.823+0000][8][safepoint   ] Safepoint "Cleanup", Time since last: 19671793154 ns, Reaching safepoint: 441426 ns, At safepoint: 89891 ns, Total: 531317 ns
[2022-09-29T05:37:48.833+0000][8][safepoint   ] Safepoint "Cleanup", Time since last: 40009464934 ns, Reaching safepoint: 240147 ns, At safepoint: 23335 ns, Total: 263482 ns
[2022-09-29T05:38:09.838+0000][8][safepoint   ] Safepoint "Cleanup", Time since last: 21004584097 ns, Reaching safepoint: 320916 ns, At safepoint: 31951 ns, Total: 352867 ns
[2022-09-29T05:38:18.840+0000][8][safepoint   ] Safepoint "Cleanup", Time since last: 9002270265 ns, Reaching safepoint: 234760 ns, At safepoint: 24347 ns, Total: 259107 ns
[2022-09-29T05:38:20.841+0000][8][safepoint   ] Safepoint "Cleanup", Time since last: 2000654775 ns, Reaching safepoint: 317865 ns, At safepoint: 41249 ns, Total: 359114 ns
[2022-09-29T05:38:21.842+0000][8][safepoint   ] Safepoint "Cleanup", Time since last: 1001016623 ns, Reaching safepoint: 278611 ns, At safepoint: 6312 ns, Total: 284923 ns
[2022-09-29T05:38:24.844+0000][8][safepoint   ] Safepoint "Cleanup", Time since last: 3001113561 ns, Reaching safepoint: 297868 ns, At safepoint: 48152 ns, Total: 346020 ns
[2022-09-29T05:38:27.845+0000][8][safepoint   ] Safepoint "Cleanup", Time since last: 3001124819 ns, Reaching safepoint: 290012 ns, At safepoint: 42602 ns, Total: 332614 ns
[2022-09-29T05:39:17.857+0000][8][safepoint   ] Safepoint "Cleanup", Time since last: 50010914139 ns, Reaching safepoint: 713149 ns, At safepoint: 121860 ns, Total: 835009 ns
[2022-09-29T05:40:18.872+0000][8][safepoint   ] Safepoint "Cleanup", Time since last: 61014862065 ns, Reaching safepoint: 243839 ns, At safepoint: 33514 ns, Total: 277353 ns
[2022-09-29T05:41:32.888+0000][8][safepoint   ] Safepoint "Cleanup", Time since last: 74015297227 ns, Reaching safepoint: 218466 ns, At safepoint: 25258 ns, Total: 243724 ns
[2022-09-29T05:41:33.889+0000][8][safepoint   ] Safepoint "Cleanup", Time since last: 1000542590 ns, Reaching safepoint: 550108 ns, At safepoint: 56277 ns, Total: 606385 ns
[2022-09-29T05:41:44.892+0000][8][safepoint   ] Safepoint "Cleanup", Time since last: 11002786464 ns, Reaching safepoint: 583314 ns, At safepoint: 27533 ns, Total: 610847 ns
[2022-09-29T05:42:54.906+0000][8][safepoint   ] Safepoint "Cleanup", Time since last: 70013682957 ns, Reaching safepoint: 323209 ns, At safepoint: 23695 ns, Total: 346904 ns
[2022-09-29T05:43:18.913+0000][8][safepoint   ] Safepoint "Cleanup", Time since last: 24005947991 ns, Reaching safepoint: 370183 ns, At safepoint: 51568 ns, Total: 421751 ns
[2022-09-29T05:43:19.914+0000][8][safepoint   ] Safepoint "Cleanup", Time since last: 1000878370 ns, Reaching safepoint: 339607 ns, At safepoint: 52119 ns, Total: 391726 ns
[2022-09-29T05:43:22.915+0000][8][safepoint   ] Safepoint "Cleanup", Time since last: 3001070309 ns, Reaching safepoint: 269013 ns, At safepoint: 22122 ns, Total: 291135 ns
[2022-09-29T05:43:44.920+0000][8][safepoint   ] Safepoint "Cleanup", Time since last: 22004060333 ns, Reaching safepoint: 205892 ns, At safepoint: 29596 ns, Total: 235488 ns
[2022-09-29T05:44:19.116+0000][8][safepoint   ] Safepoint "Cleanup", Time since last: 34195864779 ns, Reaching safepoint: 250266 ns, At safepoint: 59444 ns, Total: 309710 ns
[2022-09-29T05:44:20.117+0000][8][safepoint   ] Safepoint "Cleanup", Time since last: 1000862254 ns, Reaching safepoint: 176546 ns, At safepoint: 4949 ns, Total: 181495 ns
[2022-09-29T05:45:19.128+0000][8][safepoint   ] Safepoint "Cleanup", Time since last: 59010967409 ns, Reaching safepoint: 574114 ns, At safepoint: 57119 ns, Total: 631233 ns
[2022-09-29T05:46:15.141+0000][8][safepoint   ] Safepoint "Cleanup", Time since last: 56011756005 ns, Reaching safepoint: 420912 ns, At safepoint: 73880 ns, Total: 494792 ns
[2022-09-29T05:46:38.145+0000][8][safepoint   ] Safepoint "Cleanup", Time since last: 23004223023 ns, Reaching safepoint: 190433 ns, At safepoint: 4288 ns, Total: 194721 ns
[2022-09-29T05:47:19.155+0000][8][safepoint   ] Safepoint "Cleanup", Time since last: 41009516320 ns, Reaching safepoint: 283069 ns, At safepoint: 40117 ns, Total: 323186 ns
[2022-09-29T05:47:29.157+0000][8][safepoint   ] Safepoint "Cleanup", Time since last: 10002057581 ns, Reaching safepoint: 168110 ns, At safepoint: 3707 ns, Total: 171817 ns
[2022-09-29T05:49:39.183+0000][8][safepoint   ] Safepoint "Cleanup", Time since last: 130025489226 ns, Reaching safepoint: 219138 ns, At safepoint: 29556 ns, Total: 248694 ns
[2022-09-29T05:49:49.186+0000][8][safepoint   ] Safepoint "Cleanup", Time since last: 10002210931 ns, Reaching safepoint: 426052 ns, At safepoint: 57540 ns, Total: 483592 ns
[2022-09-29T05:50:05.190+0000][8][safepoint   ] Safepoint "Cleanup", Time since last: 16004584356 ns, Reaching safepoint: 179041 ns, At safepoint: 21311 ns, Total: 200352 ns
[2022-09-29T05:50:29.195+0000][8][safepoint   ] Safepoint "Cleanup", Time since last: 24004643299 ns, Reaching safepoint: 189802 ns, At safepoint: 22443 ns, Total: 212245 ns
[2022-09-29T05:51:10.207+0000][8][safepoint   ] Safepoint "Cleanup", Time since last: 41010911158 ns, Reaching safepoint: 462431 ns, At safepoint: 75604 ns, Total: 538035 ns
[2022-09-29T05:51:35.214+0000][8][safepoint   ] Safepoint "Cleanup", Time since last: 25007005687 ns, Reaching safepoint: 244544 ns, At safepoint: 25028 ns, Total: 269572 ns
[2022-09-29T05:52:18.223+0000][8][safepoint   ] Safepoint "Cleanup", Time since last: 43009019872 ns, Reaching safepoint: 318632 ns, At safepoint: 25148 ns, Total: 343780 ns
[2022-09-29T05:52:43.229+0000][8][safepoint   ] Safepoint "Cleanup", Time since last: 25005730167 ns, Reaching safepoint: 183459 ns, At safepoint: 23725 ns, Total: 207184 ns
[2022-09-29T05:52:48.231+0000][8][safepoint   ] Safepoint "Cleanup", Time since last: 5001126676 ns, Reaching safepoint: 246711 ns, At safepoint: 26700 ns, Total: 273411 ns
[2022-09-29T05:55:25.261+0000][8][safepoint   ] Safepoint "Cleanup", Time since last: 157030065070 ns, Reaching safepoint: 331772 ns, At safepoint: 35267 ns, Total: 367039 ns
[2022-09-29T05:55:25.653+0000][8][gc,heap,exit] Heap
[2022-09-29T05:55:25.653+0000][8][gc,heap,exit]  garbage-first heap   total 262144K, used 160395K [0x00000000f0000000, 0x0000000100000000)
[2022-09-29T05:55:25.654+0000][8][gc,heap,exit]   region size 4096K, 25 young (102400K), 4 survivors (16384K)
[2022-09-29T05:55:25.654+0000][8][gc,heap,exit]  Metaspace       used 87247K, capacity 90594K, committed 90952K, reserved 1128448K
[2022-09-29T05:55:25.654+0000][8][gc,heap,exit]   class space    used 11734K, capacity 12747K, committed 12800K, reserved 1048576K
