[2022-09-29T05:27:09.992+0000][178][gc] Using G1
[2022-09-29T05:27:09.997+0000][178][gc,init] Version: 15.0.1+9 (release)
[2022-09-29T05:27:09.997+0000][178][gc,init] CPUs: 16 total, 16 available
[2022-09-29T05:27:09.998+0000][178][gc,init] Memory: 7629M
[2022-09-29T05:27:09.998+0000][178][gc,init] Large Page Support: Disabled
[2022-09-29T05:27:09.999+0000][178][gc,init] NUMA Support: Disabled
[2022-09-29T05:27:09.999+0000][178][gc,init] Compressed Oops: Enabled (32-bit)
[2022-09-29T05:27:10.000+0000][178][gc,init] Heap Region Size: 1M
[2022-09-29T05:27:10.000+0000][178][gc,init] Heap Min Capacity: 256M
[2022-09-29T05:27:10.000+0000][178][gc,init] Heap Initial Capacity: 256M
[2022-09-29T05:27:10.001+0000][178][gc,init] Heap Max Capacity: 256M
[2022-09-29T05:27:10.002+0000][178][gc,init] Pre-touch: Disabled
[2022-09-29T05:27:10.002+0000][178][gc,init] Parallel Workers: 13
[2022-09-29T05:27:10.002+0000][178][gc,init] Concurrent Workers: 3
[2022-09-29T05:27:10.003+0000][178][gc,init] Concurrent Refinement Workers: 13
[2022-09-29T05:27:10.003+0000][178][gc,init] Periodic GC: Disabled
[2022-09-29T05:27:10.004+0000][178][gc,metaspace] CDS disabled.
[2022-09-29T05:27:10.004+0000][178][gc,metaspace] Compressed class space mapped at: 0x0000000100000000-0x0000000140000000, size: 1073741824
[2022-09-29T05:27:10.004+0000][178][gc,metaspace] Narrow klass base: 0x0000000000000000, Narrow klass shift: 3, Narrow klass range: 0x140000000
[2022-09-29T05:27:10.096+0000][178][gc,heap,exit] Heap
[2022-09-29T05:27:10.096+0000][178][gc,heap,exit]  garbage-first heap   total 262144K, used 1024K [0x00000000f0000000, 0x0000000100000000)
[2022-09-29T05:27:10.097+0000][178][gc,heap,exit]   region size 1024K, 2 young (2048K), 0 survivors (0K)
[2022-09-29T05:27:10.097+0000][178][gc,heap,exit]  Metaspace       used 3409K, capacity 4480K, committed 4480K, reserved 1056768K
[2022-09-29T05:27:10.098+0000][178][gc,heap,exit]   class space    used 278K, capacity 384K, committed 384K, reserved 1048576K
