[2022-09-29T05:27:10.177+0000][8][gc] Using G1
[2022-09-29T05:27:10.314+0000][8][gc,init] Version: 15.0.1+9 (release)
[2022-09-29T05:27:10.315+0000][8][gc,init] CPUs: 16 total, 16 available
[2022-09-29T05:27:10.315+0000][8][gc,init] Memory: 7629M
[2022-09-29T05:27:10.316+0000][8][gc,init] Large Page Support: Disabled
[2022-09-29T05:27:10.316+0000][8][gc,init] NUMA Support: Disabled
[2022-09-29T05:27:10.317+0000][8][gc,init] Compressed Oops: Enabled (32-bit)
[2022-09-29T05:27:10.317+0000][8][gc,init] Heap Region Size: 4M
[2022-09-29T05:27:10.318+0000][8][gc,init] Heap Min Capacity: 256M
[2022-09-29T05:27:10.318+0000][8][gc,init] Heap Initial Capacity: 256M
[2022-09-29T05:27:10.319+0000][8][gc,init] Heap Max Capacity: 256M
[2022-09-29T05:27:10.319+0000][8][gc,init] Pre-touch: Enabled
[2022-09-29T05:27:10.320+0000][8][gc,init] Parallel Workers: 13
[2022-09-29T05:27:10.320+0000][8][gc,init] Concurrent Workers: 3
[2022-09-29T05:27:10.321+0000][8][gc,init] Concurrent Refinement Workers: 13
[2022-09-29T05:27:10.321+0000][8][gc,init] Periodic GC: Disabled
[2022-09-29T05:27:10.322+0000][8][gc,cds ] Mark closed archive regions in map: [0x00000000ffc00000, 0x00000000ffc7bff8]
[2022-09-29T05:27:10.323+0000][8][gc,cds ] Mark open archive regions in map: [0x00000000ffb00000, 0x00000000ffb51ff8]
[2022-09-29T05:27:10.323+0000][8][gc,metaspace] CDS archive(s) mapped at: [0x0000000800000000-0x0000000800b2a000-0x0000000800b2a000), size 11706368, SharedBaseAddress: 0x0000000800000000, ArchiveRelocationMode: 0.
[2022-09-29T05:27:10.324+0000][8][gc,metaspace] Compressed class space mapped at: 0x0000000800b2c000-0x0000000840b2c000, size: 1073741824
[2022-09-29T05:27:10.325+0000][8][gc,metaspace] Narrow klass base: 0x0000000800000000, Narrow klass shift: 3, Narrow klass range: 0x100000000
[2022-09-29T05:27:10.841+0000][8][safepoint   ] Safepoint "ICBufferFull", Time since last: 505723720 ns, Reaching safepoint: 242341 ns, At safepoint: 23425 ns, Total: 265766 ns
[2022-09-29T05:27:10.957+0000][8][gc,start    ] GC(0) Pause Young (Normal) (G1 Evacuation Pause)
[2022-09-29T05:27:10.959+0000][8][gc,task     ] GC(0) Using 6 workers of 13 for evacuation
[2022-09-29T05:27:10.959+0000][8][gc,age      ] GC(0) Desired survivor size 2097152 bytes, new threshold 15 (max threshold 15)
[2022-09-29T05:27:10.962+0000][8][gc,age      ] GC(0) Age table with threshold 15 (max threshold 15)
[2022-09-29T05:27:10.963+0000][8][gc,age      ] GC(0) - age   1:    3781024 bytes,    3781024 total
[2022-09-29T05:27:10.963+0000][8][gc,phases   ] GC(0)   Pre Evacuate Collection Set: 0.1ms
[2022-09-29T05:27:10.963+0000][8][gc,phases   ] GC(0)   Merge Heap Roots: 0.1ms
[2022-09-29T05:27:10.964+0000][8][gc,phases   ] GC(0)   Evacuate Collection Set: 1.5ms
[2022-09-29T05:27:10.964+0000][8][gc,phases   ] GC(0)   Post Evacuate Collection Set: 0.7ms
[2022-09-29T05:27:10.964+0000][8][gc,phases   ] GC(0)   Other: 3.2ms
[2022-09-29T05:27:10.964+0000][8][gc,heap     ] GC(0) Eden regions: 5->0(5)
[2022-09-29T05:27:10.965+0000][8][gc,heap     ] GC(0) Survivor regions: 0->1(1)
[2022-09-29T05:27:10.965+0000][8][gc,heap     ] GC(0) Old regions: 0->0
[2022-09-29T05:27:10.965+0000][8][gc,heap     ] GC(0) Archive regions: 2->2
[2022-09-29T05:27:10.965+0000][8][gc,heap     ] GC(0) Humongous regions: 0->0
[2022-09-29T05:27:10.966+0000][8][gc,metaspace] GC(0) Metaspace: 6739K(8576K)->6739K(8576K) NonClass: 6013K(7680K)->6013K(7680K) Class: 725K(896K)->725K(896K)
[2022-09-29T05:27:10.966+0000][8][gc          ] GC(0) Pause Young (Normal) (G1 Evacuation Pause) 23M->7M(256M) 8.435ms
[2022-09-29T05:27:10.966+0000][8][gc,cpu      ] GC(0) User=0.01s Sys=0.00s Real=0.01s
[2022-09-29T05:27:10.967+0000][8][safepoint   ] Safepoint "G1CollectForAllocation", Time since last: 116669877 ns, Reaching safepoint: 158141 ns, At safepoint: 9150037 ns, Total: 9308178 ns
[2022-09-29T05:27:11.833+0000][8][safepoint   ] Safepoint "ICBufferFull", Time since last: 866635305 ns, Reaching safepoint: 285499 ns, At safepoint: 27482 ns, Total: 312981 ns
[2022-09-29T05:27:11.843+0000][8][gc,start    ] GC(1) Pause Young (Normal) (G1 Evacuation Pause)
[2022-09-29T05:27:11.843+0000][8][gc,task     ] GC(1) Using 6 workers of 13 for evacuation
[2022-09-29T05:27:11.843+0000][8][gc,age      ] GC(1) Desired survivor size 2097152 bytes, new threshold 1 (max threshold 15)
[2022-09-29T05:27:11.848+0000][8][gc,age      ] GC(1) Age table with threshold 1 (max threshold 15)
[2022-09-29T05:27:11.848+0000][8][gc,age      ] GC(1) - age   1:    1845016 bytes,    1845016 total
[2022-09-29T05:27:11.848+0000][8][gc,phases   ] GC(1)   Pre Evacuate Collection Set: 0.1ms
[2022-09-29T05:27:11.848+0000][8][gc,phases   ] GC(1)   Merge Heap Roots: 0.1ms
[2022-09-29T05:27:11.848+0000][8][gc,phases   ] GC(1)   Evacuate Collection Set: 2.9ms
[2022-09-29T05:27:11.849+0000][8][gc,phases   ] GC(1)   Post Evacuate Collection Set: 0.7ms
[2022-09-29T05:27:11.849+0000][8][gc,phases   ] GC(1)   Other: 1.8ms
[2022-09-29T05:27:11.849+0000][8][gc,heap     ] GC(1) Eden regions: 5->0(11)
[2022-09-29T05:27:11.849+0000][8][gc,heap     ] GC(1) Survivor regions: 1->1(1)
[2022-09-29T05:27:11.850+0000][8][gc,heap     ] GC(1) Old regions: 0->1
[2022-09-29T05:27:11.850+0000][8][gc,heap     ] GC(1) Archive regions: 2->2
[2022-09-29T05:27:11.850+0000][8][gc,heap     ] GC(1) Humongous regions: 0->0
[2022-09-29T05:27:11.850+0000][8][gc,metaspace] GC(1) Metaspace: 12012K(12544K)->12012K(12544K) NonClass: 10592K(11008K)->10592K(11008K) Class: 1420K(1536K)->1420K(1536K)
[2022-09-29T05:27:11.851+0000][8][gc          ] GC(1) Pause Young (Normal) (G1 Evacuation Pause) 27M->9M(256M) 8.159ms
[2022-09-29T05:27:11.851+0000][8][gc,cpu      ] GC(1) User=0.03s Sys=0.00s Real=0.01s
[2022-09-29T05:27:11.851+0000][8][safepoint   ] Safepoint "G1CollectForAllocation", Time since last: 8657313 ns, Reaching safepoint: 345438 ns, At safepoint: 8927502 ns, Total: 9272940 ns
[2022-09-29T05:27:12.328+0000][8][safepoint   ] Safepoint "ICBufferFull", Time since last: 475918275 ns, Reaching safepoint: 254926 ns, At safepoint: 40437 ns, Total: 295363 ns
[2022-09-29T05:27:12.429+0000][8][gc,start    ] GC(2) Pause Young (Normal) (G1 Evacuation Pause)
[2022-09-29T05:27:12.429+0000][8][gc,task     ] GC(2) Using 6 workers of 13 for evacuation
[2022-09-29T05:27:12.430+0000][8][gc,age      ] GC(2) Desired survivor size 4194304 bytes, new threshold 15 (max threshold 15)
[2022-09-29T05:27:12.434+0000][8][gc,age      ] GC(2) Age table with threshold 15 (max threshold 15)
[2022-09-29T05:27:12.434+0000][8][gc,age      ] GC(2) - age   1:    1783424 bytes,    1783424 total
[2022-09-29T05:27:12.435+0000][8][gc,age      ] GC(2) - age   2:    1749208 bytes,    3532632 total
[2022-09-29T05:27:12.435+0000][8][gc,phases   ] GC(2)   Pre Evacuate Collection Set: 0.2ms
[2022-09-29T05:27:12.436+0000][8][gc,phases   ] GC(2)   Merge Heap Roots: 0.1ms
[2022-09-29T05:27:12.436+0000][8][gc,phases   ] GC(2)   Evacuate Collection Set: 2.5ms
[2022-09-29T05:27:12.436+0000][8][gc,phases   ] GC(2)   Post Evacuate Collection Set: 1.1ms
[2022-09-29T05:27:12.437+0000][8][gc,phases   ] GC(2)   Other: 2.6ms
[2022-09-29T05:27:12.437+0000][8][gc,heap     ] GC(2) Eden regions: 11->0(36)
[2022-09-29T05:27:12.437+0000][8][gc,heap     ] GC(2) Survivor regions: 1->1(2)
[2022-09-29T05:27:12.437+0000][8][gc,heap     ] GC(2) Old regions: 1->1
[2022-09-29T05:27:12.438+0000][8][gc,heap     ] GC(2) Archive regions: 2->2
[2022-09-29T05:27:12.438+0000][8][gc,heap     ] GC(2) Humongous regions: 0->0
[2022-09-29T05:27:12.438+0000][8][gc,metaspace] GC(2) Metaspace: 14867K(15488K)->14867K(15488K) NonClass: 13177K(13568K)->13177K(13568K) Class: 1689K(1920K)->1689K(1920K)
[2022-09-29T05:27:12.438+0000][8][gc          ] GC(2) Pause Young (Normal) (G1 Evacuation Pause) 53M->10M(256M) 9.248ms
[2022-09-29T05:27:12.438+0000][8][gc,cpu      ] GC(2) User=0.05s Sys=0.00s Real=0.01s
[2022-09-29T05:27:12.439+0000][8][safepoint   ] Safepoint "G1CollectForAllocation", Time since last: 100997500 ns, Reaching safepoint: 174562 ns, At safepoint: 9752745 ns, Total: 9927307 ns
[2022-09-29T05:27:12.692+0000][8][safepoint   ] Safepoint "ICBufferFull", Time since last: 253131080 ns, Reaching safepoint: 479101 ns, At safepoint: 27352 ns, Total: 506453 ns
[2022-09-29T05:27:12.699+0000][8][safepoint   ] Safepoint "ICBufferFull", Time since last: 6464351 ns, Reaching safepoint: 232250 ns, At safepoint: 52911 ns, Total: 285161 ns
[2022-09-29T05:27:12.702+0000][8][safepoint   ] Safepoint "ICBufferFull", Time since last: 3120407 ns, Reaching safepoint: 184601 ns, At safepoint: 40738 ns, Total: 225339 ns
[2022-09-29T05:27:12.706+0000][8][safepoint   ] Safepoint "ICBufferFull", Time since last: 3800953 ns, Reaching safepoint: 184762 ns, At safepoint: 28094 ns, Total: 212856 ns
[2022-09-29T05:27:12.710+0000][8][safepoint   ] Safepoint "ICBufferFull", Time since last: 3917304 ns, Reaching safepoint: 196444 ns, At safepoint: 29587 ns, Total: 226031 ns
[2022-09-29T05:27:12.716+0000][8][safepoint   ] Safepoint "ICBufferFull", Time since last: 5057838 ns, Reaching safepoint: 241220 ns, At safepoint: 26450 ns, Total: 267670 ns
[2022-09-29T05:27:12.720+0000][8][safepoint   ] Safepoint "ICBufferFull", Time since last: 3960136 ns, Reaching safepoint: 155567 ns, At safepoint: 20820 ns, Total: 176387 ns
[2022-09-29T05:27:12.723+0000][8][safepoint   ] Safepoint "ICBufferFull", Time since last: 2735863 ns, Reaching safepoint: 353744 ns, At safepoint: 47000 ns, Total: 400744 ns
[2022-09-29T05:27:12.726+0000][8][safepoint   ] Safepoint "ICBufferFull", Time since last: 2852445 ns, Reaching safepoint: 241681 ns, At safepoint: 24647 ns, Total: 266328 ns
[2022-09-29T05:27:12.730+0000][8][safepoint   ] Safepoint "ICBufferFull", Time since last: 3694811 ns, Reaching safepoint: 198618 ns, At safepoint: 22233 ns, Total: 220851 ns
[2022-09-29T05:27:12.735+0000][8][safepoint   ] Safepoint "ICBufferFull", Time since last: 4730545 ns, Reaching safepoint: 175935 ns, At safepoint: 26961 ns, Total: 202896 ns
[2022-09-29T05:27:12.739+0000][8][safepoint   ] Safepoint "ICBufferFull", Time since last: 3872089 ns, Reaching safepoint: 245027 ns, At safepoint: 22373 ns, Total: 267400 ns
[2022-09-29T05:27:12.743+0000][8][safepoint   ] Safepoint "ICBufferFull", Time since last: 3171733 ns, Reaching safepoint: 206974 ns, At safepoint: 49284 ns, Total: 256258 ns
[2022-09-29T05:27:12.747+0000][8][safepoint   ] Safepoint "ICBufferFull", Time since last: 3690694 ns, Reaching safepoint: 254535 ns, At safepoint: 22733 ns, Total: 277268 ns
[2022-09-29T05:27:12.751+0000][8][safepoint   ] Safepoint "ICBufferFull", Time since last: 4156451 ns, Reaching safepoint: 255447 ns, At safepoint: 47901 ns, Total: 303348 ns
[2022-09-29T05:27:13.150+0000][8][gc,start    ] GC(3) Pause Young (Normal) (G1 Evacuation Pause)
[2022-09-29T05:27:13.151+0000][8][gc,task     ] GC(3) Using 6 workers of 13 for evacuation
[2022-09-29T05:27:13.151+0000][8][gc,age      ] GC(3) Desired survivor size 10485760 bytes, new threshold 15 (max threshold 15)
[2022-09-29T05:27:13.158+0000][8][gc,age      ] GC(3) Age table with threshold 15 (max threshold 15)
[2022-09-29T05:27:13.158+0000][8][gc,age      ] GC(3) - age   1:    3629816 bytes,    3629816 total
[2022-09-29T05:27:13.159+0000][8][gc,age      ] GC(3) - age   2:    1736952 bytes,    5366768 total
[2022-09-29T05:27:13.159+0000][8][gc,age      ] GC(3) - age   3:    1733904 bytes,    7100672 total
[2022-09-29T05:27:13.160+0000][8][gc,phases   ] GC(3)   Pre Evacuate Collection Set: 0.2ms
[2022-09-29T05:27:13.160+0000][8][gc,phases   ] GC(3)   Merge Heap Roots: 0.1ms
[2022-09-29T05:27:13.161+0000][8][gc,phases   ] GC(3)   Evacuate Collection Set: 4.2ms
[2022-09-29T05:27:13.161+0000][8][gc,phases   ] GC(3)   Post Evacuate Collection Set: 1.5ms
[2022-09-29T05:27:13.162+0000][8][gc,phases   ] GC(3)   Other: 3.7ms
[2022-09-29T05:27:13.162+0000][8][gc,heap     ] GC(3) Eden regions: 36->0(36)
[2022-09-29T05:27:13.163+0000][8][gc,heap     ] GC(3) Survivor regions: 1->2(5)
[2022-09-29T05:27:13.164+0000][8][gc,heap     ] GC(3) Old regions: 1->1
[2022-09-29T05:27:13.164+0000][8][gc,heap     ] GC(3) Archive regions: 2->2
[2022-09-29T05:27:13.165+0000][8][gc,heap     ] GC(3) Humongous regions: 0->0
[2022-09-29T05:27:13.166+0000][8][gc,metaspace] GC(3) Metaspace: 18206K(18688K)->18206K(18688K) NonClass: 16071K(16384K)->16071K(16384K) Class: 2135K(2304K)->2135K(2304K)
[2022-09-29T05:27:13.166+0000][8][gc          ] GC(3) Pause Young (Normal) (G1 Evacuation Pause) 154M->14M(256M) 16.092ms
[2022-09-29T05:27:13.167+0000][8][gc,cpu      ] GC(3) User=0.05s Sys=0.01s Real=0.01s
[2022-09-29T05:27:13.167+0000][8][safepoint   ] Safepoint "G1CollectForAllocation", Time since last: 398722077 ns, Reaching safepoint: 407076 ns, At safepoint: 17151504 ns, Total: 17558580 ns
[2022-09-29T05:27:13.586+0000][8][gc,start    ] GC(4) Pause Young (Normal) (G1 Evacuation Pause)
[2022-09-29T05:27:13.587+0000][8][gc,task     ] GC(4) Using 6 workers of 13 for evacuation
[2022-09-29T05:27:13.589+0000][8][gc,age      ] GC(4) Desired survivor size 10485760 bytes, new threshold 15 (max threshold 15)
[2022-09-29T05:27:13.596+0000][8][gc,age      ] GC(4) Age table with threshold 15 (max threshold 15)
[2022-09-29T05:27:13.597+0000][8][gc,age      ] GC(4) - age   1:    2336056 bytes,    2336056 total
[2022-09-29T05:27:13.598+0000][8][gc,age      ] GC(4) - age   2:    3009432 bytes,    5345488 total
[2022-09-29T05:27:13.598+0000][8][gc,age      ] GC(4) - age   3:    1736952 bytes,    7082440 total
[2022-09-29T05:27:13.599+0000][8][gc,age      ] GC(4) - age   4:    1733904 bytes,    8816344 total
[2022-09-29T05:27:13.600+0000][8][gc,phases   ] GC(4)   Pre Evacuate Collection Set: 0.2ms
[2022-09-29T05:27:13.601+0000][8][gc,phases   ] GC(4)   Merge Heap Roots: 0.2ms
[2022-09-29T05:27:13.601+0000][8][gc,phases   ] GC(4)   Evacuate Collection Set: 4.9ms
[2022-09-29T05:27:13.602+0000][8][gc,phases   ] GC(4)   Post Evacuate Collection Set: 1.3ms
[2022-09-29T05:27:13.603+0000][8][gc,phases   ] GC(4)   Other: 7.1ms
[2022-09-29T05:27:13.603+0000][8][gc,heap     ] GC(4) Eden regions: 36->0(35)
[2022-09-29T05:27:13.604+0000][8][gc,heap     ] GC(4) Survivor regions: 2->3(5)
[2022-09-29T05:27:13.605+0000][8][gc,heap     ] GC(4) Old regions: 1->1
[2022-09-29T05:27:13.605+0000][8][gc,heap     ] GC(4) Archive regions: 2->2
[2022-09-29T05:27:13.607+0000][8][gc,heap     ] GC(4) Humongous regions: 0->0
[2022-09-29T05:27:13.608+0000][8][gc,metaspace] GC(4) Metaspace: 18702K(19328K)->18702K(19328K) NonClass: 16503K(16896K)->16503K(16896K) Class: 2198K(2432K)->2198K(2432K)
[2022-09-29T05:27:13.609+0000][8][gc          ] GC(4) Pause Young (Normal) (G1 Evacuation Pause) 158M->16M(256M) 22.732ms
[2022-09-29T05:27:13.610+0000][8][gc,cpu      ] GC(4) User=0.14s Sys=0.02s Real=0.03s
[2022-09-29T05:27:13.611+0000][8][safepoint   ] Safepoint "G1CollectForAllocation", Time since last: 418289860 ns, Reaching safepoint: 414250 ns, At safepoint: 24739814 ns, Total: 25154064 ns
[2022-09-29T05:27:13.952+0000][8][gc,start    ] GC(5) Pause Young (Normal) (G1 Evacuation Pause)
[2022-09-29T05:27:13.953+0000][8][gc,task     ] GC(5) Using 6 workers of 13 for evacuation
[2022-09-29T05:27:13.954+0000][8][gc,age      ] GC(5) Desired survivor size 10485760 bytes, new threshold 15 (max threshold 15)
[2022-09-29T05:27:13.960+0000][8][gc,age      ] GC(5) Age table with threshold 15 (max threshold 15)
[2022-09-29T05:27:13.960+0000][8][gc,age      ] GC(5) - age   1:    1095480 bytes,    1095480 total
[2022-09-29T05:27:13.960+0000][8][gc,age      ] GC(5) - age   2:    1828408 bytes,    2923888 total
[2022-09-29T05:27:13.961+0000][8][gc,age      ] GC(5) - age   3:    3009296 bytes,    5933184 total
[2022-09-29T05:27:13.961+0000][8][gc,age      ] GC(5) - age   4:    1736952 bytes,    7670136 total
[2022-09-29T05:27:13.961+0000][8][gc,age      ] GC(5) - age   5:    1733904 bytes,    9404040 total
[2022-09-29T05:27:13.962+0000][8][gc,phases   ] GC(5)   Pre Evacuate Collection Set: 0.2ms
[2022-09-29T05:27:13.962+0000][8][gc,phases   ] GC(5)   Merge Heap Roots: 0.1ms
[2022-09-29T05:27:13.962+0000][8][gc,phases   ] GC(5)   Evacuate Collection Set: 3.9ms
[2022-09-29T05:27:13.962+0000][8][gc,phases   ] GC(5)   Post Evacuate Collection Set: 1.1ms
[2022-09-29T05:27:13.963+0000][8][gc,phases   ] GC(5)   Other: 4.3ms
[2022-09-29T05:27:13.963+0000][8][gc,heap     ] GC(5) Eden regions: 35->0(35)
[2022-09-29T05:27:13.963+0000][8][gc,heap     ] GC(5) Survivor regions: 3->3(5)
[2022-09-29T05:27:13.964+0000][8][gc,heap     ] GC(5) Old regions: 1->1
[2022-09-29T05:27:13.964+0000][8][gc,heap     ] GC(5) Archive regions: 2->2
[2022-09-29T05:27:13.965+0000][8][gc,heap     ] GC(5) Humongous regions: 0->0
[2022-09-29T05:27:13.965+0000][8][gc,metaspace] GC(5) Metaspace: 19018K(19968K)->19018K(19968K) NonClass: 16755K(17408K)->16755K(17408K) Class: 2263K(2560K)->2263K(2560K)
[2022-09-29T05:27:13.966+0000][8][gc          ] GC(5) Pause Young (Normal) (G1 Evacuation Pause) 156M->16M(256M) 13.884ms
[2022-09-29T05:27:13.966+0000][8][gc,cpu      ] GC(5) User=0.05s Sys=0.02s Real=0.01s
[2022-09-29T05:27:13.967+0000][8][safepoint   ] Safepoint "G1CollectForAllocation", Time since last: 340897350 ns, Reaching safepoint: 311043 ns, At safepoint: 15173295 ns, Total: 15484338 ns
[2022-09-29T05:27:14.302+0000][8][gc,start    ] GC(6) Pause Young (Normal) (G1 Evacuation Pause)
[2022-09-29T05:27:14.303+0000][8][gc,task     ] GC(6) Using 6 workers of 13 for evacuation
[2022-09-29T05:27:14.303+0000][8][gc,age      ] GC(6) Desired survivor size 10485760 bytes, new threshold 15 (max threshold 15)
[2022-09-29T05:27:14.310+0000][8][gc,age      ] GC(6) Age table with threshold 15 (max threshold 15)
[2022-09-29T05:27:14.311+0000][8][gc,age      ] GC(6) - age   1:    1705400 bytes,    1705400 total
[2022-09-29T05:27:14.311+0000][8][gc,age      ] GC(6) - age   2:    1054184 bytes,    2759584 total
[2022-09-29T05:27:14.311+0000][8][gc,age      ] GC(6) - age   3:    1828408 bytes,    4587992 total
[2022-09-29T05:27:14.312+0000][8][gc,age      ] GC(6) - age   4:    3008384 bytes,    7596376 total
[2022-09-29T05:27:14.312+0000][8][gc,age      ] GC(6) - age   5:    1736952 bytes,    9333328 total
[2022-09-29T05:27:14.312+0000][8][gc,age      ] GC(6) - age   6:    1733904 bytes,   11067232 total
[2022-09-29T05:27:14.313+0000][8][gc,phases   ] GC(6)   Pre Evacuate Collection Set: 0.2ms
[2022-09-29T05:27:14.313+0000][8][gc,phases   ] GC(6)   Merge Heap Roots: 0.1ms
[2022-09-29T05:27:14.314+0000][8][gc,phases   ] GC(6)   Evacuate Collection Set: 4.6ms
[2022-09-29T05:27:14.314+0000][8][gc,phases   ] GC(6)   Post Evacuate Collection Set: 1.3ms
[2022-09-29T05:27:14.315+0000][8][gc,phases   ] GC(6)   Other: 4.7ms
[2022-09-29T05:27:14.315+0000][8][gc,heap     ] GC(6) Eden regions: 35->0(35)
[2022-09-29T05:27:14.316+0000][8][gc,heap     ] GC(6) Survivor regions: 3->3(5)
[2022-09-29T05:27:14.316+0000][8][gc,heap     ] GC(6) Old regions: 1->1
[2022-09-29T05:27:14.317+0000][8][gc,heap     ] GC(6) Archive regions: 2->2
[2022-09-29T05:27:14.318+0000][8][gc,heap     ] GC(6) Humongous regions: 0->0
[2022-09-29T05:27:14.318+0000][8][gc,metaspace] GC(6) Metaspace: 19267K(20224K)->19267K(20224K) NonClass: 16979K(17664K)->16979K(17664K) Class: 2287K(2560K)->2287K(2560K)
[2022-09-29T05:27:14.318+0000][8][gc          ] GC(6) Pause Young (Normal) (G1 Evacuation Pause) 156M->18M(256M) 16.386ms
[2022-09-29T05:27:14.319+0000][8][gc,cpu      ] GC(6) User=0.07s Sys=0.01s Real=0.01s
[2022-09-29T05:27:14.320+0000][8][safepoint   ] Safepoint "G1CollectForAllocation", Time since last: 334648798 ns, Reaching safepoint: 228516 ns, At safepoint: 17724976 ns, Total: 17953492 ns
[2022-09-29T05:27:14.526+0000][8][gc,start    ] GC(7) Pause Young (Normal) (G1 Evacuation Pause)
[2022-09-29T05:27:14.527+0000][8][gc,task     ] GC(7) Using 6 workers of 13 for evacuation
[2022-09-29T05:27:14.527+0000][8][gc,age      ] GC(7) Desired survivor size 10485760 bytes, new threshold 6 (max threshold 15)
[2022-09-29T05:27:14.533+0000][8][gc,age      ] GC(7) Age table with threshold 6 (max threshold 15)
[2022-09-29T05:27:14.534+0000][8][gc,age      ] GC(7) - age   1:    1384848 bytes,    1384848 total
[2022-09-29T05:27:14.534+0000][8][gc,age      ] GC(7) - age   2:    1382184 bytes,    2767032 total
[2022-09-29T05:27:14.534+0000][8][gc,age      ] GC(7) - age   3:    1054064 bytes,    3821096 total
[2022-09-29T05:27:14.534+0000][8][gc,age      ] GC(7) - age   4:    1828408 bytes,    5649504 total
[2022-09-29T05:27:14.534+0000][8][gc,age      ] GC(7) - age   5:    3008384 bytes,    8657888 total
[2022-09-29T05:27:14.535+0000][8][gc,age      ] GC(7) - age   6:    1736952 bytes,   10394840 total
[2022-09-29T05:27:14.535+0000][8][gc,phases   ] GC(7)   Pre Evacuate Collection Set: 0.2ms
[2022-09-29T05:27:14.535+0000][8][gc,phases   ] GC(7)   Merge Heap Roots: 0.1ms
[2022-09-29T05:27:14.535+0000][8][gc,phases   ] GC(7)   Evacuate Collection Set: 4.3ms
[2022-09-29T05:27:14.536+0000][8][gc,phases   ] GC(7)   Post Evacuate Collection Set: 1.1ms
[2022-09-29T05:27:14.536+0000][8][gc,phases   ] GC(7)   Other: 3.6ms
[2022-09-29T05:27:14.536+0000][8][gc,heap     ] GC(7) Eden regions: 35->0(35)
[2022-09-29T05:27:14.536+0000][8][gc,heap     ] GC(7) Survivor regions: 3->3(5)
[2022-09-29T05:27:14.537+0000][8][gc,heap     ] GC(7) Old regions: 1->2
[2022-09-29T05:27:14.537+0000][8][gc,heap     ] GC(7) Archive regions: 2->2
[2022-09-29T05:27:14.537+0000][8][gc,heap     ] GC(7) Humongous regions: 0->0
[2022-09-29T05:27:14.537+0000][8][gc,metaspace] GC(7) Metaspace: 19507K(20480K)->19507K(20480K) NonClass: 17194K(17920K)->17194K(17920K) Class: 2312K(2560K)->2312K(2560K)
[2022-09-29T05:27:14.538+0000][8][gc          ] GC(7) Pause Young (Normal) (G1 Evacuation Pause) 158M->19M(256M) 11.809ms
[2022-09-29T05:27:14.538+0000][8][gc,cpu      ] GC(7) User=0.05s Sys=0.01s Real=0.01s
[2022-09-29T05:27:14.538+0000][8][safepoint   ] Safepoint "G1CollectForAllocation", Time since last: 205679380 ns, Reaching safepoint: 304099 ns, At safepoint: 12356802 ns, Total: 12660901 ns
[2022-09-29T05:27:14.696+0000][8][gc,start    ] GC(8) Pause Young (Normal) (G1 Evacuation Pause)
[2022-09-29T05:27:14.697+0000][8][gc,task     ] GC(8) Using 6 workers of 13 for evacuation
[2022-09-29T05:27:14.697+0000][8][gc,age      ] GC(8) Desired survivor size 10485760 bytes, new threshold 15 (max threshold 15)
[2022-09-29T05:27:14.702+0000][8][gc,age      ] GC(8) Age table with threshold 15 (max threshold 15)
[2022-09-29T05:27:14.703+0000][8][gc,age      ] GC(8) - age   1:     563840 bytes,     563840 total
[2022-09-29T05:27:14.703+0000][8][gc,age      ] GC(8) - age   2:     407088 bytes,     970928 total
[2022-09-29T05:27:14.703+0000][8][gc,age      ] GC(8) - age   3:    1381840 bytes,    2352768 total
[2022-09-29T05:27:14.704+0000][8][gc,age      ] GC(8) - age   4:    1053600 bytes,    3406368 total
[2022-09-29T05:27:14.704+0000][8][gc,age      ] GC(8) - age   5:    1828376 bytes,    5234744 total
[2022-09-29T05:27:14.704+0000][8][gc,age      ] GC(8) - age   6:    3004432 bytes,    8239176 total
[2022-09-29T05:27:14.705+0000][8][gc,age      ] GC(8) - age   7:    1736952 bytes,    9976128 total
[2022-09-29T05:27:14.705+0000][8][gc,phases   ] GC(8)   Pre Evacuate Collection Set: 0.2ms
[2022-09-29T05:27:14.705+0000][8][gc,phases   ] GC(8)   Merge Heap Roots: 0.1ms
[2022-09-29T05:27:14.706+0000][8][gc,phases   ] GC(8)   Evacuate Collection Set: 3.5ms
[2022-09-29T05:27:14.706+0000][8][gc,phases   ] GC(8)   Post Evacuate Collection Set: 1.0ms
[2022-09-29T05:27:14.706+0000][8][gc,phases   ] GC(8)   Other: 3.8ms
[2022-09-29T05:27:14.707+0000][8][gc,heap     ] GC(8) Eden regions: 35->0(35)
[2022-09-29T05:27:14.707+0000][8][gc,heap     ] GC(8) Survivor regions: 3->3(5)
[2022-09-29T05:27:14.707+0000][8][gc,heap     ] GC(8) Old regions: 2->2
[2022-09-29T05:27:14.707+0000][8][gc,heap     ] GC(8) Archive regions: 2->2
[2022-09-29T05:27:14.708+0000][8][gc,heap     ] GC(8) Humongous regions: 0->0
[2022-09-29T05:27:14.708+0000][8][gc,metaspace] GC(8) Metaspace: 19670K(20736K)->19670K(20736K) NonClass: 17327K(18176K)->17327K(18176K) Class: 2343K(2560K)->2343K(2560K)
[2022-09-29T05:27:14.708+0000][8][gc          ] GC(8) Pause Young (Normal) (G1 Evacuation Pause) 159M->19M(256M) 11.801ms
[2022-09-29T05:27:14.708+0000][8][gc,cpu      ] GC(8) User=0.04s Sys=0.00s Real=0.01s
[2022-09-29T05:27:14.709+0000][8][safepoint   ] Safepoint "G1CollectForAllocation", Time since last: 158023696 ns, Reaching safepoint: 257120 ns, At safepoint: 12318950 ns, Total: 12576070 ns
[2022-09-29T05:27:14.882+0000][8][gc,start    ] GC(9) Pause Young (Normal) (G1 Evacuation Pause)
[2022-09-29T05:27:14.882+0000][8][gc,task     ] GC(9) Using 6 workers of 13 for evacuation
[2022-09-29T05:27:14.883+0000][8][gc,age      ] GC(9) Desired survivor size 10485760 bytes, new threshold 15 (max threshold 15)
[2022-09-29T05:27:14.888+0000][8][gc,age      ] GC(9) Age table with threshold 15 (max threshold 15)
[2022-09-29T05:27:14.889+0000][8][gc,age      ] GC(9) - age   1:    1170568 bytes,    1170568 total
[2022-09-29T05:27:14.889+0000][8][gc,age      ] GC(9) - age   2:     235544 bytes,    1406112 total
[2022-09-29T05:27:14.890+0000][8][gc,age      ] GC(9) - age   3:     407088 bytes,    1813200 total
[2022-09-29T05:27:14.890+0000][8][gc,age      ] GC(9) - age   4:    1381840 bytes,    3195040 total
[2022-09-29T05:27:14.890+0000][8][gc,age      ] GC(9) - age   5:    1053600 bytes,    4248640 total
[2022-09-29T05:27:14.890+0000][8][gc,age      ] GC(9) - age   6:    1828376 bytes,    6077016 total
[2022-09-29T05:27:14.891+0000][8][gc,age      ] GC(9) - age   7:    3004432 bytes,    9081448 total
[2022-09-29T05:27:14.891+0000][8][gc,age      ] GC(9) - age   8:    1736952 bytes,   10818400 total
[2022-09-29T05:27:14.891+0000][8][gc,phases   ] GC(9)   Pre Evacuate Collection Set: 0.2ms
[2022-09-29T05:27:14.892+0000][8][gc,phases   ] GC(9)   Merge Heap Roots: 0.2ms
[2022-09-29T05:27:14.892+0000][8][gc,phases   ] GC(9)   Evacuate Collection Set: 3.8ms
[2022-09-29T05:27:14.892+0000][8][gc,phases   ] GC(9)   Post Evacuate Collection Set: 1.2ms
[2022-09-29T05:27:14.892+0000][8][gc,phases   ] GC(9)   Other: 4.0ms
[2022-09-29T05:27:14.893+0000][8][gc,heap     ] GC(9) Eden regions: 35->0(35)
[2022-09-29T05:27:14.893+0000][8][gc,heap     ] GC(9) Survivor regions: 3->3(5)
[2022-09-29T05:27:14.893+0000][8][gc,heap     ] GC(9) Old regions: 2->2
[2022-09-29T05:27:14.893+0000][8][gc,heap     ] GC(9) Archive regions: 2->2
[2022-09-29T05:27:14.894+0000][8][gc,heap     ] GC(9) Humongous regions: 0->0
[2022-09-29T05:27:14.894+0000][8][gc,metaspace] GC(9) Metaspace: 19849K(21120K)->19849K(21120K) NonClass: 17472K(18432K)->17472K(18432K) Class: 2376K(2688K)->2376K(2688K)
[2022-09-29T05:27:14.894+0000][8][gc          ] GC(9) Pause Young (Normal) (G1 Evacuation Pause) 159M->20M(256M) 12.032ms
[2022-09-29T05:27:14.894+0000][8][gc,cpu      ] GC(9) User=0.04s Sys=0.00s Real=0.01s
[2022-09-29T05:27:14.895+0000][8][safepoint   ] Safepoint "G1CollectForAllocation", Time since last: 173020574 ns, Reaching safepoint: 256209 ns, At safepoint: 12626010 ns, Total: 12882219 ns
[2022-09-29T05:27:15.046+0000][8][gc,start    ] GC(10) Pause Young (Normal) (G1 Evacuation Pause)
[2022-09-29T05:27:15.047+0000][8][gc,task     ] GC(10) Using 6 workers of 13 for evacuation
[2022-09-29T05:27:15.047+0000][8][gc,age      ] GC(10) Desired survivor size 10485760 bytes, new threshold 8 (max threshold 15)
[2022-09-29T05:27:15.052+0000][8][gc,age      ] GC(10) Age table with threshold 8 (max threshold 15)
[2022-09-29T05:27:15.052+0000][8][gc,age      ] GC(10) - age   1:    1719520 bytes,    1719520 total
[2022-09-29T05:27:15.053+0000][8][gc,age      ] GC(10) - age   2:     205376 bytes,    1924896 total
[2022-09-29T05:27:15.053+0000][8][gc,age      ] GC(10) - age   3:     235392 bytes,    2160288 total
[2022-09-29T05:27:15.053+0000][8][gc,age      ] GC(10) - age   4:     407088 bytes,    2567376 total
[2022-09-29T05:27:15.054+0000][8][gc,age      ] GC(10) - age   5:    1381840 bytes,    3949216 total
[2022-09-29T05:27:15.054+0000][8][gc,age      ] GC(10) - age   6:    1052928 bytes,    5002144 total
[2022-09-29T05:27:15.054+0000][8][gc,age      ] GC(10) - age   7:    1828088 bytes,    6830232 total
[2022-09-29T05:27:15.054+0000][8][gc,age      ] GC(10) - age   8:    3004304 bytes,    9834536 total
[2022-09-29T05:27:15.055+0000][8][gc,phases   ] GC(10)   Pre Evacuate Collection Set: 0.2ms
[2022-09-29T05:27:15.055+0000][8][gc,phases   ] GC(10)   Merge Heap Roots: 0.1ms
[2022-09-29T05:27:15.055+0000][8][gc,phases   ] GC(10)   Evacuate Collection Set: 3.5ms
[2022-09-29T05:27:15.055+0000][8][gc,phases   ] GC(10)   Post Evacuate Collection Set: 0.9ms
[2022-09-29T05:27:15.056+0000][8][gc,phases   ] GC(10)   Other: 3.9ms
[2022-09-29T05:27:15.056+0000][8][gc,heap     ] GC(10) Eden regions: 35->0(35)
[2022-09-29T05:27:15.056+0000][8][gc,heap     ] GC(10) Survivor regions: 3->3(5)
[2022-09-29T05:27:15.057+0000][8][gc,heap     ] GC(10) Old regions: 2->2
[2022-09-29T05:27:15.057+0000][8][gc,heap     ] GC(10) Archive regions: 2->2
[2022-09-29T05:27:15.057+0000][8][gc,heap     ] GC(10) Humongous regions: 0->0
[2022-09-29T05:27:15.057+0000][8][gc,metaspace] GC(10) Metaspace: 19899K(21120K)->19899K(21120K) NonClass: 17513K(18432K)->17513K(18432K) Class: 2386K(2688K)->2386K(2688K)
[2022-09-29T05:27:15.058+0000][8][gc          ] GC(10) Pause Young (Normal) (G1 Evacuation Pause) 160M->20M(256M) 11.604ms
[2022-09-29T05:27:15.058+0000][8][gc,cpu      ] GC(10) User=0.02s Sys=0.00s Real=0.01s
[2022-09-29T05:27:15.058+0000][8][safepoint   ] Safepoint "G1CollectForAllocation", Time since last: 151254171 ns, Reaching safepoint: 302576 ns, At safepoint: 12228834 ns, Total: 12531410 ns
[2022-09-29T05:27:15.178+0000][8][gc,start    ] GC(11) Pause Young (Normal) (G1 Evacuation Pause)
[2022-09-29T05:27:15.178+0000][8][gc,task     ] GC(11) Using 6 workers of 13 for evacuation
[2022-09-29T05:27:15.179+0000][8][gc,age      ] GC(11) Desired survivor size 10485760 bytes, new threshold 15 (max threshold 15)
[2022-09-29T05:27:15.183+0000][8][gc,age      ] GC(11) Age table with threshold 15 (max threshold 15)
[2022-09-29T05:27:15.183+0000][8][gc,age      ] GC(11) - age   1:    1907296 bytes,    1907296 total
[2022-09-29T05:27:15.183+0000][8][gc,age      ] GC(11) - age   2:     186248 bytes,    2093544 total
[2022-09-29T05:27:15.183+0000][8][gc,age      ] GC(11) - age   3:     205376 bytes,    2298920 total
[2022-09-29T05:27:15.184+0000][8][gc,age      ] GC(11) - age   4:     235392 bytes,    2534312 total
[2022-09-29T05:27:15.184+0000][8][gc,age      ] GC(11) - age   5:     407088 bytes,    2941400 total
[2022-09-29T05:27:15.184+0000][8][gc,age      ] GC(11) - age   6:    1380800 bytes,    4322200 total
[2022-09-29T05:27:15.184+0000][8][gc,age      ] GC(11) - age   7:    1052928 bytes,    5375128 total
[2022-09-29T05:27:15.185+0000][8][gc,age      ] GC(11) - age   8:    1828088 bytes,    7203216 total
[2022-09-29T05:27:15.185+0000][8][gc,age      ] GC(11) - age   9:    3004200 bytes,   10207416 total
[2022-09-29T05:27:15.185+0000][8][gc,phases   ] GC(11)   Pre Evacuate Collection Set: 0.2ms
[2022-09-29T05:27:15.185+0000][8][gc,phases   ] GC(11)   Merge Heap Roots: 0.1ms
[2022-09-29T05:27:15.185+0000][8][gc,phases   ] GC(11)   Evacuate Collection Set: 2.7ms
[2022-09-29T05:27:15.186+0000][8][gc,phases   ] GC(11)   Post Evacuate Collection Set: 0.8ms
[2022-09-29T05:27:15.186+0000][8][gc,phases   ] GC(11)   Other: 3.4ms
[2022-09-29T05:27:15.186+0000][8][gc,heap     ] GC(11) Eden regions: 35->0(35)
[2022-09-29T05:27:15.187+0000][8][gc,heap     ] GC(11) Survivor regions: 3->3(5)
[2022-09-29T05:27:15.187+0000][8][gc,heap     ] GC(11) Old regions: 2->2
[2022-09-29T05:27:15.187+0000][8][gc,heap     ] GC(11) Archive regions: 2->2
[2022-09-29T05:27:15.187+0000][8][gc,heap     ] GC(11) Humongous regions: 0->0
[2022-09-29T05:27:15.187+0000][8][gc,metaspace] GC(11) Metaspace: 20108K(21296K)->20108K(21296K) NonClass: 17685K(18608K)->17685K(18608K) Class: 2422K(2688K)->2422K(2688K)
[2022-09-29T05:27:15.188+0000][8][gc          ] GC(11) Pause Young (Normal) (G1 Evacuation Pause) 160M->21M(256M) 9.837ms
[2022-09-29T05:27:15.188+0000][8][gc,cpu      ] GC(11) User=0.04s Sys=0.00s Real=0.01s
[2022-09-29T05:27:15.188+0000][8][safepoint   ] Safepoint "G1CollectForAllocation", Time since last: 119231983 ns, Reaching safepoint: 279458 ns, At safepoint: 10392534 ns, Total: 10671992 ns
[2022-09-29T05:27:15.204+0000][8][gc,start    ] GC(12) Pause Young (Concurrent Start) (Metadata GC Threshold)
[2022-09-29T05:27:15.204+0000][8][gc,task     ] GC(12) Using 6 workers of 13 for evacuation
[2022-09-29T05:27:15.204+0000][8][gc,age      ] GC(12) Desired survivor size 10485760 bytes, new threshold 15 (max threshold 15)
[2022-09-29T05:27:15.209+0000][8][gc,age      ] GC(12) Age table with threshold 15 (max threshold 15)
[2022-09-29T05:27:15.210+0000][8][gc,age      ] GC(12) - age   1:     451328 bytes,     451328 total
[2022-09-29T05:27:15.210+0000][8][gc,age      ] GC(12) - age   2:    1413536 bytes,    1864864 total
[2022-09-29T05:27:15.210+0000][8][gc,age      ] GC(12) - age   3:     186248 bytes,    2051112 total
[2022-09-29T05:27:15.210+0000][8][gc,age      ] GC(12) - age   4:     205376 bytes,    2256488 total
[2022-09-29T05:27:15.211+0000][8][gc,age      ] GC(12) - age   5:     235392 bytes,    2491880 total
[2022-09-29T05:27:15.211+0000][8][gc,age      ] GC(12) - age   6:     407088 bytes,    2898968 total
[2022-09-29T05:27:15.211+0000][8][gc,age      ] GC(12) - age   7:    1380800 bytes,    4279768 total
[2022-09-29T05:27:15.211+0000][8][gc,age      ] GC(12) - age   8:    1052928 bytes,    5332696 total
[2022-09-29T05:27:15.211+0000][8][gc,age      ] GC(12) - age   9:    1828088 bytes,    7160784 total
[2022-09-29T05:27:15.212+0000][8][gc,age      ] GC(12) - age  10:    3004200 bytes,   10164984 total
[2022-09-29T05:27:15.212+0000][8][gc,phases   ] GC(12)   Pre Evacuate Collection Set: 0.3ms
[2022-09-29T05:27:15.212+0000][8][gc,phases   ] GC(12)   Merge Heap Roots: 0.2ms
[2022-09-29T05:27:15.212+0000][8][gc,phases   ] GC(12)   Evacuate Collection Set: 2.8ms
[2022-09-29T05:27:15.213+0000][8][gc,phases   ] GC(12)   Post Evacuate Collection Set: 0.7ms
[2022-09-29T05:27:15.213+0000][8][gc,phases   ] GC(12)   Other: 4.1ms
[2022-09-29T05:27:15.213+0000][8][gc,heap     ] GC(12) Eden regions: 4->0(35)
[2022-09-29T05:27:15.213+0000][8][gc,heap     ] GC(12) Survivor regions: 3->3(5)
[2022-09-29T05:27:15.214+0000][8][gc,heap     ] GC(12) Old regions: 2->2
[2022-09-29T05:27:15.214+0000][8][gc,heap     ] GC(12) Archive regions: 2->2
[2022-09-29T05:27:15.214+0000][8][gc,heap     ] GC(12) Humongous regions: 0->0
[2022-09-29T05:27:15.214+0000][8][gc,metaspace] GC(12) Metaspace: 20110K(21296K)->20110K(21296K) NonClass: 17687K(18608K)->17687K(18608K) Class: 2422K(2688K)->2422K(2688K)
[2022-09-29T05:27:15.214+0000][8][gc          ] GC(12) Pause Young (Concurrent Start) (Metadata GC Threshold) 37M->21M(256M) 10.731ms
[2022-09-29T05:27:15.215+0000][8][gc,cpu      ] GC(12) User=0.02s Sys=0.01s Real=0.01s
[2022-09-29T05:27:15.215+0000][8][gc          ] GC(13) Concurrent Cycle
[2022-09-29T05:27:15.215+0000][8][safepoint   ] Safepoint "CollectForMetadataAllocation", Time since last: 15156473 ns, Reaching safepoint: 248303 ns, At safepoint: 11383071 ns, Total: 11631374 ns
[2022-09-29T05:27:15.215+0000][8][gc,marking  ] GC(13) Concurrent Clear Claimed Marks
[2022-09-29T05:27:15.217+0000][8][gc,marking  ] GC(13) Concurrent Clear Claimed Marks 1.091ms
[2022-09-29T05:27:15.217+0000][8][gc,marking  ] GC(13) Concurrent Scan Root Regions
[2022-09-29T05:27:15.219+0000][8][gc,marking  ] GC(13) Concurrent Scan Root Regions 1.976ms
[2022-09-29T05:27:15.219+0000][8][gc,marking  ] GC(13) Concurrent Mark (5.060s)
[2022-09-29T05:27:15.219+0000][8][gc,marking  ] GC(13) Concurrent Mark From Roots
[2022-09-29T05:27:15.220+0000][8][gc,task     ] GC(13) Using 3 workers of 3 for marking
[2022-09-29T05:27:15.224+0000][8][gc,marking  ] GC(13) Concurrent Mark From Roots 4.209ms
[2022-09-29T05:27:15.224+0000][8][gc,marking  ] GC(13) Concurrent Preclean
[2022-09-29T05:27:15.225+0000][8][gc,marking  ] GC(13) Concurrent Preclean 0.368ms
[2022-09-29T05:27:15.225+0000][8][gc,marking  ] GC(13) Concurrent Mark (5.060s, 5.065s) 5.657ms
[2022-09-29T05:27:15.225+0000][8][gc,start    ] GC(13) Pause Remark
[2022-09-29T05:27:15.228+0000][8][gc          ] GC(13) Pause Remark 31M->31M(256M) 2.360ms
[2022-09-29T05:27:15.228+0000][8][gc,cpu      ] GC(13) User=0.01s Sys=0.00s Real=0.00s
[2022-09-29T05:27:15.229+0000][8][safepoint   ] Safepoint "G1Concurrent", Time since last: 10092874 ns, Reaching safepoint: 266684 ns, At safepoint: 3181306 ns, Total: 3447990 ns
[2022-09-29T05:27:15.229+0000][8][gc,marking  ] GC(13) Concurrent Rebuild Remembered Sets
[2022-09-29T05:27:15.232+0000][8][gc,marking  ] GC(13) Concurrent Rebuild Remembered Sets 3.188ms
[2022-09-29T05:27:15.234+0000][8][gc,start    ] GC(13) Pause Cleanup
[2022-09-29T05:27:15.234+0000][8][gc          ] GC(13) Pause Cleanup 37M->37M(256M) 0.784ms
[2022-09-29T05:27:15.235+0000][8][gc,cpu      ] GC(13) User=0.00s Sys=0.00s Real=0.00s
[2022-09-29T05:27:15.235+0000][8][safepoint   ] Safepoint "G1Concurrent", Time since last: 4165508 ns, Reaching safepoint: 817187 ns, At safepoint: 1622717 ns, Total: 2439904 ns
[2022-09-29T05:27:15.236+0000][8][gc,marking  ] GC(13) Concurrent Cleanup for Next Mark
[2022-09-29T05:27:15.236+0000][8][gc,marking  ] GC(13) Concurrent Cleanup for Next Mark 0.797ms
[2022-09-29T05:27:15.237+0000][8][gc          ] GC(13) Concurrent Cycle 22.091ms
[2022-09-29T05:27:15.330+0000][8][gc,start    ] GC(14) Pause Young (Normal) (G1 Evacuation Pause)
[2022-09-29T05:27:15.330+0000][8][gc,task     ] GC(14) Using 6 workers of 13 for evacuation
[2022-09-29T05:27:15.331+0000][8][gc,age      ] GC(14) Desired survivor size 10485760 bytes, new threshold 15 (max threshold 15)
[2022-09-29T05:27:15.336+0000][8][gc,age      ] GC(14) Age table with threshold 15 (max threshold 15)
[2022-09-29T05:27:15.336+0000][8][gc,age      ] GC(14) - age   1:    1462128 bytes,    1462128 total
[2022-09-29T05:27:15.337+0000][8][gc,age      ] GC(14) - age   2:     386392 bytes,    1848520 total
[2022-09-29T05:27:15.337+0000][8][gc,age      ] GC(14) - age   3:    1413376 bytes,    3261896 total
[2022-09-29T05:27:15.337+0000][8][gc,age      ] GC(14) - age   4:     184648 bytes,    3446544 total
[2022-09-29T05:27:15.337+0000][8][gc,age      ] GC(14) - age   5:     205312 bytes,    3651856 total
[2022-09-29T05:27:15.337+0000][8][gc,age      ] GC(14) - age   6:     235328 bytes,    3887184 total
[2022-09-29T05:27:15.338+0000][8][gc,age      ] GC(14) - age   7:     407088 bytes,    4294272 total
[2022-09-29T05:27:15.338+0000][8][gc,age      ] GC(14) - age   8:    1380800 bytes,    5675072 total
[2022-09-29T05:27:15.338+0000][8][gc,age      ] GC(14) - age   9:    1052928 bytes,    6728000 total
[2022-09-29T05:27:15.338+0000][8][gc,age      ] GC(14) - age  10:    1827896 bytes,    8555896 total
[2022-09-29T05:27:15.339+0000][8][gc,age      ] GC(14) - age  11:    3004008 bytes,   11559904 total
[2022-09-29T05:27:15.339+0000][8][gc,phases   ] GC(14)   Pre Evacuate Collection Set: 0.2ms
[2022-09-29T05:27:15.339+0000][8][gc,phases   ] GC(14)   Merge Heap Roots: 0.2ms
[2022-09-29T05:27:15.339+0000][8][gc,phases   ] GC(14)   Evacuate Collection Set: 3.4ms
[2022-09-29T05:27:15.340+0000][8][gc,phases   ] GC(14)   Post Evacuate Collection Set: 0.8ms
[2022-09-29T05:27:15.340+0000][8][gc,phases   ] GC(14)   Other: 4.2ms
[2022-09-29T05:27:15.340+0000][8][gc,heap     ] GC(14) Eden regions: 35->0(35)
[2022-09-29T05:27:15.340+0000][8][gc,heap     ] GC(14) Survivor regions: 3->3(5)
[2022-09-29T05:27:15.340+0000][8][gc,heap     ] GC(14) Old regions: 2->2
[2022-09-29T05:27:15.341+0000][8][gc,heap     ] GC(14) Archive regions: 2->2
[2022-09-29T05:27:15.341+0000][8][gc,heap     ] GC(14) Humongous regions: 0->0
[2022-09-29T05:27:15.341+0000][8][gc,metaspace] GC(14) Metaspace: 20275K(21628K)->20275K(21628K) NonClass: 17821K(18864K)->17821K(18864K) Class: 2453K(2764K)->2453K(2764K)
[2022-09-29T05:27:15.341+0000][8][gc          ] GC(14) Pause Young (Normal) (G1 Evacuation Pause) 161M->22M(256M) 11.214ms
[2022-09-29T05:27:15.341+0000][8][gc,cpu      ] GC(14) User=0.02s Sys=0.01s Real=0.01s
[2022-09-29T05:27:15.342+0000][8][safepoint   ] Safepoint "G1CollectForAllocation", Time since last: 94558832 ns, Reaching safepoint: 150146 ns, At safepoint: 11685999 ns, Total: 11836145 ns
[2022-09-29T05:27:15.435+0000][8][gc,start    ] GC(15) Pause Young (Normal) (G1 Evacuation Pause)
[2022-09-29T05:27:15.436+0000][8][gc,task     ] GC(15) Using 6 workers of 13 for evacuation
[2022-09-29T05:27:15.436+0000][8][gc,age      ] GC(15) Desired survivor size 10485760 bytes, new threshold 11 (max threshold 15)
[2022-09-29T05:27:15.440+0000][8][gc,age      ] GC(15) Age table with threshold 11 (max threshold 15)
[2022-09-29T05:27:15.441+0000][8][gc,age      ] GC(15) - age   1:    1142216 bytes,    1142216 total
[2022-09-29T05:27:15.441+0000][8][gc,age      ] GC(15) - age   2:     195872 bytes,    1338088 total
[2022-09-29T05:27:15.441+0000][8][gc,age      ] GC(15) - age   3:     386392 bytes,    1724480 total
[2022-09-29T05:27:15.441+0000][8][gc,age      ] GC(15) - age   4:    1413376 bytes,    3137856 total
[2022-09-29T05:27:15.442+0000][8][gc,age      ] GC(15) - age   5:     184432 bytes,    3322288 total
[2022-09-29T05:27:15.442+0000][8][gc,age      ] GC(15) - age   6:     205312 bytes,    3527600 total
[2022-09-29T05:27:15.442+0000][8][gc,age      ] GC(15) - age   7:     234784 bytes,    3762384 total
[2022-09-29T05:27:15.442+0000][8][gc,age      ] GC(15) - age   8:     407088 bytes,    4169472 total
[2022-09-29T05:27:15.442+0000][8][gc,age      ] GC(15) - age   9:    1380800 bytes,    5550272 total
[2022-09-29T05:27:15.443+0000][8][gc,age      ] GC(15) - age  10:    1052928 bytes,    6603200 total
[2022-09-29T05:27:15.443+0000][8][gc,age      ] GC(15) - age  11:    1827896 bytes,    8431096 total
[2022-09-29T05:27:15.443+0000][8][gc,phases   ] GC(15)   Pre Evacuate Collection Set: 0.2ms
[2022-09-29T05:27:15.443+0000][8][gc,phases   ] GC(15)   Merge Heap Roots: 0.1ms
[2022-09-29T05:27:15.443+0000][8][gc,phases   ] GC(15)   Evacuate Collection Set: 2.8ms
[2022-09-29T05:27:15.444+0000][8][gc,phases   ] GC(15)   Post Evacuate Collection Set: 0.7ms
[2022-09-29T05:27:15.444+0000][8][gc,phases   ] GC(15)   Other: 3.8ms
[2022-09-29T05:27:15.444+0000][8][gc,heap     ] GC(15) Eden regions: 35->0(35)
[2022-09-29T05:27:15.444+0000][8][gc,heap     ] GC(15) Survivor regions: 3->3(5)
[2022-09-29T05:27:15.445+0000][8][gc,heap     ] GC(15) Old regions: 2->3
[2022-09-29T05:27:15.445+0000][8][gc,heap     ] GC(15) Archive regions: 2->2
[2022-09-29T05:27:15.445+0000][8][gc,heap     ] GC(15) Humongous regions: 0->0
[2022-09-29T05:27:15.445+0000][8][gc,metaspace] GC(15) Metaspace: 20300K(21628K)->20300K(21628K) NonClass: 17841K(18864K)->17841K(18864K) Class: 2458K(2764K)->2458K(2764K)
[2022-09-29T05:27:15.445+0000][8][gc          ] GC(15) Pause Young (Normal) (G1 Evacuation Pause) 162M->22M(256M) 10.017ms
[2022-09-29T05:27:15.446+0000][8][gc,cpu      ] GC(15) User=0.01s Sys=0.01s Real=0.01s
[2022-09-29T05:27:15.446+0000][8][safepoint   ] Safepoint "G1CollectForAllocation", Time since last: 93640001 ns, Reaching safepoint: 194320 ns, At safepoint: 10636228 ns, Total: 10830548 ns
[2022-09-29T05:27:15.554+0000][8][gc,start    ] GC(16) Pause Young (Normal) (G1 Evacuation Pause)
[2022-09-29T05:27:15.554+0000][8][gc,task     ] GC(16) Using 6 workers of 13 for evacuation
[2022-09-29T05:27:15.554+0000][8][gc,age      ] GC(16) Desired survivor size 10485760 bytes, new threshold 15 (max threshold 15)
[2022-09-29T05:27:15.558+0000][8][gc,age      ] GC(16) Age table with threshold 15 (max threshold 15)
[2022-09-29T05:27:15.559+0000][8][gc,age      ] GC(16) - age   1:     628264 bytes,     628264 total
[2022-09-29T05:27:15.559+0000][8][gc,age      ] GC(16) - age   2:     490808 bytes,    1119072 total
[2022-09-29T05:27:15.559+0000][8][gc,age      ] GC(16) - age   3:     195872 bytes,    1314944 total
[2022-09-29T05:27:15.559+0000][8][gc,age      ] GC(16) - age   4:     386392 bytes,    1701336 total
[2022-09-29T05:27:15.559+0000][8][gc,age      ] GC(16) - age   5:    1413376 bytes,    3114712 total
[2022-09-29T05:27:15.560+0000][8][gc,age      ] GC(16) - age   6:     184432 bytes,    3299144 total
[2022-09-29T05:27:15.560+0000][8][gc,age      ] GC(16) - age   7:     205312 bytes,    3504456 total
[2022-09-29T05:27:15.560+0000][8][gc,age      ] GC(16) - age   8:     234784 bytes,    3739240 total
[2022-09-29T05:27:15.560+0000][8][gc,age      ] GC(16) - age   9:     407088 bytes,    4146328 total
[2022-09-29T05:27:15.560+0000][8][gc,age      ] GC(16) - age  10:    1380800 bytes,    5527128 total
[2022-09-29T05:27:15.561+0000][8][gc,age      ] GC(16) - age  11:    1052928 bytes,    6580056 total
[2022-09-29T05:27:15.561+0000][8][gc,age      ] GC(16) - age  12:    1827896 bytes,    8407952 total
[2022-09-29T05:27:15.561+0000][8][gc,phases   ] GC(16)   Pre Evacuate Collection Set: 0.2ms
[2022-09-29T05:27:15.561+0000][8][gc,phases   ] GC(16)   Merge Heap Roots: 0.2ms
[2022-09-29T05:27:15.562+0000][8][gc,phases   ] GC(16)   Evacuate Collection Set: 2.2ms
[2022-09-29T05:27:15.562+0000][8][gc,phases   ] GC(16)   Post Evacuate Collection Set: 0.8ms
[2022-09-29T05:27:15.562+0000][8][gc,phases   ] GC(16)   Other: 4.1ms
[2022-09-29T05:27:15.562+0000][8][gc,heap     ] GC(16) Eden regions: 35->0(35)
[2022-09-29T05:27:15.562+0000][8][gc,heap     ] GC(16) Survivor regions: 3->3(5)
[2022-09-29T05:27:15.563+0000][8][gc,heap     ] GC(16) Old regions: 3->3
[2022-09-29T05:27:15.563+0000][8][gc,heap     ] GC(16) Archive regions: 2->2
[2022-09-29T05:27:15.563+0000][8][gc,heap     ] GC(16) Humongous regions: 0->0
[2022-09-29T05:27:15.563+0000][8][gc,metaspace] GC(16) Metaspace: 20339K(21884K)->20339K(21884K) NonClass: 17872K(19120K)->17872K(19120K) Class: 2466K(2764K)->2466K(2764K)
[2022-09-29T05:27:15.563+0000][8][gc          ] GC(16) Pause Young (Normal) (G1 Evacuation Pause) 162M->22M(256M) 9.772ms
[2022-09-29T05:27:15.564+0000][8][gc,cpu      ] GC(16) User=0.02s Sys=0.00s Real=0.01s
[2022-09-29T05:27:15.564+0000][8][safepoint   ] Safepoint "G1CollectForAllocation", Time since last: 107277815 ns, Reaching safepoint: 188439 ns, At safepoint: 10241391 ns, Total: 10429830 ns
[2022-09-29T05:27:16.260+0000][8][safepoint   ] Safepoint "ICBufferFull", Time since last: 696029380 ns, Reaching safepoint: 348935 ns, At safepoint: 38252 ns, Total: 387187 ns
[2022-09-29T05:27:16.778+0000][8][safepoint   ] Safepoint "ICBufferFull", Time since last: 517146586 ns, Reaching safepoint: 442415 ns, At safepoint: 109068 ns, Total: 551483 ns
[2022-09-29T05:27:17.441+0000][8][gc,start    ] GC(17) Pause Young (Normal) (G1 Evacuation Pause)
[2022-09-29T05:27:17.442+0000][8][gc,task     ] GC(17) Using 6 workers of 13 for evacuation
[2022-09-29T05:27:17.443+0000][8][gc,age      ] GC(17) Desired survivor size 10485760 bytes, new threshold 15 (max threshold 15)
[2022-09-29T05:27:17.458+0000][8][gc,age      ] GC(17) Age table with threshold 15 (max threshold 15)
[2022-09-29T05:27:17.458+0000][8][gc,age      ] GC(17) - age   1:   12871880 bytes,   12871880 total
[2022-09-29T05:27:17.459+0000][8][gc,age      ] GC(17) - age   2:     308376 bytes,   13180256 total
[2022-09-29T05:27:17.459+0000][8][gc,age      ] GC(17) - age   3:     490808 bytes,   13671064 total
[2022-09-29T05:27:17.459+0000][8][gc,age      ] GC(17) - age   4:     194712 bytes,   13865776 total
[2022-09-29T05:27:17.459+0000][8][gc,age      ] GC(17) - age   5:     384296 bytes,   14250072 total
[2022-09-29T05:27:17.459+0000][8][gc,age      ] GC(17) - age   6:    1411720 bytes,   15661792 total
[2022-09-29T05:27:17.460+0000][8][gc,age      ] GC(17) - age   7:     183976 bytes,   15845768 total
[2022-09-29T05:27:17.460+0000][8][gc,age      ] GC(17) - age   8:     204912 bytes,   16050680 total
[2022-09-29T05:27:17.460+0000][8][gc,age      ] GC(17) - age   9:     227672 bytes,   16278352 total
[2022-09-29T05:27:17.460+0000][8][gc,age      ] GC(17) - age  10:     404544 bytes,   16682896 total
[2022-09-29T05:27:17.461+0000][8][gc,age      ] GC(17) - age  11:    1377992 bytes,   18060888 total
[2022-09-29T05:27:17.461+0000][8][gc,age      ] GC(17) - age  12:    1051544 bytes,   19112432 total
[2022-09-29T05:27:17.461+0000][8][gc,age      ] GC(17) - age  13:    1820680 bytes,   20933112 total
[2022-09-29T05:27:17.461+0000][8][gc,phases   ] GC(17)   Pre Evacuate Collection Set: 0.3ms
[2022-09-29T05:27:17.461+0000][8][gc,phases   ] GC(17)   Merge Heap Roots: 0.1ms
[2022-09-29T05:27:17.462+0000][8][gc,phases   ] GC(17)   Evacuate Collection Set: 12.3ms
[2022-09-29T05:27:17.462+0000][8][gc,phases   ] GC(17)   Post Evacuate Collection Set: 1.9ms
[2022-09-29T05:27:17.462+0000][8][gc,phases   ] GC(17)   Other: 5.1ms
[2022-09-29T05:27:17.462+0000][8][gc,heap     ] GC(17) Eden regions: 35->0(33)
[2022-09-29T05:27:17.462+0000][8][gc,heap     ] GC(17) Survivor regions: 3->5(5)
[2022-09-29T05:27:17.463+0000][8][gc,heap     ] GC(17) Old regions: 3->3
[2022-09-29T05:27:17.463+0000][8][gc,heap     ] GC(17) Archive regions: 2->2
[2022-09-29T05:27:17.463+0000][8][gc,heap     ] GC(17) Humongous regions: 0->0
[2022-09-29T05:27:17.463+0000][8][gc,metaspace] GC(17) Metaspace: 29267K(31356K)->29267K(31356K) NonClass: 25594K(27056K)->25594K(27056K) Class: 3672K(4300K)->3672K(4300K)
[2022-09-29T05:27:17.464+0000][8][gc          ] GC(17) Pause Young (Normal) (G1 Evacuation Pause) 162M->35M(256M) 22.156ms
[2022-09-29T05:27:17.464+0000][8][gc,cpu      ] GC(17) User=0.19s Sys=0.00s Real=0.02s
[2022-09-29T05:27:17.464+0000][8][safepoint   ] Safepoint "G1CollectForAllocation", Time since last: 663258236 ns, Reaching safepoint: 255227 ns, At safepoint: 22818092 ns, Total: 23073319 ns
[2022-09-29T05:27:18.204+0000][8][gc,start    ] GC(18) Pause Young (Normal) (G1 Evacuation Pause)
[2022-09-29T05:27:18.204+0000][8][gc,task     ] GC(18) Using 6 workers of 13 for evacuation
[2022-09-29T05:27:18.204+0000][8][gc,age      ] GC(18) Desired survivor size 10485760 bytes, new threshold 1 (max threshold 15)
[2022-09-29T05:27:18.219+0000][8][gc,age      ] GC(18) Age table with threshold 1 (max threshold 15)
[2022-09-29T05:27:18.219+0000][8][gc,age      ] GC(18) - age   1:   17179296 bytes,   17179296 total
[2022-09-29T05:27:18.220+0000][8][gc,phases   ] GC(18)   Pre Evacuate Collection Set: 0.3ms
[2022-09-29T05:27:18.220+0000][8][gc,phases   ] GC(18)   Merge Heap Roots: 0.2ms
[2022-09-29T05:27:18.220+0000][8][gc,phases   ] GC(18)   Evacuate Collection Set: 12.7ms
[2022-09-29T05:27:18.221+0000][8][gc,phases   ] GC(18)   Post Evacuate Collection Set: 1.1ms
[2022-09-29T05:27:18.221+0000][8][gc,phases   ] GC(18)   Other: 2.1ms
[2022-09-29T05:27:18.221+0000][8][gc,heap     ] GC(18) Eden regions: 33->0(32)
[2022-09-29T05:27:18.221+0000][8][gc,heap     ] GC(18) Survivor regions: 5->5(5)
[2022-09-29T05:27:18.222+0000][8][gc,heap     ] GC(18) Old regions: 3->8
[2022-09-29T05:27:18.222+0000][8][gc,heap     ] GC(18) Archive regions: 2->2
[2022-09-29T05:27:18.222+0000][8][gc,heap     ] GC(18) Humongous regions: 0->0
[2022-09-29T05:27:18.222+0000][8][gc,metaspace] GC(18) Metaspace: 29367K(31612K)->29367K(31612K) NonClass: 25682K(27312K)->25682K(27312K) Class: 3684K(4300K)->3684K(4300K)
[2022-09-29T05:27:18.223+0000][8][gc          ] GC(18) Pause Young (Normal) (G1 Evacuation Pause) 167M->52M(256M) 19.092ms
[2022-09-29T05:27:18.223+0000][8][gc,cpu      ] GC(18) User=0.10s Sys=0.00s Real=0.02s
[2022-09-29T05:27:18.223+0000][8][safepoint   ] Safepoint "G1CollectForAllocation", Time since last: 738802086 ns, Reaching safepoint: 471618 ns, At safepoint: 19700123 ns, Total: 20171741 ns
[2022-09-29T05:27:18.648+0000][8][gc,start    ] GC(19) Pause Young (Concurrent Start) (Metadata GC Threshold)
[2022-09-29T05:27:18.648+0000][8][gc,task     ] GC(19) Using 6 workers of 13 for evacuation
[2022-09-29T05:27:18.649+0000][8][gc,age      ] GC(19) Desired survivor size 10485760 bytes, new threshold 1 (max threshold 15)
[2022-09-29T05:27:18.657+0000][8][gc,age      ] GC(19) Age table with threshold 1 (max threshold 15)
[2022-09-29T05:27:18.658+0000][8][gc,age      ] GC(19) - age   1:    6967024 bytes,    6967024 total
[2022-09-29T05:27:18.658+0000][8][gc,phases   ] GC(19)   Pre Evacuate Collection Set: 0.2ms
[2022-09-29T05:27:18.658+0000][8][gc,phases   ] GC(19)   Merge Heap Roots: 0.1ms
[2022-09-29T05:27:18.659+0000][8][gc,phases   ] GC(19)   Evacuate Collection Set: 7.0ms
[2022-09-29T05:27:18.659+0000][8][gc,phases   ] GC(19)   Post Evacuate Collection Set: 1.0ms
[2022-09-29T05:27:18.659+0000][8][gc,phases   ] GC(19)   Other: 2.0ms
[2022-09-29T05:27:18.659+0000][8][gc,heap     ] GC(19) Eden regions: 12->0(28)
[2022-09-29T05:27:18.659+0000][8][gc,heap     ] GC(19) Survivor regions: 5->2(5)
[2022-09-29T05:27:18.660+0000][8][gc,heap     ] GC(19) Old regions: 8->13
[2022-09-29T05:27:18.660+0000][8][gc,heap     ] GC(19) Archive regions: 2->2
[2022-09-29T05:27:18.660+0000][8][gc,heap     ] GC(19) Humongous regions: 0->0
[2022-09-29T05:27:18.660+0000][8][gc,metaspace] GC(19) Metaspace: 33744K(36048K)->33744K(36048K) NonClass: 29395K(31108K)->29395K(31108K) Class: 4349K(4940K)->4349K(4940K)
[2022-09-29T05:27:18.661+0000][8][gc          ] GC(19) Pause Young (Concurrent Start) (Metadata GC Threshold) 100M->60M(256M) 12.929ms
[2022-09-29T05:27:18.661+0000][8][gc,cpu      ] GC(19) User=0.06s Sys=0.03s Real=0.02s
[2022-09-29T05:27:18.661+0000][8][gc          ] GC(20) Concurrent Cycle
[2022-09-29T05:27:18.661+0000][8][safepoint   ] Safepoint "CollectForMetadataAllocation", Time since last: 424195678 ns, Reaching safepoint: 402847 ns, At safepoint: 13654242 ns, Total: 14057089 ns
[2022-09-29T05:27:18.662+0000][8][gc,marking  ] GC(20) Concurrent Clear Claimed Marks
[2022-09-29T05:27:18.662+0000][8][gc,marking  ] GC(20) Concurrent Clear Claimed Marks 0.604ms
[2022-09-29T05:27:18.663+0000][8][gc,marking  ] GC(20) Concurrent Scan Root Regions
[2022-09-29T05:27:18.669+0000][8][gc,marking  ] GC(20) Concurrent Scan Root Regions 6.424ms
[2022-09-29T05:27:18.670+0000][8][gc,marking  ] GC(20) Concurrent Mark (8.510s)
[2022-09-29T05:27:18.670+0000][8][gc,marking  ] GC(20) Concurrent Mark From Roots
[2022-09-29T05:27:18.670+0000][8][gc,task     ] GC(20) Using 3 workers of 3 for marking
[2022-09-29T05:27:18.687+0000][8][gc,marking  ] GC(20) Concurrent Mark From Roots 17.146ms
[2022-09-29T05:27:18.687+0000][8][gc,marking  ] GC(20) Concurrent Preclean
[2022-09-29T05:27:18.688+0000][8][gc,marking  ] GC(20) Concurrent Preclean 0.612ms
[2022-09-29T05:27:18.688+0000][8][gc,marking  ] GC(20) Concurrent Mark (8.510s, 8.529s) 18.960ms
[2022-09-29T05:27:18.689+0000][8][gc,start    ] GC(20) Pause Remark
[2022-09-29T05:27:18.692+0000][8][gc          ] GC(20) Pause Remark 62M->62M(256M) 2.946ms
[2022-09-29T05:27:18.693+0000][8][gc,cpu      ] GC(20) User=0.03s Sys=0.00s Real=0.01s
[2022-09-29T05:27:18.693+0000][8][safepoint   ] Safepoint "G1Concurrent", Time since last: 27491065 ns, Reaching safepoint: 244867 ns, At safepoint: 3664483 ns, Total: 3909350 ns
[2022-09-29T05:27:18.693+0000][8][gc,marking  ] GC(20) Concurrent Rebuild Remembered Sets
[2022-09-29T05:27:18.715+0000][8][gc,marking  ] GC(20) Concurrent Rebuild Remembered Sets 21.953ms
[2022-09-29T05:27:18.716+0000][8][gc,start    ] GC(20) Pause Cleanup
[2022-09-29T05:27:18.717+0000][8][gc          ] GC(20) Pause Cleanup 64M->64M(256M) 0.743ms
[2022-09-29T05:27:18.718+0000][8][gc,cpu      ] GC(20) User=0.00s Sys=0.00s Real=0.00s
[2022-09-29T05:27:18.718+0000][8][safepoint   ] Safepoint "G1Concurrent", Time since last: 22900870 ns, Reaching safepoint: 681919 ns, At safepoint: 1589489 ns, Total: 2271408 ns
[2022-09-29T05:27:18.718+0000][8][gc,marking  ] GC(20) Concurrent Cleanup for Next Mark
[2022-09-29T05:27:18.719+0000][8][gc,marking  ] GC(20) Concurrent Cleanup for Next Mark 0.753ms
[2022-09-29T05:27:18.720+0000][8][gc          ] GC(20) Concurrent Cycle 58.290ms
[2022-09-29T05:27:18.936+0000][8][gc,start    ] GC(21) Pause Young (Normal) (G1 Evacuation Pause)
[2022-09-29T05:27:18.937+0000][8][gc,task     ] GC(21) Using 6 workers of 13 for evacuation
[2022-09-29T05:27:18.937+0000][8][gc,age      ] GC(21) Desired survivor size 8388608 bytes, new threshold 15 (max threshold 15)
[2022-09-29T05:27:18.943+0000][8][gc,age      ] GC(21) Age table with threshold 15 (max threshold 15)
[2022-09-29T05:27:18.943+0000][8][gc,age      ] GC(21) - age   1:    1062072 bytes,    1062072 total
[2022-09-29T05:27:18.944+0000][8][gc,age      ] GC(21) - age   2:    6920544 bytes,    7982616 total
[2022-09-29T05:27:18.944+0000][8][gc,phases   ] GC(21)   Pre Evacuate Collection Set: 0.3ms
[2022-09-29T05:27:18.944+0000][8][gc,phases   ] GC(21)   Merge Heap Roots: 0.2ms
[2022-09-29T05:27:18.944+0000][8][gc,phases   ] GC(21)   Evacuate Collection Set: 3.7ms
[2022-09-29T05:27:18.945+0000][8][gc,phases   ] GC(21)   Post Evacuate Collection Set: 1.0ms
[2022-09-29T05:27:18.945+0000][8][gc,phases   ] GC(21)   Other: 2.8ms
[2022-09-29T05:27:18.945+0000][8][gc,heap     ] GC(21) Eden regions: 28->0(28)
[2022-09-29T05:27:18.945+0000][8][gc,heap     ] GC(21) Survivor regions: 2->3(4)
[2022-09-29T05:27:18.946+0000][8][gc,heap     ] GC(21) Old regions: 13->13
[2022-09-29T05:27:18.946+0000][8][gc,heap     ] GC(21) Archive regions: 2->2
[2022-09-29T05:27:18.946+0000][8][gc,heap     ] GC(21) Humongous regions: 0->0
[2022-09-29T05:27:18.947+0000][8][gc,metaspace] GC(21) Metaspace: 35394K(37788K)->35394K(37788K) NonClass: 30887K(32592K)->30887K(32592K) Class: 4507K(5196K)->4507K(5196K)
[2022-09-29T05:27:18.947+0000][8][gc          ] GC(21) Pause Young (Normal) (G1 Evacuation Pause) 172M->61M(256M) 11.085ms
[2022-09-29T05:27:18.947+0000][8][gc,cpu      ] GC(21) User=0.05s Sys=0.00s Real=0.01s
[2022-09-29T05:27:18.948+0000][8][safepoint   ] Safepoint "G1CollectForAllocation", Time since last: 217538062 ns, Reaching safepoint: 377008 ns, At safepoint: 11890619 ns, Total: 12267627 ns
[2022-09-29T05:27:19.949+0000][8][safepoint   ] Safepoint "Cleanup", Time since last: 1000802255 ns, Reaching safepoint: 412285 ns, At safepoint: 46669 ns, Total: 458954 ns
[2022-09-29T05:27:20.643+0000][8][gc,start    ] GC(22) Pause Young (Normal) (G1 Evacuation Pause)
[2022-09-29T05:27:20.643+0000][8][gc,task     ] GC(22) Using 6 workers of 13 for evacuation
[2022-09-29T05:27:20.643+0000][8][gc,age      ] GC(22) Desired survivor size 8388608 bytes, new threshold 15 (max threshold 15)
[2022-09-29T05:27:20.653+0000][8][gc,age      ] GC(22) Age table with threshold 15 (max threshold 15)
[2022-09-29T05:27:20.653+0000][8][gc,age      ] GC(22) - age   1:    5360056 bytes,    5360056 total
[2022-09-29T05:27:20.654+0000][8][gc,age      ] GC(22) - age   2:     999744 bytes,    6359800 total
[2022-09-29T05:27:20.654+0000][8][gc,age      ] GC(22) - age   3:    6898600 bytes,   13258400 total
[2022-09-29T05:27:20.654+0000][8][gc,phases   ] GC(22)   Pre Evacuate Collection Set: 0.2ms
[2022-09-29T05:27:20.654+0000][8][gc,phases   ] GC(22)   Merge Heap Roots: 0.3ms
[2022-09-29T05:27:20.654+0000][8][gc,phases   ] GC(22)   Evacuate Collection Set: 7.2ms
[2022-09-29T05:27:20.655+0000][8][gc,phases   ] GC(22)   Post Evacuate Collection Set: 1.6ms
[2022-09-29T05:27:20.655+0000][8][gc,phases   ] GC(22)   Other: 2.1ms
[2022-09-29T05:27:20.655+0000][8][gc,heap     ] GC(22) Eden regions: 28->0(28)
[2022-09-29T05:27:20.655+0000][8][gc,heap     ] GC(22) Survivor regions: 3->4(4)
[2022-09-29T05:27:20.655+0000][8][gc,heap     ] GC(22) Old regions: 13->13
[2022-09-29T05:27:20.656+0000][8][gc,heap     ] GC(22) Archive regions: 2->2
[2022-09-29T05:27:20.656+0000][8][gc,heap     ] GC(22) Humongous regions: 0->0
[2022-09-29T05:27:20.656+0000][8][gc,metaspace] GC(22) Metaspace: 51169K(54684K)->51169K(54684K) NonClass: 44309K(46928K)->44309K(46928K) Class: 6859K(7756K)->6859K(7756K)
[2022-09-29T05:27:20.656+0000][8][gc          ] GC(22) Pause Young (Normal) (G1 Evacuation Pause) 173M->65M(256M) 13.682ms
[2022-09-29T05:27:20.657+0000][8][gc,cpu      ] GC(22) User=0.08s Sys=0.00s Real=0.01s
[2022-09-29T05:27:20.657+0000][8][safepoint   ] Safepoint "G1CollectForAllocation", Time since last: 693289239 ns, Reaching safepoint: 313687 ns, At safepoint: 14200711 ns, Total: 14514398 ns
[2022-09-29T05:27:20.726+0000][8][safepoint   ] Safepoint "ICBufferFull", Time since last: 68846142 ns, Reaching safepoint: 626003 ns, At safepoint: 92837 ns, Total: 718840 ns
[2022-09-29T05:27:21.338+0000][8][safepoint   ] Safepoint "ICBufferFull", Time since last: 611089615 ns, Reaching safepoint: 363295 ns, At safepoint: 44635 ns, Total: 407930 ns
[2022-09-29T05:27:21.406+0000][8][gc,start    ] GC(23) Pause Young (Concurrent Start) (Metadata GC Threshold)
[2022-09-29T05:27:21.407+0000][8][gc,task     ] GC(23) Using 6 workers of 13 for evacuation
[2022-09-29T05:27:21.407+0000][8][gc,age      ] GC(23) Desired survivor size 8388608 bytes, new threshold 3 (max threshold 15)
[2022-09-29T05:27:21.416+0000][8][gc,age      ] GC(23) Age table with threshold 3 (max threshold 15)
[2022-09-29T05:27:21.416+0000][8][gc,age      ] GC(23) - age   1:    3462544 bytes,    3462544 total
[2022-09-29T05:27:21.416+0000][8][gc,age      ] GC(23) - age   2:    5175008 bytes,    8637552 total
[2022-09-29T05:27:21.417+0000][8][gc,age      ] GC(23) - age   3:     998896 bytes,    9636448 total
[2022-09-29T05:27:21.417+0000][8][gc,phases   ] GC(23)   Pre Evacuate Collection Set: 0.3ms
[2022-09-29T05:27:21.417+0000][8][gc,phases   ] GC(23)   Merge Heap Roots: 0.1ms
[2022-09-29T05:27:21.417+0000][8][gc,phases   ] GC(23)   Evacuate Collection Set: 6.1ms
[2022-09-29T05:27:21.418+0000][8][gc,phases   ] GC(23)   Post Evacuate Collection Set: 1.6ms
[2022-09-29T05:27:21.418+0000][8][gc,phases   ] GC(23)   Other: 2.7ms
[2022-09-29T05:27:21.418+0000][8][gc,heap     ] GC(23) Eden regions: 24->0(29)
[2022-09-29T05:27:21.418+0000][8][gc,heap     ] GC(23) Survivor regions: 4->3(4)
[2022-09-29T05:27:21.419+0000][8][gc,heap     ] GC(23) Old regions: 13->14
[2022-09-29T05:27:21.419+0000][8][gc,heap     ] GC(23) Archive regions: 2->2
[2022-09-29T05:27:21.419+0000][8][gc,heap     ] GC(23) Humongous regions: 0->0
[2022-09-29T05:27:21.419+0000][8][gc,metaspace] GC(23) Metaspace: 57067K(60636K)->57067K(60636K) NonClass: 49590K(52240K)->49590K(52240K) Class: 7476K(8396K)->7476K(8396K)
[2022-09-29T05:27:21.419+0000][8][gc          ] GC(23) Pause Young (Concurrent Start) (Metadata GC Threshold) 161M->69M(256M) 13.029ms
[2022-09-29T05:27:21.420+0000][8][gc,cpu      ] GC(23) User=0.05s Sys=0.00s Real=0.02s
[2022-09-29T05:27:21.420+0000][8][gc          ] GC(24) Concurrent Cycle
[2022-09-29T05:27:21.420+0000][8][gc,marking  ] GC(24) Concurrent Clear Claimed Marks
[2022-09-29T05:27:21.420+0000][8][safepoint   ] Safepoint "CollectForMetadataAllocation", Time since last: 68213716 ns, Reaching safepoint: 171257 ns, At safepoint: 13652486 ns, Total: 13823743 ns
[2022-09-29T05:27:21.421+0000][8][gc,marking  ] GC(24) Concurrent Clear Claimed Marks 0.418ms
[2022-09-29T05:27:21.421+0000][8][gc,marking  ] GC(24) Concurrent Scan Root Regions
[2022-09-29T05:27:21.426+0000][8][gc,marking  ] GC(24) Concurrent Scan Root Regions 5.134ms
[2022-09-29T05:27:21.427+0000][8][gc,marking  ] GC(24) Concurrent Mark (11.267s)
[2022-09-29T05:27:21.427+0000][8][gc,marking  ] GC(24) Concurrent Mark From Roots
[2022-09-29T05:27:21.427+0000][8][gc,task     ] GC(24) Using 3 workers of 3 for marking
[2022-09-29T05:27:21.436+0000][8][safepoint   ] Safepoint "CollectForMetadataAllocation", Time since last: 15723655 ns, Reaching safepoint: 212205 ns, At safepoint: 222964 ns, Total: 435169 ns
[2022-09-29T05:27:21.452+0000][8][gc,marking  ] GC(24) Concurrent Mark From Roots 25.097ms
[2022-09-29T05:27:21.453+0000][8][gc,marking  ] GC(24) Concurrent Preclean
[2022-09-29T05:27:21.453+0000][8][gc,marking  ] GC(24) Concurrent Preclean 0.530ms
[2022-09-29T05:27:21.454+0000][8][gc,marking  ] GC(24) Concurrent Mark (11.267s, 11.294s) 26.811ms
[2022-09-29T05:27:21.454+0000][8][gc,start    ] GC(24) Pause Remark
[2022-09-29T05:27:21.457+0000][8][gc          ] GC(24) Pause Remark 72M->72M(256M) 2.858ms
[2022-09-29T05:27:21.457+0000][8][gc,cpu      ] GC(24) User=0.01s Sys=0.00s Real=0.00s
[2022-09-29T05:27:21.458+0000][8][safepoint   ] Safepoint "G1Concurrent", Time since last: 17798320 ns, Reaching safepoint: 145016 ns, At safepoint: 3562865 ns, Total: 3707881 ns
[2022-09-29T05:27:21.458+0000][8][gc,marking  ] GC(24) Concurrent Rebuild Remembered Sets
[2022-09-29T05:27:21.475+0000][8][gc,marking  ] GC(24) Concurrent Rebuild Remembered Sets 17.109ms
[2022-09-29T05:27:21.476+0000][8][gc,start    ] GC(24) Pause Cleanup
[2022-09-29T05:27:21.477+0000][8][gc          ] GC(24) Pause Cleanup 73M->73M(256M) 0.620ms
[2022-09-29T05:27:21.477+0000][8][gc,cpu      ] GC(24) User=0.00s Sys=0.00s Real=0.00s
[2022-09-29T05:27:21.478+0000][8][safepoint   ] Safepoint "G1Concurrent", Time since last: 17957449 ns, Reaching safepoint: 800516 ns, At safepoint: 1228661 ns, Total: 2029177 ns
[2022-09-29T05:27:21.478+0000][8][gc,marking  ] GC(24) Concurrent Cleanup for Next Mark
[2022-09-29T05:27:21.479+0000][8][gc,marking  ] GC(24) Concurrent Cleanup for Next Mark 0.771ms
[2022-09-29T05:27:21.479+0000][8][gc          ] GC(24) Concurrent Cycle 59.372ms
[2022-09-29T05:27:22.703+0000][8][safepoint   ] Safepoint "Cleanup", Time since last: 1223498488 ns, Reaching safepoint: 1708684 ns, At safepoint: 75484 ns, Total: 1784168 ns
[2022-09-29T05:27:23.502+0000][8][gc,start    ] GC(25) Pause Young (Concurrent Start) (G1 Evacuation Pause)
[2022-09-29T05:27:23.503+0000][8][gc,task     ] GC(25) Using 6 workers of 13 for evacuation
[2022-09-29T05:27:23.503+0000][8][gc,age      ] GC(25) Desired survivor size 8388608 bytes, new threshold 2 (max threshold 15)
[2022-09-29T05:27:23.514+0000][8][gc,age      ] GC(25) Age table with threshold 2 (max threshold 15)
[2022-09-29T05:27:23.514+0000][8][gc,age      ] GC(25) - age   1:    5795064 bytes,    5795064 total
[2022-09-29T05:27:23.514+0000][8][gc,age      ] GC(25) - age   2:    3391024 bytes,    9186088 total
[2022-09-29T05:27:23.514+0000][8][gc,phases   ] GC(25)   Pre Evacuate Collection Set: 0.3ms
[2022-09-29T05:27:23.515+0000][8][gc,phases   ] GC(25)   Merge Heap Roots: 0.1ms
[2022-09-29T05:27:23.515+0000][8][gc,phases   ] GC(25)   Evacuate Collection Set: 8.2ms
[2022-09-29T05:27:23.515+0000][8][gc,phases   ] GC(25)   Post Evacuate Collection Set: 1.3ms
[2022-09-29T05:27:23.515+0000][8][gc,phases   ] GC(25)   Other: 2.2ms
[2022-09-29T05:27:23.516+0000][8][gc,heap     ] GC(25) Eden regions: 29->0(28)
[2022-09-29T05:27:23.516+0000][8][gc,heap     ] GC(25) Survivor regions: 3->3(4)
[2022-09-29T05:27:23.516+0000][8][gc,heap     ] GC(25) Old regions: 14->16
[2022-09-29T05:27:23.516+0000][8][gc,heap     ] GC(25) Archive regions: 2->2
[2022-09-29T05:27:23.517+0000][8][gc,heap     ] GC(25) Humongous regions: 0->0
[2022-09-29T05:27:23.517+0000][8][gc,metaspace] GC(25) Metaspace: 74461K(78428K)->74461K(78428K) NonClass: 64463K(67344K)->64463K(67344K) Class: 9998K(11084K)->9998K(11084K)
[2022-09-29T05:27:23.517+0000][8][gc          ] GC(25) Pause Young (Concurrent Start) (G1 Evacuation Pause) 185M->75M(256M) 14.680ms
[2022-09-29T05:27:23.517+0000][8][gc,cpu      ] GC(25) User=0.07s Sys=0.00s Real=0.01s
[2022-09-29T05:27:23.518+0000][8][gc          ] GC(26) Concurrent Cycle
[2022-09-29T05:27:23.518+0000][8][safepoint   ] Safepoint "G1CollectForAllocation", Time since last: 799240823 ns, Reaching safepoint: 273321 ns, At safepoint: 15294956 ns, Total: 15568277 ns
[2022-09-29T05:27:23.518+0000][8][gc,marking  ] GC(26) Concurrent Clear Claimed Marks
[2022-09-29T05:27:23.519+0000][8][gc,marking  ] GC(26) Concurrent Clear Claimed Marks 0.734ms
[2022-09-29T05:27:23.519+0000][8][gc,marking  ] GC(26) Concurrent Scan Root Regions
[2022-09-29T05:27:23.524+0000][8][gc,marking  ] GC(26) Concurrent Scan Root Regions 5.351ms
[2022-09-29T05:27:23.525+0000][8][gc,marking  ] GC(26) Concurrent Mark (13.365s)
[2022-09-29T05:27:23.525+0000][8][gc,marking  ] GC(26) Concurrent Mark From Roots
[2022-09-29T05:27:23.526+0000][8][gc,task     ] GC(26) Using 3 workers of 3 for marking
[2022-09-29T05:27:23.558+0000][8][gc,marking  ] GC(26) Concurrent Mark From Roots 33.128ms
[2022-09-29T05:27:23.559+0000][8][gc,marking  ] GC(26) Concurrent Preclean
[2022-09-29T05:27:23.560+0000][8][gc,marking  ] GC(26) Concurrent Preclean 0.676ms
[2022-09-29T05:27:23.560+0000][8][gc,marking  ] GC(26) Concurrent Mark (13.365s, 13.400s) 35.235ms
[2022-09-29T05:27:23.561+0000][8][gc,start    ] GC(26) Pause Remark
[2022-09-29T05:27:23.564+0000][8][gc          ] GC(26) Pause Remark 79M->79M(256M) 2.813ms
[2022-09-29T05:27:23.564+0000][8][gc,cpu      ] GC(26) User=0.01s Sys=0.00s Real=0.00s
[2022-09-29T05:27:23.564+0000][8][safepoint   ] Safepoint "G1Concurrent", Time since last: 42832236 ns, Reaching safepoint: 167139 ns, At safepoint: 3539224 ns, Total: 3706363 ns
[2022-09-29T05:27:23.565+0000][8][gc,marking  ] GC(26) Concurrent Rebuild Remembered Sets
[2022-09-29T05:27:23.587+0000][8][gc,marking  ] GC(26) Concurrent Rebuild Remembered Sets 22.102ms
[2022-09-29T05:27:23.588+0000][8][gc,start    ] GC(26) Pause Cleanup
[2022-09-29T05:27:23.588+0000][8][gc          ] GC(26) Pause Cleanup 82M->82M(256M) 0.618ms
[2022-09-29T05:27:23.589+0000][8][gc,cpu      ] GC(26) User=0.00s Sys=0.00s Real=0.00s
[2022-09-29T05:27:23.589+0000][8][safepoint   ] Safepoint "G1Concurrent", Time since last: 22981444 ns, Reaching safepoint: 451931 ns, At safepoint: 1408890 ns, Total: 1860821 ns
[2022-09-29T05:27:23.590+0000][8][gc,marking  ] GC(26) Concurrent Cleanup for Next Mark
[2022-09-29T05:27:23.590+0000][8][gc,marking  ] GC(26) Concurrent Cleanup for Next Mark 0.806ms
[2022-09-29T05:27:23.591+0000][8][gc          ] GC(26) Concurrent Cycle 73.213ms
[2022-09-29T05:27:24.799+0000][8][safepoint   ] Safepoint "Cleanup", Time since last: 1209378143 ns, Reaching safepoint: 458854 ns, At safepoint: 41229 ns, Total: 500083 ns
[2022-09-29T05:27:25.498+0000][8][gc,start    ] GC(27) Pause Young (Concurrent Start) (G1 Humongous Allocation)
[2022-09-29T05:27:25.498+0000][8][gc,task     ] GC(27) Using 6 workers of 13 for evacuation
[2022-09-29T05:27:25.499+0000][8][gc,age      ] GC(27) Desired survivor size 8388608 bytes, new threshold 2 (max threshold 15)
[2022-09-29T05:27:25.511+0000][8][gc,age      ] GC(27) Age table with threshold 2 (max threshold 15)
[2022-09-29T05:27:25.512+0000][8][gc,age      ] GC(27) - age   1:    4336232 bytes,    4336232 total
[2022-09-29T05:27:25.512+0000][8][gc,age      ] GC(27) - age   2:    5601664 bytes,    9937896 total
[2022-09-29T05:27:25.512+0000][8][gc,phases   ] GC(27)   Pre Evacuate Collection Set: 0.4ms
[2022-09-29T05:27:25.512+0000][8][gc,phases   ] GC(27)   Merge Heap Roots: 0.2ms
[2022-09-29T05:27:25.513+0000][8][gc,phases   ] GC(27)   Evacuate Collection Set: 9.8ms
[2022-09-29T05:27:25.513+0000][8][gc,phases   ] GC(27)   Post Evacuate Collection Set: 1.5ms
[2022-09-29T05:27:25.513+0000][8][gc,phases   ] GC(27)   Other: 2.6ms
[2022-09-29T05:27:25.514+0000][8][gc,heap     ] GC(27) Eden regions: 16->0(26)
[2022-09-29T05:27:25.514+0000][8][gc,heap     ] GC(27) Survivor regions: 3->3(4)
[2022-09-29T05:27:25.514+0000][8][gc,heap     ] GC(27) Old regions: 16->17
[2022-09-29T05:27:25.515+0000][8][gc,heap     ] GC(27) Archive regions: 2->2
[2022-09-29T05:27:25.515+0000][8][gc,heap     ] GC(27) Humongous regions: 1->1
[2022-09-29T05:27:25.515+0000][8][gc,metaspace] GC(27) Metaspace: 84502K(89052K)->84502K(89052K) NonClass: 73094K(76560K)->73094K(76560K) Class: 11407K(12492K)->11407K(12492K)
[2022-09-29T05:27:25.516+0000][8][gc          ] GC(27) Pause Young (Concurrent Start) (G1 Humongous Allocation) 142M->83M(256M) 17.814ms
[2022-09-29T05:27:25.516+0000][8][gc,cpu      ] GC(27) User=0.11s Sys=0.01s Real=0.02s
[2022-09-29T05:27:25.516+0000][8][gc          ] GC(28) Concurrent Cycle
[2022-09-29T05:27:25.517+0000][8][gc,marking  ] GC(28) Concurrent Clear Claimed Marks
[2022-09-29T05:27:25.517+0000][8][safepoint   ] Safepoint "G1TryInitiateConcMark", Time since last: 698333951 ns, Reaching safepoint: 423768 ns, At safepoint: 18876428 ns, Total: 19300196 ns
[2022-09-29T05:27:25.517+0000][8][gc,marking  ] GC(28) Concurrent Clear Claimed Marks 0.439ms
[2022-09-29T05:27:25.518+0000][8][gc,marking  ] GC(28) Concurrent Scan Root Regions
[2022-09-29T05:27:25.525+0000][8][gc,marking  ] GC(28) Concurrent Scan Root Regions 6.792ms
[2022-09-29T05:27:25.525+0000][8][gc,marking  ] GC(28) Concurrent Mark (15.365s)
[2022-09-29T05:27:25.526+0000][8][gc,marking  ] GC(28) Concurrent Mark From Roots
[2022-09-29T05:27:25.526+0000][8][gc,task     ] GC(28) Using 3 workers of 3 for marking
[2022-09-29T05:27:25.594+0000][8][gc,marking  ] GC(28) Concurrent Mark From Roots 68.359ms
[2022-09-29T05:27:25.594+0000][8][gc,marking  ] GC(28) Concurrent Preclean
[2022-09-29T05:27:25.595+0000][8][gc,marking  ] GC(28) Concurrent Preclean 0.574ms
[2022-09-29T05:27:25.595+0000][8][gc,marking  ] GC(28) Concurrent Mark (15.365s, 15.436s) 70.293ms
[2022-09-29T05:27:25.596+0000][8][gc,start    ] GC(28) Pause Remark
[2022-09-29T05:27:25.600+0000][8][gc          ] GC(28) Pause Remark 93M->93M(256M) 3.708ms
[2022-09-29T05:27:25.600+0000][8][gc,cpu      ] GC(28) User=0.03s Sys=0.00s Real=0.01s
[2022-09-29T05:27:25.601+0000][8][safepoint   ] Safepoint "G1Concurrent", Time since last: 79216305 ns, Reaching safepoint: 243905 ns, At safepoint: 4455140 ns, Total: 4699045 ns
[2022-09-29T05:27:25.601+0000][8][gc,marking  ] GC(28) Concurrent Rebuild Remembered Sets
[2022-09-29T05:27:25.626+0000][8][gc,marking  ] GC(28) Concurrent Rebuild Remembered Sets 25.186ms
[2022-09-29T05:27:25.627+0000][8][gc,start    ] GC(28) Pause Cleanup
[2022-09-29T05:27:25.628+0000][8][gc          ] GC(28) Pause Cleanup 97M->97M(256M) 0.631ms
[2022-09-29T05:27:25.628+0000][8][gc,cpu      ] GC(28) User=0.01s Sys=0.00s Real=0.00s
[2022-09-29T05:27:25.629+0000][8][safepoint   ] Safepoint "G1Concurrent", Time since last: 26124603 ns, Reaching safepoint: 781391 ns, At safepoint: 1296198 ns, Total: 2077589 ns
[2022-09-29T05:27:25.629+0000][8][gc,marking  ] GC(28) Concurrent Cleanup for Next Mark
[2022-09-29T05:27:25.630+0000][8][gc,marking  ] GC(28) Concurrent Cleanup for Next Mark 1.379ms
[2022-09-29T05:27:25.631+0000][8][gc          ] GC(28) Concurrent Cycle 114.626ms
[2022-09-29T05:27:26.388+0000][8][safepoint   ] Safepoint "ICBufferFull", Time since last: 759424354 ns, Reaching safepoint: 292327 ns, At safepoint: 42080 ns, Total: 334407 ns
[2022-09-29T05:27:27.156+0000][8][safepoint   ] Safepoint "ICBufferFull", Time since last: 767571561 ns, Reaching safepoint: 288580 ns, At safepoint: 26200 ns, Total: 314780 ns
[2022-09-29T05:27:28.157+0000][8][safepoint   ] Safepoint "Cleanup", Time since last: 1000547827 ns, Reaching safepoint: 378472 ns, At safepoint: 46558 ns, Total: 425030 ns
[2022-09-29T05:27:29.158+0000][8][safepoint   ] Safepoint "Cleanup", Time since last: 1000532373 ns, Reaching safepoint: 352411 ns, At safepoint: 120270 ns, Total: 472681 ns
[2022-09-29T05:27:30.159+0000][8][safepoint   ] Safepoint "Cleanup", Time since last: 1000758170 ns, Reaching safepoint: 248431 ns, At safepoint: 98989 ns, Total: 347420 ns
[2022-09-29T05:27:31.161+0000][8][safepoint   ] Safepoint "Cleanup", Time since last: 1000605349 ns, Reaching safepoint: 449152 ns, At safepoint: 42711 ns, Total: 491863 ns
[2022-09-29T05:27:31.736+0000][8][gc,start    ] GC(29) Pause Young (Normal) (G1 Evacuation Pause)
[2022-09-29T05:27:31.736+0000][8][gc,task     ] GC(29) Using 6 workers of 13 for evacuation
[2022-09-29T05:27:31.737+0000][8][gc,age      ] GC(29) Desired survivor size 8388608 bytes, new threshold 2 (max threshold 15)
[2022-09-29T05:27:31.749+0000][8][gc,age      ] GC(29) Age table with threshold 2 (max threshold 15)
[2022-09-29T05:27:31.749+0000][8][gc,age      ] GC(29) - age   1:    1298736 bytes,    1298736 total
[2022-09-29T05:27:31.750+0000][8][gc,age      ] GC(29) - age   2:    4047832 bytes,    5346568 total
[2022-09-29T05:27:31.750+0000][8][gc,phases   ] GC(29)   Pre Evacuate Collection Set: 0.3ms
[2022-09-29T05:27:31.751+0000][8][gc,phases   ] GC(29)   Merge Heap Roots: 0.1ms
[2022-09-29T05:27:31.751+0000][8][gc,phases   ] GC(29)   Evacuate Collection Set: 9.1ms
[2022-09-29T05:27:31.752+0000][8][gc,phases   ] GC(29)   Post Evacuate Collection Set: 1.5ms
[2022-09-29T05:27:31.752+0000][8][gc,phases   ] GC(29)   Other: 3.4ms
[2022-09-29T05:27:31.752+0000][8][gc,heap     ] GC(29) Eden regions: 26->0(26)
[2022-09-29T05:27:31.752+0000][8][gc,heap     ] GC(29) Survivor regions: 3->2(4)
[2022-09-29T05:27:31.753+0000][8][gc,heap     ] GC(29) Old regions: 17->18
[2022-09-29T05:27:31.753+0000][8][gc,heap     ] GC(29) Archive regions: 2->2
[2022-09-29T05:27:31.753+0000][8][gc,heap     ] GC(29) Humongous regions: 2->2
[2022-09-29T05:27:31.753+0000][8][gc,metaspace] GC(29) Metaspace: 88200K(92764K)->88200K(92764K) NonClass: 76362K(79888K)->76362K(79888K) Class: 11838K(12876K)->11838K(12876K)
[2022-09-29T05:27:31.754+0000][8][gc          ] GC(29) Pause Young (Normal) (G1 Evacuation Pause) 191M->88M(256M) 17.873ms
[2022-09-29T05:27:31.754+0000][8][gc,cpu      ] GC(29) User=0.08s Sys=0.00s Real=0.02s
[2022-09-29T05:27:31.754+0000][8][safepoint   ] Safepoint "G1CollectForAllocation", Time since last: 574989013 ns, Reaching safepoint: 224387 ns, At safepoint: 18631399 ns, Total: 18855786 ns
[2022-09-29T05:27:32.755+0000][8][safepoint   ] Safepoint "Cleanup", Time since last: 1000642091 ns, Reaching safepoint: 255928 ns, At safepoint: 24917 ns, Total: 280845 ns
[2022-09-29T05:27:33.756+0000][8][safepoint   ] Safepoint "Cleanup", Time since last: 1000598938 ns, Reaching safepoint: 327604 ns, At safepoint: 150487 ns, Total: 478091 ns
[2022-09-29T05:27:34.757+0000][8][safepoint   ] Safepoint "Cleanup", Time since last: 1000655274 ns, Reaching safepoint: 309087 ns, At safepoint: 29145 ns, Total: 338232 ns
[2022-09-29T05:27:36.759+0000][8][safepoint   ] Safepoint "Cleanup", Time since last: 2000809407 ns, Reaching safepoint: 290062 ns, At safepoint: 28585 ns, Total: 318647 ns
[2022-09-29T05:27:44.765+0000][8][safepoint   ] Safepoint "Cleanup", Time since last: 8005552395 ns, Reaching safepoint: 483621 ns, At safepoint: 75304 ns, Total: 558925 ns
[2022-09-29T05:27:45.766+0000][8][safepoint   ] Safepoint "Cleanup", Time since last: 1001179305 ns, Reaching safepoint: 628107 ns, At safepoint: 63862 ns, Total: 691969 ns
[2022-09-29T05:27:55.770+0000][8][safepoint   ] Safepoint "Cleanup", Time since last: 10002527792 ns, Reaching safepoint: 604403 ns, At safepoint: 65184 ns, Total: 669587 ns
[2022-09-29T05:28:12.775+0000][8][safepoint   ] Safepoint "Cleanup", Time since last: 17004775909 ns, Reaching safepoint: 325240 ns, At safepoint: 75684 ns, Total: 400924 ns
[2022-09-29T05:28:13.776+0000][8][safepoint   ] Safepoint "Cleanup", Time since last: 1000589601 ns, Reaching safepoint: 290484 ns, At safepoint: 20579 ns, Total: 311063 ns
[2022-09-29T05:28:14.777+0000][8][safepoint   ] Safepoint "Cleanup", Time since last: 1000658461 ns, Reaching safepoint: 376337 ns, At safepoint: 46398 ns, Total: 422735 ns
[2022-09-29T05:28:17.778+0000][8][safepoint   ] Safepoint "Cleanup", Time since last: 3001075247 ns, Reaching safepoint: 258663 ns, At safepoint: 6302 ns, Total: 264965 ns
[2022-09-29T05:28:19.780+0000][8][safepoint   ] Safepoint "Cleanup", Time since last: 2000904535 ns, Reaching safepoint: 643674 ns, At safepoint: 61127 ns, Total: 704801 ns
[2022-09-29T05:28:23.783+0000][8][safepoint   ] Safepoint "Cleanup", Time since last: 4002349903 ns, Reaching safepoint: 337000 ns, At safepoint: 42100 ns, Total: 379100 ns
[2022-09-29T05:28:25.784+0000][8][safepoint   ] Safepoint "Cleanup", Time since last: 2000867207 ns, Reaching safepoint: 326151 ns, At safepoint: 31921 ns, Total: 358072 ns
[2022-09-29T05:28:43.790+0000][8][safepoint   ] Safepoint "Cleanup", Time since last: 18005373006 ns, Reaching safepoint: 687565 ns, At safepoint: 54053 ns, Total: 741618 ns
[2022-09-29T05:28:49.792+0000][8][safepoint   ] Safepoint "Cleanup", Time since last: 6001852730 ns, Reaching safepoint: 455438 ns, At safepoint: 82077 ns, Total: 537515 ns
[2022-09-29T05:29:01.796+0000][8][safepoint   ] Safepoint "Cleanup", Time since last: 12003368103 ns, Reaching safepoint: 430249 ns, At safepoint: 39636 ns, Total: 469885 ns
[2022-09-29T05:29:07.798+0000][8][safepoint   ] Safepoint "Cleanup", Time since last: 6001673384 ns, Reaching safepoint: 431582 ns, At safepoint: 66707 ns, Total: 498289 ns
[2022-09-29T05:29:23.803+0000][8][safepoint   ] Safepoint "Cleanup", Time since last: 16003862986 ns, Reaching safepoint: 789207 ns, At safepoint: 44385 ns, Total: 833592 ns
[2022-09-29T05:29:30.806+0000][8][safepoint   ] Safepoint "Cleanup", Time since last: 7002199446 ns, Reaching safepoint: 392999 ns, At safepoint: 51879 ns, Total: 444878 ns
[2022-09-29T05:29:31.808+0000][8][safepoint   ] Safepoint "Cleanup", Time since last: 1001297751 ns, Reaching safepoint: 655156 ns, At safepoint: 72659 ns, Total: 727815 ns
[2022-09-29T05:29:55.814+0000][8][safepoint   ] Safepoint "Cleanup", Time since last: 24005825500 ns, Reaching safepoint: 464646 ns, At safepoint: 57609 ns, Total: 522255 ns
[2022-09-29T05:30:01.816+0000][8][safepoint   ] Safepoint "Cleanup", Time since last: 6001759628 ns, Reaching safepoint: 368492 ns, At safepoint: 7875 ns, Total: 376367 ns
[2022-09-29T05:30:35.824+0000][8][safepoint   ] Safepoint "Cleanup", Time since last: 34007699274 ns, Reaching safepoint: 481929 ns, At safepoint: 25919 ns, Total: 507848 ns
[2022-09-29T05:30:39.825+0000][8][safepoint   ] Safepoint "Cleanup", Time since last: 4000846035 ns, Reaching safepoint: 183270 ns, At safepoint: 5400 ns, Total: 188670 ns
[2022-09-29T05:31:00.264+0000][8][gc,heap,exit] Heap
[2022-09-29T05:31:00.264+0000][8][gc,heap,exit]  garbage-first heap   total 262144K, used 156648K [0x00000000f0000000, 0x0000000100000000)
[2022-09-29T05:31:00.265+0000][8][gc,heap,exit]   region size 4096K, 19 young (77824K), 2 survivors (8192K)
[2022-09-29T05:31:00.265+0000][8][gc,heap,exit]  Metaspace       used 89062K, capacity 92362K, committed 93788K, reserved 1130496K
[2022-09-29T05:31:00.265+0000][8][gc,heap,exit]   class space    used 11938K, capacity 12977K, committed 13132K, reserved 1048576K
